
[1m[30m[46m RUN [49m[39m[22m [36mv4.1.5 [39m[90mC:/Users/User/cre-dealcard[39m

 [31m??[39m src/tests/e2e/p1-gate-logic.test.ts [2m([22m[2m0 test[22m[2m)[22m
 [31m??[39m src/tests/e2e/visual-qa-capture.spec.ts [2m([22m[2m0 test[22m[2m)[22m
[90mstdout[2m | src/tests/domain/gov-premium-apis.test.ts[2m > [22m[2mCRE Premium Government APIs (A1-A6)[2m > [22m[2mGET /api/public/gov-data?action=verify triggers all government endpoints
[22m[39m[land-price-api] V-World 怨듭떆吏媛 2026???곗씠???놁쓬, ?댁쟾 ?곕룄 ?뺤씤 ?쒕룄

[90mstdout[2m | src/tests/domain/gov-premium-apis.test.ts[2m > [22m[2mCRE Premium Government APIs (A1-A6)[2m > [22m[2mGET /api/public/gov-data?action=verify triggers all government endpoints
[22m[39m[land-price-api] V-World 怨듭떆吏媛 2025???곗씠???놁쓬, ?댁쟾 ?곕룄 ?뺤씤 ?쒕룄

node.exe : [90mstderr[2m | src/tests/e2e/data-contract.test.ts[2m > [22m[2mL2 Data Contract[2m > [22m[2mC03: Fo
r each posture basic sequence, every section_type dataKey appears in the sequence
위치 줄:1 문자:1
+ & "C:\Program Files\nodejs/node.exe" "C:\Program Files\nodejs/node_mo ...
+ ~~~~~~~~~~~~~~~~~~~~~~~~~~~~~~~~~~~~~~~~~~~~~~~~~~~~~~~~~~~~~~~~~~~~~
    + CategoryInfo          : NotSpecified: ([90mstderr[2m...in the sequence:String) [], RemoteException
    + FullyQualifiedErrorId : NativeCommandError
 
[22m[39m[deck-sequencer] goldilocks: 蹂몃Ц 20硫???16硫??덉궘 (遺濡?0硫?遺꾨━)

 [31m??[39m src/tests/e2e/data-contract.test.ts [2m([22m[2m7 tests[22m[2m | [22m[31m2 failed[39m[2m)[22m[32m 82[2mms[22m[39m
[31m     [31m횞[31m C01: Every section_type in SECTION_CATALOG has a corresponding entry in SECTION_TYPE_TO_DATA_KEY[39m[32m 12[2mms[22m[39m
     [32m??[39m C02: Every dataKey from SECTION_TYPE_TO_DATA_KEY has an entry in DATA_KEY_ARCHETYPE[32m 3[2mms[22m[39m
[31m     [31m횞[31m C03: For each posture basic sequence, every section_type dataKey appears in the sequence[39m[32m 5[2mms[22m[39m
     [32m??[39m C04: Demo data (SEOCHO_MEDICAL_DEMO) icon fields are emoji[32m 1[2mms[22m[39m
     [32m??[39m C05: Demo data sections all have section_type field[32m 0[2mms[22m[39m
     [32m??[39m C06: Derived dataKey generation in bindSectionData (income derivations)[32m 38[2mms[22m[39m
     [32m??[39m C07: Derived dataKey generation in bindSectionData (non-income postures)[32m 19[2mms[22m[39m
[90mstderr[2m | src/tests/domain/market-crawlers.test.ts[2m > [22m[2mCRE External Intelligence Market Crawlers (E2
-E7)[2m > [22m[2mGET /api/public/market-intelligence?action=crawl triggers crawlers and returns statistics
[22m[39m[MockOpenAIProvider]process.env.OPENAI_API_KEY is missing or in test environment. Returning mock JSON respons
e.

[90mstderr[2m | src/tests/domain/market-crawlers.test.ts[2m > [22m[2mCRE External Intelligence Market Crawlers (E2
-E7)[2m > [22m[2mGET /api/public/market-intelligence?action=crawl triggers crawlers and returns statistics
[22m[39m[MockOpenAIProvider]process.env.OPENAI_API_KEY is missing or in test environment. Returning mock JSON respons
e.

[90mstderr[2m | src/tests/domain/market-crawlers.test.ts[2m > [22m[2mCRE External Intelligence Market Crawlers (E2
-E7)[2m > [22m[2mGET /api/public/market-intelligence?action=crawl triggers crawlers and returns statistics
[22m[39m[MockOpenAIProvider]process.env.OPENAI_API_KEY is missing or in test environment. Returning mock JSON respons
e.

[90mstderr[2m | src/tests/domain/market-crawlers.test.ts[2m > [22m[2mCRE External Intelligence Market Crawlers (E2
-E7)[2m > [22m[2mGET /api/public/market-intelligence?action=crawl triggers crawlers and returns statistics
[22m[39m[MockOpenAIProvider]process.env.OPENAI_API_KEY is missing or in test environment. Returning mock JSON respons
e.

[90mstderr[2m | src/tests/domain/market-crawlers.test.ts[2m > [22m[2mCRE External Intelligence Market Crawlers (E2
-E7)[2m > [22m[2mGET /api/public/market-intelligence?action=crawl triggers crawlers and returns statistics
[22m[39m[MockOpenAIProvider]process.env.OPENAI_API_KEY is missing or in test environment. Returning mock JSON respons
e.

[90mstderr[2m | src/tests/domain/market-crawlers.test.ts[2m > [22m[2mCRE External Intelligence Market Crawlers (E2
-E7)[2m > [22m[2mGET /api/public/market-intelligence?action=crawl triggers crawlers and returns statistics
[22m[39m[MockOpenAIProvider]process.env.OPENAI_API_KEY is missing or in test environment. Returning mock JSON respons
e.

[90mstderr[2m | src/tests/domain/market-crawlers.test.ts[2m > [22m[2mCRE External Intelligence Market Crawlers (E2
-E7)[2m > [22m[2mGET /api/public/market-intelligence?action=crawl triggers crawlers and returns statistics
[22m[39m[MockOpenAIProvider]process.env.OPENAI_API_KEY is missing or in test environment. Returning mock JSON respons
e.

[90mstderr[2m | src/tests/domain/market-crawlers.test.ts[2m > [22m[2mCRE External Intelligence Market Crawlers (E2
-E7)[2m > [22m[2mGET /api/public/market-intelligence?action=crawl triggers crawlers and returns statistics
[22m[39m[MockOpenAIProvider]process.env.OPENAI_API_KEY is missing or in test environment. Returning mock JSON respons
e.

[90mstderr[2m | src/tests/domain/market-crawlers.test.ts[2m > [22m[2mCRE External Intelligence Market Crawlers (E2
-E7)[2m > [22m[2mGET /api/public/market-intelligence?action=crawl triggers crawlers and returns statistics
[22m[39m[MockOpenAIProvider]process.env.OPENAI_API_KEY is missing or in test environment. Returning mock JSON respons
e.

[90mstderr[2m | src/tests/domain/market-crawlers.test.ts[2m > [22m[2mCRE External Intelligence Market Crawlers (E2
-E7)[2m > [22m[2mGET /api/public/market-intelligence?action=crawl triggers crawlers and returns statistics
[22m[39m[MockOpenAIProvider]process.env.OPENAI_API_KEY is missing or in test environment. Returning mock JSON respons
e.

[90mstderr[2m | src/tests/domain/market-crawlers.test.ts[2m > [22m[2mCRE External Intelligence Market Crawlers (E2
-E7)[2m > [22m[2mGET /api/public/market-intelligence?action=crawl triggers crawlers and returns statistics
[22m[39m[YouTube] No real video data available ??returning empty

[90mstderr[2m | src/tests/domain/market-crawlers.test.ts[2m > [22m[2mCRE External Intelligence Market Crawlers (E2
-E7)[2m > [22m[2mGET /api/public/market-intelligence?action=crawl triggers crawlers and returns statistics
[22m[39m[MockOpenAIProvider]process.env.OPENAI_API_KEY is missing or in test environment. Returning mock JSON respons
e.

[90mstderr[2m | src/tests/domain/market-crawlers.test.ts[2m > [22m[2mCRE External Intelligence Market Crawlers (E2
-E7)[2m > [22m[2mGET /api/public/market-intelligence?action=crawl triggers crawlers and returns statistics
[22m[39m[MockOpenAIProvider]process.env.OPENAI_API_KEY is missing or in test environment. Returning mock JSON respons
e.

[90mstderr[2m | src/tests/domain/market-crawlers.test.ts[2m > [22m[2mCRE External Intelligence Market Crawlers (E2
-E7)[2m > [22m[2mGET /api/public/market-intelligence?action=crawl triggers crawlers and returns statistics
[22m[39m[MockOpenAIProvider]process.env.OPENAI_API_KEY is missing or in test environment. Returning mock JSON respons
e.

[90mstderr[2m | src/tests/domain/market-crawlers.test.ts[2m > [22m[2mCRE External Intelligence Market Crawlers (E2
-E7)[2m > [22m[2mGET /api/public/market-intelligence?action=crawl triggers crawlers and returns statistics
[22m[39m[MockOpenAIProvider]process.env.OPENAI_API_KEY is missing or in test environment. Returning mock JSON respons
e.

[90mstderr[2m | src/tests/domain/market-crawlers.test.ts[2m > [22m[2mCRE External Intelligence Market Crawlers (E2
-E7)[2m > [22m[2mGET /api/public/market-intelligence?action=crawl triggers crawlers and returns statistics
[22m[39m[MockOpenAIProvider]process.env.OPENAI_API_KEY is missing or in test environment. Returning mock JSON respons
e.

[90mstderr[2m | src/tests/domain/market-crawlers.test.ts[2m > [22m[2mCRE External Intelligence Market Crawlers (E2
-E7)[2m > [22m[2mGET /api/public/market-intelligence?action=crawl triggers crawlers and returns statistics
[22m[39m[MockOpenAIProvider]process.env.OPENAI_API_KEY is missing or in test environment. Returning mock JSON respons
e.

[90mstderr[2m | src/tests/domain/market-crawlers.test.ts[2m > [22m[2mCRE External Intelligence Market Crawlers (E2
-E7)[2m > [22m[2mGET /api/public/market-intelligence?action=crawl triggers crawlers and returns statistics
[22m[39m[MockOpenAIProvider]process.env.OPENAI_API_KEY is missing or in test environment. Returning mock JSON respons
e.

[90mstderr[2m | src/tests/domain/market-crawlers.test.ts[2m > [22m[2mCRE External Intelligence Market Crawlers (E2
-E7)[2m > [22m[2mGET /api/public/market-intelligence?action=crawl triggers crawlers and returns statistics
[22m[39m[MockOpenAIProvider]process.env.OPENAI_API_KEY is missing or in test environment. Returning mock JSON respons
e.

[90mstderr[2m | src/tests/domain/market-crawlers.test.ts[2m > [22m[2mCRE External Intelligence Market Crawlers (E2
-E7)[2m > [22m[2mGET /api/public/market-intelligence?action=crawl triggers crawlers and returns statistics
[22m[39m[MockOpenAIProvider]process.env.OPENAI_API_KEY is missing or in test environment. Returning mock JSON respons
e.

[90mstderr[2m | src/tests/domain/market-crawlers.test.ts[2m > [22m[2mCRE External Intelligence Market Crawlers (E2
-E7)[2m > [22m[2mGET /api/public/market-intelligence?action=crawl triggers crawlers and returns statistics
[22m[39m[MockOpenAIProvider]process.env.OPENAI_API_KEY is missing or in test environment. Returning mock JSON respons
e.

[90mstderr[2m | src/tests/domain/market-crawlers.test.ts[2m > [22m[2mCRE External Intelligence Market Crawlers (E2
-E7)[2m > [22m[2mGET /api/public/market-intelligence?action=crawl triggers crawlers and returns statistics
[22m[39m[MockOpenAIProvider]process.env.OPENAI_API_KEY is missing or in test environment. Returning mock JSON respons
e.

[90mstderr[2m | src/tests/domain/market-crawlers.test.ts[2m > [22m[2mCRE External Intelligence Market Crawlers (E2
-E7)[2m > [22m[2mGET /api/public/market-intelligence?action=crawl triggers crawlers and returns statistics
[22m[39m[MockOpenAIProvider]process.env.OPENAI_API_KEY is missing or in test environment. Returning mock JSON respons
e.

[90mstderr[2m | src/tests/domain/market-crawlers.test.ts[2m > [22m[2mCRE External Intelligence Market Crawlers (E2
-E7)[2m > [22m[2mGET /api/public/market-intelligence?action=crawl triggers crawlers and returns statistics
[22m[39m[MockOpenAIProvider]process.env.OPENAI_API_KEY is missing or in test environment. Returning mock JSON respons
e.

[90mstderr[2m | src/tests/domain/market-crawlers.test.ts[2m > [22m[2mCRE External Intelligence Market Crawlers (E2
-E7)[2m > [22m[2mGET /api/public/market-intelligence?action=crawl triggers crawlers and returns statistics
[22m[39m[scoreNewsBatch] LLM scoring failed: SyntaxError: Unexpected non-whitespace character after JSON at position 
12 (line 1 column 13)
    at JSON.parse (<anonymous>)
    at scoreNewsBatch (C:/Users/User/cre-dealcard/src/domain/external/market-crawlers.ts:155:112)
[90m    at processTicksAndRejections (node:internal/process/task_queues:103:5)[39m
    at crawlCreNews (C:/Users/User/cre-dealcard/src/domain/external/market-crawlers.ts:240:23)
    at async Promise.all (index 0)
    at Module.GET (C:/Users/User/cre-dealcard/src/app/api/public/market-intelligence/route.ts:29:71)
    at C:/Users/User/cre-dealcard/src/tests/domain/market-crawlers.test.ts:50:17
    at [90mfile:///C:/Users/User/cre-dealcard/[39mnode_modules/[4m@vitest/runner[24m/dist/chunk-artifact.js:1903:20

[90mstdout[2m | src/tests/domain/market-crawlers.test.ts[2m > [22m[2mCRE External Intelligence Market Crawlers (E2-E7)[2m > [22m[2mGET /api/public/market-intelligence?action=crawl triggers crawlers and returns statistics
[22m[39m[land-price-api] V-World 怨듭떆吏媛 2026???곗씠???놁쓬, ?댁쟾 ?곕룄 ?뺤씤 ?쒕룄

[90mstdout[2m | src/tests/domain/market-crawlers.test.ts[2m > [22m[2mCRE External Intelligence Market Crawlers (E2-E7)[2m > [22m[2mGET /api/public/market-intelligence?action=crawl triggers crawlers and returns statistics
[22m[39m[land-price-api] V-World 怨듭떆吏媛 2026???곗씠???놁쓬, ?댁쟾 ?곕룄 ?뺤씤 ?쒕룄

[90mstdout[2m | src/tests/domain/market-crawlers.test.ts[2m > [22m[2mCRE External Intelligence Market Crawlers (E2-E7)[2m > [22m[2mGET /api/public/market-intelligence?action=crawl triggers crawlers and returns statistics
[22m[39m[land-price-api] V-World 怨듭떆吏媛 2026???곗씠???놁쓬, ?댁쟾 ?곕룄 ?뺤씤 ?쒕룄

[90mstdout[2m | src/tests/domain/market-crawlers.test.ts[2m > [22m[2mCRE External Intelligence Market Crawlers (E2-E7)[2m > [22m[2mGET /api/public/market-intelligence?action=crawl triggers crawlers and returns statistics
[22m[39m[land-price-api] V-World 怨듭떆吏媛 2026???곗씠???놁쓬, ?댁쟾 ?곕룄 ?뺤씤 ?쒕룄

[90mstdout[2m | src/tests/domain/market-crawlers.test.ts[2m > [22m[2mCRE External Intelligence Market Crawlers (E2-E7)[2m > [22m[2mGET /api/public/market-intelligence?action=crawl triggers crawlers and returns statistics
[22m[39m[land-price-api] V-World 怨듭떆吏媛 2025???곗씠???놁쓬, ?댁쟾 ?곕룄 ?뺤씤 ?쒕룄

[90mstdout[2m | src/tests/domain/market-crawlers.test.ts[2m > [22m[2mCRE External Intelligence Market Crawlers (E2-E7)[2m > [22m[2mGET /api/public/market-intelligence?action=crawl triggers crawlers and returns statistics
[22m[39m[land-price-api] V-World 怨듭떆吏媛 2025???곗씠???놁쓬, ?댁쟾 ?곕룄 ?뺤씤 ?쒕룄

[90mstdout[2m | src/tests/domain/market-crawlers.test.ts[2m > [22m[2mCRE External Intelligence Market Crawlers (E2-E7)[2m > [22m[2mGET /api/public/market-intelligence?action=crawl triggers crawlers and returns statistics
[22m[39m[land-price-api] V-World 怨듭떆吏媛 2025???곗씠???놁쓬, ?댁쟾 ?곕룄 ?뺤씤 ?쒕룄

[90mstdout[2m | src/tests/domain/market-crawlers.test.ts[2m > [22m[2mCRE External Intelligence Market Crawlers (E2-E7)[2m > [22m[2mGET /api/public/market-intelligence?action=crawl triggers crawlers and returns statistics
[22m[39m[land-price-api] V-World 怨듭떆吏媛 2025???곗씠???놁쓬, ?댁쟾 ?곕룄 ?뺤씤 ?쒕룄

[90mstderr[2m | src/tests/e2e/p1-pro-posture.test.ts[2m > [22m[2mMECE Phase 2 - Pro Posture & Income Variants Test
s[2m > [22m[2mT17: Income 4 Sub-Archetype Variants (Pro)[2m > [22m[2mT17-01: Income Pro with stability data (R-IN
C-01)
[22m[39m[deck-sequencer] goldilocks: 蹂몃Ц 20硫???16硫??덉궘 (遺濡?0硫?遺꾨━)

[90mstderr[2m | src/tests/e2e/income-archetype.test.ts[2m > [22m[2mAxis 5: Income Posture Archetype Branching (Pro
 Tier)[2m > [22m[2mAR-INC-01: 珥덉븞?뺥삎 (R-INC-01) sequence and PPTX rendering
[22m[39m[deck-sequencer] goldilocks: 蹂몃Ц 20硫???16硫??덉궘 (遺濡?0硫?遺꾨━)

[90mstderr[2m | src/tests/e2e/p1-pro-posture.test.ts[2m > [22m[2mMECE Phase 2 - Pro Posture & Income Variants Test
s[2m > [22m[2mT17: Income 4 Sub-Archetype Variants (Pro)[2m > [22m[2mT17-02: Income Pro with rent gap data (R-INC
-02)
[22m[39m[deck-sequencer] goldilocks: 蹂몃Ц 20硫???16硫??덉궘 (遺濡?0硫?遺꾨━)

[90mstderr[2m | src/tests/e2e/p1-pro-posture.test.ts[2m > [22m[2mMECE Phase 2 - Pro Posture & Income Variants Test
s[2m > [22m[2mT17: Income 4 Sub-Archetype Variants (Pro)[2m > [22m[2mT17-03: Income Pro with vacancy/leasing data
 (R-INC-03)
[22m[39m[deck-sequencer] goldilocks: 蹂몃Ц 20硫???16硫??덉궘 (遺濡?0硫?遺꾨━)

[90mstderr[2m | src/tests/e2e/p1-pro-posture.test.ts[2m > [22m[2mMECE Phase 2 - Pro Posture & Income Variants Test
s[2m > [22m[2mT17: Income 4 Sub-Archetype Variants (Pro)[2m > [22m[2mT17-04: Income Pro with remodel data (R-INC-
04)
[22m[39m[deck-sequencer] goldilocks: 蹂몃Ц 20硫???16硫??덉궘 (遺濡?0硫?遺꾨━)

[90mstderr[2m | src/tests/e2e/p2-cross-platform.test.ts[2m > [22m[2mP2 Cross-Platform Render Integrity
[22m[39m[deck-sequencer] goldilocks: 蹂몃Ц 20硫???16硫??덉궘 (遺濡?0硫?遺꾨━)

[90mstderr[2m | src/tests/e2e/pptx-stress-matrix.test.ts[2m > [22m[2mAxis 1: PPTX 40-Cell Posture 횞 Grade 횞 Tier S
tress Matrix[2m > [22m[2mPosture: income[2m > [22m[2m[income] Grade A 횞 basic tier
[22m[39m[deck-sequencer] goldilocks: 蹂몃Ц 20硫???16硫??덉궘 (遺濡?0硫?遺꾨━)

[90mstderr[2m | src/tests/e2e/income-archetype.test.ts[2m > [22m[2mAxis 5: Income Posture Archetype Branching (Pro
 Tier)[2m > [22m[2mAR-INC-01: 珥덉븞?뺥삎 (R-INC-01) sequence and PPTX rendering
[22m[39m[deck-sequencer] goldilocks: 蹂몃Ц 20硫???16硫??덉궘 (遺濡?0硫?遺꾨━)

[90mstderr[2m | src/tests/e2e/p0-pii-persona-scrub.test.ts[2m > [22m[2mT29: PII Scrubbing & Persona Isolation[2m 
> [22m[2mD. PPTX-level persona and PII verification[2m > [22m[2mT29-D01: Persona phrases do NOT appear in rendered
 PPTX
[22m[39m[deck-sequencer] goldilocks: 蹂몃Ц 20硫???16硫??덉궘 (遺濡?0硫?遺꾨━)

[90mstderr[2m | src/tests/e2e/p1-pro-posture.test.ts[2m > [22m[2mMECE Phase 2 - Pro Posture & Income Variants Test
s[2m > [22m[2mT17: Income 4 Sub-Archetype Variants (Pro)[2m > [22m[2mT17-05: Income Pro full render
[22m[39m[deck-sequencer] goldilocks: 蹂몃Ц 20硫???16硫??덉궘 (遺濡?0硫?遺꾨━)

[90mstderr[2m | src/tests/e2e/p0-pii-persona-scrub.test.ts[2m > [22m[2mT29: PII Scrubbing & Persona Isolation[2m 
> [22m[2mD. PPTX-level persona and PII verification[2m > [22m[2mT29-D01: Persona phrases do NOT appear in rendered
 PPTX
[22m[39m[BL-5] ?대갚 諛쒕룞: A09 ?щ씪?대뱶 #14 ???꾪궎??낆씠 蹂몃Ц???뚮뜑留곹븯吏 紐삵빐 留덊겕?ㅼ슫 ?대갚 ?ъ슜

[90mstderr[2m | src/domain/building/mobile-im/__tests__/e2e-real-property.test.ts[2m > [22m[2mE2E Real Property: ?
묓룊??媛 ?붾젅?쒕퉴??(income)[2m > [22m[2mIM ?앹꽦 ?뚯씠?꾨씪??[2m > [22m[2mE2E-YP-PIPELINE: ?묓룊??generateMobileIM ???꾩닔 ?뱀뀡 ?
ы븿
[22m[39m[im-context-builder] 怨듭떎瑜??곗씠??誘명솗蹂????щТ 異붿젙移섏뿉 怨듭떎瑜?誘몃컲??[im-context-builder] ?곕㈃???곗씠??誘명솗蹂???value-add 異붿
젙 ?뺥솗?????
[90mstderr[2m | src/tests/e2e/p0-preset-cross-render.test.ts[2m > [22m[2mT09: 5-Preset Cross-Rendering Validation
[2m > [22m[2mT09-B-golden_institutional: Renders without crash and produces valid PPTX
[22m[39m[deck-sequencer] goldilocks: 蹂몃Ц 20硫???16硫??덉궘 (遺濡?0硫?遺꾨━)

[90mstderr[2m | src/domain/building/mobile-im/__tests__/l5-pipeline-e2e.test.ts[2m > [22m[2mL5: Full Pipeline E2E 
& System Invariants (25 cases)[2m > [22m[2mMobile IM Writer Pipeline Execution[2m > [22m[2mL5-YP-01: generateMobi
leIM produces valid sections for yangpyeong fixture
[22m[39m[im-context-builder] 怨듭떎瑜??곗씠??誘명솗蹂????щТ 異붿젙移섏뿉 怨듭떎瑜?誘몃컲??[im-context-builder] ?곕㈃???곗씠??誘명솗蹂???value-add 異붿
젙 ?뺥솗?????
[90mstderr[2m | src/tests/e2e/cbre-nh-capital-pipeline.test.ts[2m > [22m[2mCBRE Benchmark (NH Capital Building) E2
E Pipeline[2m > [22m[2mG4 & Rule 6: Physical PPTX Binary Inspection & Output Assertions[2m > [22m[2m[Positive] 湲곌
??ъ옄???꾨씪???뚮쭏 ?뚮뜑留?臾닿껐??諛?6? 寃뚯씠??PASS ?⑥뼵
[22m[39m[deck-sequencer] goldilocks: 蹂몃Ц 21硫???16硫??덉궘 (遺濡?0硫?遺꾨━)

[90mstderr[2m | src/domain/building/mobile-im/__tests__/e2e-real-property.test.ts[2m > [22m[2mE2E Real Property: ?
묓룊??媛 ?붾젅?쒕퉴??(income)[2m > [22m[2mIM ?앹꽦 ?뚯씠?꾨씪??[2m > [22m[2mE2E-YP-PIPELINE: ?묓룊??generateMobileIM ???꾩닔 ?뱀뀡 ?
ы븿
[22m[39m[CRE-RAG] Hybrid search failed: {
  code: [32m'PGRST202'[39m,
  details: [32m'Searched for the function public.match_im_documents with parameters filter_asset_type, filter_posture,
 filter_region, match_count, query_embedding, query_text or with a single unnamed json/jsonb parameter, but no matches 
were found in the schema cache.'[39m,
  hint: [1mnull[22m,
  message: [32m'Could not find the function public.match_im_documents(filter_asset_type, filter_posture, filter_region
, match_count, query_embedding, query_text) in the schema cache'[39m
}

[90mstdout[2m | src/domain/building/mobile-im/__tests__/e2e-real-property.test.ts[2m > [22m[2mE2E Real Property: ?묓룊??媛 ?붾젅?쒕퉴??(income)[2m > [22m[2mIM ?앹꽦 ?뚯씠?꾨씪??[2m > [22m[2mE2E-YP-PIPELINE: ?묓룊??generateMobileIM ???꾩닔 ?뱀뀡 ?ы븿
[22m[39m[mobile-im-writer] Prompt variant: writer_system_v1 (v1.0), isLogistics=false, posture=income

[90mstderr[2m | src/domain/building/mobile-im/__tests__/e2e-real-property.test.ts[2m > [22m[2mE2E Real Property: ?
묓룊??媛 ?붾젅?쒕퉴??(income)[2m > [22m[2mIM ?앹꽦 ?뚯씠?꾨씪??[2m > [22m[2mE2E-YP-PIPELINE: ?묓룊??generateMobileIM ???꾩닔 ?뱀뀡 ?
ы븿
[22m[39m[writer] Claim violations: [
  [32m"[G38] Calculation '8460be5d-cd08-4709-8b61-5e253102bacd': basis='NOI'?몃뜲 怨듭젣 ??ぉ???놁뒿?덈떎. ?댁쁺鍮??놁씠 NOI瑜??곗텧????
?놁뒿?덈떎."[39m,
  [32m"[G38] Calculation '5cf11fdd-1f42-4b3d-87a9-5dfa35d05d20': basis='NOI'?몃뜲 怨듭젣 ??ぉ???놁뒿?덈떎. ?댁쁺鍮??놁씠 NOI瑜??곗텧????
?놁뒿?덈떎."[39m,
  [32m"[G38] Calculation '37ba5e00-170b-4e45-9152-de85807a8a42': basis='NOI'?몃뜲 怨듭젣 ??ぉ???놁뒿?덈떎. ?댁쁺鍮??놁씠 NOI瑜??곗텧????
?놁뒿?덈떎."[39m,
  [32m"[G38] Calculation '863474c8-81b9-4b7e-9ad1-900d881fe1af': basis='NOI'?몃뜲 怨듭젣 ??ぉ???놁뒿?덈떎. ?댁쁺鍮??놁씠 NOI瑜??곗텧????
?놁뒿?덈떎."[39m,
  [32m'G38_NOI_MISSING_OPEX: cap_rate_base requires evidenced operating expenses'[39m,
  [32m"[G38] Calculation '28bb882b-0246-48bd-b069-ebde5f82db66': basis='NOI'?몃뜲 怨듭젣 ??ぉ???놁뒿?덈떎. ?댁쁺鍮??놁씠 NOI瑜??곗텧????
?놁뒿?덈떎."[39m,
  [32m'G38_NOI_MISSING_OPEX: cap_rate_best requires evidenced operating expenses'[39m,
  [32m"[G38] Calculation 'd8faa213-63c4-4d11-9e53-3a367698d555': basis='NOI'?몃뜲 怨듭젣 ??ぉ???놁뒿?덈떎. ?댁쁺鍮??놁씠 NOI瑜??곗텧????
?놁뒿?덈떎."[39m,
  [32m'G38_NOI_MISSING_OPEX: cap_rate_worst requires evidenced operating expenses'[39m
]

[90mstderr[2m | src/domain/building/mobile-im/__tests__/l5-pipeline-e2e.test.ts[2m > [22m[2mL5: Full Pipeline E2E 
& System Invariants (25 cases)[2m > [22m[2mMobile IM Writer Pipeline Execution[2m > [22m[2mL5-YP-01: generateMobi
leIM produces valid sections for yangpyeong fixture
[22m[39m[CRE-RAG] Hybrid search failed: {
  code: [32m'PGRST202'[39m,
  details: [32m'Searched for the function public.match_im_documents with parameters filter_asset_type, filter_posture,
 filter_region, match_count, query_embedding, query_text or with a single unnamed json/jsonb parameter, but no matches 
were found in the schema cache.'[39m,
  hint: [1mnull[22m,
  message: [32m'Could not find the function public.match_im_documents(filter_asset_type, filter_posture, filter_region
, match_count, query_embedding, query_text) in the schema cache'[39m
}

[90mstdout[2m | src/domain/building/mobile-im/__tests__/l5-pipeline-e2e.test.ts[2m > [22m[2mL5: Full Pipeline E2E & System Invariants (25 cases)[2m > [22m[2mMobile IM Writer Pipeline Execution[2m > [22m[2mL5-YP-01: generateMobileIM produces valid sections for yangpyeong fixture
[22m[39m[mobile-im-writer] Prompt variant: writer_system_v2 (v2.0), isLogistics=false, posture=income

[90mstderr[2m | src/domain/building/mobile-im/__tests__/l5-pipeline-e2e.test.ts[2m > [22m[2mL5: Full Pipeline E2E 
& System Invariants (25 cases)[2m > [22m[2mMobile IM Writer Pipeline Execution[2m > [22m[2mL5-YP-01: generateMobi
leIM produces valid sections for yangpyeong fixture
[22m[39m[writer] Claim violations: [
  [32m"[G38] Calculation '76952b7d-1fd1-4bea-9c53-33baaa2ef555': basis='NOI'?몃뜲 怨듭젣 ??ぉ???놁뒿?덈떎. ?댁쁺鍮??놁씠 NOI瑜??곗텧????
?놁뒿?덈떎."[39m,
  [32m"[G38] Calculation '38f8f0d6-76dc-4b4d-abe6-48affd98300c': basis='NOI'?몃뜲 怨듭젣 ??ぉ???놁뒿?덈떎. ?댁쁺鍮??놁씠 NOI瑜??곗텧????
?놁뒿?덈떎."[39m,
  [32m"[G38] Calculation '66699466-e260-44f1-9a31-44bbcff9f75c': basis='NOI'?몃뜲 怨듭젣 ??ぉ???놁뒿?덈떎. ?댁쁺鍮??놁씠 NOI瑜??곗텧????
?놁뒿?덈떎."[39m,
  [32m"[G38] Calculation '85b27a0b-1bcc-4402-8b3d-874635398c6f': basis='NOI'?몃뜲 怨듭젣 ??ぉ???놁뒿?덈떎. ?댁쁺鍮??놁씠 NOI瑜??곗텧????
?놁뒿?덈떎."[39m,
  [32m'G38_NOI_MISSING_OPEX: cap_rate_base requires evidenced operating expenses'[39m,
  [32m"[G38] Calculation 'd160af29-db90-4f1c-89fd-3295af69898f': basis='NOI'?몃뜲 怨듭젣 ??ぉ???놁뒿?덈떎. ?댁쁺鍮??놁씠 NOI瑜??곗텧????
?놁뒿?덈떎."[39m,
  [32m'G38_NOI_MISSING_OPEX: cap_rate_best requires evidenced operating expenses'[39m,
  [32m"[G38] Calculation 'a2557b74-e766-4c43-864a-0fb7127fdf28': basis='NOI'?몃뜲 怨듭젣 ??ぉ???놁뒿?덈떎. ?댁쁺鍮??놁씠 NOI瑜??곗텧????
?놁뒿?덈떎."[39m,
  [32m'G38_NOI_MISSING_OPEX: cap_rate_worst requires evidenced operating expenses'[39m
]

[90mstdout[2m | src/tests/api/im-generation-pipeline.test.ts[2m > [22m[2mIM Generation Pipeline[2m > [22m[2mGP07: pro tier + B grade generation succeeds
[22m[39m[im-handler] gradeResult: B [33m61[39m directData present: [33mtrue[39m
[im-handler] Overriding grade with directData.qualityGrade: B

[90mstderr[2m | src/tests/api/im-generation-pipeline.test.ts[2m > [22m[2mIM Generation Pipeline[2m > [22m[2mGP0
7: pro tier + B grade generation succeeds
[22m[39m[terminology-normalizer] Failed to load rules from DB, using fallback: TypeError: supabase.from(...).select(.
..).eq(...).order is not a function
    at getTerminologyRules (C:/Users/User/cre-dealcard/src/domain/building/mobile-im/terminology-normalizer.ts:146:8)
    at normalizeTerminologyAsync (C:/Users/User/cre-dealcard/src/domain/building/mobile-im/terminology-normalizer.ts:24
5:23)
    at deepNormalizeStringsAsync (C:/Users/User/cre-dealcard/src/domain/building/mobile-im/im-context-builder.ts:117:23
)
    at deepNormalizeStringsAsync (C:/Users/User/cre-dealcard/src/domain/building/mobile-im/im-context-builder.ts:126:24
)
    at buildIMContext (C:/Users/User/cre-dealcard/src/domain/building/mobile-im/im-context-builder.ts:170:30)
    at generateMobileIM (C:/Users/User/cre-dealcard/src/domain/building/mobile-im/writer.ts:76:21)
    at Module.generateMobileIMHandler (C:/Users/User/cre-dealcard/src/app/api/broker/im-lite/generate/handler.ts:307:30
)
[90m    at processTicksAndRejections (node:internal/process/task_queues:103:5)[39m
    at C:/Users/User/cre-dealcard/src/tests/api/im-generation-pipeline.test.ts:121:17
    at [90mfile:///C:/Users/User/cre-dealcard/[39mnode_modules/[4m@vitest/runner[24m/dist/chunk-artifact.js:1903:20

[90mstderr[2m | src/tests/api/im-generation-pipeline.test.ts[2m > [22m[2mIM Generation Pipeline[2m > [22m[2mGP0
7: pro tier + B grade generation succeeds
[22m[39m[im-context-builder] 怨듭떎瑜??곗씠??誘명솗蹂????щТ 異붿젙移섏뿉 怨듭떎瑜?誘몃컲??
[90mstderr[2m | src/domain/building/mobile-im/__tests__/l5-pipeline-e2e.test.ts[2m > [22m[2mL5: Full Pipeline E2E 
& System Invariants (25 cases)[2m > [22m[2mMobile IM Writer Pipeline Execution[2m > [22m[2mL5-YP-01: generateMobi
leIM produces valid sections for yangpyeong fixture
[22m[39m[MockOpenAIProvider]process.env.OPENAI_API_KEY is missing or in test environment. Returning mock JSON respons
e.

[90mstderr[2m | src/domain/building/mobile-im/__tests__/l5-pipeline-e2e.test.ts[2m > [22m[2mL5: Full Pipeline E2E 
& System Invariants (25 cases)[2m > [22m[2mMobile IM Writer Pipeline Execution[2m > [22m[2mL5-YP-01: generateMobi
leIM produces valid sections for yangpyeong fixture
[22m[39m[MockOpenAIProvider]process.env.OPENAI_API_KEY is missing or in test environment. Returning mock JSON respons
e.

[90mstderr[2m | src/domain/building/mobile-im/__tests__/l5-pipeline-e2e.test.ts[2m > [22m[2mL5: Full Pipeline E2E 
& System Invariants (25 cases)[2m > [22m[2mMobile IM Writer Pipeline Execution[2m > [22m[2mL5-YP-01: generateMobi
leIM produces valid sections for yangpyeong fixture
[22m[39m[MockOpenAIProvider]process.env.OPENAI_API_KEY is missing or in test environment. Returning mock JSON respons
e.

[90mstderr[2m | src/domain/building/mobile-im/__tests__/l5-pipeline-e2e.test.ts[2m > [22m[2mL5: Full Pipeline E2E 
& System Invariants (25 cases)[2m > [22m[2mMobile IM Writer Pipeline Execution[2m > [22m[2mL5-YP-01: generateMobi
leIM produces valid sections for yangpyeong fixture
[22m[39m[MockOpenAIProvider]process.env.OPENAI_API_KEY is missing or in test environment. Returning mock JSON respons
e.

[90mstderr[2m | src/domain/building/mobile-im/__tests__/l5-pipeline-e2e.test.ts[2m > [22m[2mL5: Full Pipeline E2E 
& System Invariants (25 cases)[2m > [22m[2mMobile IM Writer Pipeline Execution[2m > [22m[2mL5-YP-01: generateMobi
leIM produces valid sections for yangpyeong fixture
[22m[39m[MockOpenAIProvider]process.env.OPENAI_API_KEY is missing or in test environment. Returning mock JSON respons
e.

[90mstderr[2m | src/domain/building/mobile-im/__tests__/l5-pipeline-e2e.test.ts[2m > [22m[2mL5: Full Pipeline E2E 
& System Invariants (25 cases)[2m > [22m[2mMobile IM Writer Pipeline Execution[2m > [22m[2mL5-YP-01: generateMobi
leIM produces valid sections for yangpyeong fixture
[22m[39m[MockOpenAIProvider]process.env.OPENAI_API_KEY is missing or in test environment. Returning mock JSON respons
e.

[90mstderr[2m | src/tests/e2e/p0-preset-cross-render.test.ts[2m > [22m[2mT09: 5-Preset Cross-Rendering Validation
[2m > [22m[2mT09-B-credeal_signature: Renders without crash and produces valid PPTX
[22m[39m[deck-sequencer] goldilocks: 蹂몃Ц 20硫???16硫??덉궘 (遺濡?0硫?遺꾨━)

[90mstderr[2m | src/domain/building/mobile-im/__tests__/e2e-real-property.test.ts[2m > [22m[2mE2E Real Property: ?
묓룊??媛 ?붾젅?쒕퉴??(income)[2m > [22m[2mIM ?앹꽦 ?뚯씠?꾨씪??[2m > [22m[2mE2E-YP-PIPELINE: ?묓룊??generateMobileIM ???꾩닔 ?뱀뀡 ?
ы븿
[22m[39m[MockOpenAIProvider]process.env.OPENAI_API_KEY is missing or in test environment. Returning mock JSON respons
e.

[90mstderr[2m | src/domain/building/mobile-im/__tests__/e2e-real-property.test.ts[2m > [22m[2mE2E Real Property: ?
묓룊??媛 ?붾젅?쒕퉴??(income)[2m > [22m[2mIM ?앹꽦 ?뚯씠?꾨씪??[2m > [22m[2mE2E-YP-PIPELINE: ?묓룊??generateMobileIM ???꾩닔 ?뱀뀡 ?
ы븿
[22m[39m[MockOpenAIProvider]process.env.OPENAI_API_KEY is missing or in test environment. Returning mock JSON respons
e.

[90mstderr[2m | src/domain/building/mobile-im/__tests__/e2e-real-property.test.ts[2m > [22m[2mE2E Real Property: ?
묓룊??媛 ?붾젅?쒕퉴??(income)[2m > [22m[2mIM ?앹꽦 ?뚯씠?꾨씪??[2m > [22m[2mE2E-YP-PIPELINE: ?묓룊??generateMobileIM ???꾩닔 ?뱀뀡 ?
ы븿
[22m[39m[MockOpenAIProvider]process.env.OPENAI_API_KEY is missing or in test environment. Returning mock JSON respons
e.

[90mstderr[2m | src/tests/e2e/pptx-content-assertion.test.ts[2m > [22m[2mL3 PPTX Content Assertion Tests[2m > [2
2m[2mCA01: 紐⑤뱺 ?ъ뒪泥섏뿉 ???蹂몃Ц ?щ씪?대뱶媛 ?띿뒪?몃? ?ы븿?댁빞 ??[22m[39m[BL-5] ?대갚 諛쒕룞: A08 ?щ씪?대뱶 #6 ???꾪궎??낆씠 蹂몃Ц???뚮뜑留곹븯吏
 紐삵빐 留덊겕?ㅼ슫 ?대갚 ?ъ슜

[90mstderr[2m | src/domain/building/mobile-im/__tests__/e2e-real-property.test.ts[2m > [22m[2mE2E Real Property: ?
묓룊??媛 ?붾젅?쒕퉴??(income)[2m > [22m[2mIM ?앹꽦 ?뚯씠?꾨씪??[2m > [22m[2mE2E-YP-PIPELINE: ?묓룊??generateMobileIM ???꾩닔 ?뱀뀡 ?
ы븿
[22m[39m[MockOpenAIProvider]process.env.OPENAI_API_KEY is missing or in test environment. Returning mock JSON respons
e.

[90mstderr[2m | src/domain/building/mobile-im/__tests__/l5-pipeline-e2e.test.ts[2m > [22m[2mL5: Full Pipeline E2E 
& System Invariants (25 cases)[2m > [22m[2mMobile IM Writer Pipeline Execution[2m > [22m[2mL5-YP-01: generateMobi
leIM produces valid sections for yangpyeong fixture
[22m[39m[MockOpenAIProvider]process.env.OPENAI_API_KEY is missing or in test environment. Returning mock JSON respons
e.

[90mstderr[2m | src/domain/building/mobile-im/__tests__/l5-pipeline-e2e.test.ts[2m > [22m[2mL5: Full Pipeline E2E 
& System Invariants (25 cases)[2m > [22m[2mMobile IM Writer Pipeline Execution[2m > [22m[2mL5-YP-01: generateMobi
leIM produces valid sections for yangpyeong fixture
[22m[39m[MockOpenAIProvider]process.env.OPENAI_API_KEY is missing or in test environment. Returning mock JSON respons
e.

[90mstderr[2m | src/domain/building/mobile-im/__tests__/l5-pipeline-e2e.test.ts[2m > [22m[2mL5: Full Pipeline E2E 
& System Invariants (25 cases)[2m > [22m[2mMobile IM Writer Pipeline Execution[2m > [22m[2mL5-YP-01: generateMobi
leIM produces valid sections for yangpyeong fixture
[22m[39m[MockOpenAIProvider]process.env.OPENAI_API_KEY is missing or in test environment. Returning mock JSON respons
e.

[90mstderr[2m | src/domain/building/mobile-im/__tests__/e2e-real-property.test.ts[2m > [22m[2mE2E Real Property: ?
묓룊??媛 ?붾젅?쒕퉴??(income)[2m > [22m[2mIM ?앹꽦 ?뚯씠?꾨씪??[2m > [22m[2mE2E-YP-PIPELINE: ?묓룊??generateMobileIM ???꾩닔 ?뱀뀡 ?
ы븿
[22m[39m[MockOpenAIProvider]process.env.OPENAI_API_KEY is missing or in test environment. Returning mock JSON respons
e.

[90mstderr[2m | src/domain/building/mobile-im/__tests__/e2e-real-property.test.ts[2m > [22m[2mE2E Real Property: ?
묓룊??媛 ?붾젅?쒕퉴??(income)[2m > [22m[2mIM ?앹꽦 ?뚯씠?꾨씪??[2m > [22m[2mE2E-YP-PIPELINE: ?묓룊??generateMobileIM ???꾩닔 ?뱀뀡 ?
ы븿
[22m[39m[MockOpenAIProvider]process.env.OPENAI_API_KEY is missing or in test environment. Returning mock JSON respons
e.

 [31m??[39m src/tests/api/adversarial-stress-m1.test.ts [2m([22m[2m26 tests[22m[2m | [22m[31m6 failed[39m[2m)[22m[32m 295[2mms[22m[39m
       [32m??[39m 1.1: Empty string returns baseline padding (0.55)[32m 3[2mms[22m[39m
       [32m??[39m 1.2: Whitespace-only variants return baseline padding (0.55)[32m 1[2mms[22m[39m
       [32m??[39m 1.3: Falsy/boundary inputs return baseline padding without crashing[32m 0[2mms[22m[39m
       [32m??[39m 1.4: Massive single-line strings (1,000, 5,000, 10,000 chars)[32m 1[2mms[22m[39m
       [32m??[39m 1.5: Deep multiline strings (50 lines, alternating blank lines)[32m 1[2mms[22m[39m
       [32m??[39m 1.6: Special characters, Korean mixed CJK, XSS payload, emojis[32m 1[2mms[22m[39m
       [32m??[39m 1.7: Varying box widths (wide vs narrow)[32m 1[2mms[22m[39m
[31m       [31m횞[31m 2.1: Handler blocks Pro tier with D-grade (returns 422)[39m[32m 56[2mms[22m[39m
[31m       [31m횞[31m 2.2: Handler blocks Pro tier with C-grade (returns 422)[39m[32m 20[2mms[22m[39m
[31m       [31m횞[31m 2.3: Handler blocks Pro tier when completeness_score < 60 even without direct qualityGrade[39m[32m 4[2mms[22m[39m
[31m       [31m횞[31m 2.4: Handler permits Pro tier with B-grade (passes gate)[39m[32m 7[2mms[22m[39m
[31m       [31m횞[31m 2.5: Handler permits Pro tier with A-grade (passes gate)[39m[32m 3[2mms[22m[39m
[31m       [31m횞[31m 2.6: Handler permits Basic tier with D-grade and C-grade (no Pro restriction)[39m[32m 16[2mms[22m[39m
       [32m??[39m 2.7: generate-async route blocks Pro + D-grade with HTTP 422[32m 80[2mms[22m[39m
       [32m??[39m 2.8: generate-async route blocks Pro + C-grade with HTTP 422[32m 8[2mms[22m[39m
       [32m??[39m 2.9: generate-async route passes Pro + B-grade and Pro + A-grade with HTTP 200[32m 19[2mms[22m[39m
       [32m??[39m 2.10: Building-scoped generate-async blocks Pro + D-grade with HTTP 422[32m 5[2mms[22m[39m
       [32m??[39m 3.1: Income posture: Missing asking_price_manwon causes canGenerate=false and error message[32m 37[2mms[22m[39m
       [32m??[39m 3.2: Income posture: asking_price_manwon = 0 causes canGenerate=false and error message[32m 3[2mms[22m[39m
       [32m??[39m 3.3: Income posture: Negative asking_price_manwon causes canGenerate=false and error message[32m 4[2mms[22m[39m
       [32m??[39m 3.4: Income posture: String zeros and invalid numeric strings cause canGenerate=false[32m 4[2mms[22m[39m
       [32m??[39m 3.5: Income posture: Valid positive asking_price_manwon passes validation[32m 1[2mms[22m[39m
       [32m??[39m 3.6: Development posture: Missing asking_price does NOT block generation if land/zoning present[32m 1[2mms[22m[39m
       [32m??[39m 3.7: Development posture: 0 or negative asking_price does NOT block development generation[32m 1[2mms[22m[39m
       [32m??[39m 3.8: Building-scoped validate blocks income posture with missing, 0, or negative asking price[32m 2[2mms[22m[39m
       [32m??[39m 3.9: Building-scoped validate allows development posture without asking price[32m 1[2mms[22m[39m
[90mstderr[2m | src/domain/building/mobile-im/__tests__/l5-pipeline-e2e.test.ts[2m > [22m[2mL5: Full Pipeline E2E 
& System Invariants (25 cases)[2m > [22m[2mMobile IM Writer Pipeline Execution[2m > [22m[2mL5-YP-01: generateMobi
leIM produces valid sections for yangpyeong fixture
[22m[39m[MockOpenAIProvider]process.env.OPENAI_API_KEY is missing or in test environment. Returning mock JSON respons
e.

[90mstderr[2m | src/tests/e2e/pptx-stress-matrix.test.ts[2m > [22m[2mAxis 1: PPTX 40-Cell Posture 횞 Grade 횞 Tier S
tress Matrix[2m > [22m[2mPosture: income[2m > [22m[2m[income] Grade A 횞 pro tier
[22m[39m[deck-sequencer] goldilocks: 蹂몃Ц 20硫???16硫??덉궘 (遺濡?0硫?遺꾨━)

[90mstderr[2m | src/domain/building/mobile-im/__tests__/e2e-real-property.test.ts[2m > [22m[2mE2E Real Property: ?
묓룊??媛 ?붾젅?쒕퉴??(income)[2m > [22m[2mIM ?앹꽦 ?뚯씠?꾨씪??[2m > [22m[2mE2E-YP-PIPELINE: ?묓룊??generateMobileIM ???꾩닔 ?뱀뀡 ?
ы븿
[22m[39m[MockOpenAIProvider]process.env.OPENAI_API_KEY is missing or in test environment. Returning mock JSON respons
e.

[90mstderr[2m | src/tests/e2e/income-archetype.test.ts[2m > [22m[2mAxis 5: Income Posture Archetype Branching (Pro
 Tier)[2m > [22m[2mAR-INC-02: ?꾨?猷??뺤긽?뷀삎 (R-INC-02) sequence and PPTX rendering
[22m[39m[deck-sequencer] goldilocks: 蹂몃Ц 20硫???16硫??덉궘 (遺濡?0硫?遺꾨━)

[90mstderr[2m | src/tests/e2e/p1-pro-posture.test.ts[2m > [22m[2mMECE Phase 2 - Pro Posture & Income Variants Test
s[2m > [22m[2mT18: Pro Sequencer All 5 Postures[2m > [22m[2mT18-01: operating Pro
[22m[39m[deck-sequencer] goldilocks: 蹂몃Ц 20硫???16硫??덉궘 (遺濡?0硫?遺꾨━)

[90mstderr[2m | src/domain/building/mobile-im/__tests__/e2e-real-property.test.ts[2m > [22m[2mE2E Real Property: ?
묓룊??媛 ?붾젅?쒕퉴??(income)[2m > [22m[2mIM ?앹꽦 ?뚯씠?꾨씪??[2m > [22m[2mE2E-YP-PIPELINE: ?묓룊??generateMobileIM ???꾩닔 ?뱀뀡 ?
ы븿
[22m[39m[MockOpenAIProvider]process.env.OPENAI_API_KEY is missing or in test environment. Returning mock JSON respons
e.

[90mstderr[2m | src/tests/e2e/income-archetype.test.ts[2m > [22m[2mAxis 5: Income Posture Archetype Branching (Pro
 Tier)[2m > [22m[2mAR-INC-03: 怨듭떎 ?댁냼??(R-INC-03) sequence and PPTX rendering
[22m[39m[deck-sequencer] goldilocks: 蹂몃Ц 20硫???16硫??덉궘 (遺濡?0硫?遺꾨━)

[90mstderr[2m | src/tests/e2e/p1-pro-posture.test.ts[2m > [22m[2mMECE Phase 2 - Pro Posture & Income Variants Test
s[2m > [22m[2mT18: Pro Sequencer All 5 Postures[2m > [22m[2mT18-02: development Pro
[22m[39m[deck-sequencer] goldilocks: 蹂몃Ц 22硫???16硫??덉궘 (遺濡?0硫?遺꾨━)

 [31m??[39m src/tests/api/im-error-paths.test.ts [2m([22m[2m13 tests[22m[2m | [22m[31m2 failed[39m[2m)[22m[33m 346[2mms[22m[39m
     [32m??[39m EP01: GET nonexistent building returns 404[32m 16[2mms[22m[39m
     [32m??[39m EP02: GET invalid UUID format returns 404[32m 3[2mms[22m[39m
     [32m??[39m EP03: GET SSoT completeness < 30 returns 403[32m 3[2mms[22m[39m
     [32m??[39m EP04: POST generate-async without auth returns 401[32m 4[2mms[22m[39m
     [32m??[39m EP05: POST generate-async with empty body returns 400[32m 2[2mms[22m[39m
[31m     [31m횞[31m EP06: POST generate-async D-grade + pro tier returns 422[39m[32m 195[2mms[22m[39m
[31m     [31m횞[31m EP07: PUT save-sections on published document returns 400[39m[32m 8[2mms[22m[39m
     [32m??[39m EP08: PUT save-sections with invalid section format returns 400[32m 2[2mms[22m[39m
     [32m??[39m EP09: POST approve by non-owner returns 403[32m 2[2mms[22m[39m
     [32m??[39m EP10: POST approve nonexistent document returns 404[32m 2[2mms[22m[39m
     [32m??[39m EP11: GET public viewer for published doc returns 200[32m 1[2mms[22m[39m
     [32m??[39m EP12: GET public viewer for draft doc returns 200 with data[32m 103[2mms[22m[39m
     [32m??[39m EP13: POST generate-async with missing building_id returns 400[32m 1[2mms[22m[39m
[90mstderr[2m | src/tests/e2e/income-archetype.test.ts[2m > [22m[2mAxis 5: Income Posture Archetype Branching (Pro
 Tier)[2m > [22m[2mAR-INC-04: 由щえ?몃쭅??(R-INC-04) sequence and PPTX rendering
[22m[39m[deck-sequencer] goldilocks: 蹂몃Ц 20硫???16硫??덉궘 (遺濡?0硫?遺꾨━)

[90mstderr[2m | src/tests/e2e/p1-pro-posture.test.ts[2m > [22m[2mMECE Phase 2 - Pro Posture & Income Variants Test
s[2m > [22m[2mT18: Pro Sequencer All 5 Postures[2m > [22m[2mT18-03: owner_occupied Pro
[22m[39m[deck-sequencer] goldilocks: 蹂몃Ц 20硫???16硫??덉궘 (遺濡?0硫?遺꾨━)

[90mstderr[2m | src/tests/e2e/p1-pro-posture.test.ts[2m > [22m[2mMECE Phase 2 - Pro Posture & Income Variants Test
s[2m > [22m[2mT18: Pro Sequencer All 5 Postures[2m > [22m[2mT18-04: trading Pro
[22m[39m[deck-sequencer] goldilocks: 蹂몃Ц 20硫???16硫??덉궘 (遺濡?0硫?遺꾨━)

[90mstderr[2m | src/tests/api/im-generation-pipeline.test.ts[2m > [22m[2mIM Generation Pipeline[2m > [22m[2mGP0
7: pro tier + B grade generation succeeds
[22m[39m[CRE-RAG] Hybrid search failed: TypeError: rpcClient.rpc is not a function
    at searchSimilarIMs (C:/Users/User/cre-dealcard/src/domain/building/mobile-im/cre-rag-service.ts:60:45)
[90m    at processTicksAndRejections (node:internal/process/task_queues:103:5)[39m
    at generateRAGContext (C:/Users/User/cre-dealcard/src/domain/building/mobile-im/cre-rag-service.ts:128:16)
    at buildIMContext (C:/Users/User/cre-dealcard/src/domain/building/mobile-im/im-context-builder.ts:274:14)
    at generateMobileIM (C:/Users/User/cre-dealcard/src/domain/building/mobile-im/writer.ts:76:15)
    at Module.generateMobileIMHandler (C:/Users/User/cre-dealcard/src/app/api/broker/im-lite/generate/handler.ts:307:24
)
    at C:/Users/User/cre-dealcard/src/tests/api/im-generation-pipeline.test.ts:121:17
    at [90mfile:///C:/Users/User/cre-dealcard/[39mnode_modules/[4m@vitest/runner[24m/dist/chunk-artifact.js:1903:20

[90mstderr[2m | src/domain/building/mobile-im/__tests__/e2e-real-property.test.ts[2m > [22m[2mE2E Real Property: ?
묓룊??媛 ?붾젅?쒕퉴??(income)[2m > [22m[2mIM ?앹꽦 ?뚯씠?꾨씪??[2m > [22m[2mE2E-YP-PIPELINE: ?묓룊??generateMobileIM ???꾩닔 ?뱀뀡 ?
ы븿
[22m[39m[MockOpenAIProvider]process.env.OPENAI_API_KEY is missing or in test environment. Returning mock JSON respons
e.

[90mstderr[2m | src/tests/e2e/pptx-content-assertion.test.ts[2m > [22m[2mL3 PPTX Content Assertion Tests[2m > [2
2m[2mCA01: 紐⑤뱺 ?ъ뒪泥섏뿉 ???蹂몃Ц ?щ씪?대뱶媛 ?띿뒪?몃? ?ы븿?댁빞 ??[22m[39m[deck-sequencer] goldilocks: 蹂몃Ц 18硫???16硫??덉궘 (遺濡?0
硫?遺꾨━)

[90mstderr[2m | src/domain/building/mobile-im/__tests__/l5-pipeline-e2e.test.ts[2m > [22m[2mL5: Full Pipeline E2E 
& System Invariants (25 cases)[2m > [22m[2mMobile IM Writer Pipeline Execution[2m > [22m[2mL5-YP-01: generateMobi
leIM produces valid sections for yangpyeong fixture
[22m[39m[MockOpenAIProvider]process.env.OPENAI_API_KEY is missing or in test environment. Returning mock JSON respons
e.

[90mstderr[2m | src/tests/e2e/p1-pro-posture.test.ts[2m > [22m[2mMECE Phase 2 - Pro Posture & Income Variants Test
s[2m > [22m[2mT18: Pro Sequencer All 5 Postures[2m > [22m[2mT18-05: All 5 postures Pro render
[22m[39m[deck-sequencer] goldilocks: 蹂몃Ц 20硫???16硫??덉궘 (遺濡?0硫?遺꾨━)

[90mstdout[2m | src/tests/api/im-generation-pipeline.test.ts[2m > [22m[2mIM Generation Pipeline[2m > [22m[2mGP07: pro tier + B grade generation succeeds
[22m[39m[mobile-im-writer] Prompt variant: writer_system_v1 (v1.0), isLogistics=false, posture=income

[90mstderr[2m | src/domain/building/mobile-im/__tests__/e2e-real-property.test.ts[2m > [22m[2mE2E Real Property: ?
묓룊??媛 ?붾젅?쒕퉴??(income)[2m > [22m[2mIM ?앹꽦 ?뚯씠?꾨씪??[2m > [22m[2mE2E-YP-PIPELINE: ?묓룊??generateMobileIM ???꾩닔 ?뱀뀡 ?
ы븿
[22m[39m[MockOpenAIProvider]process.env.OPENAI_API_KEY is missing or in test environment. Returning mock JSON respons
e.

[90mstderr[2m | src/tests/e2e/pptx-content-assertion.test.ts[2m > [22m[2mL3 PPTX Content Assertion Tests[2m > [2
2m[2mCA01: 紐⑤뱺 ?ъ뒪泥섏뿉 ???蹂몃Ц ?щ씪?대뱶媛 ?띿뒪?몃? ?ы븿?댁빞 ??[22m[39m[BL-5] ?대갚 諛쒕룞: A08 ?щ씪?대뱶 #8 ???꾪궎??낆씠 蹂몃Ц???뚮뜑留곹븯吏
 紐삵빐 留덊겕?ㅼ슫 ?대갚 ?ъ슜

[90mstderr[2m | src/tests/e2e/p0-preset-cross-render.test.ts[2m > [22m[2mT09: 5-Preset Cross-Rendering Validation
[2m > [22m[2mT09-B-executive_gold: Renders without crash and produces valid PPTX
[22m[39m[deck-sequencer] goldilocks: 蹂몃Ц 20硫???16硫??덉궘 (遺濡?0硫?遺꾨━)

[90mstderr[2m | src/domain/building/mobile-im/__tests__/l5-pipeline-e2e.test.ts[2m > [22m[2mL5: Full Pipeline E2E 
& System Invariants (25 cases)[2m > [22m[2mMobile IM Writer Pipeline Execution[2m > [22m[2mL5-YP-01: generateMobi
leIM produces valid sections for yangpyeong fixture
[22m[39m[MockOpenAIProvider]process.env.OPENAI_API_KEY is missing or in test environment. Returning mock JSON respons
e.

 [31m??[39m src/tests/e2e/income-archetype.test.ts [2m([22m[2m4 tests[22m[2m | [22m[31m3 failed[39m[2m)[22m[33m 1577[2mms[22m[39m
     [33m[2m??[22m[39m AR-INC-01: 珥덉븞?뺥삎 (R-INC-01) sequence and PPTX rendering [33m 1532[2mms[22m[39m
[31m     [31m횞[31m AR-INC-02: ?꾨?猷??뺤긽?뷀삎 (R-INC-02) sequence and PPTX rendering[39m[32m 27[2mms[22m[39m
[31m     [31m횞[31m AR-INC-03: 怨듭떎 ?댁냼??(R-INC-03) sequence and PPTX rendering[39m[32m 9[2mms[22m[39m
[31m     [31m횞[31m AR-INC-04: 由щえ?몃쭅??(R-INC-04) sequence and PPTX rendering[39m[32m 2[2mms[22m[39m
[90mstderr[2m | src/tests/api/im-generation-pipeline.test.ts[2m > [22m[2mIM Generation Pipeline[2m > [22m[2mGP0
7: pro tier + B grade generation succeeds
[22m[39m[writer] Claim violations: [
  [32m"[G38] Calculation '1924ee86-0467-40fa-9e14-bfb1427b7ff4': basis='NOI'?몃뜲 怨듭젣 ??ぉ???놁뒿?덈떎. ?댁쁺鍮??놁씠 NOI瑜??곗텧????
?놁뒿?덈떎."[39m,
  [32m"[G38] Calculation 'a5d09ef8-42e0-4f00-bf39-6e74367d9278': basis='NOI'?몃뜲 怨듭젣 ??ぉ???놁뒿?덈떎. ?댁쁺鍮??놁씠 NOI瑜??곗텧????
?놁뒿?덈떎."[39m,
  [32m"[G38] Calculation 'ae91176d-7f7f-4514-8f29-8b56c360520b': basis='NOI'?몃뜲 怨듭젣 ??ぉ???놁뒿?덈떎. ?댁쁺鍮??놁씠 NOI瑜??곗텧????
?놁뒿?덈떎."[39m
]
[golden-im] Failed to build few-shot block: TypeError: supabase.from(...).select(...).eq(...).eq is not a function
    at buildIMFewShotBlock (C:/Users/User/cre-dealcard/src/domain/building/mobile-im/golden-im-manager.ts:134:8)
    at generateSingleSection (C:/Users/User/cre-dealcard/src/domain/building/mobile-im/im-section-generator.ts:204:30)
    at C:/Users/User/cre-dealcard/src/domain/building/mobile-im/writer.ts:161:32
    at Array.map (<anonymous>)
    at generateMobileIM (C:/Users/User/cre-dealcard/src/domain/building/mobile-im/writer.ts:159:43)
[90m    at processTicksAndRejections (node:internal/process/task_queues:103:5)[39m
    at Module.generateMobileIMHandler (C:/Users/User/cre-dealcard/src/app/api/broker/im-lite/generate/handler.ts:307:24
)
    at C:/Users/User/cre-dealcard/src/tests/api/im-generation-pipeline.test.ts:121:17
    at [90mfile:///C:/Users/User/cre-dealcard/[39mnode_modules/[4m@vitest/runner[24m/dist/chunk-artifact.js:1903:20
[golden-im] Failed to build few-shot block: TypeError: supabase.from(...).select(...).eq(...).eq is not a function
    at buildIMFewShotBlock (C:/Users/User/cre-dealcard/src/domain/building/mobile-im/golden-im-manager.ts:134:8)
    at generateSingleSection (C:/Users/User/cre-dealcard/src/domain/building/mobile-im/im-section-generator.ts:204:30)
    at C:/Users/User/cre-dealcard/src/domain/building/mobile-im/writer.ts:161:32
    at Array.map (<anonymous>)
    at generateMobileIM (C:/Users/User/cre-dealcard/src/domain/building/mobile-im/writer.ts:159:43)
[90m    at processTicksAndRejections (node:internal/process/task_queues:103:5)[39m
    at Module.generateMobileIMHandler (C:/Users/User/cre-dealcard/src/app/api/broker/im-lite/generate/handler.ts:307:24
)
    at C:/Users/User/cre-dealcard/src/tests/api/im-generation-pipeline.test.ts:121:17
    at [90mfile:///C:/Users/User/cre-dealcard/[39mnode_modules/[4m@vitest/runner[24m/dist/chunk-artifact.js:1903:20
[golden-im] Failed to build few-shot block: TypeError: supabase.from(...).select(...).eq(...).eq is not a function
    at buildIMFewShotBlock (C:/Users/User/cre-dealcard/src/domain/building/mobile-im/golden-im-manager.ts:134:8)
    at generateSingleSection (C:/Users/User/cre-dealcard/src/domain/building/mobile-im/im-section-generator.ts:204:30)
    at C:/Users/User/cre-dealcard/src/domain/building/mobile-im/writer.ts:161:32
    at Array.map (<anonymous>)
    at generateMobileIM (C:/Users/User/cre-dealcard/src/domain/building/mobile-im/writer.ts:159:43)
[90m    at processTicksAndRejections (node:internal/process/task_queues:103:5)[39m
    at Module.generateMobileIMHandler (C:/Users/User/cre-dealcard/src/app/api/broker/im-lite/generate/handler.ts:307:24
)
    at C:/Users/User/cre-dealcard/src/tests/api/im-generation-pipeline.test.ts:121:17
    at [90mfile:///C:/Users/User/cre-dealcard/[39mnode_modules/[4m@vitest/runner[24m/dist/chunk-artifact.js:1903:20
[golden-im] Failed to build few-shot block: TypeError: supabase.from(...).select(...).eq(...).eq is not a function
    at buildIMFewShotBlock (C:/Users/User/cre-dealcard/src/domain/building/mobile-im/golden-im-manager.ts:134:8)
    at generateSingleSection (C:/Users/User/cre-dealcard/src/domain/building/mobile-im/im-section-generator.ts:204:30)
    at C:/Users/User/cre-dealcard/src/domain/building/mobile-im/writer.ts:161:32
    at Array.map (<anonymous>)
    at generateMobileIM (C:/Users/User/cre-dealcard/src/domain/building/mobile-im/writer.ts:159:43)
[90m    at processTicksAndRejections (node:internal/process/task_queues:103:5)[39m
    at Module.generateMobileIMHandler (C:/Users/User/cre-dealcard/src/app/api/broker/im-lite/generate/handler.ts:307:24
)
    at C:/Users/User/cre-dealcard/src/tests/api/im-generation-pipeline.test.ts:121:17
    at [90mfile:///C:/Users/User/cre-dealcard/[39mnode_modules/[4m@vitest/runner[24m/dist/chunk-artifact.js:1903:20
[golden-im] Failed to build few-shot block: TypeError: supabase.from(...).select(...).eq(...).eq is not a function
    at buildIMFewShotBlock (C:/Users/User/cre-dealcard/src/domain/building/mobile-im/golden-im-manager.ts:134:8)
    at generateSingleSection (C:/Users/User/cre-dealcard/src/domain/building/mobile-im/im-section-generator.ts:204:30)
    at C:/Users/User/cre-dealcard/src/domain/building/mobile-im/writer.ts:161:32
    at Array.map (<anonymous>)
    at generateMobileIM (C:/Users/User/cre-dealcard/src/domain/building/mobile-im/writer.ts:159:43)
[90m    at processTicksAndRejections (node:internal/process/task_queues:103:5)[39m
    at Module.generateMobileIMHandler (C:/Users/User/cre-dealcard/src/app/api/broker/im-lite/generate/handler.ts:307:24
)
    at C:/Users/User/cre-dealcard/src/tests/api/im-generation-pipeline.test.ts:121:17
    at [90mfile:///C:/Users/User/cre-dealcard/[39mnode_modules/[4m@vitest/runner[24m/dist/chunk-artifact.js:1903:20
[golden-im] Failed to build few-shot block: TypeError: supabase.from(...).select(...).eq(...).eq is not a function
    at buildIMFewShotBlock (C:/Users/User/cre-dealcard/src/domain/building/mobile-im/golden-im-manager.ts:134:8)
    at generateSingleSection (C:/Users/User/cre-dealcard/src/domain/building/mobile-im/im-section-generator.ts:204:30)
    at C:/Users/User/cre-dealcard/src/domain/building/mobile-im/writer.ts:161:32
    at Array.map (<anonymous>)
    at generateMobileIM (C:/Users/User/cre-dealcard/src/domain/building/mobile-im/writer.ts:159:43)
[90m    at processTicksAndRejections (node:internal/process/task_queues:103:5)[39m
    at Module.generateMobileIMHandler (C:/Users/User/cre-dealcard/src/app/api/broker/im-lite/generate/handler.ts:307:24
)
    at C:/Users/User/cre-dealcard/src/tests/api/im-generation-pipeline.test.ts:121:17
    at [90mfile:///C:/Users/User/cre-dealcard/[39mnode_modules/[4m@vitest/runner[24m/dist/chunk-artifact.js:1903:20
[golden-im] Failed to build few-shot block: TypeError: supabase.from(...).select(...).eq(...).eq is not a function
    at buildIMFewShotBlock (C:/Users/User/cre-dealcard/src/domain/building/mobile-im/golden-im-manager.ts:134:8)
    at generateSingleSection (C:/Users/User/cre-dealcard/src/domain/building/mobile-im/im-section-generator.ts:204:30)
    at C:/Users/User/cre-dealcard/src/domain/building/mobile-im/writer.ts:161:32
    at Array.map (<anonymous>)
    at generateMobileIM (C:/Users/User/cre-dealcard/src/domain/building/mobile-im/writer.ts:159:43)
[90m    at processTicksAndRejections (node:internal/process/task_queues:103:5)[39m
    at Module.generateMobileIMHandler (C:/Users/User/cre-dealcard/src/app/api/broker/im-lite/generate/handler.ts:307:24
)
    at C:/Users/User/cre-dealcard/src/tests/api/im-generation-pipeline.test.ts:121:17
    at [90mfile:///C:/Users/User/cre-dealcard/[39mnode_modules/[4m@vitest/runner[24m/dist/chunk-artifact.js:1903:20
[golden-im] Failed to build few-shot block: TypeError: supabase.from(...).select(...).eq(...).eq is not a function
    at buildIMFewShotBlock (C:/Users/User/cre-dealcard/src/domain/building/mobile-im/golden-im-manager.ts:134:8)
    at generateSingleSection (C:/Users/User/cre-dealcard/src/domain/building/mobile-im/im-section-generator.ts:204:30)
    at C:/Users/User/cre-dealcard/src/domain/building/mobile-im/writer.ts:161:32
    at Array.map (<anonymous>)
    at generateMobileIM (C:/Users/User/cre-dealcard/src/domain/building/mobile-im/writer.ts:159:43)
[90m    at processTicksAndRejections (node:internal/process/task_queues:103:5)[39m
    at Module.generateMobileIMHandler (C:/Users/User/cre-dealcard/src/app/api/broker/im-lite/generate/handler.ts:307:24
)
    at C:/Users/User/cre-dealcard/src/tests/api/im-generation-pipeline.test.ts:121:17
    at [90mfile:///C:/Users/User/cre-dealcard/[39mnode_modules/[4m@vitest/runner[24m/dist/chunk-artifact.js:1903:20

[90mstderr[2m | src/domain/building/mobile-im/__tests__/e2e-real-property.test.ts[2m > [22m[2mE2E Real Property: ?
묓룊??媛 ?붾젅?쒕퉴??(income)[2m > [22m[2mIM ?앹꽦 ?뚯씠?꾨씪??[2m > [22m[2mE2E-YP-PIPELINE: ?묓룊??generateMobileIM ???꾩닔 ?뱀뀡 ?
ы븿
[22m[39m[MockOpenAIProvider]process.env.OPENAI_API_KEY is missing or in test environment. Returning mock JSON respons
e.

[90mstdout[2m | src/domain/building/mobile-im/__tests__/l5-pipeline-e2e.test.ts[2m > [22m[2mL5: Full Pipeline E2E & System Invariants (25 cases)[2m > [22m[2mMobile IM Writer Pipeline Execution[2m > [22m[2mL5-YP-01: generateMobileIM produces valid sections for yangpyeong fixture
[22m[39m[fewshot-tracker] Golden candidate registered (pending approval): title_rights of doc gen_ovhedi9qr0p_1788689488810 (Score: 5)

[90mstderr[2m | src/tests/api/im-generation-pipeline.test.ts[2m > [22m[2mIM Generation Pipeline[2m > [22m[2mGP0
7: pro tier + B grade generation succeeds
[22m[39m[writer] Stage 1 section property_overview failed, skipping (no fallback): Error: [P0-6] AI ?앹꽦 ?ㅽ뙣: property
_overview. ?대갚 湲덉? ???곗씠??遺議???硫??먯껜瑜??쒖쇅?댁빞 ?⑸땲??
    at generateSingleSection (C:/Users/User/cre-dealcard/src/domain/building/mobile-im/im-section-generator.ts:336:11)
[90m    at processTicksAndRejections (node:internal/process/task_queues:103:5)[39m
    at async Promise.allSettled (index 0)
    at generateMobileIM (C:/Users/User/cre-dealcard/src/domain/building/mobile-im/writer.ts:190:23)
    at Module.generateMobileIMHandler (C:/Users/User/cre-dealcard/src/app/api/broker/im-lite/generate/handler.ts:307:24
)
    at C:/Users/User/cre-dealcard/src/tests/api/im-generation-pipeline.test.ts:121:17
    at [90mfile:///C:/Users/User/cre-dealcard/[39mnode_modules/[4m@vitest/runner[24m/dist/chunk-artifact.js:1903:20
[writer] Stage 1 section location_access failed, skipping (no fallback): Error: [P0-6] AI ?앹꽦 ?ㅽ뙣: location_access. ?대갚
 湲덉? ???곗씠??遺議???硫??먯껜瑜??쒖쇅?댁빞 ?⑸땲??
    at generateSingleSection (C:/Users/User/cre-dealcard/src/domain/building/mobile-im/im-section-generator.ts:336:11)
[90m    at processTicksAndRejections (node:internal/process/task_queues:103:5)[39m
    at async Promise.allSettled (index 1)
    at generateMobileIM (C:/Users/User/cre-dealcard/src/domain/building/mobile-im/writer.ts:190:23)
    at Module.generateMobileIMHandler (C:/Users/User/cre-dealcard/src/app/api/broker/im-lite/generate/handler.ts:307:24
)
    at C:/Users/User/cre-dealcard/src/tests/api/im-generation-pipeline.test.ts:121:17
    at [90mfile:///C:/Users/User/cre-dealcard/[39mnode_modules/[4m@vitest/runner[24m/dist/chunk-artifact.js:1903:20
[writer] Stage 1 section next_steps failed, skipping (no fallback): Error: [P0-6] AI ?앹꽦 ?ㅽ뙣: next_steps. ?대갚 湲덉? ???곗씠
??遺議???硫??먯껜瑜??쒖쇅?댁빞 ?⑸땲??
    at generateSingleSection (C:/Users/User/cre-dealcard/src/domain/building/mobile-im/im-section-generator.ts:336:11)
[90m    at processTicksAndRejections (node:internal/process/task_queues:103:5)[39m
    at async Promise.allSettled (index 2)
    at generateMobileIM (C:/Users/User/cre-dealcard/src/domain/building/mobile-im/writer.ts:190:23)
    at Module.generateMobileIMHandler (C:/Users/User/cre-dealcard/src/app/api/broker/im-lite/generate/handler.ts:307:24
)
    at C:/Users/User/cre-dealcard/src/tests/api/im-generation-pipeline.test.ts:121:17
    at [90mfile:///C:/Users/User/cre-dealcard/[39mnode_modules/[4m@vitest/runner[24m/dist/chunk-artifact.js:1903:20
[writer] Stage 1 section title_rights failed, skipping (no fallback): Error: [P0-6] AI ?앹꽦 ?ㅽ뙣: title_rights. ?대갚 湲덉? ?
??곗씠??遺議???硫??먯껜瑜??쒖쇅?댁빞 ?⑸땲??
    at generateSingleSection (C:/Users/User/cre-dealcard/src/domain/building/mobile-im/im-section-generator.ts:336:11)
[90m    at processTicksAndRejections (node:internal/process/task_queues:103:5)[39m
    at async Promise.allSettled (index 3)
    at generateMobileIM (C:/Users/User/cre-dealcard/src/domain/building/mobile-im/writer.ts:190:23)
    at Module.generateMobileIMHandler (C:/Users/User/cre-dealcard/src/app/api/broker/im-lite/generate/handler.ts:307:24
)
    at C:/Users/User/cre-dealcard/src/tests/api/im-generation-pipeline.test.ts:121:17
    at [90mfile:///C:/Users/User/cre-dealcard/[39mnode_modules/[4m@vitest/runner[24m/dist/chunk-artifact.js:1903:20
[writer] Stage 1 section land_detail failed, skipping (no fallback): Error: [P0-6] AI ?앹꽦 ?ㅽ뙣: land_detail. ?대갚 湲덉? ???
곗씠??遺議???硫??먯껜瑜??쒖쇅?댁빞 ?⑸땲??
    at generateSingleSection (C:/Users/User/cre-dealcard/src/domain/building/mobile-im/im-section-generator.ts:336:11)
[90m    at processTicksAndRejections (node:internal/process/task_queues:103:5)[39m
    at async Promise.allSettled (index 4)
    at generateMobileIM (C:/Users/User/cre-dealcard/src/domain/building/mobile-im/writer.ts:190:23)
    at Module.generateMobileIMHandler (C:/Users/User/cre-dealcard/src/app/api/broker/im-lite/generate/handler.ts:307:24
)
    at C:/Users/User/cre-dealcard/src/tests/api/im-generation-pipeline.test.ts:121:17
    at [90mfile:///C:/Users/User/cre-dealcard/[39mnode_modules/[4m@vitest/runner[24m/dist/chunk-artifact.js:1903:20
[writer] Stage 1 section comparables failed, skipping (no fallback): Error: [P0-6] AI ?앹꽦 ?ㅽ뙣: comparables. ?대갚 湲덉? ???
곗씠??遺議???硫??먯껜瑜??쒖쇅?댁빞 ?⑸땲??
    at generateSingleSection (C:/Users/User/cre-dealcard/src/domain/building/mobile-im/im-section-generator.ts:336:11)
[90m    at processTicksAndRejections (node:internal/process/task_queues:103:5)[39m
    at async Promise.allSettled (index 5)
    at generateMobileIM (C:/Users/User/cre-dealcard/src/domain/building/mobile-im/writer.ts:190:23)
    at Module.generateMobileIMHandler (C:/Users/User/cre-dealcard/src/app/api/broker/im-lite/generate/handler.ts:307:24
)
    at C:/Users/User/cre-dealcard/src/tests/api/im-generation-pipeline.test.ts:121:17
    at [90mfile:///C:/Users/User/cre-dealcard/[39mnode_modules/[4m@vitest/runner[24m/dist/chunk-artifact.js:1903:20
[writer] Stage 1 section checklist failed, skipping (no fallback): Error: [P0-6] AI ?앹꽦 ?ㅽ뙣: checklist. ?대갚 湲덉? ???곗씠??
遺議???硫??먯껜瑜??쒖쇅?댁빞 ?⑸땲??
    at generateSingleSection (C:/Users/User/cre-dealcard/src/domain/building/mobile-im/im-section-generator.ts:336:11)
[90m    at processTicksAndRejections (node:internal/process/task_queues:103:5)[39m
    at async Promise.allSettled (index 6)
    at generateMobileIM (C:/Users/User/cre-dealcard/src/domain/building/mobile-im/writer.ts:190:23)
    at Module.generateMobileIMHandler (C:/Users/User/cre-dealcard/src/app/api/broker/im-lite/generate/handler.ts:307:24
)
    at C:/Users/User/cre-dealcard/src/tests/api/im-generation-pipeline.test.ts:121:17
    at [90mfile:///C:/Users/User/cre-dealcard/[39mnode_modules/[4m@vitest/runner[24m/dist/chunk-artifact.js:1903:20
[writer] Stage 1 section closing failed, skipping (no fallback): Error: [P0-6] AI ?앹꽦 ?ㅽ뙣: closing. ?대갚 湲덉? ???곗씠??遺議?
??硫??먯껜瑜??쒖쇅?댁빞 ?⑸땲??
    at generateSingleSection (C:/Users/User/cre-dealcard/src/domain/building/mobile-im/im-section-generator.ts:336:11)
[90m    at processTicksAndRejections (node:internal/process/task_queues:103:5)[39m
    at async Promise.allSettled (index 7)
    at generateMobileIM (C:/Users/User/cre-dealcard/src/domain/building/mobile-im/writer.ts:190:23)
    at Module.generateMobileIMHandler (C:/Users/User/cre-dealcard/src/app/api/broker/im-lite/generate/handler.ts:307:24
)
    at C:/Users/User/cre-dealcard/src/tests/api/im-generation-pipeline.test.ts:121:17
    at [90mfile:///C:/Users/User/cre-dealcard/[39mnode_modules/[4m@vitest/runner[24m/dist/chunk-artifact.js:1903:20
[golden-im] Failed to build few-shot block: TypeError: supabase.from(...).select(...).eq(...).eq is not a function
    at buildIMFewShotBlock (C:/Users/User/cre-dealcard/src/domain/building/mobile-im/golden-im-manager.ts:134:8)
    at generateSingleSection (C:/Users/User/cre-dealcard/src/domain/building/mobile-im/im-section-generator.ts:204:30)
    at generateMobileIM (C:/Users/User/cre-dealcard/src/domain/building/mobile-im/writer.ts:250:28)
[90m    at processTicksAndRejections (node:internal/process/task_queues:103:5)[39m
    at Module.generateMobileIMHandler (C:/Users/User/cre-dealcard/src/app/api/broker/im-lite/generate/handler.ts:307:24
)
    at C:/Users/User/cre-dealcard/src/tests/api/im-generation-pipeline.test.ts:121:17
    at [90mfile:///C:/Users/User/cre-dealcard/[39mnode_modules/[4m@vitest/runner[24m/dist/chunk-artifact.js:1903:20

[90mstderr[2m | src/domain/building/mobile-im/__tests__/e2e-real-property.test.ts[2m > [22m[2mE2E Real Property: ?
묓룊??媛 ?붾젅?쒕퉴??(income)[2m > [22m[2mIM ?앹꽦 ?뚯씠?꾨씪??[2m > [22m[2mE2E-YP-PIPELINE: ?묓룊??generateMobileIM ???꾩닔 ?뱀뀡 ?
ы븿
[22m[39m[MockOpenAIProvider]process.env.OPENAI_API_KEY is missing or in test environment. Returning mock JSON respons
e.

[90mstderr[2m | src/domain/building/mobile-im/__tests__/l5-pipeline-e2e.test.ts[2m > [22m[2mL5: Full Pipeline E2E 
& System Invariants (25 cases)[2m > [22m[2mMobile IM Writer Pipeline Execution[2m > [22m[2mL5-YP-01: generateMobi
leIM produces valid sections for yangpyeong fixture
[22m[39m[MockOpenAIProvider]process.env.OPENAI_API_KEY is missing or in test environment. Returning mock JSON respons
e.

[90mstderr[2m | src/tests/api/im-generation-pipeline.test.ts[2m > [22m[2mIM Generation Pipeline[2m > [22m[2mGP0
7: pro tier + B grade generation succeeds
[22m[39m[writer] M-8: lease_status ?ъ떆??1/2: [P0-6] AI ?앹꽦 ?ㅽ뙣: lease_status. ?대갚 湲덉? ???곗씠??遺議???硫??먯껜瑜??쒖쇅?댁빞 ?⑸땲?
?
[golden-im] Failed to build few-shot block: TypeError: supabase.from(...).select(...).eq(...).eq is not a function
    at buildIMFewShotBlock (C:/Users/User/cre-dealcard/src/domain/building/mobile-im/golden-im-manager.ts:134:8)
    at generateSingleSection (C:/Users/User/cre-dealcard/src/domain/building/mobile-im/im-section-generator.ts:204:30)
    at generateMobileIM (C:/Users/User/cre-dealcard/src/domain/building/mobile-im/writer.ts:250:28)
[90m    at processTicksAndRejections (node:internal/process/task_queues:103:5)[39m
    at Module.generateMobileIMHandler (C:/Users/User/cre-dealcard/src/app/api/broker/im-lite/generate/handler.ts:307:24
)
    at C:/Users/User/cre-dealcard/src/tests/api/im-generation-pipeline.test.ts:121:17
    at [90mfile:///C:/Users/User/cre-dealcard/[39mnode_modules/[4m@vitest/runner[24m/dist/chunk-artifact.js:1903:20

[90mstderr[2m | src/domain/building/mobile-im/__tests__/e2e-real-property.test.ts[2m > [22m[2mE2E Real Property: ?
묓룊??媛 ?붾젅?쒕퉴??(income)[2m > [22m[2mIM ?앹꽦 ?뚯씠?꾨씪??[2m > [22m[2mE2E-YP-PIPELINE: ?묓룊??generateMobileIM ???꾩닔 ?뱀뀡 ?
ы븿
[22m[39m[MockOpenAIProvider]process.env.OPENAI_API_KEY is missing or in test environment. Returning mock JSON respons
e.

[90mstdout[2m | src/domain/building/mobile-im/__tests__/l5-pipeline-e2e.test.ts[2m > [22m[2mL5: Full Pipeline E2E & System Invariants (25 cases)[2m > [22m[2mMobile IM Writer Pipeline Execution[2m > [22m[2mL5-YP-01: generateMobileIM produces valid sections for yangpyeong fixture
[22m[39m[fewshot-tracker] Golden candidate registered (pending approval): checklist of doc gen_ovhedi9qr0p_1788689488810 (Score: 5)

[90mstderr[2m | src/tests/api/im-generation-pipeline.test.ts[2m > [22m[2mIM Generation Pipeline[2m > [22m[2mGP0
7: pro tier + B grade generation succeeds
[22m[39m[writer] M-8: lease_status ?ъ떆??2/2: [P0-6] AI ?앹꽦 ?ㅽ뙣: lease_status. ?대갚 湲덉? ???곗씠??遺議???硫??먯껜瑜??쒖쇅?댁빞 ?⑸땲?
?
[golden-im] Failed to build few-shot block: TypeError: supabase.from(...).select(...).eq(...).eq is not a function
    at buildIMFewShotBlock (C:/Users/User/cre-dealcard/src/domain/building/mobile-im/golden-im-manager.ts:134:8)
    at generateSingleSection (C:/Users/User/cre-dealcard/src/domain/building/mobile-im/im-section-generator.ts:204:30)
    at generateMobileIM (C:/Users/User/cre-dealcard/src/domain/building/mobile-im/writer.ts:250:28)
[90m    at processTicksAndRejections (node:internal/process/task_queues:103:5)[39m
    at Module.generateMobileIMHandler (C:/Users/User/cre-dealcard/src/app/api/broker/im-lite/generate/handler.ts:307:24
)
    at C:/Users/User/cre-dealcard/src/tests/api/im-generation-pipeline.test.ts:121:17
    at [90mfile:///C:/Users/User/cre-dealcard/[39mnode_modules/[4m@vitest/runner[24m/dist/chunk-artifact.js:1903:20

[90mstderr[2m | src/domain/building/mobile-im/__tests__/e2e-real-property.test.ts[2m > [22m[2mE2E Real Property: ?
묓룊??媛 ?붾젅?쒕퉴??(income)[2m > [22m[2mIM ?앹꽦 ?뚯씠?꾨씪??[2m > [22m[2mE2E-YP-PIPELINE: ?묓룊??generateMobileIM ???꾩닔 ?뱀뀡 ?
ы븿
[22m[39m[MockOpenAIProvider]process.env.OPENAI_API_KEY is missing or in test environment. Returning mock JSON respons
e.

[90mstderr[2m | src/tests/api/im-generation-pipeline.test.ts[2m > [22m[2mIM Generation Pipeline[2m > [22m[2mGP0
7: pro tier + B grade generation succeeds
[22m[39m[writer] M-8: lease_status ?ъ떆???뚯쭊: [P0-6] AI ?앹꽦 ?ㅽ뙣: lease_status. ?대갚 湲덉? ???곗씠??遺議???硫??먯껜瑜??쒖쇅?댁빞 ?⑸땲?
?
[golden-im] Failed to build few-shot block: TypeError: supabase.from(...).select(...).eq(...).eq is not a function
    at buildIMFewShotBlock (C:/Users/User/cre-dealcard/src/domain/building/mobile-im/golden-im-manager.ts:134:8)
    at generateSingleSection (C:/Users/User/cre-dealcard/src/domain/building/mobile-im/im-section-generator.ts:204:30)
    at generateMobileIM (C:/Users/User/cre-dealcard/src/domain/building/mobile-im/writer.ts:250:28)
[90m    at processTicksAndRejections (node:internal/process/task_queues:103:5)[39m
    at Module.generateMobileIMHandler (C:/Users/User/cre-dealcard/src/app/api/broker/im-lite/generate/handler.ts:307:24
)
    at C:/Users/User/cre-dealcard/src/tests/api/im-generation-pipeline.test.ts:121:17
    at [90mfile:///C:/Users/User/cre-dealcard/[39mnode_modules/[4m@vitest/runner[24m/dist/chunk-artifact.js:1903:20

[90mstderr[2m | src/tests/api/im-generation-pipeline.test.ts[2m > [22m[2mIM Generation Pipeline[2m > [22m[2mGP0
7: pro tier + B grade generation succeeds
[22m[39m[writer] M-8: income_analysis ?ъ떆??1/2: [P0-6] AI ?앹꽦 ?ㅽ뙣: income_analysis. ?대갚 湲덉? ???곗씠??遺議???硫??먯껜瑜??쒖쇅?댁
빞 ?⑸땲??
[golden-im] Failed to build few-shot block: TypeError: supabase.from(...).select(...).eq(...).eq is not a function
    at buildIMFewShotBlock (C:/Users/User/cre-dealcard/src/domain/building/mobile-im/golden-im-manager.ts:134:8)
    at generateSingleSection (C:/Users/User/cre-dealcard/src/domain/building/mobile-im/im-section-generator.ts:204:30)
    at generateMobileIM (C:/Users/User/cre-dealcard/src/domain/building/mobile-im/writer.ts:250:28)
[90m    at processTicksAndRejections (node:internal/process/task_queues:103:5)[39m
    at Module.generateMobileIMHandler (C:/Users/User/cre-dealcard/src/app/api/broker/im-lite/generate/handler.ts:307:24
)
    at C:/Users/User/cre-dealcard/src/tests/api/im-generation-pipeline.test.ts:121:17
    at [90mfile:///C:/Users/User/cre-dealcard/[39mnode_modules/[4m@vitest/runner[24m/dist/chunk-artifact.js:1903:20

[90mstderr[2m | src/tests/api/im-generation-pipeline.test.ts[2m > [22m[2mIM Generation Pipeline[2m > [22m[2mGP0
7: pro tier + B grade generation succeeds
[22m[39m[writer] M-8: income_analysis ?ъ떆??2/2: [P0-6] AI ?앹꽦 ?ㅽ뙣: income_analysis. ?대갚 湲덉? ???곗씠??遺議???硫??먯껜瑜??쒖쇅?댁
빞 ?⑸땲??
[golden-im] Failed to build few-shot block: TypeError: supabase.from(...).select(...).eq(...).eq is not a function
    at buildIMFewShotBlock (C:/Users/User/cre-dealcard/src/domain/building/mobile-im/golden-im-manager.ts:134:8)
    at generateSingleSection (C:/Users/User/cre-dealcard/src/domain/building/mobile-im/im-section-generator.ts:204:30)
    at generateMobileIM (C:/Users/User/cre-dealcard/src/domain/building/mobile-im/writer.ts:250:28)
[90m    at processTicksAndRejections (node:internal/process/task_queues:103:5)[39m
    at Module.generateMobileIMHandler (C:/Users/User/cre-dealcard/src/app/api/broker/im-lite/generate/handler.ts:307:24
)
    at C:/Users/User/cre-dealcard/src/tests/api/im-generation-pipeline.test.ts:121:17
    at [90mfile:///C:/Users/User/cre-dealcard/[39mnode_modules/[4m@vitest/runner[24m/dist/chunk-artifact.js:1903:20

[90mstderr[2m | src/tests/api/im-generation-pipeline.test.ts[2m > [22m[2mIM Generation Pipeline[2m > [22m[2mGP0
7: pro tier + B grade generation succeeds
[22m[39m[writer] M-8: income_analysis ?ъ떆???뚯쭊: [P0-6] AI ?앹꽦 ?ㅽ뙣: income_analysis. ?대갚 湲덉? ???곗씠??遺議???硫??먯껜瑜??쒖쇅?댁
빞 ?⑸땲??
[golden-im] Failed to build few-shot block: TypeError: supabase.from(...).select(...).eq(...).eq is not a function
    at buildIMFewShotBlock (C:/Users/User/cre-dealcard/src/domain/building/mobile-im/golden-im-manager.ts:134:8)
    at generateSingleSection (C:/Users/User/cre-dealcard/src/domain/building/mobile-im/im-section-generator.ts:204:30)
    at generateMobileIM (C:/Users/User/cre-dealcard/src/domain/building/mobile-im/writer.ts:250:28)
[90m    at processTicksAndRejections (node:internal/process/task_queues:103:5)[39m
    at Module.generateMobileIMHandler (C:/Users/User/cre-dealcard/src/app/api/broker/im-lite/generate/handler.ts:307:24
)
    at C:/Users/User/cre-dealcard/src/tests/api/im-generation-pipeline.test.ts:121:17
    at [90mfile:///C:/Users/User/cre-dealcard/[39mnode_modules/[4m@vitest/runner[24m/dist/chunk-artifact.js:1903:20

[90mstderr[2m | src/tests/api/im-generation-pipeline.test.ts[2m > [22m[2mIM Generation Pipeline[2m > [22m[2mGP0
7: pro tier + B grade generation succeeds
[22m[39m[writer] M-8: risk_check ?ъ떆??1/2: [P0-6] AI ?앹꽦 ?ㅽ뙣: risk_check. ?대갚 湲덉? ???곗씠??遺議???硫??먯껜瑜??쒖쇅?댁빞 ?⑸땲??
[golden-im] Failed to build few-shot block: TypeError: supabase.from(...).select(...).eq(...).eq is not a function
    at buildIMFewShotBlock (C:/Users/User/cre-dealcard/src/domain/building/mobile-im/golden-im-manager.ts:134:8)
    at generateSingleSection (C:/Users/User/cre-dealcard/src/domain/building/mobile-im/im-section-generator.ts:204:30)
    at generateMobileIM (C:/Users/User/cre-dealcard/src/domain/building/mobile-im/writer.ts:250:28)
[90m    at processTicksAndRejections (node:internal/process/task_queues:103:5)[39m
    at Module.generateMobileIMHandler (C:/Users/User/cre-dealcard/src/app/api/broker/im-lite/generate/handler.ts:307:24
)
    at C:/Users/User/cre-dealcard/src/tests/api/im-generation-pipeline.test.ts:121:17
    at [90mfile:///C:/Users/User/cre-dealcard/[39mnode_modules/[4m@vitest/runner[24m/dist/chunk-artifact.js:1903:20

[90mstderr[2m | src/tests/api/im-generation-pipeline.test.ts[2m > [22m[2mIM Generation Pipeline[2m > [22m[2mGP0
7: pro tier + B grade generation succeeds
[22m[39m[writer] M-8: risk_check ?ъ떆??2/2: [P0-6] AI ?앹꽦 ?ㅽ뙣: risk_check. ?대갚 湲덉? ???곗씠??遺議???硫??먯껜瑜??쒖쇅?댁빞 ?⑸땲??
[golden-im] Failed to build few-shot block: TypeError: supabase.from(...).select(...).eq(...).eq is not a function
    at buildIMFewShotBlock (C:/Users/User/cre-dealcard/src/domain/building/mobile-im/golden-im-manager.ts:134:8)
    at generateSingleSection (C:/Users/User/cre-dealcard/src/domain/building/mobile-im/im-section-generator.ts:204:30)
    at generateMobileIM (C:/Users/User/cre-dealcard/src/domain/building/mobile-im/writer.ts:250:28)
[90m    at processTicksAndRejections (node:internal/process/task_queues:103:5)[39m
    at Module.generateMobileIMHandler (C:/Users/User/cre-dealcard/src/app/api/broker/im-lite/generate/handler.ts:307:24
)
    at C:/Users/User/cre-dealcard/src/tests/api/im-generation-pipeline.test.ts:121:17
    at [90mfile:///C:/Users/User/cre-dealcard/[39mnode_modules/[4m@vitest/runner[24m/dist/chunk-artifact.js:1903:20

[90mstderr[2m | src/tests/api/im-generation-pipeline.test.ts[2m > [22m[2mIM Generation Pipeline[2m > [22m[2mGP0
7: pro tier + B grade generation succeeds
[22m[39m[writer] M-8: risk_check ?ъ떆???뚯쭊: [P0-6] AI ?앹꽦 ?ㅽ뙣: risk_check. ?대갚 湲덉? ???곗씠??遺議???硫??먯껜瑜??쒖쇅?댁빞 ?⑸땲??
[golden-im] Failed to build few-shot block: TypeError: supabase.from(...).select(...).eq(...).eq is not a function
    at buildIMFewShotBlock (C:/Users/User/cre-dealcard/src/domain/building/mobile-im/golden-im-manager.ts:134:8)
    at generateSingleSection (C:/Users/User/cre-dealcard/src/domain/building/mobile-im/im-section-generator.ts:204:30)
    at generateMobileIM (C:/Users/User/cre-dealcard/src/domain/building/mobile-im/writer.ts:250:28)
[90m    at processTicksAndRejections (node:internal/process/task_queues:103:5)[39m
    at Module.generateMobileIMHandler (C:/Users/User/cre-dealcard/src/app/api/broker/im-lite/generate/handler.ts:307:24
)
    at C:/Users/User/cre-dealcard/src/tests/api/im-generation-pipeline.test.ts:121:17
    at [90mfile:///C:/Users/User/cre-dealcard/[39mnode_modules/[4m@vitest/runner[24m/dist/chunk-artifact.js:1903:20

[90mstderr[2m | src/tests/api/im-generation-pipeline.test.ts[2m > [22m[2mIM Generation Pipeline[2m > [22m[2mGP0
7: pro tier + B grade generation succeeds
[22m[39m[writer] M-8: investment_thesis ?ъ떆??1/2: [P0-6] AI ?앹꽦 ?ㅽ뙣: investment_thesis. ?대갚 湲덉? ???곗씠??遺議???硫??먯껜瑜??
쒖쇅?댁빞 ?⑸땲??
[golden-im] Failed to build few-shot block: TypeError: supabase.from(...).select(...).eq(...).eq is not a function
    at buildIMFewShotBlock (C:/Users/User/cre-dealcard/src/domain/building/mobile-im/golden-im-manager.ts:134:8)
    at generateSingleSection (C:/Users/User/cre-dealcard/src/domain/building/mobile-im/im-section-generator.ts:204:30)
    at generateMobileIM (C:/Users/User/cre-dealcard/src/domain/building/mobile-im/writer.ts:250:28)
[90m    at processTicksAndRejections (node:internal/process/task_queues:103:5)[39m
    at Module.generateMobileIMHandler (C:/Users/User/cre-dealcard/src/app/api/broker/im-lite/generate/handler.ts:307:24
)
    at C:/Users/User/cre-dealcard/src/tests/api/im-generation-pipeline.test.ts:121:17
    at [90mfile:///C:/Users/User/cre-dealcard/[39mnode_modules/[4m@vitest/runner[24m/dist/chunk-artifact.js:1903:20

[90mstderr[2m | src/tests/api/im-generation-pipeline.test.ts[2m > [22m[2mIM Generation Pipeline[2m > [22m[2mGP0
7: pro tier + B grade generation succeeds
[22m[39m[writer] M-8: investment_thesis ?ъ떆??2/2: [P0-6] AI ?앹꽦 ?ㅽ뙣: investment_thesis. ?대갚 湲덉? ???곗씠??遺議???硫??먯껜瑜??
쒖쇅?댁빞 ?⑸땲??
[golden-im] Failed to build few-shot block: TypeError: supabase.from(...).select(...).eq(...).eq is not a function
    at buildIMFewShotBlock (C:/Users/User/cre-dealcard/src/domain/building/mobile-im/golden-im-manager.ts:134:8)
    at generateSingleSection (C:/Users/User/cre-dealcard/src/domain/building/mobile-im/im-section-generator.ts:204:30)
    at generateMobileIM (C:/Users/User/cre-dealcard/src/domain/building/mobile-im/writer.ts:250:28)
[90m    at processTicksAndRejections (node:internal/process/task_queues:103:5)[39m
    at Module.generateMobileIMHandler (C:/Users/User/cre-dealcard/src/app/api/broker/im-lite/generate/handler.ts:307:24
)
    at C:/Users/User/cre-dealcard/src/tests/api/im-generation-pipeline.test.ts:121:17
    at [90mfile:///C:/Users/User/cre-dealcard/[39mnode_modules/[4m@vitest/runner[24m/dist/chunk-artifact.js:1903:20

[90mstderr[2m | src/tests/api/im-generation-pipeline.test.ts[2m > [22m[2mIM Generation Pipeline[2m > [22m[2mGP0
7: pro tier + B grade generation succeeds
[22m[39m[writer] M-8: investment_thesis ?ъ떆???뚯쭊: [P0-6] AI ?앹꽦 ?ㅽ뙣: investment_thesis. ?대갚 湲덉? ???곗씠??遺議???硫??먯껜瑜??
쒖쇅?댁빞 ?⑸땲??
[mobile-im] Publish gates blocked: [ [32m'G05'[39m, [32m'G06'[39m, [32m'G08'[39m, [32m'G20'[39m, [32m'G24'[39
m ]

[90mstderr[2m | src/tests/e2e/p0-preset-cross-render.test.ts[2m > [22m[2mT09: 5-Preset Cross-Rendering Validation
[2m > [22m[2mT09-B-corporate_clean: Renders without crash and produces valid PPTX
[22m[39m[deck-sequencer] goldilocks: 蹂몃Ц 20硫???16硫??덉궘 (遺濡?0硫?遺꾨━)

[90mstderr[2m | src/domain/building/mobile-im/__tests__/e2e-real-property.test.ts[2m > [22m[2mE2E Real Property: ?
묓룊??媛 ?붾젅?쒕퉴??(income)[2m > [22m[2mIM ?앹꽦 ?뚯씠?꾨씪??[2m > [22m[2mE2E-YP-PIPELINE: ?묓룊??generateMobileIM ???꾩닔 ?뱀뀡 ?
ы븿
[22m[39m[MockOpenAIProvider]process.env.OPENAI_API_KEY is missing or in test environment. Returning mock JSON respons
e.

[90mstdout[2m | src/domain/building/mobile-im/__tests__/l5-pipeline-e2e.test.ts[2m > [22m[2mL5: Full Pipeline E2E & System Invariants (25 cases)[2m > [22m[2mMobile IM Writer Pipeline Execution[2m > [22m[2mL5-YP-01: generateMobileIM produces valid sections for yangpyeong fixture
[22m[39m[fewshot-tracker] Golden candidate registered (pending approval): comparables of doc gen_ovhedi9qr0p_1788689488810 (Score: 5)

 [31m??[39m src/tests/api/im-generation-pipeline.test.ts [2m([22m[2m12 tests[22m[2m | [22m[31m10 failed[39m[2m)[22m[33m 1076[2mms[22m[39m
[31m     [31m횞[31m GP01: income posture happy path[39m[32m 23[2mms[22m[39m
[31m     [31m횞[31m GP02: development posture happy path[39m[32m 4[2mms[22m[39m
[31m     [31m횞[31m GP06: basic tier generation succeeds[39m[32m 6[2mms[22m[39m
     [33m[2m??[22m[39m GP07: pro tier + B grade generation succeeds [33m 1014[2mms[22m[39m
[31m     [31m횞[31m GP08: No resolved_address adds warning[39m[32m 9[2mms[22m[39m
[31m     [31m횞[31m GP09: With resolved_address avoids address warning[39m[32m 2[2mms[22m[39m
[31m     [31m횞[31m GP10: Cap Rate > 15% generates financial warning[39m[32m 5[2mms[22m[39m
[31m     [31m횞[31m GP11: Disclaimer section is generated[39m[32m 2[2mms[22m[39m
[31m     [31m횞[31m GP12: Guardrail sanitizes text[39m[32m 3[2mms[22m[39m
     [32m??[39m GP13: publishBlocked flag is passed down if gates fail[32m 1[2mms[22m[39m
[31m     [31m횞[31m GP14: external_data null checks[39m[32m 2[2mms[22m[39m
[31m     [31m횞[31m GP15: external_data present adds to prompt[39m[32m 2[2mms[22m[39m
[90mstderr[2m | src/tests/e2e/p1-pro-posture.test.ts[2m > [22m[2mMECE Phase 2 - Pro Posture & Income Variants Test
s[2m > [22m[2mT18: Pro Sequencer All 5 Postures[2m > [22m[2mT18-05: All 5 postures Pro render
[22m[39m[deck-sequencer] goldilocks: 蹂몃Ц 22硫???16硫??덉궘 (遺濡?0硫?遺꾨━)

[90mstderr[2m | src/domain/building/mobile-im/__tests__/e2e-real-property.test.ts[2m > [22m[2mE2E Real Property: ?
묓룊??媛 ?붾젅?쒕퉴??(income)[2m > [22m[2mIM ?앹꽦 ?뚯씠?꾨씪??[2m > [22m[2mE2E-YP-PIPELINE: ?묓룊??generateMobileIM ???꾩닔 ?뱀뀡 ?
ы븿
[22m[39m[MockOpenAIProvider]process.env.OPENAI_API_KEY is missing or in test environment. Returning mock JSON respons
e.

[90mstderr[2m | src/domain/building/mobile-im/__tests__/l5-pipeline-e2e.test.ts[2m > [22m[2mL5: Full Pipeline E2E 
& System Invariants (25 cases)[2m > [22m[2mMobile IM Writer Pipeline Execution[2m > [22m[2mL5-YP-01: generateMobi
leIM produces valid sections for yangpyeong fixture
[22m[39m[MockOpenAIProvider]process.env.OPENAI_API_KEY is missing or in test environment. Returning mock JSON respons
e.

[90mstderr[2m | src/domain/building/mobile-im/__tests__/e2e-real-property.test.ts[2m > [22m[2mE2E Real Property: ?
묓룊??媛 ?붾젅?쒕퉴??(income)[2m > [22m[2mIM ?앹꽦 ?뚯씠?꾨씪??[2m > [22m[2mE2E-YP-PIPELINE: ?묓룊??generateMobileIM ???꾩닔 ?뱀뀡 ?
ы븿
[22m[39m[MockOpenAIProvider]process.env.OPENAI_API_KEY is missing or in test environment. Returning mock JSON respons
e.

[90mstderr[2m | src/tests/e2e/p1-pro-posture.test.ts[2m > [22m[2mMECE Phase 2 - Pro Posture & Income Variants Test
s[2m > [22m[2mT18: Pro Sequencer All 5 Postures[2m > [22m[2mT18-05: All 5 postures Pro render
[22m[39m[BL-5] ?대갚 諛쒕룞: A08 ?щ씪?대뱶 #8 ???꾪궎??낆씠 蹂몃Ц???뚮뜑留곹븯吏 紐삵빐 留덊겕?ㅼ슫 ?대갚 ?ъ슜

[90mstderr[2m | src/domain/building/mobile-im/__tests__/l5-pipeline-e2e.test.ts[2m > [22m[2mL5: Full Pipeline E2E 
& System Invariants (25 cases)[2m > [22m[2mMobile IM Writer Pipeline Execution[2m > [22m[2mL5-YP-01: generateMobi
leIM produces valid sections for yangpyeong fixture
[22m[39m[MockOpenAIProvider]process.env.OPENAI_API_KEY is missing or in test environment. Returning mock JSON respons
e.

[90mstdout[2m | src/domain/building/mobile-im/__tests__/e2e-real-property.test.ts[2m > [22m[2mE2E Real Property: ?묓룊??媛 ?붾젅?쒕퉴??(income)[2m > [22m[2mIM ?앹꽦 ?뚯씠?꾨씪??[2m > [22m[2mE2E-YP-PIPELINE: ?묓룊??generateMobileIM ???꾩닔 ?뱀뀡 ?ы븿
[22m[39m[fewshot-tracker] Golden candidate registered (pending approval): checklist of doc gen_wjlmhhdmgqq_1788689488800 (Score: 5)

[90mstderr[2m | src/domain/building/mobile-im/__tests__/l5-pipeline-e2e.test.ts[2m > [22m[2mL5: Full Pipeline E2E 
& System Invariants (25 cases)[2m > [22m[2mMobile IM Writer Pipeline Execution[2m > [22m[2mL5-YP-01: generateMobi
leIM produces valid sections for yangpyeong fixture
[22m[39m[MockOpenAIProvider]process.env.OPENAI_API_KEY is missing or in test environment. Returning mock JSON respons
e.

[90mstderr[2m | src/domain/building/mobile-im/__tests__/l5-pipeline-e2e.test.ts[2m > [22m[2mL5: Full Pipeline E2E 
& System Invariants (25 cases)[2m > [22m[2mMobile IM Writer Pipeline Execution[2m > [22m[2mL5-YP-01: generateMobi
leIM produces valid sections for yangpyeong fixture
[22m[39m[MockOpenAIProvider]process.env.OPENAI_API_KEY is missing or in test environment. Returning mock JSON respons
e.

[90mstderr[2m | src/domain/building/mobile-im/__tests__/l5-pipeline-e2e.test.ts[2m > [22m[2mL5: Full Pipeline E2E 
& System Invariants (25 cases)[2m > [22m[2mMobile IM Writer Pipeline Execution[2m > [22m[2mL5-YP-01: generateMobi
leIM produces valid sections for yangpyeong fixture
[22m[39m[MockOpenAIProvider]process.env.OPENAI_API_KEY is missing or in test environment. Returning mock JSON respons
e.

[90mstderr[2m | src/domain/building/mobile-im/__tests__/l5-pipeline-e2e.test.ts[2m > [22m[2mL5: Full Pipeline E2E 
& System Invariants (25 cases)[2m > [22m[2mMobile IM Writer Pipeline Execution[2m > [22m[2mL5-YP-01: generateMobi
leIM produces valid sections for yangpyeong fixture
[22m[39m[MockOpenAIProvider]process.env.OPENAI_API_KEY is missing or in test environment. Returning mock JSON respons
e.

[90mstderr[2m | src/domain/building/mobile-im/__tests__/l5-pipeline-e2e.test.ts[2m > [22m[2mL5: Full Pipeline E2E 
& System Invariants (25 cases)[2m > [22m[2mMobile IM Writer Pipeline Execution[2m > [22m[2mL5-YP-01: generateMobi
leIM produces valid sections for yangpyeong fixture
[22m[39m[MockOpenAIProvider]process.env.OPENAI_API_KEY is missing or in test environment. Returning mock JSON respons
e.

[90mstderr[2m | src/domain/building/mobile-im/__tests__/l5-pipeline-e2e.test.ts[2m > [22m[2mL5: Full Pipeline E2E 
& System Invariants (25 cases)[2m > [22m[2mMobile IM Writer Pipeline Execution[2m > [22m[2mL5-YP-01: generateMobi
leIM produces valid sections for yangpyeong fixture
[22m[39m[MockOpenAIProvider]process.env.OPENAI_API_KEY is missing or in test environment. Returning mock JSON respons
e.

[90mstderr[2m | src/domain/building/mobile-im/__tests__/l5-pipeline-e2e.test.ts[2m > [22m[2mL5: Full Pipeline E2E 
& System Invariants (25 cases)[2m > [22m[2mMobile IM Writer Pipeline Execution[2m > [22m[2mL5-YP-01: generateMobi
leIM produces valid sections for yangpyeong fixture
[22m[39m[MockOpenAIProvider]process.env.OPENAI_API_KEY is missing or in test environment. Returning mock JSON respons
e.

[90mstderr[2m | src/tests/e2e/p0-preset-cross-render.test.ts[2m > [22m[2mT09: 5-Preset Cross-Rendering Validation
[2m > [22m[2mT09-B-pro_dark_obsidian: Renders without crash and produces valid PPTX
[22m[39m[deck-sequencer] goldilocks: 蹂몃Ц 20硫???16硫??덉궘 (遺濡?0硫?遺꾨━)

[90mstderr[2m | src/tests/e2e/p1-pro-posture.test.ts[2m > [22m[2mMECE Phase 2 - Pro Posture & Income Variants Test
s[2m > [22m[2mT18: Pro Sequencer All 5 Postures[2m > [22m[2mT18-05: All 5 postures Pro render
[22m[39m[deck-sequencer] goldilocks: 蹂몃Ц 20硫???16硫??덉궘 (遺濡?0硫?遺꾨━)

[90mstderr[2m | src/tests/e2e/p1-pro-posture.test.ts[2m > [22m[2mMECE Phase 2 - Pro Posture & Income Variants Test
s[2m > [22m[2mT18: Pro Sequencer All 5 Postures[2m > [22m[2mT18-05: All 5 postures Pro render
[22m[39m[BL-5] ?대갚 諛쒕룞: A08 ?щ씪?대뱶 #6 ???꾪궎??낆씠 蹂몃Ц???뚮뜑留곹븯吏 紐삵빐 留덊겕?ㅼ슫 ?대갚 ?ъ슜

[90mstderr[2m | src/tests/e2e/p0-pii-persona-scrub.test.ts[2m > [22m[2mT29: PII Scrubbing & Persona Isolation[2m 
> [22m[2mD. PPTX-level persona and PII verification[2m > [22m[2mT29-D02: System messages do NOT leak into PPTX
[22m[39m[deck-sequencer] goldilocks: 蹂몃Ц 20硫???16硫??덉궘 (遺濡?0硫?遺꾨━)
[BL-6 / D38] 1嫄댁쓽 寃곗넀 臾멸뎄瑜?A18 泥댄겕由ъ뒪?몃줈 ?닿? ?꾨즺 [ [32m'[building] ?뵇 **嫄댁텞臾쇰???議고쉶 誘몄셿猷?*: 怨듦났?곗씠??API ?묐떟??諛쏆? 紐삵뻽?듬
땲??'[39m ]

[90mstderr[2m | src/tests/e2e/p0-pii-persona-scrub.test.ts[2m > [22m[2mT29: PII Scrubbing & Persona Isolation[2m 
> [22m[2mD. PPTX-level persona and PII verification[2m > [22m[2mT29-D02: System messages do NOT leak into PPTX
[22m[39m[BL-5] ?대갚 諛쒕룞: A09 ?щ씪?대뱶 #9 ???꾪궎??낆씠 蹂몃Ц???뚮뜑留곹븯吏 紐삵빐 留덊겕?ㅼ슫 ?대갚 ?ъ슜

[90mstdout[2m | src/tests/e2e/posture-e2e-pipeline.test.ts[2m > [22m[2mE2E Pipeline: 5 Postures Full Path (?ㅼ젣 LLM ?몄텧)[2m > [22m[2mT1: income ???쒖큹 硫붾뵒而?鍮뚮뵫 (Case 01)[2m > [22m[2mT1-01: handler ?뺤긽 ?몄텧
[22m[39m[im-handler] gradeResult: B [33m73[39m directData present: [33mfalse[39m

[90mstdout[2m | src/domain/building/mobile-im/__tests__/l5-pipeline-e2e.test.ts[2m > [22m[2mL5: Full Pipeline E2E & System Invariants (25 cases)[2m > [22m[2mMobile IM Writer Pipeline Execution[2m > [22m[2mL5-YP-01: generateMobileIM produces valid sections for yangpyeong fixture
[22m[39m[fewshot-tracker] Golden candidate registered (pending approval): property_overview of doc gen_ovhedi9qr0p_1788689488810 (Score: 5)

[90mstdout[2m | src/domain/building/mobile-im/__tests__/l5-pipeline-e2e.test.ts[2m > [22m[2mL5: Full Pipeline E2E & System Invariants (25 cases)[2m > [22m[2mMobile IM Writer Pipeline Execution[2m > [22m[2mL5-YP-01: generateMobileIM produces valid sections for yangpyeong fixture
[22m[39m[fewshot-tracker] Golden candidate registered (pending approval): location_access of doc gen_ovhedi9qr0p_1788689488810 (Score: 5)

[90mstderr[2m | src/tests/e2e/p0-preset-cross-render.test.ts[2m > [22m[2mT09: 5-Preset Cross-Rendering Validation
[2m > [22m[2mT09-C01: All presets produce same slide count for identical input
[22m[39m[deck-sequencer] goldilocks: 蹂몃Ц 20硫???16硫??덉궘 (遺濡?0硫?遺꾨━)

[90mstderr[2m | src/tests/e2e/posture-e2e-pipeline.test.ts[2m > [22m[2mE2E Pipeline: 5 Postures Full Path (?ㅼ젣 LLM
 ?몄텧)[2m > [22m[2mT1: income ???쒖큹 硫붾뵒而?鍮뚮뵫 (Case 01)[2m > [22m[2mT1-01: handler ?뺤긽 ?몄텧
[22m[39m[terminology-normalizer] Failed to load rules from DB, using fallback: TypeError: supabase.from(...).select(.
..).eq(...).order is not a function
    at getTerminologyRules (C:/Users/User/cre-dealcard/src/domain/building/mobile-im/terminology-normalizer.ts:146:8)
    at normalizeTerminologyAsync (C:/Users/User/cre-dealcard/src/domain/building/mobile-im/terminology-normalizer.ts:24
5:23)
    at deepNormalizeStringsAsync (C:/Users/User/cre-dealcard/src/domain/building/mobile-im/im-context-builder.ts:117:23
)
    at deepNormalizeStringsAsync (C:/Users/User/cre-dealcard/src/domain/building/mobile-im/im-context-builder.ts:126:24
)
[90m    at processTicksAndRejections (node:internal/process/task_queues:103:5)[39m
    at buildIMContext (C:/Users/User/cre-dealcard/src/domain/building/mobile-im/im-context-builder.ts:170:24)
    at generateMobileIM (C:/Users/User/cre-dealcard/src/domain/building/mobile-im/writer.ts:76:15)
    at Module.generateMobileIMHandler (C:/Users/User/cre-dealcard/src/app/api/broker/im-lite/generate/handler.ts:307:24
)
    at runPipelineForFixture (C:/Users/User/cre-dealcard/src/tests/e2e/posture-e2e-pipeline.test.ts:119:18)
    at C:/Users/User/cre-dealcard/src/tests/e2e/posture-e2e-pipeline.test.ts:198:24

[90mstdout[2m | src/domain/building/mobile-im/__tests__/l5-pipeline-e2e.test.ts[2m > [22m[2mL5: Full Pipeline E2E & System Invariants (25 cases)[2m > [22m[2mMobile IM Writer Pipeline Execution[2m > [22m[2mL5-YP-01: generateMobileIM produces valid sections for yangpyeong fixture
[22m[39m[fewshot-tracker] Golden candidate registered (pending approval): next_steps of doc gen_ovhedi9qr0p_1788689488810 (Score: 5)

[90mstderr[2m | src/tests/e2e/posture-e2e-pipeline.test.ts[2m > [22m[2mE2E Pipeline: 5 Postures Full Path (?ㅼ젣 LLM
 ?몄텧)[2m > [22m[2mT1: income ???쒖큹 硫붾뵒而?鍮뚮뵫 (Case 01)[2m > [22m[2mT1-01: handler ?뺤긽 ?몄텧
[22m[39m[terminology-normalizer] Failed to load rules from DB, using fallback: TypeError: supabase.from(...).select(.
..).eq(...).order is not a function
    at getTerminologyRules (C:/Users/User/cre-dealcard/src/domain/building/mobile-im/terminology-normalizer.ts:146:8)
    at normalizeTerminologyAsync (C:/Users/User/cre-dealcard/src/domain/building/mobile-im/terminology-normalizer.ts:24
5:23)
    at deepNormalizeStringsAsync (C:/Users/User/cre-dealcard/src/domain/building/mobile-im/im-context-builder.ts:117:23
)
    at deepNormalizeStringsAsync (C:/Users/User/cre-dealcard/src/domain/building/mobile-im/im-context-builder.ts:126:24
)
    at C:/Users/User/cre-dealcard/src/domain/building/mobile-im/im-context-builder.ts:121:40
    at Array.map (<anonymous>)
    at deepNormalizeStringsAsync (C:/Users/User/cre-dealcard/src/domain/building/mobile-im/im-context-builder.ts:121:28
)
    at deepNormalizeStringsAsync (C:/Users/User/cre-dealcard/src/domain/building/mobile-im/im-context-builder.ts:126:24
)
[90m    at processTicksAndRejections (node:internal/process/task_queues:103:5)[39m
    at buildIMContext (C:/Users/User/cre-dealcard/src/domain/building/mobile-im/im-context-builder.ts:170:24)
[terminology-normalizer] Failed to load rules from DB, using fallback: TypeError: supabase.from(...).select(...).eq(...
).order is not a function
    at getTerminologyRules (C:/Users/User/cre-dealcard/src/domain/building/mobile-im/terminology-normalizer.ts:146:8)
    at normalizeTerminologyAsync (C:/Users/User/cre-dealcard/src/domain/building/mobile-im/terminology-normalizer.ts:24
5:23)
    at deepNormalizeStringsAsync (C:/Users/User/cre-dealcard/src/domain/building/mobile-im/im-context-builder.ts:117:23
)
    at deepNormalizeStringsAsync (C:/Users/User/cre-dealcard/src/domain/building/mobile-im/im-context-builder.ts:126:24
)
    at C:/Users/User/cre-dealcard/src/domain/building/mobile-im/im-context-builder.ts:121:40
    at Array.map (<anonymous>)
    at deepNormalizeStringsAsync (C:/Users/User/cre-dealcard/src/domain/building/mobile-im/im-context-builder.ts:121:28
)
    at deepNormalizeStringsAsync (C:/Users/User/cre-dealcard/src/domain/building/mobile-im/im-context-builder.ts:126:24
)
[90m    at processTicksAndRejections (node:internal/process/task_queues:103:5)[39m
    at buildIMContext (C:/Users/User/cre-dealcard/src/domain/building/mobile-im/im-context-builder.ts:170:24)
[terminology-normalizer] Failed to load rules from DB, using fallback: TypeError: supabase.from(...).select(...).eq(...
).order is not a function
    at getTerminologyRules (C:/Users/User/cre-dealcard/src/domain/building/mobile-im/terminology-normalizer.ts:146:8)
    at normalizeTerminologyAsync (C:/Users/User/cre-dealcard/src/domain/building/mobile-im/terminology-normalizer.ts:24
5:23)
    at deepNormalizeStringsAsync (C:/Users/User/cre-dealcard/src/domain/building/mobile-im/im-context-builder.ts:117:23
)
    at deepNormalizeStringsAsync (C:/Users/User/cre-dealcard/src/domain/building/mobile-im/im-context-builder.ts:126:24
)
    at C:/Users/User/cre-dealcard/src/domain/building/mobile-im/im-context-builder.ts:121:40
    at Array.map (<anonymous>)
    at deepNormalizeStringsAsync (C:/Users/User/cre-dealcard/src/domain/building/mobile-im/im-context-builder.ts:121:28
)
    at deepNormalizeStringsAsync (C:/Users/User/cre-dealcard/src/domain/building/mobile-im/im-context-builder.ts:126:24
)
[90m    at processTicksAndRejections (node:internal/process/task_queues:103:5)[39m
    at buildIMContext (C:/Users/User/cre-dealcard/src/domain/building/mobile-im/im-context-builder.ts:170:24)
[terminology-normalizer] Failed to load rules from DB, using fallback: TypeError: supabase.from(...).select(...).eq(...
).order is not a function
    at getTerminologyRules (C:/Users/User/cre-dealcard/src/domain/building/mobile-im/terminology-normalizer.ts:146:8)
    at normalizeTerminologyAsync (C:/Users/User/cre-dealcard/src/domain/building/mobile-im/terminology-normalizer.ts:24
5:23)
    at deepNormalizeStringsAsync (C:/Users/User/cre-dealcard/src/domain/building/mobile-im/im-context-builder.ts:117:23
)
    at deepNormalizeStringsAsync (C:/Users/User/cre-dealcard/src/domain/building/mobile-im/im-context-builder.ts:126:24
)
    at C:/Users/User/cre-dealcard/src/domain/building/mobile-im/im-context-builder.ts:121:40
    at Array.map (<anonymous>)
    at deepNormalizeStringsAsync (C:/Users/User/cre-dealcard/src/domain/building/mobile-im/im-context-builder.ts:121:28
)
    at deepNormalizeStringsAsync (C:/Users/User/cre-dealcard/src/domain/building/mobile-im/im-context-builder.ts:126:24
)
[90m    at processTicksAndRejections (node:internal/process/task_queues:103:5)[39m
    at buildIMContext (C:/Users/User/cre-dealcard/src/domain/building/mobile-im/im-context-builder.ts:170:24)
[terminology-normalizer] Failed to load rules from DB, using fallback: TypeError: supabase.from(...).select(...).eq(...
).order is not a function
    at getTerminologyRules (C:/Users/User/cre-dealcard/src/domain/building/mobile-im/terminology-normalizer.ts:146:8)
    at normalizeTerminologyAsync (C:/Users/User/cre-dealcard/src/domain/building/mobile-im/terminology-normalizer.ts:24
5:23)
    at deepNormalizeStringsAsync (C:/Users/User/cre-dealcard/src/domain/building/mobile-im/im-context-builder.ts:117:23
)
    at deepNormalizeStringsAsync (C:/Users/User/cre-dealcard/src/domain/building/mobile-im/im-context-builder.ts:126:24
)
    at C:/Users/User/cre-dealcard/src/domain/building/mobile-im/im-context-builder.ts:121:40
    at Array.map (<anonymous>)
    at deepNormalizeStringsAsync (C:/Users/User/cre-dealcard/src/domain/building/mobile-im/im-context-builder.ts:121:28
)
    at deepNormalizeStringsAsync (C:/Users/User/cre-dealcard/src/domain/building/mobile-im/im-context-builder.ts:126:24
)
[90m    at processTicksAndRejections (node:internal/process/task_queues:103:5)[39m
    at buildIMContext (C:/Users/User/cre-dealcard/src/domain/building/mobile-im/im-context-builder.ts:170:24)
[terminology-normalizer] Failed to load rules from DB, using fallback: TypeError: supabase.from(...).select(...).eq(...
).order is not a function
    at getTerminologyRules (C:/Users/User/cre-dealcard/src/domain/building/mobile-im/terminology-normalizer.ts:146:8)
    at normalizeTerminologyAsync (C:/Users/User/cre-dealcard/src/domain/building/mobile-im/terminology-normalizer.ts:24
5:23)
    at deepNormalizeStringsAsync (C:/Users/User/cre-dealcard/src/domain/building/mobile-im/im-context-builder.ts:117:23
)
    at deepNormalizeStringsAsync (C:/Users/User/cre-dealcard/src/domain/building/mobile-im/im-context-builder.ts:126:24
)
    at C:/Users/User/cre-dealcard/src/domain/building/mobile-im/im-context-builder.ts:121:40
    at Array.map (<anonymous>)
    at deepNormalizeStringsAsync (C:/Users/User/cre-dealcard/src/domain/building/mobile-im/im-context-builder.ts:121:28
)
    at deepNormalizeStringsAsync (C:/Users/User/cre-dealcard/src/domain/building/mobile-im/im-context-builder.ts:126:24
)
[90m    at processTicksAndRejections (node:internal/process/task_queues:103:5)[39m
    at buildIMContext (C:/Users/User/cre-dealcard/src/domain/building/mobile-im/im-context-builder.ts:170:24)
[terminology-normalizer] Failed to load rules from DB, using fallback: TypeError: supabase.from(...).select(...).eq(...
).order is not a function
    at getTerminologyRules (C:/Users/User/cre-dealcard/src/domain/building/mobile-im/terminology-normalizer.ts:146:8)
    at normalizeTerminologyAsync (C:/Users/User/cre-dealcard/src/domain/building/mobile-im/terminology-normalizer.ts:24
5:23)
    at deepNormalizeStringsAsync (C:/Users/User/cre-dealcard/src/domain/building/mobile-im/im-context-builder.ts:117:23
)
    at deepNormalizeStringsAsync (C:/Users/User/cre-dealcard/src/domain/building/mobile-im/im-context-builder.ts:126:24
)
    at C:/Users/User/cre-dealcard/src/domain/building/mobile-im/im-context-builder.ts:121:40
    at Array.map (<anonymous>)
    at deepNormalizeStringsAsync (C:/Users/User/cre-dealcard/src/domain/building/mobile-im/im-context-builder.ts:121:28
)
    at deepNormalizeStringsAsync (C:/Users/User/cre-dealcard/src/domain/building/mobile-im/im-context-builder.ts:126:24
)
[90m    at processTicksAndRejections (node:internal/process/task_queues:103:5)[39m
    at buildIMContext (C:/Users/User/cre-dealcard/src/domain/building/mobile-im/im-context-builder.ts:170:24)

 [31m??[39m src/tests/e2e/p2-cross-platform.test.ts [2m([22m[2m9 tests[22m[2m | [22m[31m1 failed[39m[2m)[22m[33m 2605[2mms[22m[39m
       [32m??[39m T22-01: PPTX zip contains required entries: [Content_Types].xml, ppt/presentation.xml, _rels/.rels[32m 164[2mms[22m[39m
       [32m??[39m T22-02: All slide XML files are well-formed (no unclosed tags, parseable XML)[32m 6[2mms[22m[39m
       [32m??[39m T22-03: No unsupported shape types that would cause rendering issues[32m 253[2mms[22m[39m
       [32m??[39m T23-01: PPTX slide dimensions are 13.333 x 7.5 inches (LAYOUT_WIDE standard)[32m 0[2mms[22m[39m
       [32m??[39m T23-02: All color values in slide XML are valid 6-digit hex (no 3-digit shortcuts, no "rgb()" format)[32m 109[2mms[22m[39m
       [32m??[39m T23-03: Font references in slide XML use standard font names (not system-specific paths)[32m 154[2mms[22m[39m
       [32m??[39m T24-01: Total PPTX file size for basic tier < 5MB (no embedded images in test)[32m 0[2mms[22m[39m
[31m       [31m횞[31m T24-02: Total slide count for basic tier <= 12 slides[39m[32m 9[2mms[22m[39m
       [32m??[39m T24-03: All text elements have explicit fontSize set (no inherited-only font sizes that mobile viewers might drop)[32m 1[2mms[22m[39m
[90mstderr[2m | src/tests/e2e/posture-e2e-pipeline.test.ts[2m > [22m[2mE2E Pipeline: 5 Postures Full Path (?ㅼ젣 LLM
 ?몄텧)[2m > [22m[2mT1: income ???쒖큹 硫붾뵒而?鍮뚮뵫 (Case 01)[2m > [22m[2mT1-01: handler ?뺤긽 ?몄텧
[22m[39m[terminology-normalizer] Failed to load rules from DB, using fallback: TypeError: supabase.from(...).select(.
..).eq(...).order is not a function
    at getTerminologyRules (C:/Users/User/cre-dealcard/src/domain/building/mobile-im/terminology-normalizer.ts:146:8)
    at normalizeTerminologyAsync (C:/Users/User/cre-dealcard/src/domain/building/mobile-im/terminology-normalizer.ts:24
5:23)
    at deepNormalizeStringsAsync (C:/Users/User/cre-dealcard/src/domain/building/mobile-im/im-context-builder.ts:117:23
)
    at deepNormalizeStringsAsync (C:/Users/User/cre-dealcard/src/domain/building/mobile-im/im-context-builder.ts:126:24
)
[90m    at processTicksAndRejections (node:internal/process/task_queues:103:5)[39m
    at async Promise.all (index 0)
    at deepNormalizeStringsAsync (C:/Users/User/cre-dealcard/src/domain/building/mobile-im/im-context-builder.ts:126:18
)
    at buildIMContext (C:/Users/User/cre-dealcard/src/domain/building/mobile-im/im-context-builder.ts:170:24)
    at generateMobileIM (C:/Users/User/cre-dealcard/src/domain/building/mobile-im/writer.ts:76:15)
    at Module.generateMobileIMHandler (C:/Users/User/cre-dealcard/src/app/api/broker/im-lite/generate/handler.ts:307:24
)
[terminology-normalizer] Failed to load rules from DB, using fallback: TypeError: supabase.from(...).select(...).eq(...
).order is not a function
    at getTerminologyRules (C:/Users/User/cre-dealcard/src/domain/building/mobile-im/terminology-normalizer.ts:146:8)
    at normalizeTerminologyAsync (C:/Users/User/cre-dealcard/src/domain/building/mobile-im/terminology-normalizer.ts:24
5:23)
    at deepNormalizeStringsAsync (C:/Users/User/cre-dealcard/src/domain/building/mobile-im/im-context-builder.ts:117:23
)
    at deepNormalizeStringsAsync (C:/Users/User/cre-dealcard/src/domain/building/mobile-im/im-context-builder.ts:126:24
)
[90m    at processTicksAndRejections (node:internal/process/task_queues:103:5)[39m
    at async Promise.all (index 1)
    at deepNormalizeStringsAsync (C:/Users/User/cre-dealcard/src/domain/building/mobile-im/im-context-builder.ts:126:18
)
    at buildIMContext (C:/Users/User/cre-dealcard/src/domain/building/mobile-im/im-context-builder.ts:170:24)
    at generateMobileIM (C:/Users/User/cre-dealcard/src/domain/building/mobile-im/writer.ts:76:15)
    at Module.generateMobileIMHandler (C:/Users/User/cre-dealcard/src/app/api/broker/im-lite/generate/handler.ts:307:24
)
[terminology-normalizer] Failed to load rules from DB, using fallback: TypeError: supabase.from(...).select(...).eq(...
).order is not a function
    at getTerminologyRules (C:/Users/User/cre-dealcard/src/domain/building/mobile-im/terminology-normalizer.ts:146:8)
    at normalizeTerminologyAsync (C:/Users/User/cre-dealcard/src/domain/building/mobile-im/terminology-normalizer.ts:24
5:23)
    at deepNormalizeStringsAsync (C:/Users/User/cre-dealcard/src/domain/building/mobile-im/im-context-builder.ts:117:23
)
    at deepNormalizeStringsAsync (C:/Users/User/cre-dealcard/src/domain/building/mobile-im/im-context-builder.ts:126:24
)
[90m    at processTicksAndRejections (node:internal/process/task_queues:103:5)[39m
    at async Promise.all (index 2)
    at deepNormalizeStringsAsync (C:/Users/User/cre-dealcard/src/domain/building/mobile-im/im-context-builder.ts:126:18
)
    at buildIMContext (C:/Users/User/cre-dealcard/src/domain/building/mobile-im/im-context-builder.ts:170:24)
    at generateMobileIM (C:/Users/User/cre-dealcard/src/domain/building/mobile-im/writer.ts:76:15)
    at Module.generateMobileIMHandler (C:/Users/User/cre-dealcard/src/app/api/broker/im-lite/generate/handler.ts:307:24
)
[terminology-normalizer] Failed to load rules from DB, using fallback: TypeError: supabase.from(...).select(...).eq(...
).order is not a function
    at getTerminologyRules (C:/Users/User/cre-dealcard/src/domain/building/mobile-im/terminology-normalizer.ts:146:8)
    at normalizeTerminologyAsync (C:/Users/User/cre-dealcard/src/domain/building/mobile-im/terminology-normalizer.ts:24
5:23)
    at deepNormalizeStringsAsync (C:/Users/User/cre-dealcard/src/domain/building/mobile-im/im-context-builder.ts:117:23
)
    at deepNormalizeStringsAsync (C:/Users/User/cre-dealcard/src/domain/building/mobile-im/im-context-builder.ts:126:24
)
[90m    at processTicksAndRejections (node:internal/process/task_queues:103:5)[39m
    at async Promise.all (index 3)
    at deepNormalizeStringsAsync (C:/Users/User/cre-dealcard/src/domain/building/mobile-im/im-context-builder.ts:126:18
)
    at buildIMContext (C:/Users/User/cre-dealcard/src/domain/building/mobile-im/im-context-builder.ts:170:24)
    at generateMobileIM (C:/Users/User/cre-dealcard/src/domain/building/mobile-im/writer.ts:76:15)
    at Module.generateMobileIMHandler (C:/Users/User/cre-dealcard/src/app/api/broker/im-lite/generate/handler.ts:307:24
)
[terminology-normalizer] Failed to load rules from DB, using fallback: TypeError: supabase.from(...).select(...).eq(...
).order is not a function
    at getTerminologyRules (C:/Users/User/cre-dealcard/src/domain/building/mobile-im/terminology-normalizer.ts:146:8)
    at normalizeTerminologyAsync (C:/Users/User/cre-dealcard/src/domain/building/mobile-im/terminology-normalizer.ts:24
5:23)
    at deepNormalizeStringsAsync (C:/Users/User/cre-dealcard/src/domain/building/mobile-im/im-context-builder.ts:117:23
)
    at deepNormalizeStringsAsync (C:/Users/User/cre-dealcard/src/domain/building/mobile-im/im-context-builder.ts:126:24
)
[90m    at processTicksAndRejections (node:internal/process/task_queues:103:5)[39m
    at async Promise.all (index 4)
    at deepNormalizeStringsAsync (C:/Users/User/cre-dealcard/src/domain/building/mobile-im/im-context-builder.ts:126:18
)
    at buildIMContext (C:/Users/User/cre-dealcard/src/domain/building/mobile-im/im-context-builder.ts:170:24)
    at generateMobileIM (C:/Users/User/cre-dealcard/src/domain/building/mobile-im/writer.ts:76:15)
    at Module.generateMobileIMHandler (C:/Users/User/cre-dealcard/src/app/api/broker/im-lite/generate/handler.ts:307:24
)
[terminology-normalizer] Failed to load rules from DB, using fallback: TypeError: supabase.from(...).select(...).eq(...
).order is not a function
    at getTerminologyRules (C:/Users/User/cre-dealcard/src/domain/building/mobile-im/terminology-normalizer.ts:146:8)
    at normalizeTerminologyAsync (C:/Users/User/cre-dealcard/src/domain/building/mobile-im/terminology-normalizer.ts:24
5:23)
    at deepNormalizeStringsAsync (C:/Users/User/cre-dealcard/src/domain/building/mobile-im/im-context-builder.ts:117:23
)
    at deepNormalizeStringsAsync (C:/Users/User/cre-dealcard/src/domain/building/mobile-im/im-context-builder.ts:126:24
)
[90m    at processTicksAndRejections (node:internal/process/task_queues:103:5)[39m
    at async Promise.all (index 5)
    at deepNormalizeStringsAsync (C:/Users/User/cre-dealcard/src/domain/building/mobile-im/im-context-builder.ts:126:18
)
    at buildIMContext (C:/Users/User/cre-dealcard/src/domain/building/mobile-im/im-context-builder.ts:170:24)
    at generateMobileIM (C:/Users/User/cre-dealcard/src/domain/building/mobile-im/writer.ts:76:15)
    at Module.generateMobileIMHandler (C:/Users/User/cre-dealcard/src/app/api/broker/im-lite/generate/handler.ts:307:24
)
[terminology-normalizer] Failed to load rules from DB, using fallback: TypeError: supabase.from(...).select(...).eq(...
).order is not a function
    at getTerminologyRules (C:/Users/User/cre-dealcard/src/domain/building/mobile-im/terminology-normalizer.ts:146:8)
    at normalizeTerminologyAsync (C:/Users/User/cre-dealcard/src/domain/building/mobile-im/terminology-normalizer.ts:24
5:23)
    at deepNormalizeStringsAsync (C:/Users/User/cre-dealcard/src/domain/building/mobile-im/im-context-builder.ts:117:23
)
    at deepNormalizeStringsAsync (C:/Users/User/cre-dealcard/src/domain/building/mobile-im/im-context-builder.ts:126:24
)
[90m    at processTicksAndRejections (node:internal/process/task_queues:103:5)[39m
    at async Promise.all (index 6)
    at deepNormalizeStringsAsync (C:/Users/User/cre-dealcard/src/domain/building/mobile-im/im-context-builder.ts:126:18
)
    at buildIMContext (C:/Users/User/cre-dealcard/src/domain/building/mobile-im/im-context-builder.ts:170:24)
    at generateMobileIM (C:/Users/User/cre-dealcard/src/domain/building/mobile-im/writer.ts:76:15)
    at Module.generateMobileIMHandler (C:/Users/User/cre-dealcard/src/app/api/broker/im-lite/generate/handler.ts:307:24
)

[90mstderr[2m | src/tests/e2e/p1-pro-posture.test.ts[2m > [22m[2mMECE Phase 2 - Pro Posture & Income Variants Test
s[2m > [22m[2mT18: Pro Sequencer All 5 Postures[2m > [22m[2mT18-05: All 5 postures Pro render
[22m[39m[deck-sequencer] goldilocks: 蹂몃Ц 20硫???16硫??덉궘 (遺濡?0硫?遺꾨━)

[90mstderr[2m | src/tests/e2e/posture-e2e-pipeline.test.ts[2m > [22m[2mE2E Pipeline: 5 Postures Full Path (?ㅼ젣 LLM
 ?몄텧)[2m > [22m[2mT1: income ???쒖큹 硫붾뵒而?鍮뚮뵫 (Case 01)[2m > [22m[2mT1-01: handler ?뺤긽 ?몄텧
[22m[39m[im-context-builder] 怨듭떎瑜??곗씠??誘명솗蹂????щТ 異붿젙移섏뿉 怨듭떎瑜?誘몃컲??
 [31m??[39m src/tests/e2e/p0-pii-persona-scrub.test.ts [2m([22m[2m20 tests[22m[2m | [22m[31m1 failed[39m[2m)[22m[33m 2786[2mms[22m[39m
       [32m??[39m T29-A01: Strips "60? ?먯궛媛瑜??꾪븳" from output[32m 5[2mms[22m[39m
       [32m??[39m T29-A02: Strips "50? ?먯궛媛瑜??꾪븳" from output[32m 3[2mms[22m[39m
       [32m??[39m T29-A03: Strips "60? ?ъ옄?먯쓽 愿?? from output[32m 1[2mms[22m[39m
       [32m??[39m T29-A04: Strips "怨좎븸 ?먯궛媛?먭쾶 異붿쿇?섎뒗" from output[32m 1[2mms[22m[39m
       [32m??[39m T29-A05: Strips "踰뺤씤 ???留욎땄" from output[32m 1[2mms[22m[39m
       [32m??[39m T29-A06: Strips "VIP ?ъ옄?먯슜" from output[32m 1[2mms[22m[39m
       [32m??[39m T29-A07: Strips "珥덈낫 留ㅼ닔?먮? ?꾪븳" from output[32m 1[2mms[22m[39m
       [32m??[39m T29-A08: Strips "媛쒖씤 ?ъ옄?먯쓽 愿?? from output[32m 1[2mms[22m[39m
       [32m??[39m T29-A09: Strips "40? ?먯궛媛瑜??꾪븳" from output[32m 1[2mms[22m[39m
       [32m??[39m T29-A10: Strips "30? ?ъ옄?먯뿉寃?異붿쿇?섎뒗" from output[32m 2[2mms[22m[39m
       [32m??[39m T29-A11: Multiple persona phrases in single text ??all stripped[32m 1[2mms[22m[39m
       [32m??[39m T29-A12: No false positives on normal CRE text[32m 1[2mms[22m[39m
       [32m??[39m T29-B01: "嫄댁텞臾쇰???議고쉶 誘몄셿猷? stripped[32m 1[2mms[22m[39m
       [32m??[39m T29-B02: "異뷀썑 ?낅뜲?댄듃 ???먮룞 諛섏쁺?⑸땲?? stripped[32m 0[2mms[22m[39m
       [32m??[39m T29-B03: "?꾨?李??곸꽭 ?꾪솴" system message stripped[32m 0[2mms[22m[39m
       [32m??[39m T29-C01: HTML tags stripped[32m 1[2mms[22m[39m
       [32m??[39m T29-C02: Emoji removed from output[32m 0[2mms[22m[39m
       [33m[2m??[22m[39m T29-D01: Persona phrases do NOT appear in rendered PPTX [33m 2314[2mms[22m[39m
[31m       [31m횞[31m T29-D02: System messages do NOT leak into PPTX[39m[33m 444[2mms[22m[39m
       [32m??[39m T29-E01: Persona text stripped from bound section content[32m 2[2mms[22m[39m
[90mstderr[2m | src/tests/e2e/p0-preset-cross-render.test.ts[2m > [22m[2mT09: 5-Preset Cross-Rendering Validation
[2m > [22m[2mT09-C01: All presets produce same slide count for identical input
[22m[39m[deck-sequencer] goldilocks: 蹂몃Ц 20硫???16硫??덉궘 (遺濡?0硫?遺꾨━)

[90mstderr[2m | src/tests/e2e/pptx-content-assertion.test.ts[2m > [22m[2mL3 PPTX Content Assertion Tests[2m > [2
2m[2mCA03: 媛??ъ뒪泥섎퀎濡?怨좎쑀 ?ㅼ썙?쒓? ?ы븿?섏뼱????[22m[39m[BL-5] ?대갚 諛쒕룞: A08 ?щ씪?대뱶 #6 ???꾪궎??낆씠 蹂몃Ц???뚮뜑留곹븯吏 紐삵빐 留덊겕?ㅼ슫 
?대갚 ?ъ슜

[90mstderr[2m | src/domain/building/mobile-im/__tests__/e2e-real-property.test.ts[2m > [22m[2mE2E Real Property: ?
묓룊??媛 ?붾젅?쒕퉴??(income)[2m > [22m[2mIM ?앹꽦 ?뚯씠?꾨씪??[2m > [22m[2mE2E-YP-PIPELINE: ?묓룊??generateMobileIM ???꾩닔 ?뱀뀡 ?
ы븿
[22m[39m[MockOpenAIProvider]process.env.OPENAI_API_KEY is missing or in test environment. Returning mock JSON respons
e.

[90mstderr[2m | src/tests/e2e/p1-pro-posture.test.ts[2m > [22m[2mMECE Phase 2 - Pro Posture & Income Variants Test
s[2m > [22m[2mT18: Pro Sequencer All 5 Postures[2m > [22m[2mT18-05: All 5 postures Pro render
[22m[39m[deck-sequencer] goldilocks: 蹂몃Ц 20硫???16硫??덉궘 (遺濡?0硫?遺꾨━)

[90mstderr[2m | src/domain/building/mobile-im/__tests__/e2e-real-property.test.ts[2m > [22m[2mE2E Real Property: ?
묓룊??媛 ?붾젅?쒕퉴??(income)[2m > [22m[2mIM ?앹꽦 ?뚯씠?꾨씪??[2m > [22m[2mE2E-YP-PIPELINE: ?묓룊??generateMobileIM ???꾩닔 ?뱀뀡 ?
ы븿
[22m[39m[MockOpenAIProvider]process.env.OPENAI_API_KEY is missing or in test environment. Returning mock JSON respons
e.

[90mstderr[2m | src/tests/e2e/pptx-content-assertion.test.ts[2m > [22m[2mL3 PPTX Content Assertion Tests[2m > [2
2m[2mCA03: 媛??ъ뒪泥섎퀎濡?怨좎쑀 ?ㅼ썙?쒓? ?ы븿?섏뼱????[22m[39m[deck-sequencer] goldilocks: 蹂몃Ц 18硫???16硫??덉궘 (遺濡?0硫?遺꾨━)

[90mstderr[2m | src/tests/e2e/pptx-content-assertion.test.ts[2m > [22m[2mL3 PPTX Content Assertion Tests[2m > [2
2m[2mCA03: 媛??ъ뒪泥섎퀎濡?怨좎쑀 ?ㅼ썙?쒓? ?ы븿?섏뼱????[22m[39m[BL-5] ?대갚 諛쒕룞: A08 ?щ씪?대뱶 #8 ???꾪궎??낆씠 蹂몃Ц???뚮뜑留곹븯吏 紐삵빐 留덊겕?ㅼ슫 
?대갚 ?ъ슜

[90mstderr[2m | src/tests/e2e/p0-preset-cross-render.test.ts[2m > [22m[2mT09: 5-Preset Cross-Rendering Validation
[2m > [22m[2mT09-C01: All presets produce same slide count for identical input
[22m[39m[deck-sequencer] goldilocks: 蹂몃Ц 20硫???16硫??덉궘 (遺濡?0硫?遺꾨━)

 [31m??[39m src/tests/e2e/p1-pro-posture.test.ts [2m([22m[2m10 tests[22m[2m | [22m[31m3 failed[39m[2m)[22m[33m 3117[2mms[22m[39m
       [32m??[39m T17-01: Income Pro with stability data (R-INC-01)[32m 7[2mms[22m[39m
[31m       [31m횞[31m T17-02: Income Pro with rent gap data (R-INC-02)[39m[32m 14[2mms[22m[39m
[31m       [31m횞[31m T17-03: Income Pro with vacancy/leasing data (R-INC-03)[39m[32m 2[2mms[22m[39m
[31m       [31m횞[31m T17-04: Income Pro with remodel data (R-INC-04)[39m[32m 1[2mms[22m[39m
       [33m[2m??[22m[39m T17-05: Income Pro full render [33m 1518[2mms[22m[39m
       [32m??[39m T18-01: operating Pro[32m 2[2mms[22m[39m
       [32m??[39m T18-02: development Pro[32m 3[2mms[22m[39m
       [32m??[39m T18-03: owner_occupied Pro[32m 1[2mms[22m[39m
       [32m??[39m T18-04: trading Pro[32m 1[2mms[22m[39m
       [33m[2m??[22m[39m T18-05: All 5 postures Pro render [33m 1554[2mms[22m[39m
[90mstderr[2m | src/domain/building/mobile-im/__tests__/l5-pipeline-e2e.test.ts[2m > [22m[2mL5: Full Pipeline E2E 
& System Invariants (25 cases)[2m > [22m[2mMobile IM Writer Pipeline Execution[2m > [22m[2mL5-YP-01: generateMobi
leIM produces valid sections for yangpyeong fixture
[22m[39m[MockOpenAIProvider]process.env.OPENAI_API_KEY is missing or in test environment. Returning mock JSON respons
e.

[90mstderr[2m | src/domain/building/mobile-im/__tests__/l5-pipeline-e2e.test.ts[2m > [22m[2mL5: Full Pipeline E2E 
& System Invariants (25 cases)[2m > [22m[2mMobile IM Writer Pipeline Execution[2m > [22m[2mL5-YP-01: generateMobi
leIM produces valid sections for yangpyeong fixture
[22m[39m[MockOpenAIProvider]process.env.OPENAI_API_KEY is missing or in test environment. Returning mock JSON respons
e.

[90mstderr[2m | src/tests/e2e/p0-preset-cross-render.test.ts[2m > [22m[2mT09: 5-Preset Cross-Rendering Validation
[2m > [22m[2mT09-C01: All presets produce same slide count for identical input
[22m[39m[deck-sequencer] goldilocks: 蹂몃Ц 20硫???16硫??덉궘 (遺濡?0硫?遺꾨━)

[90mstderr[2m | src/tests/e2e/posture-e2e-pipeline.test.ts[2m > [22m[2mE2E Pipeline: 5 Postures Full Path (?ㅼ젣 LLM
 ?몄텧)[2m > [22m[2mT1: income ???쒖큹 硫붾뵒而?鍮뚮뵫 (Case 01)[2m > [22m[2mT1-01: handler ?뺤긽 ?몄텧
[22m[39m[CRE-RAG] Hybrid search failed: TypeError: rpcClient.rpc is not a function
    at searchSimilarIMs (C:/Users/User/cre-dealcard/src/domain/building/mobile-im/cre-rag-service.ts:60:45)
[90m    at processTicksAndRejections (node:internal/process/task_queues:103:5)[39m
    at generateRAGContext (C:/Users/User/cre-dealcard/src/domain/building/mobile-im/cre-rag-service.ts:128:16)
    at buildIMContext (C:/Users/User/cre-dealcard/src/domain/building/mobile-im/im-context-builder.ts:274:14)
    at generateMobileIM (C:/Users/User/cre-dealcard/src/domain/building/mobile-im/writer.ts:76:15)
    at Module.generateMobileIMHandler (C:/Users/User/cre-dealcard/src/app/api/broker/im-lite/generate/handler.ts:307:24
)
    at runPipelineForFixture (C:/Users/User/cre-dealcard/src/tests/e2e/posture-e2e-pipeline.test.ts:119:18)
    at C:/Users/User/cre-dealcard/src/tests/e2e/posture-e2e-pipeline.test.ts:198:24
    at [90mfile:///C:/Users/User/cre-dealcard/[39mnode_modules/[4m@vitest/runner[24m/dist/chunk-artifact.js:1903:20

[90mstdout[2m | src/tests/e2e/posture-e2e-pipeline.test.ts[2m > [22m[2mE2E Pipeline: 5 Postures Full Path (?ㅼ젣 LLM ?몄텧)[2m > [22m[2mT1: income ???쒖큹 硫붾뵒而?鍮뚮뵫 (Case 01)[2m > [22m[2mT1-01: handler ?뺤긽 ?몄텧
[22m[39m[mobile-im-writer] Prompt variant: writer_system_v1 (v1.0), isLogistics=false, posture=income

[90mstderr[2m | src/tests/e2e/posture-e2e-pipeline.test.ts[2m > [22m[2mE2E Pipeline: 5 Postures Full Path (?ㅼ젣 LLM
 ?몄텧)[2m > [22m[2mT1: income ???쒖큹 硫붾뵒而?鍮뚮뵫 (Case 01)[2m > [22m[2mT1-01: handler ?뺤긽 ?몄텧
[22m[39m[writer] Claim violations: [
  [32m"[G38] Calculation 'cc093a35-f0c3-4425-9a77-934f7f61c8c7': basis='NOI'?몃뜲 怨듭젣 ??ぉ???놁뒿?덈떎. ?댁쁺鍮??놁씠 NOI瑜??곗텧????
?놁뒿?덈떎."[39m,
  [32m"[G38] Calculation '4bf1b41a-539d-44f4-b06d-3357b5261df7': basis='NOI'?몃뜲 怨듭젣 ??ぉ???놁뒿?덈떎. ?댁쁺鍮??놁씠 NOI瑜??곗텧????
?놁뒿?덈떎."[39m,
  [32m"[G38] Calculation '6b3ccc0b-c92b-4358-a5c0-afb0b3f5797c': basis='NOI'?몃뜲 怨듭젣 ??ぉ???놁뒿?덈떎. ?댁쁺鍮??놁씠 NOI瑜??곗텧????
?놁뒿?덈떎."[39m,
  [32m"[G38] Calculation '582bbacd-c8a2-4e47-b376-22d9d0ec573c': basis='NOI'?몃뜲 怨듭젣 ??ぉ???놁뒿?덈떎. ?댁쁺鍮??놁씠 NOI瑜??곗텧????
?놁뒿?덈떎."[39m,
  [32m'G38_NOI_MISSING_OPEX: cap_rate_base requires evidenced operating expenses'[39m,
  [32m"[G38] Calculation '551ea39f-090a-45d2-9b7e-dfeeef694f6a': basis='NOI'?몃뜲 怨듭젣 ??ぉ???놁뒿?덈떎. ?댁쁺鍮??놁씠 NOI瑜??곗텧????
?놁뒿?덈떎."[39m,
  [32m'G38_NOI_MISSING_OPEX: cap_rate_best requires evidenced operating expenses'[39m,
  [32m"[G38] Calculation '34642699-d48c-4767-83bb-0adb8a33d082': basis='NOI'?몃뜲 怨듭젣 ??ぉ???놁뒿?덈떎. ?댁쁺鍮??놁씠 NOI瑜??곗텧????
?놁뒿?덈떎."[39m,
  [32m'G38_NOI_MISSING_OPEX: cap_rate_worst requires evidenced operating expenses'[39m
]
[golden-im] Failed to build few-shot block: TypeError: supabase.from(...).select(...).eq(...).eq is not a function
    at buildIMFewShotBlock (C:/Users/User/cre-dealcard/src/domain/building/mobile-im/golden-im-manager.ts:134:8)
    at generateSingleSection (C:/Users/User/cre-dealcard/src/domain/building/mobile-im/im-section-generator.ts:204:30)
    at C:/Users/User/cre-dealcard/src/domain/building/mobile-im/writer.ts:161:32
    at Array.map (<anonymous>)
    at generateMobileIM (C:/Users/User/cre-dealcard/src/domain/building/mobile-im/writer.ts:159:43)
[90m    at processTicksAndRejections (node:internal/process/task_queues:103:5)[39m
    at Module.generateMobileIMHandler (C:/Users/User/cre-dealcard/src/app/api/broker/im-lite/generate/handler.ts:307:24
)
    at runPipelineForFixture (C:/Users/User/cre-dealcard/src/tests/e2e/posture-e2e-pipeline.test.ts:119:18)
    at C:/Users/User/cre-dealcard/src/tests/e2e/posture-e2e-pipeline.test.ts:198:24
    at [90mfile:///C:/Users/User/cre-dealcard/[39mnode_modules/[4m@vitest/runner[24m/dist/chunk-artifact.js:1903:20
[golden-im] Failed to build few-shot block: TypeError: supabase.from(...).select(...).eq(...).eq is not a function
    at buildIMFewShotBlock (C:/Users/User/cre-dealcard/src/domain/building/mobile-im/golden-im-manager.ts:134:8)
    at generateSingleSection (C:/Users/User/cre-dealcard/src/domain/building/mobile-im/im-section-generator.ts:204:30)
    at C:/Users/User/cre-dealcard/src/domain/building/mobile-im/writer.ts:161:32
    at Array.map (<anonymous>)
    at generateMobileIM (C:/Users/User/cre-dealcard/src/domain/building/mobile-im/writer.ts:159:43)
[90m    at processTicksAndRejections (node:internal/process/task_queues:103:5)[39m
    at Module.generateMobileIMHandler (C:/Users/User/cre-dealcard/src/app/api/broker/im-lite/generate/handler.ts:307:24
)
    at runPipelineForFixture (C:/Users/User/cre-dealcard/src/tests/e2e/posture-e2e-pipeline.test.ts:119:18)
    at C:/Users/User/cre-dealcard/src/tests/e2e/posture-e2e-pipeline.test.ts:198:24
    at [90mfile:///C:/Users/User/cre-dealcard/[39mnode_modules/[4m@vitest/runner[24m/dist/chunk-artifact.js:1903:20
[golden-im] Failed to build few-shot block: TypeError: supabase.from(...).select(...).eq(...).eq is not a function
    at buildIMFewShotBlock (C:/Users/User/cre-dealcard/src/domain/building/mobile-im/golden-im-manager.ts:134:8)
    at generateSingleSection (C:/Users/User/cre-dealcard/src/domain/building/mobile-im/im-section-generator.ts:204:30)
    at C:/Users/User/cre-dealcard/src/domain/building/mobile-im/writer.ts:161:32
    at Array.map (<anonymous>)
    at generateMobileIM (C:/Users/User/cre-dealcard/src/domain/building/mobile-im/writer.ts:159:43)
[90m    at processTicksAndRejections (node:internal/process/task_queues:103:5)[39m
    at Module.generateMobileIMHandler (C:/Users/User/cre-dealcard/src/app/api/broker/im-lite/generate/handler.ts:307:24
)
    at runPipelineForFixture (C:/Users/User/cre-dealcard/src/tests/e2e/posture-e2e-pipeline.test.ts:119:18)
    at C:/Users/User/cre-dealcard/src/tests/e2e/posture-e2e-pipeline.test.ts:198:24
    at [90mfile:///C:/Users/User/cre-dealcard/[39mnode_modules/[4m@vitest/runner[24m/dist/chunk-artifact.js:1903:20
[golden-im] Failed to build few-shot block: TypeError: supabase.from(...).select(...).eq(...).eq is not a function
    at buildIMFewShotBlock (C:/Users/User/cre-dealcard/src/domain/building/mobile-im/golden-im-manager.ts:134:8)
    at generateSingleSection (C:/Users/User/cre-dealcard/src/domain/building/mobile-im/im-section-generator.ts:204:30)
    at C:/Users/User/cre-dealcard/src/domain/building/mobile-im/writer.ts:161:32
    at Array.map (<anonymous>)
    at generateMobileIM (C:/Users/User/cre-dealcard/src/domain/building/mobile-im/writer.ts:159:43)
[90m    at processTicksAndRejections (node:internal/process/task_queues:103:5)[39m
    at Module.generateMobileIMHandler (C:/Users/User/cre-dealcard/src/app/api/broker/im-lite/generate/handler.ts:307:24
)
    at runPipelineForFixture (C:/Users/User/cre-dealcard/src/tests/e2e/posture-e2e-pipeline.test.ts:119:18)
    at C:/Users/User/cre-dealcard/src/tests/e2e/posture-e2e-pipeline.test.ts:198:24
    at [90mfile:///C:/Users/User/cre-dealcard/[39mnode_modules/[4m@vitest/runner[24m/dist/chunk-artifact.js:1903:20
[golden-im] Failed to build few-shot block: TypeError: supabase.from(...).select(...).eq(...).eq is not a function
    at buildIMFewShotBlock (C:/Users/User/cre-dealcard/src/domain/building/mobile-im/golden-im-manager.ts:134:8)
    at generateSingleSection (C:/Users/User/cre-dealcard/src/domain/building/mobile-im/im-section-generator.ts:204:30)
    at C:/Users/User/cre-dealcard/src/domain/building/mobile-im/writer.ts:161:32
    at Array.map (<anonymous>)
    at generateMobileIM (C:/Users/User/cre-dealcard/src/domain/building/mobile-im/writer.ts:159:43)
[90m    at processTicksAndRejections (node:internal/process/task_queues:103:5)[39m
    at Module.generateMobileIMHandler (C:/Users/User/cre-dealcard/src/app/api/broker/im-lite/generate/handler.ts:307:24
)
    at runPipelineForFixture (C:/Users/User/cre-dealcard/src/tests/e2e/posture-e2e-pipeline.test.ts:119:18)
    at C:/Users/User/cre-dealcard/src/tests/e2e/posture-e2e-pipeline.test.ts:198:24
    at [90mfile:///C:/Users/User/cre-dealcard/[39mnode_modules/[4m@vitest/runner[24m/dist/chunk-artifact.js:1903:20
[golden-im] Failed to build few-shot block: TypeError: supabase.from(...).select(...).eq(...).eq is not a function
    at buildIMFewShotBlock (C:/Users/User/cre-dealcard/src/domain/building/mobile-im/golden-im-manager.ts:134:8)
    at generateSingleSection (C:/Users/User/cre-dealcard/src/domain/building/mobile-im/im-section-generator.ts:204:30)
    at C:/Users/User/cre-dealcard/src/domain/building/mobile-im/writer.ts:161:32
    at Array.map (<anonymous>)
    at generateMobileIM (C:/Users/User/cre-dealcard/src/domain/building/mobile-im/writer.ts:159:43)
[90m    at processTicksAndRejections (node:internal/process/task_queues:103:5)[39m
    at Module.generateMobileIMHandler (C:/Users/User/cre-dealcard/src/app/api/broker/im-lite/generate/handler.ts:307:24
)
    at runPipelineForFixture (C:/Users/User/cre-dealcard/src/tests/e2e/posture-e2e-pipeline.test.ts:119:18)
    at C:/Users/User/cre-dealcard/src/tests/e2e/posture-e2e-pipeline.test.ts:198:24
    at [90mfile:///C:/Users/User/cre-dealcard/[39mnode_modules/[4m@vitest/runner[24m/dist/chunk-artifact.js:1903:20
[golden-im] Failed to build few-shot block: TypeError: supabase.from(...).select(...).eq(...).eq is not a function
    at buildIMFewShotBlock (C:/Users/User/cre-dealcard/src/domain/building/mobile-im/golden-im-manager.ts:134:8)
    at generateSingleSection (C:/Users/User/cre-dealcard/src/domain/building/mobile-im/im-section-generator.ts:204:30)
    at C:/Users/User/cre-dealcard/src/domain/building/mobile-im/writer.ts:161:32
    at Array.map (<anonymous>)
    at generateMobileIM (C:/Users/User/cre-dealcard/src/domain/building/mobile-im/writer.ts:159:43)
[90m    at processTicksAndRejections (node:internal/process/task_queues:103:5)[39m
    at Module.generateMobileIMHandler (C:/Users/User/cre-dealcard/src/app/api/broker/im-lite/generate/handler.ts:307:24
)
    at runPipelineForFixture (C:/Users/User/cre-dealcard/src/tests/e2e/posture-e2e-pipeline.test.ts:119:18)
    at C:/Users/User/cre-dealcard/src/tests/e2e/posture-e2e-pipeline.test.ts:198:24
    at [90mfile:///C:/Users/User/cre-dealcard/[39mnode_modules/[4m@vitest/runner[24m/dist/chunk-artifact.js:1903:20
[golden-im] Failed to build few-shot block: TypeError: supabase.from(...).select(...).eq(...).eq is not a function
    at buildIMFewShotBlock (C:/Users/User/cre-dealcard/src/domain/building/mobile-im/golden-im-manager.ts:134:8)
    at generateSingleSection (C:/Users/User/cre-dealcard/src/domain/building/mobile-im/im-section-generator.ts:204:30)
    at C:/Users/User/cre-dealcard/src/domain/building/mobile-im/writer.ts:161:32
    at Array.map (<anonymous>)
    at generateMobileIM (C:/Users/User/cre-dealcard/src/domain/building/mobile-im/writer.ts:159:43)
[90m    at processTicksAndRejections (node:internal/process/task_queues:103:5)[39m
    at Module.generateMobileIMHandler (C:/Users/User/cre-dealcard/src/app/api/broker/im-lite/generate/handler.ts:307:24
)
    at runPipelineForFixture (C:/Users/User/cre-dealcard/src/tests/e2e/posture-e2e-pipeline.test.ts:119:18)
    at C:/Users/User/cre-dealcard/src/tests/e2e/posture-e2e-pipeline.test.ts:198:24
    at [90mfile:///C:/Users/User/cre-dealcard/[39mnode_modules/[4m@vitest/runner[24m/dist/chunk-artifact.js:1903:20
[MockOpenAIProvider]process.env.OPENAI_API_KEY is missing or in test environment. Returning mock JSON response.
[MockOpenAIProvider]process.env.OPENAI_API_KEY is missing or in test environment. Returning mock JSON response.
[MockOpenAIProvider]process.env.OPENAI_API_KEY is missing or in test environment. Returning mock JSON response.
[MockOpenAIProvider]process.env.OPENAI_API_KEY is missing or in test environment. Returning mock JSON response.
[MockOpenAIProvider]process.env.OPENAI_API_KEY is missing or in test environment. Returning mock JSON response.
[MockOpenAIProvider]process.env.OPENAI_API_KEY is missing or in test environment. Returning mock JSON response.
[MockOpenAIProvider]process.env.OPENAI_API_KEY is missing or in test environment. Returning mock JSON response.
[MockOpenAIProvider]process.env.OPENAI_API_KEY is missing or in test environment. Returning mock JSON response.

[90mstderr[2m | src/tests/e2e/p0-preset-cross-render.test.ts[2m > [22m[2mT09: 5-Preset Cross-Rendering Validation
[2m > [22m[2mT09-C01: All presets produce same slide count for identical input
[22m[39m[deck-sequencer] goldilocks: 蹂몃Ц 20硫???16硫??덉궘 (遺濡?0硫?遺꾨━)

[90mstderr[2m | src/tests/e2e/posture-e2e-pipeline.test.ts[2m > [22m[2mE2E Pipeline: 5 Postures Full Path (?ㅼ젣 LLM
 ?몄텧)[2m > [22m[2mT1: income ???쒖큹 硫붾뵒而?鍮뚮뵫 (Case 01)[2m > [22m[2mT1-01: handler ?뺤긽 ?몄텧
[22m[39m[terminology-normalizer] Failed to load rules from DB, using fallback: TypeError: supabase.from(...).select(.
..).eq(...).order is not a function
    at getTerminologyRules (C:/Users/User/cre-dealcard/src/domain/building/mobile-im/terminology-normalizer.ts:146:8)
    at normalizeTerminologyAsync (C:/Users/User/cre-dealcard/src/domain/building/mobile-im/terminology-normalizer.ts:24
5:23)
    at generateSingleSection (C:/Users/User/cre-dealcard/src/domain/building/mobile-im/im-section-generator.ts:392:28)
[90m    at processTicksAndRejections (node:internal/process/task_queues:103:5)[39m
    at async Promise.allSettled (index 0)
    at generateMobileIM (C:/Users/User/cre-dealcard/src/domain/building/mobile-im/writer.ts:190:23)
    at Module.generateMobileIMHandler (C:/Users/User/cre-dealcard/src/app/api/broker/im-lite/generate/handler.ts:307:24
)
    at runPipelineForFixture (C:/Users/User/cre-dealcard/src/tests/e2e/posture-e2e-pipeline.test.ts:119:18)
    at C:/Users/User/cre-dealcard/src/tests/e2e/posture-e2e-pipeline.test.ts:198:24
    at [90mfile:///C:/Users/User/cre-dealcard/[39mnode_modules/[4m@vitest/runner[24m/dist/chunk-artifact.js:1903:20
[terminology-normalizer] Failed to load rules from DB, using fallback: TypeError: supabase.from(...).select(...).eq(...
).order is not a function
    at getTerminologyRules (C:/Users/User/cre-dealcard/src/domain/building/mobile-im/terminology-normalizer.ts:146:8)
    at normalizeTerminologyAsync (C:/Users/User/cre-dealcard/src/domain/building/mobile-im/terminology-normalizer.ts:24
5:23)
    at generateSingleSection (C:/Users/User/cre-dealcard/src/domain/building/mobile-im/im-section-generator.ts:392:28)
[90m    at processTicksAndRejections (node:internal/process/task_queues:103:5)[39m
    at async Promise.allSettled (index 1)
    at generateMobileIM (C:/Users/User/cre-dealcard/src/domain/building/mobile-im/writer.ts:190:23)
    at Module.generateMobileIMHandler (C:/Users/User/cre-dealcard/src/app/api/broker/im-lite/generate/handler.ts:307:24
)
    at runPipelineForFixture (C:/Users/User/cre-dealcard/src/tests/e2e/posture-e2e-pipeline.test.ts:119:18)
    at C:/Users/User/cre-dealcard/src/tests/e2e/posture-e2e-pipeline.test.ts:198:24
    at [90mfile:///C:/Users/User/cre-dealcard/[39mnode_modules/[4m@vitest/runner[24m/dist/chunk-artifact.js:1903:20
[MockOpenAIProvider]process.env.OPENAI_API_KEY is missing or in test environment. Returning mock JSON response.
[terminology-normalizer] Failed to load rules from DB, using fallback: TypeError: supabase.from(...).select(...).eq(...
).order is not a function
    at getTerminologyRules (C:/Users/User/cre-dealcard/src/domain/building/mobile-im/terminology-normalizer.ts:146:8)
    at normalizeTerminologyAsync (C:/Users/User/cre-dealcard/src/domain/building/mobile-im/terminology-normalizer.ts:24
5:23)
    at generateSingleSection (C:/Users/User/cre-dealcard/src/domain/building/mobile-im/im-section-generator.ts:392:28)
[90m    at processTicksAndRejections (node:internal/process/task_queues:103:5)[39m
    at async Promise.allSettled (index 3)
    at generateMobileIM (C:/Users/User/cre-dealcard/src/domain/building/mobile-im/writer.ts:190:23)
    at Module.generateMobileIMHandler (C:/Users/User/cre-dealcard/src/app/api/broker/im-lite/generate/handler.ts:307:24
)
    at runPipelineForFixture (C:/Users/User/cre-dealcard/src/tests/e2e/posture-e2e-pipeline.test.ts:119:18)
    at C:/Users/User/cre-dealcard/src/tests/e2e/posture-e2e-pipeline.test.ts:198:24
    at [90mfile:///C:/Users/User/cre-dealcard/[39mnode_modules/[4m@vitest/runner[24m/dist/chunk-artifact.js:1903:20
[terminology-normalizer] Failed to load rules from DB, using fallback: TypeError: supabase.from(...).select(...).eq(...
).order is not a function
    at getTerminologyRules (C:/Users/User/cre-dealcard/src/domain/building/mobile-im/terminology-normalizer.ts:146:8)
    at normalizeTerminologyAsync (C:/Users/User/cre-dealcard/src/domain/building/mobile-im/terminology-normalizer.ts:24
5:23)
    at generateSingleSection (C:/Users/User/cre-dealcard/src/domain/building/mobile-im/im-section-generator.ts:392:28)
[90m    at processTicksAndRejections (node:internal/process/task_queues:103:5)[39m
    at async Promise.allSettled (index 4)
    at generateMobileIM (C:/Users/User/cre-dealcard/src/domain/building/mobile-im/writer.ts:190:23)
    at Module.generateMobileIMHandler (C:/Users/User/cre-dealcard/src/app/api/broker/im-lite/generate/handler.ts:307:24
)
    at runPipelineForFixture (C:/Users/User/cre-dealcard/src/tests/e2e/posture-e2e-pipeline.test.ts:119:18)
    at C:/Users/User/cre-dealcard/src/tests/e2e/posture-e2e-pipeline.test.ts:198:24
    at [90mfile:///C:/Users/User/cre-dealcard/[39mnode_modules/[4m@vitest/runner[24m/dist/chunk-artifact.js:1903:20
[terminology-normalizer] Failed to load rules from DB, using fallback: TypeError: supabase.from(...).select(...).eq(...
).order is not a function
    at getTerminologyRules (C:/Users/User/cre-dealcard/src/domain/building/mobile-im/terminology-normalizer.ts:146:8)
    at normalizeTerminologyAsync (C:/Users/User/cre-dealcard/src/domain/building/mobile-im/terminology-normalizer.ts:24
5:23)
    at generateSingleSection (C:/Users/User/cre-dealcard/src/domain/building/mobile-im/im-section-generator.ts:392:28)
[90m    at processTicksAndRejections (node:internal/process/task_queues:103:5)[39m
    at async Promise.allSettled (index 5)
    at generateMobileIM (C:/Users/User/cre-dealcard/src/domain/building/mobile-im/writer.ts:190:23)
    at Module.generateMobileIMHandler (C:/Users/User/cre-dealcard/src/app/api/broker/im-lite/generate/handler.ts:307:24
)
    at runPipelineForFixture (C:/Users/User/cre-dealcard/src/tests/e2e/posture-e2e-pipeline.test.ts:119:18)
    at C:/Users/User/cre-dealcard/src/tests/e2e/posture-e2e-pipeline.test.ts:198:24
    at [90mfile:///C:/Users/User/cre-dealcard/[39mnode_modules/[4m@vitest/runner[24m/dist/chunk-artifact.js:1903:20
[MockOpenAIProvider]process.env.OPENAI_API_KEY is missing or in test environment. Returning mock JSON response.
[MockOpenAIProvider]process.env.OPENAI_API_KEY is missing or in test environment. Returning mock JSON response.

[90mstderr[2m | src/tests/e2e/posture-e2e-pipeline.test.ts[2m > [22m[2mE2E Pipeline: 5 Postures Full Path (?ㅼ젣 LLM
 ?몄텧)[2m > [22m[2mT1: income ???쒖큹 硫붾뵒而?鍮뚮뵫 (Case 01)[2m > [22m[2mT1-01: handler ?뺤긽 ?몄텧
[22m[39m[MockOpenAIProvider]process.env.OPENAI_API_KEY is missing or in test environment. Returning mock JSON respons
e.
[MockOpenAIProvider]process.env.OPENAI_API_KEY is missing or in test environment. Returning mock JSON response.
[MockOpenAIProvider]process.env.OPENAI_API_KEY is missing or in test environment. Returning mock JSON response.
[MockOpenAIProvider]process.env.OPENAI_API_KEY is missing or in test environment. Returning mock JSON response.
[MockOpenAIProvider]process.env.OPENAI_API_KEY is missing or in test environment. Returning mock JSON response.
[fewshot-tracker] Failed to update result score: TypeError: supabase.from(...).update is not a function
    at updateFewShotResultScore (C:/Users/User/cre-dealcard/src/domain/building/mobile-im/fewshot-tracker.ts:43:8)
    at generateSingleSection (C:/Users/User/cre-dealcard/src/domain/building/mobile-im/im-section-generator.ts:301:15)
[90m    at processTicksAndRejections (node:internal/process/task_queues:103:5)[39m
    at async Promise.allSettled (index 2)
    at generateMobileIM (C:/Users/User/cre-dealcard/src/domain/building/mobile-im/writer.ts:190:23)
    at Module.generateMobileIMHandler (C:/Users/User/cre-dealcard/src/app/api/broker/im-lite/generate/handler.ts:307:24
)
    at runPipelineForFixture (C:/Users/User/cre-dealcard/src/tests/e2e/posture-e2e-pipeline.test.ts:119:18)
    at C:/Users/User/cre-dealcard/src/tests/e2e/posture-e2e-pipeline.test.ts:198:24
    at [90mfile:///C:/Users/User/cre-dealcard/[39mnode_modules/[4m@vitest/runner[24m/dist/chunk-artifact.js:1903:20
[fewshot-tracker] Failed to auto-promote: TypeError: supabase.from(...).select(...).eq(...).eq is not a function
    at promoteToGoldenCandidate (C:/Users/User/cre-dealcard/src/domain/building/mobile-im/fewshot-tracker.ts:168:8)
    at generateSingleSection (C:/Users/User/cre-dealcard/src/domain/building/mobile-im/im-section-generator.ts:303:17)
[90m    at processTicksAndRejections (node:internal/process/task_queues:103:5)[39m
    at async Promise.allSettled (index 2)
    at generateMobileIM (C:/Users/User/cre-dealcard/src/domain/building/mobile-im/writer.ts:190:23)
    at Module.generateMobileIMHandler (C:/Users/User/cre-dealcard/src/app/api/broker/im-lite/generate/handler.ts:307:24
)
    at runPipelineForFixture (C:/Users/User/cre-dealcard/src/tests/e2e/posture-e2e-pipeline.test.ts:119:18)
    at C:/Users/User/cre-dealcard/src/tests/e2e/posture-e2e-pipeline.test.ts:198:24
    at [90mfile:///C:/Users/User/cre-dealcard/[39mnode_modules/[4m@vitest/runner[24m/dist/chunk-artifact.js:1903:20
[terminology-normalizer] Failed to load rules from DB, using fallback: TypeError: supabase.from(...).select(...).eq(...
).order is not a function
    at getTerminologyRules (C:/Users/User/cre-dealcard/src/domain/building/mobile-im/terminology-normalizer.ts:146:8)
    at normalizeTerminologyAsync (C:/Users/User/cre-dealcard/src/domain/building/mobile-im/terminology-normalizer.ts:24
5:23)
    at generateSingleSection (C:/Users/User/cre-dealcard/src/domain/building/mobile-im/im-section-generator.ts:392:28)
[90m    at processTicksAndRejections (node:internal/process/task_queues:103:5)[39m
    at async Promise.allSettled (index 2)
    at generateMobileIM (C:/Users/User/cre-dealcard/src/domain/building/mobile-im/writer.ts:190:23)
    at Module.generateMobileIMHandler (C:/Users/User/cre-dealcard/src/app/api/broker/im-lite/generate/handler.ts:307:24
)
    at runPipelineForFixture (C:/Users/User/cre-dealcard/src/tests/e2e/posture-e2e-pipeline.test.ts:119:18)
    at C:/Users/User/cre-dealcard/src/tests/e2e/posture-e2e-pipeline.test.ts:198:24
    at [90mfile:///C:/Users/User/cre-dealcard/[39mnode_modules/[4m@vitest/runner[24m/dist/chunk-artifact.js:1903:20
[fewshot-tracker] Failed to update result score: TypeError: supabase.from(...).update is not a function
    at updateFewShotResultScore (C:/Users/User/cre-dealcard/src/domain/building/mobile-im/fewshot-tracker.ts:43:8)
    at generateSingleSection (C:/Users/User/cre-dealcard/src/domain/building/mobile-im/im-section-generator.ts:301:15)
[90m    at processTicksAndRejections (node:internal/process/task_queues:103:5)[39m
    at async Promise.allSettled (index 6)
    at generateMobileIM (C:/Users/User/cre-dealcard/src/domain/building/mobile-im/writer.ts:190:23)
    at Module.generateMobileIMHandler (C:/Users/User/cre-dealcard/src/app/api/broker/im-lite/generate/handler.ts:307:24
)
    at runPipelineForFixture (C:/Users/User/cre-dealcard/src/tests/e2e/posture-e2e-pipeline.test.ts:119:18)
    at C:/Users/User/cre-dealcard/src/tests/e2e/posture-e2e-pipeline.test.ts:198:24
    at [90mfile:///C:/Users/User/cre-dealcard/[39mnode_modules/[4m@vitest/runner[24m/dist/chunk-artifact.js:1903:20
[fewshot-tracker] Failed to auto-promote: TypeError: supabase.from(...).select(...).eq(...).eq is not a function
    at promoteToGoldenCandidate (C:/Users/User/cre-dealcard/src/domain/building/mobile-im/fewshot-tracker.ts:168:8)
    at generateSingleSection (C:/Users/User/cre-dealcard/src/domain/building/mobile-im/im-section-generator.ts:303:17)
[90m    at processTicksAndRejections (node:internal/process/task_queues:103:5)[39m
    at async Promise.allSettled (index 6)
    at generateMobileIM (C:/Users/User/cre-dealcard/src/domain/building/mobile-im/writer.ts:190:23)
    at Module.generateMobileIMHandler (C:/Users/User/cre-dealcard/src/app/api/broker/im-lite/generate/handler.ts:307:24
)
    at runPipelineForFixture (C:/Users/User/cre-dealcard/src/tests/e2e/posture-e2e-pipeline.test.ts:119:18)
    at C:/Users/User/cre-dealcard/src/tests/e2e/posture-e2e-pipeline.test.ts:198:24
    at [90mfile:///C:/Users/User/cre-dealcard/[39mnode_modules/[4m@vitest/runner[24m/dist/chunk-artifact.js:1903:20
[terminology-normalizer] Failed to load rules from DB, using fallback: TypeError: supabase.from(...).select(...).eq(...
).order is not a function
    at getTerminologyRules (C:/Users/User/cre-dealcard/src/domain/building/mobile-im/terminology-normalizer.ts:146:8)
    at normalizeTerminologyAsync (C:/Users/User/cre-dealcard/src/domain/building/mobile-im/terminology-normalizer.ts:24
5:23)
    at generateSingleSection (C:/Users/User/cre-dealcard/src/domain/building/mobile-im/im-section-generator.ts:392:28)
[90m    at processTicksAndRejections (node:internal/process/task_queues:103:5)[39m
    at async Promise.allSettled (index 6)
    at generateMobileIM (C:/Users/User/cre-dealcard/src/domain/building/mobile-im/writer.ts:190:23)
    at Module.generateMobileIMHandler (C:/Users/User/cre-dealcard/src/app/api/broker/im-lite/generate/handler.ts:307:24
)
    at runPipelineForFixture (C:/Users/User/cre-dealcard/src/tests/e2e/posture-e2e-pipeline.test.ts:119:18)
    at C:/Users/User/cre-dealcard/src/tests/e2e/posture-e2e-pipeline.test.ts:198:24
    at [90mfile:///C:/Users/User/cre-dealcard/[39mnode_modules/[4m@vitest/runner[24m/dist/chunk-artifact.js:1903:20
[fewshot-tracker] Failed to update result score: TypeError: supabase.from(...).update is not a function
    at updateFewShotResultScore (C:/Users/User/cre-dealcard/src/domain/building/mobile-im/fewshot-tracker.ts:43:8)
    at generateSingleSection (C:/Users/User/cre-dealcard/src/domain/building/mobile-im/im-section-generator.ts:301:15)
[90m    at processTicksAndRejections (node:internal/process/task_queues:103:5)[39m
    at async Promise.allSettled (index 7)
    at generateMobileIM (C:/Users/User/cre-dealcard/src/domain/building/mobile-im/writer.ts:190:23)
    at Module.generateMobileIMHandler (C:/Users/User/cre-dealcard/src/app/api/broker/im-lite/generate/handler.ts:307:24
)
    at runPipelineForFixture (C:/Users/User/cre-dealcard/src/tests/e2e/posture-e2e-pipeline.test.ts:119:18)
    at C:/Users/User/cre-dealcard/src/tests/e2e/posture-e2e-pipeline.test.ts:198:24
    at [90mfile:///C:/Users/User/cre-dealcard/[39mnode_modules/[4m@vitest/runner[24m/dist/chunk-artifact.js:1903:20
[fewshot-tracker] Failed to auto-promote: TypeError: supabase.from(...).select(...).eq(...).eq is not a function
    at promoteToGoldenCandidate (C:/Users/User/cre-dealcard/src/domain/building/mobile-im/fewshot-tracker.ts:168:8)
    at generateSingleSection (C:/Users/User/cre-dealcard/src/domain/building/mobile-im/im-section-generator.ts:303:17)
[90m    at processTicksAndRejections (node:internal/process/task_queues:103:5)[39m
    at async Promise.allSettled (index 7)
    at generateMobileIM (C:/Users/User/cre-dealcard/src/domain/building/mobile-im/writer.ts:190:23)
    at Module.generateMobileIMHandler (C:/Users/User/cre-dealcard/src/app/api/broker/im-lite/generate/handler.ts:307:24
)
    at runPipelineForFixture (C:/Users/User/cre-dealcard/src/tests/e2e/posture-e2e-pipeline.test.ts:119:18)
    at C:/Users/User/cre-dealcard/src/tests/e2e/posture-e2e-pipeline.test.ts:198:24
    at [90mfile:///C:/Users/User/cre-dealcard/[39mnode_modules/[4m@vitest/runner[24m/dist/chunk-artifact.js:1903:20
[terminology-normalizer] Failed to load rules from DB, using fallback: TypeError: supabase.from(...).select(...).eq(...
).order is not a function
    at getTerminologyRules (C:/Users/User/cre-dealcard/src/domain/building/mobile-im/terminology-normalizer.ts:146:8)
    at normalizeTerminologyAsync (C:/Users/User/cre-dealcard/src/domain/building/mobile-im/terminology-normalizer.ts:24
5:23)
    at generateSingleSection (C:/Users/User/cre-dealcard/src/domain/building/mobile-im/im-section-generator.ts:392:28)
[90m    at processTicksAndRejections (node:internal/process/task_queues:103:5)[39m
    at async Promise.allSettled (index 7)
    at generateMobileIM (C:/Users/User/cre-dealcard/src/domain/building/mobile-im/writer.ts:190:23)
    at Module.generateMobileIMHandler (C:/Users/User/cre-dealcard/src/app/api/broker/im-lite/generate/handler.ts:307:24
)
    at runPipelineForFixture (C:/Users/User/cre-dealcard/src/tests/e2e/posture-e2e-pipeline.test.ts:119:18)
    at C:/Users/User/cre-dealcard/src/tests/e2e/posture-e2e-pipeline.test.ts:198:24
    at [90mfile:///C:/Users/User/cre-dealcard/[39mnode_modules/[4m@vitest/runner[24m/dist/chunk-artifact.js:1903:20

[90mstderr[2m | src/tests/e2e/posture-e2e-pipeline.test.ts[2m > [22m[2mE2E Pipeline: 5 Postures Full Path (?ㅼ젣 LLM
 ?몄텧)[2m > [22m[2mT1: income ???쒖큹 硫붾뵒而?鍮뚮뵫 (Case 01)[2m > [22m[2mT1-01: handler ?뺤긽 ?몄텧
[22m[39m[MockOpenAIProvider]process.env.OPENAI_API_KEY is missing or in test environment. Returning mock JSON respons
e.
[MockOpenAIProvider]process.env.OPENAI_API_KEY is missing or in test environment. Returning mock JSON response.
[MockOpenAIProvider]process.env.OPENAI_API_KEY is missing or in test environment. Returning mock JSON response.

[90mstderr[2m | src/tests/e2e/posture-e2e-pipeline.test.ts[2m > [22m[2mE2E Pipeline: 5 Postures Full Path (?ㅼ젣 LLM
 ?몄텧)[2m > [22m[2mT1: income ???쒖큹 硫붾뵒而?鍮뚮뵫 (Case 01)[2m > [22m[2mT1-01: handler ?뺤긽 ?몄텧
[22m[39m[golden-im] Failed to build few-shot block: TypeError: supabase.from(...).select(...).eq(...).eq is not a fun
ction
    at buildIMFewShotBlock (C:/Users/User/cre-dealcard/src/domain/building/mobile-im/golden-im-manager.ts:134:8)
    at generateSingleSection (C:/Users/User/cre-dealcard/src/domain/building/mobile-im/im-section-generator.ts:204:30)
    at generateMobileIM (C:/Users/User/cre-dealcard/src/domain/building/mobile-im/writer.ts:250:28)
[90m    at processTicksAndRejections (node:internal/process/task_queues:103:5)[39m
    at Module.generateMobileIMHandler (C:/Users/User/cre-dealcard/src/app/api/broker/im-lite/generate/handler.ts:307:24
)
    at runPipelineForFixture (C:/Users/User/cre-dealcard/src/tests/e2e/posture-e2e-pipeline.test.ts:119:18)
    at C:/Users/User/cre-dealcard/src/tests/e2e/posture-e2e-pipeline.test.ts:198:24
    at [90mfile:///C:/Users/User/cre-dealcard/[39mnode_modules/[4m@vitest/runner[24m/dist/chunk-artifact.js:1903:20

[90mstderr[2m | src/tests/e2e/posture-e2e-pipeline.test.ts[2m > [22m[2mE2E Pipeline: 5 Postures Full Path (?ㅼ젣 LLM
 ?몄텧)[2m > [22m[2mT1: income ???쒖큹 硫붾뵒而?鍮뚮뵫 (Case 01)[2m > [22m[2mT1-01: handler ?뺤긽 ?몄텧
[22m[39m[MockOpenAIProvider]process.env.OPENAI_API_KEY is missing or in test environment. Returning mock JSON respons
e.

[90mstderr[2m | src/tests/e2e/posture-e2e-pipeline.test.ts[2m > [22m[2mE2E Pipeline: 5 Postures Full Path (?ㅼ젣 LLM
 ?몄텧)[2m > [22m[2mT1: income ???쒖큹 硫붾뵒而?鍮뚮뵫 (Case 01)[2m > [22m[2mT1-01: handler ?뺤긽 ?몄텧
[22m[39m[terminology-normalizer] Failed to load rules from DB, using fallback: TypeError: supabase.from(...).select(.
..).eq(...).order is not a function
    at getTerminologyRules (C:/Users/User/cre-dealcard/src/domain/building/mobile-im/terminology-normalizer.ts:146:8)
    at normalizeTerminologyAsync (C:/Users/User/cre-dealcard/src/domain/building/mobile-im/terminology-normalizer.ts:24
5:23)
    at generateSingleSection (C:/Users/User/cre-dealcard/src/domain/building/mobile-im/im-section-generator.ts:392:28)
[90m    at processTicksAndRejections (node:internal/process/task_queues:103:5)[39m
    at generateMobileIM (C:/Users/User/cre-dealcard/src/domain/building/mobile-im/writer.ts:250:22)
    at Module.generateMobileIMHandler (C:/Users/User/cre-dealcard/src/app/api/broker/im-lite/generate/handler.ts:307:24
)
    at runPipelineForFixture (C:/Users/User/cre-dealcard/src/tests/e2e/posture-e2e-pipeline.test.ts:119:18)
    at C:/Users/User/cre-dealcard/src/tests/e2e/posture-e2e-pipeline.test.ts:198:24
    at [90mfile:///C:/Users/User/cre-dealcard/[39mnode_modules/[4m@vitest/runner[24m/dist/chunk-artifact.js:1903:20

[90mstderr[2m | src/tests/e2e/posture-e2e-pipeline.test.ts[2m > [22m[2mE2E Pipeline: 5 Postures Full Path (?ㅼ젣 LLM
 ?몄텧)[2m > [22m[2mT1: income ???쒖큹 硫붾뵒而?鍮뚮뵫 (Case 01)[2m > [22m[2mT1-01: handler ?뺤긽 ?몄텧
[22m[39m[MockOpenAIProvider]process.env.OPENAI_API_KEY is missing or in test environment. Returning mock JSON respons
e.

[90mstderr[2m | src/tests/e2e/posture-e2e-pipeline.test.ts[2m > [22m[2mE2E Pipeline: 5 Postures Full Path (?ㅼ젣 LLM
 ?몄텧)[2m > [22m[2mT1: income ???쒖큹 硫붾뵒而?鍮뚮뵫 (Case 01)[2m > [22m[2mT1-01: handler ?뺤긽 ?몄텧
[22m[39m[golden-im] Failed to build few-shot block: TypeError: supabase.from(...).select(...).eq(...).eq is not a fun
ction
    at buildIMFewShotBlock (C:/Users/User/cre-dealcard/src/domain/building/mobile-im/golden-im-manager.ts:134:8)
    at generateSingleSection (C:/Users/User/cre-dealcard/src/domain/building/mobile-im/im-section-generator.ts:204:30)
    at generateMobileIM (C:/Users/User/cre-dealcard/src/domain/building/mobile-im/writer.ts:250:28)
[90m    at processTicksAndRejections (node:internal/process/task_queues:103:5)[39m
    at Module.generateMobileIMHandler (C:/Users/User/cre-dealcard/src/app/api/broker/im-lite/generate/handler.ts:307:24
)
    at runPipelineForFixture (C:/Users/User/cre-dealcard/src/tests/e2e/posture-e2e-pipeline.test.ts:119:18)
    at C:/Users/User/cre-dealcard/src/tests/e2e/posture-e2e-pipeline.test.ts:198:24
    at [90mfile:///C:/Users/User/cre-dealcard/[39mnode_modules/[4m@vitest/runner[24m/dist/chunk-artifact.js:1903:20

[90mstderr[2m | src/tests/e2e/posture-e2e-pipeline.test.ts[2m > [22m[2mE2E Pipeline: 5 Postures Full Path (?ㅼ젣 LLM
 ?몄텧)[2m > [22m[2mT1: income ???쒖큹 硫붾뵒而?鍮뚮뵫 (Case 01)[2m > [22m[2mT1-01: handler ?뺤긽 ?몄텧
[22m[39m[MockOpenAIProvider]process.env.OPENAI_API_KEY is missing or in test environment. Returning mock JSON respons
e.

[90mstderr[2m | src/tests/e2e/posture-e2e-pipeline.test.ts[2m > [22m[2mE2E Pipeline: 5 Postures Full Path (?ㅼ젣 LLM
 ?몄텧)[2m > [22m[2mT1: income ???쒖큹 硫붾뵒而?鍮뚮뵫 (Case 01)[2m > [22m[2mT1-01: handler ?뺤긽 ?몄텧
[22m[39m[terminology-normalizer] Failed to load rules from DB, using fallback: TypeError: supabase.from(...).select(.
..).eq(...).order is not a function
    at getTerminologyRules (C:/Users/User/cre-dealcard/src/domain/building/mobile-im/terminology-normalizer.ts:146:8)
    at normalizeTerminologyAsync (C:/Users/User/cre-dealcard/src/domain/building/mobile-im/terminology-normalizer.ts:24
5:23)
    at generateSingleSection (C:/Users/User/cre-dealcard/src/domain/building/mobile-im/im-section-generator.ts:392:28)
[90m    at processTicksAndRejections (node:internal/process/task_queues:103:5)[39m
    at generateMobileIM (C:/Users/User/cre-dealcard/src/domain/building/mobile-im/writer.ts:250:22)
    at Module.generateMobileIMHandler (C:/Users/User/cre-dealcard/src/app/api/broker/im-lite/generate/handler.ts:307:24
)
    at runPipelineForFixture (C:/Users/User/cre-dealcard/src/tests/e2e/posture-e2e-pipeline.test.ts:119:18)
    at C:/Users/User/cre-dealcard/src/tests/e2e/posture-e2e-pipeline.test.ts:198:24
    at [90mfile:///C:/Users/User/cre-dealcard/[39mnode_modules/[4m@vitest/runner[24m/dist/chunk-artifact.js:1903:20

[90mstderr[2m | src/tests/e2e/posture-e2e-pipeline.test.ts[2m > [22m[2mE2E Pipeline: 5 Postures Full Path (?ㅼ젣 LLM
 ?몄텧)[2m > [22m[2mT1: income ???쒖큹 硫붾뵒而?鍮뚮뵫 (Case 01)[2m > [22m[2mT1-01: handler ?뺤긽 ?몄텧
[22m[39m[MockOpenAIProvider]process.env.OPENAI_API_KEY is missing or in test environment. Returning mock JSON respons
e.

[90mstderr[2m | src/tests/e2e/posture-e2e-pipeline.test.ts[2m > [22m[2mE2E Pipeline: 5 Postures Full Path (?ㅼ젣 LLM
 ?몄텧)[2m > [22m[2mT1: income ???쒖큹 硫붾뵒而?鍮뚮뵫 (Case 01)[2m > [22m[2mT1-01: handler ?뺤긽 ?몄텧
[22m[39m[golden-im] Failed to build few-shot block: TypeError: supabase.from(...).select(...).eq(...).eq is not a fun
ction
    at buildIMFewShotBlock (C:/Users/User/cre-dealcard/src/domain/building/mobile-im/golden-im-manager.ts:134:8)
    at generateSingleSection (C:/Users/User/cre-dealcard/src/domain/building/mobile-im/im-section-generator.ts:204:30)
    at generateMobileIM (C:/Users/User/cre-dealcard/src/domain/building/mobile-im/writer.ts:250:28)
[90m    at processTicksAndRejections (node:internal/process/task_queues:103:5)[39m
    at Module.generateMobileIMHandler (C:/Users/User/cre-dealcard/src/app/api/broker/im-lite/generate/handler.ts:307:24
)
    at runPipelineForFixture (C:/Users/User/cre-dealcard/src/tests/e2e/posture-e2e-pipeline.test.ts:119:18)
    at C:/Users/User/cre-dealcard/src/tests/e2e/posture-e2e-pipeline.test.ts:198:24
    at [90mfile:///C:/Users/User/cre-dealcard/[39mnode_modules/[4m@vitest/runner[24m/dist/chunk-artifact.js:1903:20

[90mstderr[2m | src/tests/e2e/posture-e2e-pipeline.test.ts[2m > [22m[2mE2E Pipeline: 5 Postures Full Path (?ㅼ젣 LLM
 ?몄텧)[2m > [22m[2mT1: income ???쒖큹 硫붾뵒而?鍮뚮뵫 (Case 01)[2m > [22m[2mT1-01: handler ?뺤긽 ?몄텧
[22m[39m[MockOpenAIProvider]process.env.OPENAI_API_KEY is missing or in test environment. Returning mock JSON respons
e.

[90mstderr[2m | src/tests/e2e/posture-e2e-pipeline.test.ts[2m > [22m[2mE2E Pipeline: 5 Postures Full Path (?ㅼ젣 LLM
 ?몄텧)[2m > [22m[2mT1: income ???쒖큹 硫붾뵒而?鍮뚮뵫 (Case 01)[2m > [22m[2mT1-01: handler ?뺤긽 ?몄텧
[22m[39m[terminology-normalizer] Failed to load rules from DB, using fallback: TypeError: supabase.from(...).select(.
..).eq(...).order is not a function
    at getTerminologyRules (C:/Users/User/cre-dealcard/src/domain/building/mobile-im/terminology-normalizer.ts:146:8)
    at normalizeTerminologyAsync (C:/Users/User/cre-dealcard/src/domain/building/mobile-im/terminology-normalizer.ts:24
5:23)
    at generateSingleSection (C:/Users/User/cre-dealcard/src/domain/building/mobile-im/im-section-generator.ts:392:28)
[90m    at processTicksAndRejections (node:internal/process/task_queues:103:5)[39m
    at generateMobileIM (C:/Users/User/cre-dealcard/src/domain/building/mobile-im/writer.ts:250:22)
    at Module.generateMobileIMHandler (C:/Users/User/cre-dealcard/src/app/api/broker/im-lite/generate/handler.ts:307:24
)
    at runPipelineForFixture (C:/Users/User/cre-dealcard/src/tests/e2e/posture-e2e-pipeline.test.ts:119:18)
    at C:/Users/User/cre-dealcard/src/tests/e2e/posture-e2e-pipeline.test.ts:198:24
    at [90mfile:///C:/Users/User/cre-dealcard/[39mnode_modules/[4m@vitest/runner[24m/dist/chunk-artifact.js:1903:20

[90mstderr[2m | src/tests/e2e/posture-e2e-pipeline.test.ts[2m > [22m[2mE2E Pipeline: 5 Postures Full Path (?ㅼ젣 LLM
 ?몄텧)[2m > [22m[2mT1: income ???쒖큹 硫붾뵒而?鍮뚮뵫 (Case 01)[2m > [22m[2mT1-01: handler ?뺤긽 ?몄텧
[22m[39m[MockOpenAIProvider]process.env.OPENAI_API_KEY is missing or in test environment. Returning mock JSON respons
e.

[90mstderr[2m | src/tests/e2e/posture-e2e-pipeline.test.ts[2m > [22m[2mE2E Pipeline: 5 Postures Full Path (?ㅼ젣 LLM
 ?몄텧)[2m > [22m[2mT1: income ???쒖큹 硫붾뵒而?鍮뚮뵫 (Case 01)[2m > [22m[2mT1-01: handler ?뺤긽 ?몄텧
[22m[39m[golden-im] Failed to build few-shot block: TypeError: supabase.from(...).select(...).eq(...).eq is not a fun
ction
    at buildIMFewShotBlock (C:/Users/User/cre-dealcard/src/domain/building/mobile-im/golden-im-manager.ts:134:8)
    at generateSingleSection (C:/Users/User/cre-dealcard/src/domain/building/mobile-im/im-section-generator.ts:204:30)
    at generateMobileIM (C:/Users/User/cre-dealcard/src/domain/building/mobile-im/writer.ts:250:28)
[90m    at processTicksAndRejections (node:internal/process/task_queues:103:5)[39m
    at Module.generateMobileIMHandler (C:/Users/User/cre-dealcard/src/app/api/broker/im-lite/generate/handler.ts:307:24
)
    at runPipelineForFixture (C:/Users/User/cre-dealcard/src/tests/e2e/posture-e2e-pipeline.test.ts:119:18)
    at C:/Users/User/cre-dealcard/src/tests/e2e/posture-e2e-pipeline.test.ts:198:24
    at [90mfile:///C:/Users/User/cre-dealcard/[39mnode_modules/[4m@vitest/runner[24m/dist/chunk-artifact.js:1903:20

[90mstderr[2m | src/tests/e2e/posture-e2e-pipeline.test.ts[2m > [22m[2mE2E Pipeline: 5 Postures Full Path (?ㅼ젣 LLM
 ?몄텧)[2m > [22m[2mT1: income ???쒖큹 硫붾뵒而?鍮뚮뵫 (Case 01)[2m > [22m[2mT1-01: handler ?뺤긽 ?몄텧
[22m[39m[MockOpenAIProvider]process.env.OPENAI_API_KEY is missing or in test environment. Returning mock JSON respons
e.

[90mstderr[2m | src/tests/e2e/posture-e2e-pipeline.test.ts[2m > [22m[2mE2E Pipeline: 5 Postures Full Path (?ㅼ젣 LLM
 ?몄텧)[2m > [22m[2mT1: income ???쒖큹 硫붾뵒而?鍮뚮뵫 (Case 01)[2m > [22m[2mT1-01: handler ?뺤긽 ?몄텧
[22m[39m[terminology-normalizer] Failed to load rules from DB, using fallback: TypeError: supabase.from(...).select(.
..).eq(...).order is not a function
    at getTerminologyRules (C:/Users/User/cre-dealcard/src/domain/building/mobile-im/terminology-normalizer.ts:146:8)
    at normalizeTerminologyAsync (C:/Users/User/cre-dealcard/src/domain/building/mobile-im/terminology-normalizer.ts:24
5:23)
    at generateSingleSection (C:/Users/User/cre-dealcard/src/domain/building/mobile-im/im-section-generator.ts:392:28)
[90m    at processTicksAndRejections (node:internal/process/task_queues:103:5)[39m
    at generateMobileIM (C:/Users/User/cre-dealcard/src/domain/building/mobile-im/writer.ts:250:22)
    at Module.generateMobileIMHandler (C:/Users/User/cre-dealcard/src/app/api/broker/im-lite/generate/handler.ts:307:24
)
    at runPipelineForFixture (C:/Users/User/cre-dealcard/src/tests/e2e/posture-e2e-pipeline.test.ts:119:18)
    at C:/Users/User/cre-dealcard/src/tests/e2e/posture-e2e-pipeline.test.ts:198:24
    at [90mfile:///C:/Users/User/cre-dealcard/[39mnode_modules/[4m@vitest/runner[24m/dist/chunk-artifact.js:1903:20

[90mstderr[2m | src/tests/e2e/posture-e2e-pipeline.test.ts[2m > [22m[2mE2E Pipeline: 5 Postures Full Path (?ㅼ젣 LLM
 ?몄텧)[2m > [22m[2mT1: income ???쒖큹 硫붾뵒而?鍮뚮뵫 (Case 01)[2m > [22m[2mT1-01: handler ?뺤긽 ?몄텧
[22m[39m[MockOpenAIProvider]process.env.OPENAI_API_KEY is missing or in test environment. Returning mock JSON respons
e.

[90mstderr[2m | src/tests/e2e/p0-preset-cross-render.test.ts[2m > [22m[2mT09: 5-Preset Cross-Rendering Validation
[2m > [22m[2mT09-D01: pro_dark_obsidian renders without NaN or empty text
[22m[39m[deck-sequencer] goldilocks: 蹂몃Ц 20硫???16硫??덉궘 (遺濡?0硫?遺꾨━)

[90mstderr[2m | src/tests/e2e/posture-e2e-pipeline.test.ts[2m > [22m[2mE2E Pipeline: 5 Postures Full Path (?ㅼ젣 LLM
 ?몄텧)[2m > [22m[2mT1: income ???쒖큹 硫붾뵒而?鍮뚮뵫 (Case 01)[2m > [22m[2mT1-01: handler ?뺤긽 ?몄텧
[22m[39m[mobile-im] Publish gates blocked: [ [32m'G05'[39m, [32m'G06'[39m, [32m'G08'[39m, [32m'G20'[39m, [32
m'G24'[39m ]
[cross-validator] 援먯감 寃利?寃곌낵 ??critical: 12, warning: 0, fields: [vacancy_narrative_contradiction, vacancy_narrative_c
ontradiction, vacancy_narrative_contradiction, vacancy_narrative_contradiction, vacancy_narrative_contradiction, vacanc
y_narrative_contradiction, vacancy_narrative_contradiction, vacancy_narrative_contradiction, vacancy_narrative_contradi
ction, vacancy_narrative_contradiction, vacancy_narrative_contradiction, vacancy_narrative_contradiction]

[90mstderr[2m | src/tests/e2e/pptx-content-assertion.test.ts[2m > [22m[2mL3 PPTX Content Assertion Tests[2m > [2
2m[2mCA04: 紐⑤뱺 ?ъ뒪泥?湲곕낯 ?깆뿉 ?ㅼ뿼 臾몄옄??NaN, undefined, null, [object Object]) 遺??[22m[39m[BL-5] ?대갚 諛쒕룞: A08 ?щ씪?대뱶 #
6 ???꾪궎??낆씠 蹂몃Ц???뚮뜑留곹븯吏 紐삵빐 留덊겕?ㅼ슫 ?대갚 ?ъ슜

[90mstderr[2m | src/domain/building/mobile-im/__tests__/e2e-real-property.test.ts[2m > [22m[2mE2E Real Property: ?
묓룊??媛 ?붾젅?쒕퉴??(income)[2m > [22m[2mIM ?앹꽦 ?뚯씠?꾨씪??[2m > [22m[2mE2E-YP-PIPELINE: ?묓룊??generateMobileIM ???꾩닔 ?뱀뀡 ?
ы븿
[22m[39m[MockOpenAIProvider]process.env.OPENAI_API_KEY is missing or in test environment. Returning mock JSON respons
e.

[90mstderr[2m | src/domain/building/mobile-im/__tests__/e2e-real-property.test.ts[2m > [22m[2mE2E Real Property: ?
묓룊??媛 ?붾젅?쒕퉴??(income)[2m > [22m[2mIM ?앹꽦 ?뚯씠?꾨씪??[2m > [22m[2mE2E-YP-PIPELINE: ?묓룊??generateMobileIM ???꾩닔 ?뱀뀡 ?
ы븿
[22m[39m[MockOpenAIProvider]process.env.OPENAI_API_KEY is missing or in test environment. Returning mock JSON respons
e.

 [32m??[39m src/tests/e2e/p0-preset-cross-render.test.ts [2m([22m[2m12 tests[22m[2m)[22m[33m 3865[2mms[22m[39m
     [33m[2m??[22m[39m T09-B-golden_institutional: Renders without crash and produces valid PPTX [33m 1017[2mms[22m[39m
     [33m[2m??[22m[39m T09-B-credeal_signature: Renders without crash and produces valid PPTX [33m 467[2mms[22m[39m
     [33m[2m??[22m[39m T09-B-corporate_clean: Renders without crash and produces valid PPTX [33m 338[2mms[22m[39m
     [33m[2m??[22m[39m T09-C01: All presets produce same slide count for identical input [33m 1170[2mms[22m[39m
[90mstderr[2m | src/tests/e2e/pptx-stress-matrix.test.ts[2m > [22m[2mAxis 1: PPTX 40-Cell Posture 횞 Grade 횞 Tier S
tress Matrix[2m > [22m[2mPosture: owner_occupied[2m > [22m[2m[owner_occupied] Grade A 횞 basic tier
[22m[39m[deck-sequencer] goldilocks: 蹂몃Ц 20硫???16硫??덉궘 (遺濡?0硫?遺꾨━)

[90mstderr[2m | src/tests/e2e/pptx-content-assertion.test.ts[2m > [22m[2mL3 PPTX Content Assertion Tests[2m > [2
2m[2mCA04: 紐⑤뱺 ?ъ뒪泥?湲곕낯 ?깆뿉 ?ㅼ뿼 臾몄옄??NaN, undefined, null, [object Object]) 遺??[22m[39m[deck-sequencer] goldilocks:
 蹂몃Ц 18硫???16硫??덉궘 (遺濡?0硫?遺꾨━)

[90mstderr[2m | src/tests/e2e/pptx-stress-matrix.test.ts[2m > [22m[2mAxis 1: PPTX 40-Cell Posture 횞 Grade 횞 Tier S
tress Matrix[2m > [22m[2mPosture: owner_occupied[2m > [22m[2m[owner_occupied] Grade A 횞 basic tier
[22m[39m[BL-5] ?대갚 諛쒕룞: A08 ?щ씪?대뱶 #6 ???꾪궎??낆씠 蹂몃Ц???뚮뜑留곹븯吏 紐삵빐 留덊겕?ㅼ슫 ?대갚 ?ъ슜

[90mstderr[2m | src/tests/e2e/pptx-content-assertion.test.ts[2m > [22m[2mL3 PPTX Content Assertion Tests[2m > [2
2m[2mCA04: 紐⑤뱺 ?ъ뒪泥?湲곕낯 ?깆뿉 ?ㅼ뿼 臾몄옄??NaN, undefined, null, [object Object]) 遺??[22m[39m[BL-5] ?대갚 諛쒕룞: A08 ?щ씪?대뱶 #
8 ???꾪궎??낆씠 蹂몃Ц???뚮뜑留곹븯吏 紐삵빐 留덊겕?ㅼ슫 ?대갚 ?ъ슜

[90mstderr[2m | src/tests/e2e/pptx-defect-resilience.test.ts[2m > [22m[2mAxis 2: PPTX Input Defect Resilience & Ed
ge Case Tests[2m > [22m[2mD13: 20 photos injected -> gallery planner distributes across max gallery slides without c
rashing
[22m[39m[deck-sequencer] goldilocks: 蹂몃Ц 20硫???16硫??덉궘 (遺濡?0硫?遺꾨━)

[90mstderr[2m | src/tests/e2e/pptx-stress-matrix.test.ts[2m > [22m[2mAxis 1: PPTX 40-Cell Posture 횞 Grade 횞 Tier S
tress Matrix[2m > [22m[2mPosture: owner_occupied[2m > [22m[2m[owner_occupied] Grade A 횞 pro tier
[22m[39m[deck-sequencer] goldilocks: 蹂몃Ц 20硫???16硫??덉궘 (遺濡?0硫?遺꾨━)

[90mstderr[2m | src/tests/e2e/pptx-stress-matrix.test.ts[2m > [22m[2mAxis 1: PPTX 40-Cell Posture 횞 Grade 횞 Tier S
tress Matrix[2m > [22m[2mPosture: owner_occupied[2m > [22m[2m[owner_occupied] Grade A 횞 pro tier
[22m[39m[BL-5] ?대갚 諛쒕룞: A08 ?щ씪?대뱶 #6 ???꾪궎??낆씠 蹂몃Ц???뚮뜑留곹븯吏 紐삵빐 留덊겕?ㅼ슫 ?대갚 ?ъ슜

[90mstderr[2m | src/domain/building/mobile-im/__tests__/l5-pipeline-e2e.test.ts[2m > [22m[2mL5: Full Pipeline E2E 
& System Invariants (25 cases)[2m > [22m[2mMobile IM Writer Pipeline Execution[2m > [22m[2mL5-YP-01: generateMobi
leIM produces valid sections for yangpyeong fixture
[22m[39m[MockOpenAIProvider]process.env.OPENAI_API_KEY is missing or in test environment. Returning mock JSON respons
e.

[90mstderr[2m | src/domain/building/mobile-im/__tests__/l5-pipeline-e2e.test.ts[2m > [22m[2mL5: Full Pipeline E2E 
& System Invariants (25 cases)[2m > [22m[2mMobile IM Writer Pipeline Execution[2m > [22m[2mL5-YP-01: generateMobi
leIM produces valid sections for yangpyeong fixture
[22m[39m[MockOpenAIProvider]process.env.OPENAI_API_KEY is missing or in test environment. Returning mock JSON respons
e.

[90mstderr[2m | src/domain/building/mobile-im/__tests__/e2e-real-property.test.ts[2m > [22m[2mE2E Real Property: ?
묓룊??媛 ?붾젅?쒕퉴??(income)[2m > [22m[2mIM ?앹꽦 ?뚯씠?꾨씪??[2m > [22m[2mE2E-YP-PIPELINE: ?묓룊??generateMobileIM ???꾩닔 ?뱀뀡 ?
ы븿
[22m[39m[MockOpenAIProvider]process.env.OPENAI_API_KEY is missing or in test environment. Returning mock JSON respons
e.

[90mstdout[2m | src/domain/building/mobile-im/__tests__/e2e-real-property.test.ts[2m > [22m[2mE2E Real Property: ?묓룊??媛 ?붾젅?쒕퉴??(income)[2m > [22m[2mIM ?앹꽦 ?뚯씠?꾨씪??[2m > [22m[2mE2E-YP-PIPELINE: ?묓룊??generateMobileIM ???꾩닔 ?뱀뀡 ?ы븿
[22m[39m[fewshot-tracker] Golden candidate registered (pending approval): income_analysis of doc gen_wjlmhhdmgqq_1788689488800 (Score: 5)

[90mstderr[2m | src/tests/e2e/ai-matching-e2e.test.ts[2m > [22m[2mAI Matching Domain E2E Tests (AI 留ㅼ묶/異붿쿇)[2m > 
[22m[2mD1. 3-Stage 留ㅼ닔??留ㅼ묶[2m > [22m[2mMATCH-E2E-01: API 留ㅼ묶 ?ㅽ뻾 POST /api/broker/match ??grade, score, stage bre
akdown
[22m[39m[MockOpenAIProvider] process.env.OPENAI_API_KEY is missing or in test environment. Returning mock embedding.
[MockOpenAIProvider] process.env.OPENAI_API_KEY is missing or in test environment. Returning mock embedding.

[90mstderr[2m | src/tests/e2e/pptx-stress-matrix.test.ts[2m > [22m[2mAxis 1: PPTX 40-Cell Posture 횞 Grade 횞 Tier S
tress Matrix[2m > [22m[2mPosture: owner_occupied[2m > [22m[2m[owner_occupied] Grade B 횞 basic tier
[22m[39m[BL-5] ?대갚 諛쒕룞: A08 ?щ씪?대뱶 #6 ???꾪궎??낆씠 蹂몃Ц???뚮뜑留곹븯吏 紐삵빐 留덊겕?ㅼ슫 ?대갚 ?ъ슜

[90mstderr[2m | src/domain/building/mobile-im/__tests__/l5-pipeline-e2e.test.ts[2m > [22m[2mL5: Full Pipeline E2E 
& System Invariants (25 cases)[2m > [22m[2mMobile IM Writer Pipeline Execution[2m > [22m[2mL5-YP-01: generateMobi
leIM produces valid sections for yangpyeong fixture
[22m[39m[MockOpenAIProvider]process.env.OPENAI_API_KEY is missing or in test environment. Returning mock JSON respons
e.

[90mstdout[2m | src/tests/e2e/mobile-im-e2e.test.ts[2m > [22m[2mE2E Layer 3: Semantic Prompt Cache[2m > [22m[2mE2E-C03: set ??get ?쇱슫?쒗듃由?[22m[39m[Cache] Set for key: im_prompt_cache:cache_e2e_test:e1573e8000007cd8f393bc6d4a095519adb032792e3c23304b7dabb939f98cde

[90mstdout[2m | src/tests/e2e/mobile-im-e2e.test.ts[2m > [22m[2mE2E Layer 3: Semantic Prompt Cache[2m > [22m[2mE2E-C03: set ??get ?쇱슫?쒗듃由?[22m[39m[Cache] Hit for key: im_prompt_cache:cache_e2e_test:e1573e8000007cd8f393bc6d4a095519adb032792e3c23304b7dabb939f98cde

[90mstdout[2m | src/tests/e2e/mobile-im-e2e.test.ts[2m > [22m[2mE2E Layer 3: Semantic Prompt Cache[2m > [22m[2mE2E-C04: TTL 留뚮즺 ??null 諛섑솚
[22m[39m[Cache] Set for key: im_prompt_cache:ttl_e2e_test:58b92250e5b0cd2f70aea8e436a29fa2ef199e332a478f567ea2f10f6d739c76

[90mstdout[2m | src/domain/building/mobile-im/__tests__/l5-pipeline-e2e.test.ts[2m > [22m[2mL5: Full Pipeline E2E & System Invariants (25 cases)[2m > [22m[2mMobile IM Writer Pipeline Execution[2m > [22m[2mL5-YP-01: generateMobileIM produces valid sections for yangpyeong fixture
[22m[39m[fewshot-tracker] Golden candidate registered (pending approval): income_analysis of doc gen_ovhedi9qr0p_1788689488810 (Score: 5)

[90mstderr[2m | src/tests/e2e/pptx-content-assertion.test.ts[2m > [22m[2mL3 PPTX Content Assertion Tests[2m > [2
2m[2mCA05: 紐⑤뱺 ?ъ뒪泥?湲곕낯 ?깆뿉 ?쒓? ?좊땲肄붾뱶 ?띿뒪??諛??꾩닔 XML 援ъ“ ?뺤긽 ?앹꽦
[22m[39m[BL-5] ?대갚 諛쒕룞: A08 ?щ씪?대뱶 #6 ???꾪궎??낆씠 蹂몃Ц???뚮뜑留곹븯吏 紐삵빐 留덊겕?ㅼ슫 ?대갚 ?ъ슜

[90mstderr[2m | src/tests/e2e/pptx-stress-matrix.test.ts[2m > [22m[2mAxis 1: PPTX 40-Cell Posture 횞 Grade 횞 Tier S
tress Matrix[2m > [22m[2mPosture: owner_occupied[2m > [22m[2m[owner_occupied] Grade B 횞 pro tier
[22m[39m[BL-5] ?대갚 諛쒕룞: A08 ?щ씪?대뱶 #6 ???꾪궎??낆씠 蹂몃Ц???뚮뜑留곹븯吏 紐삵빐 留덊겕?ㅼ슫 ?대갚 ?ъ슜

[90mstderr[2m | src/tests/e2e/pptx-content-assertion.test.ts[2m > [22m[2mL3 PPTX Content Assertion Tests[2m > [2
2m[2mCA05: 紐⑤뱺 ?ъ뒪泥?湲곕낯 ?깆뿉 ?쒓? ?좊땲肄붾뱶 ?띿뒪??諛??꾩닔 XML 援ъ“ ?뺤긽 ?앹꽦
[22m[39m[deck-sequencer] goldilocks: 蹂몃Ц 18硫???16硫??덉궘 (遺濡?0硫?遺꾨━)

[90mstderr[2m | src/tests/e2e/pptx-content-assertion.test.ts[2m > [22m[2mL3 PPTX Content Assertion Tests[2m > [2
2m[2mCA05: 紐⑤뱺 ?ъ뒪泥?湲곕낯 ?깆뿉 ?쒓? ?좊땲肄붾뱶 ?띿뒪??諛??꾩닔 XML 援ъ“ ?뺤긽 ?앹꽦
[22m[39m[BL-5] ?대갚 諛쒕룞: A08 ?щ씪?대뱶 #8 ???꾪궎??낆씠 蹂몃Ц???뚮뜑留곹븯吏 紐삵빐 留덊겕?ㅼ슫 ?대갚 ?ъ슜

[90mstderr[2m | src/tests/e2e/ai-matching-e2e.test.ts[2m > [22m[2mAI Matching Domain E2E Tests (AI 留ㅼ묶/異붿쿇)[2m > 
[22m[2mD1. 3-Stage 留ㅼ닔??留ㅼ묶[2m > [22m[2mMATCH-E2E-01: API 留ㅼ묶 ?ㅽ뻾 POST /api/broker/match ??grade, score, stage bre
akdown
[22m[39m[match] save error {
  code: [32m'22P02'[39m,
  details: [1mnull[22m,
  hint: [1mnull[22m,
  message: [32m'invalid input syntax for type uuid: "b1"'[39m
}

[90mstderr[2m | src/domain/building/mobile-im/__tests__/e2e-real-property.test.ts[2m > [22m[2mE2E Real Property: ?
묓룊??媛 ?붾젅?쒕퉴??(income)[2m > [22m[2mIM ?앹꽦 ?뚯씠?꾨씪??[2m > [22m[2mE2E-YP-PIPELINE: ?묓룊??generateMobileIM ???꾩닔 ?뱀뀡 ?
ы븿
[22m[39m[MockOpenAIProvider]process.env.OPENAI_API_KEY is missing or in test environment. Returning mock JSON respons
e.

[90mstderr[2m | src/domain/building/mobile-im/__tests__/e2e-real-property.test.ts[2m > [22m[2mE2E Real Property: ?
묓룊??媛 ?붾젅?쒕퉴??(income)[2m > [22m[2mIM ?앹꽦 ?뚯씠?꾨씪??[2m > [22m[2mE2E-YP-PIPELINE: ?묓룊??generateMobileIM ???꾩닔 ?뱀뀡 ?
ы븿
[22m[39m[MockOpenAIProvider]process.env.OPENAI_API_KEY is missing or in test environment. Returning mock JSON respons
e.

[90mstderr[2m | src/tests/e2e/pptx-stress-matrix.test.ts[2m > [22m[2mAxis 1: PPTX 40-Cell Posture 횞 Grade 횞 Tier S
tress Matrix[2m > [22m[2mPosture: owner_occupied[2m > [22m[2m[owner_occupied] Grade C 횞 basic tier
[22m[39m[BL-5] ?대갚 諛쒕룞: A08 ?щ씪?대뱶 #6 ???꾪궎??낆씠 蹂몃Ц???뚮뜑留곹븯吏 紐삵빐 留덊겕?ㅼ슫 ?대갚 ?ъ슜

[90mstderr[2m | src/domain/building/mobile-im/__tests__/l5-pipeline-e2e.test.ts[2m > [22m[2mL5: Full Pipeline E2E 
& System Invariants (25 cases)[2m > [22m[2mMobile IM Writer Pipeline Execution[2m > [22m[2mL5-YP-01: generateMobi
leIM produces valid sections for yangpyeong fixture
[22m[39m[MockOpenAIProvider]process.env.OPENAI_API_KEY is missing or in test environment. Returning mock JSON respons
e.

[90mstderr[2m | src/tests/e2e/pptx-stress-matrix.test.ts[2m > [22m[2mAxis 1: PPTX 40-Cell Posture 횞 Grade 횞 Tier S
tress Matrix[2m > [22m[2mPosture: owner_occupied[2m > [22m[2m[owner_occupied] Grade C 횞 pro tier
[22m[39m[BL-5] ?대갚 諛쒕룞: A08 ?щ씪?대뱶 #6 ???꾪궎??낆씠 蹂몃Ц???뚮뜑留곹븯吏 紐삵빐 留덊겕?ㅼ슫 ?대갚 ?ъ슜

[90mstderr[2m | src/domain/building/mobile-im/__tests__/e2e-real-property.test.ts[2m > [22m[2mE2E Real Property: ?
묓룊??媛 ?붾젅?쒕퉴??(income)[2m > [22m[2mIM ?앹꽦 ?뚯씠?꾨씪??[2m > [22m[2mE2E-YP-PIPELINE: ?묓룊??generateMobileIM ???꾩닔 ?뱀뀡 ?
ы븿
[22m[39m[MockOpenAIProvider]process.env.OPENAI_API_KEY is missing or in test environment. Returning mock JSON respons
e.

[90mstderr[2m | src/tests/e2e/pptx-defect-resilience.test.ts[2m > [22m[2mAxis 2: PPTX Input Defect Resilience & Ed
ge Case Tests[2m > [22m[2mD16: hasViolation and hasJointCollateral flags -> loan slide suppressed in pro tier
[22m[39m[deck-sequencer] goldilocks: 蹂몃Ц 19硫???16硫??덉궘 (遺濡?0硫?遺꾨━)

 [32m??[39m src/tests/e2e/pptx-content-assertion.test.ts [2m([22m[2m5 tests[22m[2m)[22m[33m 5289[2mms[22m[39m
     [33m[2m??[22m[39m CA01: 紐⑤뱺 ?ъ뒪泥섏뿉 ???蹂몃Ц ?щ씪?대뱶媛 ?띿뒪?몃? ?ы븿?댁빞 ??[33m 2441[2mms[22m[39m
     [33m[2m??[22m[39m CA03: 媛??ъ뒪泥섎퀎濡?怨좎쑀 ?ㅼ썙?쒓? ?ы븿?섏뼱????[33m 1009[2mms[22m[39m
     [33m[2m??[22m[39m CA04: 紐⑤뱺 ?ъ뒪泥?湲곕낯 ?깆뿉 ?ㅼ뿼 臾몄옄??NaN, undefined, null, [object Object]) 遺??[33m 870[2mms[22m[39m
     [33m[2m??[22m[39m CA05: 紐⑤뱺 ?ъ뒪泥?湲곕낯 ?깆뿉 ?쒓? ?좊땲肄붾뱶 ?띿뒪??諛??꾩닔 XML 援ъ“ ?뺤긽 ?앹꽦 [33m 695[2mms[22m[39m
[90mstderr[2m | src/domain/building/mobile-im/__tests__/l5-pipeline-e2e.test.ts[2m > [22m[2mL5: Full Pipeline E2E 
& System Invariants (25 cases)[2m > [22m[2mMobile IM Writer Pipeline Execution[2m > [22m[2mL5-YP-01: generateMobi
leIM produces valid sections for yangpyeong fixture
[22m[39m[MockOpenAIProvider]process.env.OPENAI_API_KEY is missing or in test environment. Returning mock JSON respons
e.

[90mstdout[2m | src/domain/building/mobile-im/__tests__/e2e-real-property.test.ts[2m > [22m[2mE2E Real Property: ?묓룊??媛 ?붾젅?쒕퉴??(income)[2m > [22m[2mIM ?앹꽦 ?뚯씠?꾨씪??[2m > [22m[2mE2E-YP-PIPELINE: ?묓룊??generateMobileIM ???꾩닔 ?뱀뀡 ?ы븿
[22m[39m[fewshot-tracker] Golden candidate registered (pending approval): risk_check of doc gen_wjlmhhdmgqq_1788689488800 (Score: 5)

[90mstderr[2m | src/tests/e2e/pptx-stress-matrix.test.ts[2m > [22m[2mAxis 1: PPTX 40-Cell Posture 횞 Grade 횞 Tier S
tress Matrix[2m > [22m[2mPosture: development[2m > [22m[2m[development] Grade A 횞 basic tier
[22m[39m[deck-sequencer] goldilocks: 蹂몃Ц 22硫???16硫??덉궘 (遺濡?0硫?遺꾨━)

[90mstderr[2m | src/tests/e2e/real-broker-im-pipeline.test.ts[2m > [22m[2mReal Broker Commercial Income Properties
 E2E Pipeline[2m > [22m[2mR3: GBD Macro Transit Vector Diagram Engine & Catchment Demand Domain Isolation (M3)[2m >
 [22m[2m[?곗씠??諛붿씤??[Positive Pair 3] macroTransitImage媛 dataMap['location']??諛붿씤?⑸릺怨?A06 ?щ씪?대뱶媛 ?뚮뜑留곷맖 ?⑥뼵
[22m[39m[deck-sequencer] goldilocks: 蹂몃Ц 21硫???16硫??덉궘 (遺濡?1硫?遺꾨━)

[90mstderr[2m | src/tests/e2e/pptx-stress-matrix.test.ts[2m > [22m[2mAxis 1: PPTX 40-Cell Posture 횞 Grade 횞 Tier S
tress Matrix[2m > [22m[2mPosture: development[2m > [22m[2m[development] Grade A 횞 basic tier
[22m[39m[BL-5] ?대갚 諛쒕룞: A08 ?щ씪?대뱶 #8 ???꾪궎??낆씠 蹂몃Ц???뚮뜑留곹븯吏 紐삵빐 留덊겕?ㅼ슫 ?대갚 ?ъ슜

 [32m??[39m src/tests/e2e/pptx-defect-resilience.test.ts [2m([22m[2m16 tests[22m[2m)[22m[33m 5382[2mms[22m[39m
     [33m[2m??[22m[39m D01: sections: [] -> throws no unhandled error, renders minimal deck [33m 711[2mms[22m[39m
     [33m[2m??[22m[39m D02: sections missing section_type -> fallback to title and renders safely [33m 454[2mms[22m[39m
     [33m[2m??[22m[39m D03: empty markdown in sections -> graceful degradation without crash [33m 302[2mms[22m[39m
     [33m[2m??[22m[39m D04: building metadata undefined -> renders with defaults [33m 354[2mms[22m[39m
     [33m[2m??[22m[39m D05: doc.body: {} -> builds summary and defaults safely [33m 350[2mms[22m[39m
     [33m[2m??[22m[39m D08: unknown section_type -> fallback binding without crash [33m 309[2mms[22m[39m
     [33m[2m??[22m[39m D10: huge table with 50 rows -> handles overflow with warnings without crashing [33m 313[2mms[22m[39m
     [33m[2m??[22m[39m D13: 20 photos injected -> gallery planner distributes across max gallery slides without crashing [33m 1043[2mms[22m[39m
[90mstderr[2m | src/tests/e2e/cbre-nh-capital-pipeline.test.ts[2m > [22m[2mCBRE Benchmark (NH Capital Building) E2
E Pipeline[2m > [22m[2mG4 & Rule 6: Physical PPTX Binary Inspection & Output Assertions[2m > [22m[2m[Negative Pai
r] Rule 1 ?섎Ⅴ?뚮굹 ?⑥뼱 ?ㅼ뿼 ??諛붿씠?덈━ ?몄뒪?숈뀡 李⑤떒 ?⑥뼵
[22m[39m[resolvePhotos] D33 BL-B: 1???쒖쇅 ??buildingId 誘몄씪移?誘몄꽕??(??? cbre-nh-capital-persona-test)
[resolvePhotos] D33 BL-B: 紐⑤뱺 ?ъ쭊??buildingId ?꾪꽣?먯꽌 ?쒖쇅??(cbre-nh-capital-test vs cbre-nh-capital-persona-test) ??媛ㅻ윭由
??좎????대갚?쇰줈 ?ъ쭊 蹂댁〈
[deck-sequencer] goldilocks: 蹂몃Ц 21硫???16硫??덉궘 (遺濡?0硫?遺꾨━)

[90mstderr[2m | src/tests/e2e/p0-numeric-pipeline.test.ts[2m > [22m[2mT02: Numeric Pipeline End-to-End Consistency
[2m > [22m[2mT02-02: SSoT summary price_band appears in rendered PPTX
[22m[39m[deck-sequencer] goldilocks: 蹂몃Ц 20硫???16硫??덉궘 (遺濡?0硫?遺꾨━)

[90mstderr[2m | src/tests/e2e/pptx-stress-matrix.test.ts[2m > [22m[2mAxis 1: PPTX 40-Cell Posture 횞 Grade 횞 Tier S
tress Matrix[2m > [22m[2mPosture: development[2m > [22m[2m[development] Grade A 횞 pro tier
[22m[39m[deck-sequencer] goldilocks: 蹂몃Ц 22硫???16硫??덉궘 (遺濡?0硫?遺꾨━)

[90mstderr[2m | src/tests/e2e/pptx-stress-matrix.test.ts[2m > [22m[2mAxis 1: PPTX 40-Cell Posture 횞 Grade 횞 Tier S
tress Matrix[2m > [22m[2mPosture: development[2m > [22m[2m[development] Grade A 횞 pro tier
[22m[39m[BL-5] ?대갚 諛쒕룞: A08 ?щ씪?대뱶 #8 ???꾪궎??낆씠 蹂몃Ц???뚮뜑留곹븯吏 紐삵빐 留덊겕?ㅼ슫 ?대갚 ?ъ슜

[90mstderr[2m | src/tests/domain/gov-premium-apis.test.ts[2m > [22m[2mCRE Premium Government APIs (A1-A6)[2m > [
22m[2mGET /api/public/gov-data?action=verify triggers all government endpoints
[22m[39m[RentalTrend] seongsu API failed: DOMException [TimeoutError]: The operation was aborted due to timeout
[90m    at node:internal/deps/undici/undici:16416:13[39m
    at fetchRentalTrend (C:/Users/User/cre-dealcard/src/domain/external/gov-premium-apis.ts:86:17)
    at async Promise.all (index 0)
    at Module.GET (C:/Users/User/cre-dealcard/src/app/api/public/gov-data/route.ts:27:94)
    at C:/Users/User/cre-dealcard/src/tests/domain/gov-premium-apis.test.ts:41:17
    at [90mfile:///C:/Users/User/cre-dealcard/[39mnode_modules/[4m@vitest/runner[24m/dist/chunk-artifact.js:1903:20
[RentalTrend] seongsu ??no data available

[90mstderr[2m | src/tests/domain/gov-premium-apis.test.ts[2m > [22m[2mCRE Premium Government APIs (A1-A6)[2m > [
22m[2mGET /api/public/gov-data?action=verify triggers all government endpoints
[22m[39m[EnergyRating] API failed: DOMException [TimeoutError]: The operation was aborted due to timeout
[90m    at node:internal/deps/undici/undici:16416:13[39m
[90m    at runNextTicks (node:internal/process/task_queues:64:5)[39m
[90m    at listOnTimeout (node:internal/timers:567:9)[39m
[90m    at processTimers (node:internal/timers:541:7)[39m
    at fetchEnergyRating (C:/Users/User/cre-dealcard/src/domain/external/gov-premium-apis.ts:144:17)
    at async Promise.all (index 3)
    at Module.GET (C:/Users/User/cre-dealcard/src/app/api/public/gov-data/route.ts:27:94)
    at C:/Users/User/cre-dealcard/src/tests/domain/gov-premium-apis.test.ts:41:17
    at [90mfile:///C:/Users/User/cre-dealcard/[39mnode_modules/[4m@vitest/runner[24m/dist/chunk-artifact.js:1903:20

[90mstderr[2m | src/tests/domain/gov-premium-apis.test.ts[2m > [22m[2mCRE Premium Government APIs (A1-A6)[2m > [
22m[2mGET /api/public/gov-data?action=verify triggers all government endpoints
[22m[39m[SEMAS] District D001 failed: DOMException [TimeoutError]: The operation was aborted due to timeout
[90m    at node:internal/deps/undici/undici:16416:13[39m
    at fetchCommercialDistrict (C:/Users/User/cre-dealcard/src/domain/external/gov-premium-apis.ts:188:19)
    at async Promise.all (index 4)
    at Module.GET (C:/Users/User/cre-dealcard/src/app/api/public/gov-data/route.ts:27:94)
    at C:/Users/User/cre-dealcard/src/tests/domain/gov-premium-apis.test.ts:41:17
    at [90mfile:///C:/Users/User/cre-dealcard/[39mnode_modules/[4m@vitest/runner[24m/dist/chunk-artifact.js:1903:20

[90mstderr[2m | src/tests/e2e/p1-reliability-compliance.test.ts[2m > [22m[2mT28: Network Failure Recovery[2m > [
22m[2mT28-01: doc.body.photos with invalid URLs renders without crash
[22m[39m[deck-sequencer] goldilocks: 蹂몃Ц 17硫???16硫??덉궘 (遺濡?0硫?遺꾨━)

[90mstdout[2m | src/tests/e2e/posture-e2e-pipeline.test.ts[2m > [22m[2mE2E Pipeline: 5 Postures Full Path (?ㅼ젣 LLM ?몄텧)[2m > [22m[2mT2: owner_occupied ???깆닔 IT諛몃━ ?듭궗??(Case 05)[2m > [22m[2mT2-01: handler ?뺤긽 ?몄텧 + ?뱀뀡 寃利?[22m[39m[im-handler] gradeResult: B [33m61[39m directData present: [33mfalse[39m

[90mstderr[2m | src/tests/e2e/posture-e2e-pipeline.test.ts[2m > [22m[2mE2E Pipeline: 5 Postures Full Path (?ㅼ젣 LLM
 ?몄텧)[2m > [22m[2mT2: owner_occupied ???깆닔 IT諛몃━ ?듭궗??(Case 05)[2m > [22m[2mT2-01: handler ?뺤긽 ?몄텧 + ?뱀뀡 寃利?[22
m[39m[terminology-normalizer] Failed to load rules from DB, using fallback: TypeError: supabase.from(...).select(...).
eq(...).order is not a function
    at getTerminologyRules (C:/Users/User/cre-dealcard/src/domain/building/mobile-im/terminology-normalizer.ts:146:8)
    at normalizeTerminologyAsync (C:/Users/User/cre-dealcard/src/domain/building/mobile-im/terminology-normalizer.ts:24
5:23)
    at deepNormalizeStringsAsync (C:/Users/User/cre-dealcard/src/domain/building/mobile-im/im-context-builder.ts:117:23
)
    at deepNormalizeStringsAsync (C:/Users/User/cre-dealcard/src/domain/building/mobile-im/im-context-builder.ts:126:24
)
    at buildIMContext (C:/Users/User/cre-dealcard/src/domain/building/mobile-im/im-context-builder.ts:170:24)
    at generateMobileIM (C:/Users/User/cre-dealcard/src/domain/building/mobile-im/writer.ts:76:15)
    at Module.generateMobileIMHandler (C:/Users/User/cre-dealcard/src/app/api/broker/im-lite/generate/handler.ts:307:24
)
    at runPipelineForFixture (C:/Users/User/cre-dealcard/src/tests/e2e/posture-e2e-pipeline.test.ts:119:18)
    at C:/Users/User/cre-dealcard/src/tests/e2e/posture-e2e-pipeline.test.ts:251:35
    at [90mfile:///C:/Users/User/cre-dealcard/[39mnode_modules/[4m@vitest/runner[24m/dist/chunk-artifact.js:1903:20

[90mstderr[2m | src/tests/e2e/ai-matching-e2e.test.ts[2m > [22m[2mAI Matching Domain E2E Tests (AI 留ㅼ묶/異붿쿇)[2m > 
[22m[2mD3. ?섎Ⅴ?뚮굹 ?앹꽦[2m > [22m[2mMATCH-E2E-08: POST /api/broker/ideal-buyer-persona ??3 persona archetypes
[22m[39m[MockOpenAIProvider]process.env.OPENAI_API_KEY is missing or in test environment. Returning mock JSON respons
e.

[90mstderr[2m | src/tests/e2e/pptx-stress-matrix.test.ts[2m > [22m[2mAxis 1: PPTX 40-Cell Posture 횞 Grade 횞 Tier S
tress Matrix[2m > [22m[2mPosture: development[2m > [22m[2m[development] Grade B 횞 basic tier
[22m[39m[deck-sequencer] goldilocks: 蹂몃Ц 18硫???16硫??덉궘 (遺濡?0硫?遺꾨━)

[90mstderr[2m | src/tests/e2e/pptx-stress-matrix.test.ts[2m > [22m[2mAxis 1: PPTX 40-Cell Posture 횞 Grade 횞 Tier S
tress Matrix[2m > [22m[2mPosture: development[2m > [22m[2m[development] Grade B 횞 basic tier
[22m[39m[BL-5] ?대갚 諛쒕룞: A08 ?щ씪?대뱶 #8 ???꾪궎??낆씠 蹂몃Ц???뚮뜑留곹븯吏 紐삵빐 留덊겕?ㅼ슫 ?대갚 ?ъ슜

[90mstderr[2m | src/tests/e2e/posture-e2e-pipeline.test.ts[2m > [22m[2mE2E Pipeline: 5 Postures Full Path (?ㅼ젣 LLM
 ?몄텧)[2m > [22m[2mT2: owner_occupied ???깆닔 IT諛몃━ ?듭궗??(Case 05)[2m > [22m[2mT2-01: handler ?뺤긽 ?몄텧 + ?뱀뀡 寃利?[22
m[39m[CRE-RAG] Hybrid search failed: TypeError: rpcClient.rpc is not a function
    at searchSimilarIMs (C:/Users/User/cre-dealcard/src/domain/building/mobile-im/cre-rag-service.ts:60:45)
[90m    at processTicksAndRejections (node:internal/process/task_queues:103:5)[39m
    at generateRAGContext (C:/Users/User/cre-dealcard/src/domain/building/mobile-im/cre-rag-service.ts:128:16)
    at buildIMContext (C:/Users/User/cre-dealcard/src/domain/building/mobile-im/im-context-builder.ts:274:14)
    at generateMobileIM (C:/Users/User/cre-dealcard/src/domain/building/mobile-im/writer.ts:76:15)
    at Module.generateMobileIMHandler (C:/Users/User/cre-dealcard/src/app/api/broker/im-lite/generate/handler.ts:307:24
)
    at runPipelineForFixture (C:/Users/User/cre-dealcard/src/tests/e2e/posture-e2e-pipeline.test.ts:119:18)
    at C:/Users/User/cre-dealcard/src/tests/e2e/posture-e2e-pipeline.test.ts:251:35
    at [90mfile:///C:/Users/User/cre-dealcard/[39mnode_modules/[4m@vitest/runner[24m/dist/chunk-artifact.js:1903:20

[90mstdout[2m | src/tests/e2e/posture-e2e-pipeline.test.ts[2m > [22m[2mE2E Pipeline: 5 Postures Full Path (?ㅼ젣 LLM ?몄텧)[2m > [22m[2mT2: owner_occupied ???깆닔 IT諛몃━ ?듭궗??(Case 05)[2m > [22m[2mT2-01: handler ?뺤긽 ?몄텧 + ?뱀뀡 寃利?[22m[39m[mobile-im-writer] Prompt variant: writer_system_v2 (v2.0), isLogistics=false, posture=owner_occupied

 [32m??[39m src/tests/unit/macro-transit-engine.test.ts [2m([22m[2m19 tests[22m[2m)[22m[33m 5956[2mms[22m[39m
       [33m[2m??[22m[39m M2-GEN-01: Generates genuine PNG buffer and base64 with all required YBD features [33m 705[2mms[22m[39m
       [33m[2m??[22m[39m M2-GEN-02: Generates JPEG format with custom dimensions and target box [33m 957[2mms[22m[39m
       [33m[2m??[22m[39m M2-DIST-01: GBD Gangnam preset contains Teheran-ro, Line 2, Sinbundang, GTX-A/C, Pangyo arrow [33m 783[2mms[22m[39m
       [33m[2m??[22m[39m M2-DIST-02: CBD Downtown preset contains Cheonggyecheon, Sejong-daero, Line 1, Seoul Station, GTX-A/B [33m 492[2mms[22m[39m
       [33m[2m??[22m[39m M2-A06-01: A06 successfully consumes macroTransitImage and suppresses missing map warning [33m 496[2mms[22m[39m
       [33m[2m??[22m[39m M3-DIST-01: GBD_SINSA preset contains Dosan-daero, Sinsa/Apgujeong stations, Eulji Hospital Stn, Wirye-Sinsa node [33m 437[2mms[22m[39m
       [33m[2m??[22m[39m M3-DIST-02: GBD_SEOCHO preset contains Yangjae/Gangnam stations, GTX-C, Seocho IC [33m 568[2mms[22m[39m
       [33m[2m??[22m[39m [Negative Pair] M3-DIST-04-NEG: Sinsa diagram must NOT contain Samseong Station or Teheran-ro [33m 970[2mms[22m[39m
       [33m[2m??[22m[39m [Negative Pair] M3-DIST-05-NEG: Seocho diagram must NOT contain Teheran-ro or Samseong Station [33m 394[2mms[22m[39m
[90mstderr[2m | src/tests/e2e/posture-e2e-pipeline.test.ts[2m > [22m[2mE2E Pipeline: 5 Postures Full Path (?ㅼ젣 LLM
 ?몄텧)[2m > [22m[2mT2: owner_occupied ???깆닔 IT諛몃━ ?듭궗??(Case 05)[2m > [22m[2mT2-01: handler ?뺤긽 ?몄텧 + ?뱀뀡 寃利?[22
m[39m[writer] Claim violations: [
  [32m"[G38] Calculation '3681b851-b9e5-409d-bc1f-0ed0fd1788d7': basis='NOI'?몃뜲 怨듭젣 ??ぉ???놁뒿?덈떎. ?댁쁺鍮??놁씠 NOI瑜??곗텧????
?놁뒿?덈떎."[39m,
  [32m"[G38] Calculation '4ba8dae0-3df8-4bc0-b74a-fcb501cc84bf': basis='NOI'?몃뜲 怨듭젣 ??ぉ???놁뒿?덈떎. ?댁쁺鍮??놁씠 NOI瑜??곗텧????
?놁뒿?덈떎."[39m,
  [32m"[G38] Calculation '362770fb-7950-444d-a3e0-d3d7115fe585': basis='NOI'?몃뜲 怨듭젣 ??ぉ???놁뒿?덈떎. ?댁쁺鍮??놁씠 NOI瑜??곗텧????
?놁뒿?덈떎."[39m
]
[golden-im] Failed to build few-shot block: TypeError: supabase.from(...).select(...).eq(...).eq is not a function
    at buildIMFewShotBlock (C:/Users/User/cre-dealcard/src/domain/building/mobile-im/golden-im-manager.ts:134:8)
    at generateSingleSection (C:/Users/User/cre-dealcard/src/domain/building/mobile-im/im-section-generator.ts:204:30)
    at C:/Users/User/cre-dealcard/src/domain/building/mobile-im/writer.ts:161:32
    at Array.map (<anonymous>)
    at generateMobileIM (C:/Users/User/cre-dealcard/src/domain/building/mobile-im/writer.ts:159:43)
[90m    at processTicksAndRejections (node:internal/process/task_queues:103:5)[39m
    at Module.generateMobileIMHandler (C:/Users/User/cre-dealcard/src/app/api/broker/im-lite/generate/handler.ts:307:24
)
    at runPipelineForFixture (C:/Users/User/cre-dealcard/src/tests/e2e/posture-e2e-pipeline.test.ts:119:18)
    at C:/Users/User/cre-dealcard/src/tests/e2e/posture-e2e-pipeline.test.ts:251:35
    at [90mfile:///C:/Users/User/cre-dealcard/[39mnode_modules/[4m@vitest/runner[24m/dist/chunk-artifact.js:1903:20
[golden-im] Failed to build few-shot block: TypeError: supabase.from(...).select(...).eq(...).eq is not a function
    at buildIMFewShotBlock (C:/Users/User/cre-dealcard/src/domain/building/mobile-im/golden-im-manager.ts:134:8)
    at generateSingleSection (C:/Users/User/cre-dealcard/src/domain/building/mobile-im/im-section-generator.ts:204:30)
    at C:/Users/User/cre-dealcard/src/domain/building/mobile-im/writer.ts:161:32
    at Array.map (<anonymous>)
    at generateMobileIM (C:/Users/User/cre-dealcard/src/domain/building/mobile-im/writer.ts:159:43)
[90m    at processTicksAndRejections (node:internal/process/task_queues:103:5)[39m
    at Module.generateMobileIMHandler (C:/Users/User/cre-dealcard/src/app/api/broker/im-lite/generate/handler.ts:307:24
)
    at runPipelineForFixture (C:/Users/User/cre-dealcard/src/tests/e2e/posture-e2e-pipeline.test.ts:119:18)
    at C:/Users/User/cre-dealcard/src/tests/e2e/posture-e2e-pipeline.test.ts:251:35
    at [90mfile:///C:/Users/User/cre-dealcard/[39mnode_modules/[4m@vitest/runner[24m/dist/chunk-artifact.js:1903:20
[golden-im] Failed to build few-shot block: TypeError: supabase.from(...).select(...).eq(...).eq is not a function
    at buildIMFewShotBlock (C:/Users/User/cre-dealcard/src/domain/building/mobile-im/golden-im-manager.ts:134:8)
    at generateSingleSection (C:/Users/User/cre-dealcard/src/domain/building/mobile-im/im-section-generator.ts:204:30)
    at C:/Users/User/cre-dealcard/src/domain/building/mobile-im/writer.ts:161:32
    at Array.map (<anonymous>)
    at generateMobileIM (C:/Users/User/cre-dealcard/src/domain/building/mobile-im/writer.ts:159:43)
[90m    at processTicksAndRejections (node:internal/process/task_queues:103:5)[39m
    at Module.generateMobileIMHandler (C:/Users/User/cre-dealcard/src/app/api/broker/im-lite/generate/handler.ts:307:24
)
    at runPipelineForFixture (C:/Users/User/cre-dealcard/src/tests/e2e/posture-e2e-pipeline.test.ts:119:18)
    at C:/Users/User/cre-dealcard/src/tests/e2e/posture-e2e-pipeline.test.ts:251:35
    at [90mfile:///C:/Users/User/cre-dealcard/[39mnode_modules/[4m@vitest/runner[24m/dist/chunk-artifact.js:1903:20
[golden-im] Failed to build few-shot block: TypeError: supabase.from(...).select(...).eq(...).eq is not a function
    at buildIMFewShotBlock (C:/Users/User/cre-dealcard/src/domain/building/mobile-im/golden-im-manager.ts:134:8)
    at generateSingleSection (C:/Users/User/cre-dealcard/src/domain/building/mobile-im/im-section-generator.ts:204:30)
    at C:/Users/User/cre-dealcard/src/domain/building/mobile-im/writer.ts:161:32
    at Array.map (<anonymous>)
    at generateMobileIM (C:/Users/User/cre-dealcard/src/domain/building/mobile-im/writer.ts:159:43)
[90m    at processTicksAndRejections (node:internal/process/task_queues:103:5)[39m
    at Module.generateMobileIMHandler (C:/Users/User/cre-dealcard/src/app/api/broker/im-lite/generate/handler.ts:307:24
)
    at runPipelineForFixture (C:/Users/User/cre-dealcard/src/tests/e2e/posture-e2e-pipeline.test.ts:119:18)
    at C:/Users/User/cre-dealcard/src/tests/e2e/posture-e2e-pipeline.test.ts:251:35
    at [90mfile:///C:/Users/User/cre-dealcard/[39mnode_modules/[4m@vitest/runner[24m/dist/chunk-artifact.js:1903:20
[golden-im] Failed to build few-shot block: TypeError: supabase.from(...).select(...).eq(...).eq is not a function
    at buildIMFewShotBlock (C:/Users/User/cre-dealcard/src/domain/building/mobile-im/golden-im-manager.ts:134:8)
    at generateSingleSection (C:/Users/User/cre-dealcard/src/domain/building/mobile-im/im-section-generator.ts:204:30)
    at C:/Users/User/cre-dealcard/src/domain/building/mobile-im/writer.ts:161:32
    at Array.map (<anonymous>)
    at generateMobileIM (C:/Users/User/cre-dealcard/src/domain/building/mobile-im/writer.ts:159:43)
[90m    at processTicksAndRejections (node:internal/process/task_queues:103:5)[39m
    at Module.generateMobileIMHandler (C:/Users/User/cre-dealcard/src/app/api/broker/im-lite/generate/handler.ts:307:24
)
    at runPipelineForFixture (C:/Users/User/cre-dealcard/src/tests/e2e/posture-e2e-pipeline.test.ts:119:18)
    at C:/Users/User/cre-dealcard/src/tests/e2e/posture-e2e-pipeline.test.ts:251:35
    at [90mfile:///C:/Users/User/cre-dealcard/[39mnode_modules/[4m@vitest/runner[24m/dist/chunk-artifact.js:1903:20
[MockOpenAIProvider]process.env.OPENAI_API_KEY is missing or in test environment. Returning mock JSON response.
[MockOpenAIProvider]process.env.OPENAI_API_KEY is missing or in test environment. Returning mock JSON response.
[MockOpenAIProvider]process.env.OPENAI_API_KEY is missing or in test environment. Returning mock JSON response.
[MockOpenAIProvider]process.env.OPENAI_API_KEY is missing or in test environment. Returning mock JSON response.
[MockOpenAIProvider]process.env.OPENAI_API_KEY is missing or in test environment. Returning mock JSON response.

[90mstderr[2m | src/domain/building/mobile-im/__tests__/e2e-real-property.test.ts[2m > [22m[2mE2E Real Property: ?
묓룊??媛 ?붾젅?쒕퉴??(income)[2m > [22m[2mIM ?앹꽦 ?뚯씠?꾨씪??[2m > [22m[2mE2E-YP-PIPELINE: ?묓룊??generateMobileIM ???꾩닔 ?뱀뀡 ?
ы븿
[22m[39m[MockOpenAIProvider]process.env.OPENAI_API_KEY is missing or in test environment. Returning mock JSON respons
e.

[90mstderr[2m | src/tests/e2e/posture-e2e-pipeline.test.ts[2m > [22m[2mE2E Pipeline: 5 Postures Full Path (?ㅼ젣 LLM
 ?몄텧)[2m > [22m[2mT2: owner_occupied ???깆닔 IT諛몃━ ?듭궗??(Case 05)[2m > [22m[2mT2-01: handler ?뺤긽 ?몄텧 + ?뱀뀡 寃利?[22
m[39m[terminology-normalizer] Failed to load rules from DB, using fallback: TypeError: supabase.from(...).select(...).
eq(...).order is not a function
    at getTerminologyRules (C:/Users/User/cre-dealcard/src/domain/building/mobile-im/terminology-normalizer.ts:146:8)
    at normalizeTerminologyAsync (C:/Users/User/cre-dealcard/src/domain/building/mobile-im/terminology-normalizer.ts:24
5:23)
    at generateSingleSection (C:/Users/User/cre-dealcard/src/domain/building/mobile-im/im-section-generator.ts:392:28)
[90m    at processTicksAndRejections (node:internal/process/task_queues:103:5)[39m
    at async Promise.allSettled (index 0)
    at generateMobileIM (C:/Users/User/cre-dealcard/src/domain/building/mobile-im/writer.ts:190:23)
    at Module.generateMobileIMHandler (C:/Users/User/cre-dealcard/src/app/api/broker/im-lite/generate/handler.ts:307:24
)
    at runPipelineForFixture (C:/Users/User/cre-dealcard/src/tests/e2e/posture-e2e-pipeline.test.ts:119:18)
    at C:/Users/User/cre-dealcard/src/tests/e2e/posture-e2e-pipeline.test.ts:251:35
    at [90mfile:///C:/Users/User/cre-dealcard/[39mnode_modules/[4m@vitest/runner[24m/dist/chunk-artifact.js:1903:20
[MockOpenAIProvider]process.env.OPENAI_API_KEY is missing or in test environment. Returning mock JSON response.
[MockOpenAIProvider]process.env.OPENAI_API_KEY is missing or in test environment. Returning mock JSON response.
[MockOpenAIProvider]process.env.OPENAI_API_KEY is missing or in test environment. Returning mock JSON response.
[terminology-normalizer] Failed to load rules from DB, using fallback: TypeError: supabase.from(...).select(...).eq(...
).order is not a function
    at getTerminologyRules (C:/Users/User/cre-dealcard/src/domain/building/mobile-im/terminology-normalizer.ts:146:8)
    at normalizeTerminologyAsync (C:/Users/User/cre-dealcard/src/domain/building/mobile-im/terminology-normalizer.ts:24
5:23)
    at generateSingleSection (C:/Users/User/cre-dealcard/src/domain/building/mobile-im/im-section-generator.ts:392:28)
[90m    at processTicksAndRejections (node:internal/process/task_queues:103:5)[39m
    at async Promise.allSettled (index 4)
    at generateMobileIM (C:/Users/User/cre-dealcard/src/domain/building/mobile-im/writer.ts:190:23)
    at Module.generateMobileIMHandler (C:/Users/User/cre-dealcard/src/app/api/broker/im-lite/generate/handler.ts:307:24
)
    at runPipelineForFixture (C:/Users/User/cre-dealcard/src/tests/e2e/posture-e2e-pipeline.test.ts:119:18)
    at C:/Users/User/cre-dealcard/src/tests/e2e/posture-e2e-pipeline.test.ts:251:35
    at [90mfile:///C:/Users/User/cre-dealcard/[39mnode_modules/[4m@vitest/runner[24m/dist/chunk-artifact.js:1903:20

[90mstderr[2m | src/tests/e2e/posture-e2e-pipeline.test.ts[2m > [22m[2mE2E Pipeline: 5 Postures Full Path (?ㅼ젣 LLM
 ?몄텧)[2m > [22m[2mT2: owner_occupied ???깆닔 IT諛몃━ ?듭궗??(Case 05)[2m > [22m[2mT2-01: handler ?뺤긽 ?몄텧 + ?뱀뀡 寃利?[22
m[39m[MockOpenAIProvider]process.env.OPENAI_API_KEY is missing or in test environment. Returning mock JSON response.
[MockOpenAIProvider]process.env.OPENAI_API_KEY is missing or in test environment. Returning mock JSON response.
[fewshot-tracker] Failed to update result score: TypeError: supabase.from(...).update is not a function
    at updateFewShotResultScore (C:/Users/User/cre-dealcard/src/domain/building/mobile-im/fewshot-tracker.ts:43:8)
    at generateSingleSection (C:/Users/User/cre-dealcard/src/domain/building/mobile-im/im-section-generator.ts:301:15)
[90m    at processTicksAndRejections (node:internal/process/task_queues:103:5)[39m
    at async Promise.allSettled (index 1)
    at generateMobileIM (C:/Users/User/cre-dealcard/src/domain/building/mobile-im/writer.ts:190:23)
    at Module.generateMobileIMHandler (C:/Users/User/cre-dealcard/src/app/api/broker/im-lite/generate/handler.ts:307:24
)
    at runPipelineForFixture (C:/Users/User/cre-dealcard/src/tests/e2e/posture-e2e-pipeline.test.ts:119:18)
    at C:/Users/User/cre-dealcard/src/tests/e2e/posture-e2e-pipeline.test.ts:251:35
    at [90mfile:///C:/Users/User/cre-dealcard/[39mnode_modules/[4m@vitest/runner[24m/dist/chunk-artifact.js:1903:20
[fewshot-tracker] Failed to auto-promote: TypeError: supabase.from(...).select(...).eq(...).eq is not a function
    at promoteToGoldenCandidate (C:/Users/User/cre-dealcard/src/domain/building/mobile-im/fewshot-tracker.ts:168:8)
    at generateSingleSection (C:/Users/User/cre-dealcard/src/domain/building/mobile-im/im-section-generator.ts:303:17)
[90m    at processTicksAndRejections (node:internal/process/task_queues:103:5)[39m
    at async Promise.allSettled (index 1)
    at generateMobileIM (C:/Users/User/cre-dealcard/src/domain/building/mobile-im/writer.ts:190:23)
    at Module.generateMobileIMHandler (C:/Users/User/cre-dealcard/src/app/api/broker/im-lite/generate/handler.ts:307:24
)
    at runPipelineForFixture (C:/Users/User/cre-dealcard/src/tests/e2e/posture-e2e-pipeline.test.ts:119:18)
    at C:/Users/User/cre-dealcard/src/tests/e2e/posture-e2e-pipeline.test.ts:251:35
    at [90mfile:///C:/Users/User/cre-dealcard/[39mnode_modules/[4m@vitest/runner[24m/dist/chunk-artifact.js:1903:20
[terminology-normalizer] Failed to load rules from DB, using fallback: TypeError: supabase.from(...).select(...).eq(...
).order is not a function
    at getTerminologyRules (C:/Users/User/cre-dealcard/src/domain/building/mobile-im/terminology-normalizer.ts:146:8)
    at normalizeTerminologyAsync (C:/Users/User/cre-dealcard/src/domain/building/mobile-im/terminology-normalizer.ts:24
5:23)
    at generateSingleSection (C:/Users/User/cre-dealcard/src/domain/building/mobile-im/im-section-generator.ts:392:28)
[90m    at processTicksAndRejections (node:internal/process/task_queues:103:5)[39m
    at async Promise.allSettled (index 1)
    at generateMobileIM (C:/Users/User/cre-dealcard/src/domain/building/mobile-im/writer.ts:190:23)
    at Module.generateMobileIMHandler (C:/Users/User/cre-dealcard/src/app/api/broker/im-lite/generate/handler.ts:307:24
)
    at runPipelineForFixture (C:/Users/User/cre-dealcard/src/tests/e2e/posture-e2e-pipeline.test.ts:119:18)
    at C:/Users/User/cre-dealcard/src/tests/e2e/posture-e2e-pipeline.test.ts:251:35
    at [90mfile:///C:/Users/User/cre-dealcard/[39mnode_modules/[4m@vitest/runner[24m/dist/chunk-artifact.js:1903:20
[fewshot-tracker] Failed to update result score: TypeError: supabase.from(...).update is not a function
    at updateFewShotResultScore (C:/Users/User/cre-dealcard/src/domain/building/mobile-im/fewshot-tracker.ts:43:8)
    at generateSingleSection (C:/Users/User/cre-dealcard/src/domain/building/mobile-im/im-section-generator.ts:301:15)
[90m    at processTicksAndRejections (node:internal/process/task_queues:103:5)[39m
    at async Promise.allSettled (index 2)
    at generateMobileIM (C:/Users/User/cre-dealcard/src/domain/building/mobile-im/writer.ts:190:23)
    at Module.generateMobileIMHandler (C:/Users/User/cre-dealcard/src/app/api/broker/im-lite/generate/handler.ts:307:24
)
    at runPipelineForFixture (C:/Users/User/cre-dealcard/src/tests/e2e/posture-e2e-pipeline.test.ts:119:18)
    at C:/Users/User/cre-dealcard/src/tests/e2e/posture-e2e-pipeline.test.ts:251:35
    at [90mfile:///C:/Users/User/cre-dealcard/[39mnode_modules/[4m@vitest/runner[24m/dist/chunk-artifact.js:1903:20
[fewshot-tracker] Failed to auto-promote: TypeError: supabase.from(...).select(...).eq(...).eq is not a function
    at promoteToGoldenCandidate (C:/Users/User/cre-dealcard/src/domain/building/mobile-im/fewshot-tracker.ts:168:8)
    at generateSingleSection (C:/Users/User/cre-dealcard/src/domain/building/mobile-im/im-section-generator.ts:303:17)
[90m    at processTicksAndRejections (node:internal/process/task_queues:103:5)[39m
    at async Promise.allSettled (index 2)
    at generateMobileIM (C:/Users/User/cre-dealcard/src/domain/building/mobile-im/writer.ts:190:23)
    at Module.generateMobileIMHandler (C:/Users/User/cre-dealcard/src/app/api/broker/im-lite/generate/handler.ts:307:24
)
    at runPipelineForFixture (C:/Users/User/cre-dealcard/src/tests/e2e/posture-e2e-pipeline.test.ts:119:18)
    at C:/Users/User/cre-dealcard/src/tests/e2e/posture-e2e-pipeline.test.ts:251:35
    at [90mfile:///C:/Users/User/cre-dealcard/[39mnode_modules/[4m@vitest/runner[24m/dist/chunk-artifact.js:1903:20
[terminology-normalizer] Failed to load rules from DB, using fallback: TypeError: supabase.from(...).select(...).eq(...
).order is not a function
    at getTerminologyRules (C:/Users/User/cre-dealcard/src/domain/building/mobile-im/terminology-normalizer.ts:146:8)
    at normalizeTerminologyAsync (C:/Users/User/cre-dealcard/src/domain/building/mobile-im/terminology-normalizer.ts:24
5:23)
    at generateSingleSection (C:/Users/User/cre-dealcard/src/domain/building/mobile-im/im-section-generator.ts:392:28)
[90m    at processTicksAndRejections (node:internal/process/task_queues:103:5)[39m
    at async Promise.allSettled (index 2)
    at generateMobileIM (C:/Users/User/cre-dealcard/src/domain/building/mobile-im/writer.ts:190:23)
    at Module.generateMobileIMHandler (C:/Users/User/cre-dealcard/src/app/api/broker/im-lite/generate/handler.ts:307:24
)
    at runPipelineForFixture (C:/Users/User/cre-dealcard/src/tests/e2e/posture-e2e-pipeline.test.ts:119:18)
    at C:/Users/User/cre-dealcard/src/tests/e2e/posture-e2e-pipeline.test.ts:251:35
    at [90mfile:///C:/Users/User/cre-dealcard/[39mnode_modules/[4m@vitest/runner[24m/dist/chunk-artifact.js:1903:20
[fewshot-tracker] Failed to update result score: TypeError: supabase.from(...).update is not a function
    at updateFewShotResultScore (C:/Users/User/cre-dealcard/src/domain/building/mobile-im/fewshot-tracker.ts:43:8)
    at generateSingleSection (C:/Users/User/cre-dealcard/src/domain/building/mobile-im/im-section-generator.ts:301:15)
[90m    at processTicksAndRejections (node:internal/process/task_queues:103:5)[39m
    at async Promise.allSettled (index 3)
    at generateMobileIM (C:/Users/User/cre-dealcard/src/domain/building/mobile-im/writer.ts:190:23)
    at Module.generateMobileIMHandler (C:/Users/User/cre-dealcard/src/app/api/broker/im-lite/generate/handler.ts:307:24
)
    at runPipelineForFixture (C:/Users/User/cre-dealcard/src/tests/e2e/posture-e2e-pipeline.test.ts:119:18)
    at C:/Users/User/cre-dealcard/src/tests/e2e/posture-e2e-pipeline.test.ts:251:35
    at [90mfile:///C:/Users/User/cre-dealcard/[39mnode_modules/[4m@vitest/runner[24m/dist/chunk-artifact.js:1903:20
[fewshot-tracker] Failed to auto-promote: TypeError: supabase.from(...).select(...).eq(...).eq is not a function
    at promoteToGoldenCandidate (C:/Users/User/cre-dealcard/src/domain/building/mobile-im/fewshot-tracker.ts:168:8)
    at generateSingleSection (C:/Users/User/cre-dealcard/src/domain/building/mobile-im/im-section-generator.ts:303:17)
[90m    at processTicksAndRejections (node:internal/process/task_queues:103:5)[39m
    at async Promise.allSettled (index 3)
    at generateMobileIM (C:/Users/User/cre-dealcard/src/domain/building/mobile-im/writer.ts:190:23)
    at Module.generateMobileIMHandler (C:/Users/User/cre-dealcard/src/app/api/broker/im-lite/generate/handler.ts:307:24
)
    at runPipelineForFixture (C:/Users/User/cre-dealcard/src/tests/e2e/posture-e2e-pipeline.test.ts:119:18)
    at C:/Users/User/cre-dealcard/src/tests/e2e/posture-e2e-pipeline.test.ts:251:35
    at [90mfile:///C:/Users/User/cre-dealcard/[39mnode_modules/[4m@vitest/runner[24m/dist/chunk-artifact.js:1903:20
[terminology-normalizer] Failed to load rules from DB, using fallback: TypeError: supabase.from(...).select(...).eq(...
).order is not a function
    at getTerminologyRules (C:/Users/User/cre-dealcard/src/domain/building/mobile-im/terminology-normalizer.ts:146:8)
    at normalizeTerminologyAsync (C:/Users/User/cre-dealcard/src/domain/building/mobile-im/terminology-normalizer.ts:24
5:23)
    at generateSingleSection (C:/Users/User/cre-dealcard/src/domain/building/mobile-im/im-section-generator.ts:392:28)
[90m    at processTicksAndRejections (node:internal/process/task_queues:103:5)[39m
    at async Promise.allSettled (index 3)
    at generateMobileIM (C:/Users/User/cre-dealcard/src/domain/building/mobile-im/writer.ts:190:23)
    at Module.generateMobileIMHandler (C:/Users/User/cre-dealcard/src/app/api/broker/im-lite/generate/handler.ts:307:24
)
    at runPipelineForFixture (C:/Users/User/cre-dealcard/src/tests/e2e/posture-e2e-pipeline.test.ts:119:18)
    at C:/Users/User/cre-dealcard/src/tests/e2e/posture-e2e-pipeline.test.ts:251:35
    at [90mfile:///C:/Users/User/cre-dealcard/[39mnode_modules/[4m@vitest/runner[24m/dist/chunk-artifact.js:1903:20

[90mstderr[2m | src/tests/e2e/posture-e2e-pipeline.test.ts[2m > [22m[2mE2E Pipeline: 5 Postures Full Path (?ㅼ젣 LLM
 ?몄텧)[2m > [22m[2mT2: owner_occupied ???깆닔 IT諛몃━ ?듭궗??(Case 05)[2m > [22m[2mT2-01: handler ?뺤긽 ?몄텧 + ?뱀뀡 寃利?[22
m[39m[MockOpenAIProvider]process.env.OPENAI_API_KEY is missing or in test environment. Returning mock JSON response.
[MockOpenAIProvider]process.env.OPENAI_API_KEY is missing or in test environment. Returning mock JSON response.
[MockOpenAIProvider]process.env.OPENAI_API_KEY is missing or in test environment. Returning mock JSON response.

[90mstderr[2m | src/tests/e2e/posture-e2e-pipeline.test.ts[2m > [22m[2mE2E Pipeline: 5 Postures Full Path (?ㅼ젣 LLM
 ?몄텧)[2m > [22m[2mT2: owner_occupied ???깆닔 IT諛몃━ ?듭궗??(Case 05)[2m > [22m[2mT2-01: handler ?뺤긽 ?몄텧 + ?뱀뀡 寃利?[22
m[39m[golden-im] Failed to build few-shot block: TypeError: supabase.from(...).select(...).eq(...).eq is not a functio
n
    at buildIMFewShotBlock (C:/Users/User/cre-dealcard/src/domain/building/mobile-im/golden-im-manager.ts:134:8)
    at generateSingleSection (C:/Users/User/cre-dealcard/src/domain/building/mobile-im/im-section-generator.ts:204:30)
    at generateMobileIM (C:/Users/User/cre-dealcard/src/domain/building/mobile-im/writer.ts:250:28)
[90m    at processTicksAndRejections (node:internal/process/task_queues:103:5)[39m
    at Module.generateMobileIMHandler (C:/Users/User/cre-dealcard/src/app/api/broker/im-lite/generate/handler.ts:307:24
)
    at runPipelineForFixture (C:/Users/User/cre-dealcard/src/tests/e2e/posture-e2e-pipeline.test.ts:119:18)
    at C:/Users/User/cre-dealcard/src/tests/e2e/posture-e2e-pipeline.test.ts:251:35
    at [90mfile:///C:/Users/User/cre-dealcard/[39mnode_modules/[4m@vitest/runner[24m/dist/chunk-artifact.js:1903:20

[90mstderr[2m | src/tests/e2e/posture-e2e-pipeline.test.ts[2m > [22m[2mE2E Pipeline: 5 Postures Full Path (?ㅼ젣 LLM
 ?몄텧)[2m > [22m[2mT2: owner_occupied ???깆닔 IT諛몃━ ?듭궗??(Case 05)[2m > [22m[2mT2-01: handler ?뺤긽 ?몄텧 + ?뱀뀡 寃利?[22
m[39m[MockOpenAIProvider]process.env.OPENAI_API_KEY is missing or in test environment. Returning mock JSON response.

[90mstderr[2m | src/tests/e2e/posture-e2e-pipeline.test.ts[2m > [22m[2mE2E Pipeline: 5 Postures Full Path (?ㅼ젣 LLM
 ?몄텧)[2m > [22m[2mT2: owner_occupied ???깆닔 IT諛몃━ ?듭궗??(Case 05)[2m > [22m[2mT2-01: handler ?뺤긽 ?몄텧 + ?뱀뀡 寃利?[22
m[39m[MockOpenAIProvider]process.env.OPENAI_API_KEY is missing or in test environment. Returning mock JSON response.

[90mstderr[2m | src/tests/e2e/posture-e2e-pipeline.test.ts[2m > [22m[2mE2E Pipeline: 5 Postures Full Path (?ㅼ젣 LLM
 ?몄텧)[2m > [22m[2mT2: owner_occupied ???깆닔 IT諛몃━ ?듭궗??(Case 05)[2m > [22m[2mT2-01: handler ?뺤긽 ?몄텧 + ?뱀뀡 寃利?[22
m[39m[fewshot-tracker] Failed to update result score: TypeError: supabase.from(...).update is not a function
    at updateFewShotResultScore (C:/Users/User/cre-dealcard/src/domain/building/mobile-im/fewshot-tracker.ts:43:8)
    at generateSingleSection (C:/Users/User/cre-dealcard/src/domain/building/mobile-im/im-section-generator.ts:301:15)
[90m    at processTicksAndRejections (node:internal/process/task_queues:103:5)[39m
    at generateMobileIM (C:/Users/User/cre-dealcard/src/domain/building/mobile-im/writer.ts:250:22)
    at Module.generateMobileIMHandler (C:/Users/User/cre-dealcard/src/app/api/broker/im-lite/generate/handler.ts:307:24
)
    at runPipelineForFixture (C:/Users/User/cre-dealcard/src/tests/e2e/posture-e2e-pipeline.test.ts:119:18)
    at C:/Users/User/cre-dealcard/src/tests/e2e/posture-e2e-pipeline.test.ts:251:35
    at [90mfile:///C:/Users/User/cre-dealcard/[39mnode_modules/[4m@vitest/runner[24m/dist/chunk-artifact.js:1903:20
[fewshot-tracker] Failed to auto-promote: TypeError: supabase.from(...).select(...).eq(...).eq is not a function
    at promoteToGoldenCandidate (C:/Users/User/cre-dealcard/src/domain/building/mobile-im/fewshot-tracker.ts:168:8)
    at generateSingleSection (C:/Users/User/cre-dealcard/src/domain/building/mobile-im/im-section-generator.ts:303:17)
[90m    at processTicksAndRejections (node:internal/process/task_queues:103:5)[39m
    at generateMobileIM (C:/Users/User/cre-dealcard/src/domain/building/mobile-im/writer.ts:250:22)
    at Module.generateMobileIMHandler (C:/Users/User/cre-dealcard/src/app/api/broker/im-lite/generate/handler.ts:307:24
)
    at runPipelineForFixture (C:/Users/User/cre-dealcard/src/tests/e2e/posture-e2e-pipeline.test.ts:119:18)
    at C:/Users/User/cre-dealcard/src/tests/e2e/posture-e2e-pipeline.test.ts:251:35
    at [90mfile:///C:/Users/User/cre-dealcard/[39mnode_modules/[4m@vitest/runner[24m/dist/chunk-artifact.js:1903:20
[terminology-normalizer] Failed to load rules from DB, using fallback: TypeError: supabase.from(...).select(...).eq(...
).order is not a function
    at getTerminologyRules (C:/Users/User/cre-dealcard/src/domain/building/mobile-im/terminology-normalizer.ts:146:8)
    at normalizeTerminologyAsync (C:/Users/User/cre-dealcard/src/domain/building/mobile-im/terminology-normalizer.ts:24
5:23)
    at generateSingleSection (C:/Users/User/cre-dealcard/src/domain/building/mobile-im/im-section-generator.ts:392:28)
[90m    at processTicksAndRejections (node:internal/process/task_queues:103:5)[39m
    at generateMobileIM (C:/Users/User/cre-dealcard/src/domain/building/mobile-im/writer.ts:250:22)
    at Module.generateMobileIMHandler (C:/Users/User/cre-dealcard/src/app/api/broker/im-lite/generate/handler.ts:307:24
)
    at runPipelineForFixture (C:/Users/User/cre-dealcard/src/tests/e2e/posture-e2e-pipeline.test.ts:119:18)
    at C:/Users/User/cre-dealcard/src/tests/e2e/posture-e2e-pipeline.test.ts:251:35
    at [90mfile:///C:/Users/User/cre-dealcard/[39mnode_modules/[4m@vitest/runner[24m/dist/chunk-artifact.js:1903:20

[90mstderr[2m | src/tests/e2e/posture-e2e-pipeline.test.ts[2m > [22m[2mE2E Pipeline: 5 Postures Full Path (?ㅼ젣 LLM
 ?몄텧)[2m > [22m[2mT2: owner_occupied ???깆닔 IT諛몃━ ?듭궗??(Case 05)[2m > [22m[2mT2-01: handler ?뺤긽 ?몄텧 + ?뱀뀡 寃利?[22
m[39m[MockOpenAIProvider]process.env.OPENAI_API_KEY is missing or in test environment. Returning mock JSON response.

[90mstderr[2m | src/tests/e2e/posture-e2e-pipeline.test.ts[2m > [22m[2mE2E Pipeline: 5 Postures Full Path (?ㅼ젣 LLM
 ?몄텧)[2m > [22m[2mT2: owner_occupied ???깆닔 IT諛몃━ ?듭궗??(Case 05)[2m > [22m[2mT2-01: handler ?뺤긽 ?몄텧 + ?뱀뀡 寃利?[22
m[39m[golden-im] Failed to build few-shot block: TypeError: supabase.from(...).select(...).eq(...).eq is not a functio
n
    at buildIMFewShotBlock (C:/Users/User/cre-dealcard/src/domain/building/mobile-im/golden-im-manager.ts:134:8)
    at generateSingleSection (C:/Users/User/cre-dealcard/src/domain/building/mobile-im/im-section-generator.ts:204:30)
    at generateMobileIM (C:/Users/User/cre-dealcard/src/domain/building/mobile-im/writer.ts:250:28)
[90m    at processTicksAndRejections (node:internal/process/task_queues:103:5)[39m
    at Module.generateMobileIMHandler (C:/Users/User/cre-dealcard/src/app/api/broker/im-lite/generate/handler.ts:307:24
)
    at runPipelineForFixture (C:/Users/User/cre-dealcard/src/tests/e2e/posture-e2e-pipeline.test.ts:119:18)
    at C:/Users/User/cre-dealcard/src/tests/e2e/posture-e2e-pipeline.test.ts:251:35
    at [90mfile:///C:/Users/User/cre-dealcard/[39mnode_modules/[4m@vitest/runner[24m/dist/chunk-artifact.js:1903:20

[90mstderr[2m | src/tests/e2e/posture-e2e-pipeline.test.ts[2m > [22m[2mE2E Pipeline: 5 Postures Full Path (?ㅼ젣 LLM
 ?몄텧)[2m > [22m[2mT2: owner_occupied ???깆닔 IT諛몃━ ?듭궗??(Case 05)[2m > [22m[2mT2-01: handler ?뺤긽 ?몄텧 + ?뱀뀡 寃利?[22
m[39m[MockOpenAIProvider]process.env.OPENAI_API_KEY is missing or in test environment. Returning mock JSON response.

[90mstderr[2m | src/tests/e2e/posture-e2e-pipeline.test.ts[2m > [22m[2mE2E Pipeline: 5 Postures Full Path (?ㅼ젣 LLM
 ?몄텧)[2m > [22m[2mT2: owner_occupied ???깆닔 IT諛몃━ ?듭궗??(Case 05)[2m > [22m[2mT2-01: handler ?뺤긽 ?몄텧 + ?뱀뀡 寃利?[22
m[39m[terminology-normalizer] Failed to load rules from DB, using fallback: TypeError: supabase.from(...).select(...).
eq(...).order is not a function
    at getTerminologyRules (C:/Users/User/cre-dealcard/src/domain/building/mobile-im/terminology-normalizer.ts:146:8)
    at normalizeTerminologyAsync (C:/Users/User/cre-dealcard/src/domain/building/mobile-im/terminology-normalizer.ts:24
5:23)
    at generateSingleSection (C:/Users/User/cre-dealcard/src/domain/building/mobile-im/im-section-generator.ts:392:28)
[90m    at processTicksAndRejections (node:internal/process/task_queues:103:5)[39m
    at generateMobileIM (C:/Users/User/cre-dealcard/src/domain/building/mobile-im/writer.ts:250:22)
    at Module.generateMobileIMHandler (C:/Users/User/cre-dealcard/src/app/api/broker/im-lite/generate/handler.ts:307:24
)
    at runPipelineForFixture (C:/Users/User/cre-dealcard/src/tests/e2e/posture-e2e-pipeline.test.ts:119:18)
    at C:/Users/User/cre-dealcard/src/tests/e2e/posture-e2e-pipeline.test.ts:251:35
    at [90mfile:///C:/Users/User/cre-dealcard/[39mnode_modules/[4m@vitest/runner[24m/dist/chunk-artifact.js:1903:20

[90mstderr[2m | src/tests/e2e/posture-e2e-pipeline.test.ts[2m > [22m[2mE2E Pipeline: 5 Postures Full Path (?ㅼ젣 LLM
 ?몄텧)[2m > [22m[2mT2: owner_occupied ???깆닔 IT諛몃━ ?듭궗??(Case 05)[2m > [22m[2mT2-01: handler ?뺤긽 ?몄텧 + ?뱀뀡 寃利?[22
m[39m[MockOpenAIProvider]process.env.OPENAI_API_KEY is missing or in test environment. Returning mock JSON response.

[90mstderr[2m | src/tests/e2e/posture-e2e-pipeline.test.ts[2m > [22m[2mE2E Pipeline: 5 Postures Full Path (?ㅼ젣 LLM
 ?몄텧)[2m > [22m[2mT2: owner_occupied ???깆닔 IT諛몃━ ?듭궗??(Case 05)[2m > [22m[2mT2-01: handler ?뺤긽 ?몄텧 + ?뱀뀡 寃利?[22
m[39m[golden-im] Failed to build few-shot block: TypeError: supabase.from(...).select(...).eq(...).eq is not a functio
n
    at buildIMFewShotBlock (C:/Users/User/cre-dealcard/src/domain/building/mobile-im/golden-im-manager.ts:134:8)
    at generateSingleSection (C:/Users/User/cre-dealcard/src/domain/building/mobile-im/im-section-generator.ts:204:30)
    at generateMobileIM (C:/Users/User/cre-dealcard/src/domain/building/mobile-im/writer.ts:250:28)
[90m    at processTicksAndRejections (node:internal/process/task_queues:103:5)[39m
    at Module.generateMobileIMHandler (C:/Users/User/cre-dealcard/src/app/api/broker/im-lite/generate/handler.ts:307:24
)
    at runPipelineForFixture (C:/Users/User/cre-dealcard/src/tests/e2e/posture-e2e-pipeline.test.ts:119:18)
    at C:/Users/User/cre-dealcard/src/tests/e2e/posture-e2e-pipeline.test.ts:251:35
    at [90mfile:///C:/Users/User/cre-dealcard/[39mnode_modules/[4m@vitest/runner[24m/dist/chunk-artifact.js:1903:20

[90mstderr[2m | src/tests/e2e/posture-e2e-pipeline.test.ts[2m > [22m[2mE2E Pipeline: 5 Postures Full Path (?ㅼ젣 LLM
 ?몄텧)[2m > [22m[2mT2: owner_occupied ???깆닔 IT諛몃━ ?듭궗??(Case 05)[2m > [22m[2mT2-01: handler ?뺤긽 ?몄텧 + ?뱀뀡 寃利?[22
m[39m[MockOpenAIProvider]process.env.OPENAI_API_KEY is missing or in test environment. Returning mock JSON response.

[90mstderr[2m | src/tests/e2e/posture-e2e-pipeline.test.ts[2m > [22m[2mE2E Pipeline: 5 Postures Full Path (?ㅼ젣 LLM
 ?몄텧)[2m > [22m[2mT2: owner_occupied ???깆닔 IT諛몃━ ?듭궗??(Case 05)[2m > [22m[2mT2-01: handler ?뺤긽 ?몄텧 + ?뱀뀡 寃利?[22
m[39m[terminology-normalizer] Failed to load rules from DB, using fallback: TypeError: supabase.from(...).select(...).
eq(...).order is not a function
    at getTerminologyRules (C:/Users/User/cre-dealcard/src/domain/building/mobile-im/terminology-normalizer.ts:146:8)
    at normalizeTerminologyAsync (C:/Users/User/cre-dealcard/src/domain/building/mobile-im/terminology-normalizer.ts:24
5:23)
    at generateSingleSection (C:/Users/User/cre-dealcard/src/domain/building/mobile-im/im-section-generator.ts:392:28)
[90m    at processTicksAndRejections (node:internal/process/task_queues:103:5)[39m
    at generateMobileIM (C:/Users/User/cre-dealcard/src/domain/building/mobile-im/writer.ts:250:22)
    at Module.generateMobileIMHandler (C:/Users/User/cre-dealcard/src/app/api/broker/im-lite/generate/handler.ts:307:24
)
    at runPipelineForFixture (C:/Users/User/cre-dealcard/src/tests/e2e/posture-e2e-pipeline.test.ts:119:18)
    at C:/Users/User/cre-dealcard/src/tests/e2e/posture-e2e-pipeline.test.ts:251:35
    at [90mfile:///C:/Users/User/cre-dealcard/[39mnode_modules/[4m@vitest/runner[24m/dist/chunk-artifact.js:1903:20

[90mstderr[2m | src/tests/e2e/posture-e2e-pipeline.test.ts[2m > [22m[2mE2E Pipeline: 5 Postures Full Path (?ㅼ젣 LLM
 ?몄텧)[2m > [22m[2mT2: owner_occupied ???깆닔 IT諛몃━ ?듭궗??(Case 05)[2m > [22m[2mT2-01: handler ?뺤긽 ?몄텧 + ?뱀뀡 寃利?[22
m[39m[MockOpenAIProvider]process.env.OPENAI_API_KEY is missing or in test environment. Returning mock JSON response.

[90mstderr[2m | src/tests/e2e/posture-e2e-pipeline.test.ts[2m > [22m[2mE2E Pipeline: 5 Postures Full Path (?ㅼ젣 LLM
 ?몄텧)[2m > [22m[2mT2: owner_occupied ???깆닔 IT諛몃━ ?듭궗??(Case 05)[2m > [22m[2mT2-01: handler ?뺤긽 ?몄텧 + ?뱀뀡 寃利?[22
m[39m[golden-im] Failed to build few-shot block: TypeError: supabase.from(...).select(...).eq(...).eq is not a functio
n
    at buildIMFewShotBlock (C:/Users/User/cre-dealcard/src/domain/building/mobile-im/golden-im-manager.ts:134:8)
    at generateSingleSection (C:/Users/User/cre-dealcard/src/domain/building/mobile-im/im-section-generator.ts:204:30)
    at generateMobileIM (C:/Users/User/cre-dealcard/src/domain/building/mobile-im/writer.ts:250:28)
[90m    at processTicksAndRejections (node:internal/process/task_queues:103:5)[39m
    at Module.generateMobileIMHandler (C:/Users/User/cre-dealcard/src/app/api/broker/im-lite/generate/handler.ts:307:24
)
    at runPipelineForFixture (C:/Users/User/cre-dealcard/src/tests/e2e/posture-e2e-pipeline.test.ts:119:18)
    at C:/Users/User/cre-dealcard/src/tests/e2e/posture-e2e-pipeline.test.ts:251:35
    at [90mfile:///C:/Users/User/cre-dealcard/[39mnode_modules/[4m@vitest/runner[24m/dist/chunk-artifact.js:1903:20

[90mstderr[2m | src/tests/e2e/posture-e2e-pipeline.test.ts[2m > [22m[2mE2E Pipeline: 5 Postures Full Path (?ㅼ젣 LLM
 ?몄텧)[2m > [22m[2mT2: owner_occupied ???깆닔 IT諛몃━ ?듭궗??(Case 05)[2m > [22m[2mT2-01: handler ?뺤긽 ?몄텧 + ?뱀뀡 寃利?[22
m[39m[MockOpenAIProvider]process.env.OPENAI_API_KEY is missing or in test environment. Returning mock JSON response.

[90mstderr[2m | src/tests/e2e/posture-e2e-pipeline.test.ts[2m > [22m[2mE2E Pipeline: 5 Postures Full Path (?ㅼ젣 LLM
 ?몄텧)[2m > [22m[2mT2: owner_occupied ???깆닔 IT諛몃━ ?듭궗??(Case 05)[2m > [22m[2mT2-01: handler ?뺤긽 ?몄텧 + ?뱀뀡 寃利?[22
m[39m[terminology-normalizer] Failed to load rules from DB, using fallback: TypeError: supabase.from(...).select(...).
eq(...).order is not a function
    at getTerminologyRules (C:/Users/User/cre-dealcard/src/domain/building/mobile-im/terminology-normalizer.ts:146:8)
    at normalizeTerminologyAsync (C:/Users/User/cre-dealcard/src/domain/building/mobile-im/terminology-normalizer.ts:24
5:23)
    at generateSingleSection (C:/Users/User/cre-dealcard/src/domain/building/mobile-im/im-section-generator.ts:392:28)
[90m    at processTicksAndRejections (node:internal/process/task_queues:103:5)[39m
    at generateMobileIM (C:/Users/User/cre-dealcard/src/domain/building/mobile-im/writer.ts:250:22)
    at Module.generateMobileIMHandler (C:/Users/User/cre-dealcard/src/app/api/broker/im-lite/generate/handler.ts:307:24
)
    at runPipelineForFixture (C:/Users/User/cre-dealcard/src/tests/e2e/posture-e2e-pipeline.test.ts:119:18)
    at C:/Users/User/cre-dealcard/src/tests/e2e/posture-e2e-pipeline.test.ts:251:35
    at [90mfile:///C:/Users/User/cre-dealcard/[39mnode_modules/[4m@vitest/runner[24m/dist/chunk-artifact.js:1903:20

[90mstderr[2m | src/tests/e2e/posture-e2e-pipeline.test.ts[2m > [22m[2mE2E Pipeline: 5 Postures Full Path (?ㅼ젣 LLM
 ?몄텧)[2m > [22m[2mT2: owner_occupied ???깆닔 IT諛몃━ ?듭궗??(Case 05)[2m > [22m[2mT2-01: handler ?뺤긽 ?몄텧 + ?뱀뀡 寃利?[22
m[39m[MockOpenAIProvider]process.env.OPENAI_API_KEY is missing or in test environment. Returning mock JSON response.

[90mstderr[2m | src/tests/e2e/posture-e2e-pipeline.test.ts[2m > [22m[2mE2E Pipeline: 5 Postures Full Path (?ㅼ젣 LLM
 ?몄텧)[2m > [22m[2mT2: owner_occupied ???깆닔 IT諛몃━ ?듭궗??(Case 05)[2m > [22m[2mT2-01: handler ?뺤긽 ?몄텧 + ?뱀뀡 寃利?[22
m[39m[mobile-im] Publish gates blocked: [ [32m'G05'[39m, [32m'G08'[39m, [32m'G20'[39m, [32m'G24'[39m ]

[90mstderr[2m | src/domain/building/mobile-im/__tests__/l5-pipeline-e2e.test.ts[2m > [22m[2mL5: Full Pipeline E2E 
& System Invariants (25 cases)[2m > [22m[2mMobile IM Writer Pipeline Execution[2m > [22m[2mL5-YP-01: generateMobi
leIM produces valid sections for yangpyeong fixture
[22m[39m[MockOpenAIProvider]process.env.OPENAI_API_KEY is missing or in test environment. Returning mock JSON respons
e.

[90mstderr[2m | src/domain/building/mobile-im/__tests__/l5-pipeline-e2e.test.ts[2m > [22m[2mL5: Full Pipeline E2E 
& System Invariants (25 cases)[2m > [22m[2mMobile IM Writer Pipeline Execution[2m > [22m[2mL5-YP-01: generateMobi
leIM produces valid sections for yangpyeong fixture
[22m[39m[MockOpenAIProvider]process.env.OPENAI_API_KEY is missing or in test environment. Returning mock JSON respons
e.

[90mstdout[2m | src/tests/e2e/mobile-im-e2e.test.ts[2m > [22m[2mE2E Layer 4: External Data Integration[2m > [22m[2m?쒖꽭 ?щ·???명꽣?섏씠??[2m > [22m[2mE2E-M01: 鍮꾧탳?щ? ?щ·??諛섑솚 ???寃利?[22m[39mFetching comparables for ?ㅽ뵾??near ??궪??within 1km

[90mstderr[2m | src/tests/e2e/posture-e2e-pipeline.test.ts[2m > [22m[2mE2E Pipeline: 5 Postures Full Path (?ㅼ젣 LLM
 ?몄텧)[2m > [22m[2mT2: owner_occupied ???깆닔 IT諛몃━ ?듭궗??(Case 05)[2m > [22m[2mT2-01: handler ?뺤긽 ?몄텧 + ?뱀뀡 寃利?[22
m[39m[BL-5] ?대갚 諛쒕룞: A08 ?щ씪?대뱶 #6 ???꾪궎??낆씠 蹂몃Ц???뚮뜑留곹븯吏 紐삵빐 留덊겕?ㅼ슫 ?대갚 ?ъ슜

[90mstderr[2m | src/domain/building/mobile-im/__tests__/e2e-real-property.test.ts[2m > [22m[2mE2E Real Property: ?
묓룊??媛 ?붾젅?쒕퉴??(income)[2m > [22m[2mIM ?앹꽦 ?뚯씠?꾨씪??[2m > [22m[2mE2E-YP-PIPELINE: ?묓룊??generateMobileIM ???꾩닔 ?뱀뀡 ?
ы븿
[22m[39m[MockOpenAIProvider]process.env.OPENAI_API_KEY is missing or in test environment. Returning mock JSON respons
e.

[90mstderr[2m | src/domain/building/mobile-im/__tests__/e2e-real-property.test.ts[2m > [22m[2mE2E Real Property: ?
묓룊??媛 ?붾젅?쒕퉴??(income)[2m > [22m[2mIM ?앹꽦 ?뚯씠?꾨씪??[2m > [22m[2mE2E-YP-PIPELINE: ?묓룊??generateMobileIM ???꾩닔 ?뱀뀡 ?
ы븿
[22m[39m[mobile-im] Publish gates blocked: [ [32m'G02'[39m, [32m'G05'[39m, [32m'G06'[39m, [32m'G08'[39m, [32
m'G20'[39m, [32m'G24'[39m ]
[cross-validator] 援먯감 寃利?寃곌낵 ??critical: 12, warning: 0, fields: [vacancy_narrative_contradiction, vacancy_narrative_c
ontradiction, vacancy_narrative_contradiction, vacancy_narrative_contradiction, vacancy_narrative_contradiction, vacanc
y_narrative_contradiction, vacancy_narrative_contradiction, vacancy_narrative_contradiction, vacancy_narrative_contradi
ction, vacancy_narrative_contradiction, vacancy_narrative_contradiction, vacancy_narrative_contradiction]

[90mstderr[2m | src/tests/e2e/p0-numeric-pipeline.test.ts[2m > [22m[2mT02: Numeric Pipeline End-to-End Consistency
[2m > [22m[2mT02-03: Area values preserved through pipeline to PPTX
[22m[39m[deck-sequencer] goldilocks: 蹂몃Ц 20硫???16硫??덉궘 (遺濡?0硫?遺꾨━)

[90mstderr[2m | src/tests/e2e/pptx-stress-matrix.test.ts[2m > [22m[2mAxis 1: PPTX 40-Cell Posture 횞 Grade 횞 Tier S
tress Matrix[2m > [22m[2mPosture: development[2m > [22m[2m[development] Grade B 횞 pro tier
[22m[39m[deck-sequencer] goldilocks: 蹂몃Ц 18硫???16硫??덉궘 (遺濡?0硫?遺꾨━)

[90mstderr[2m | src/tests/e2e/pptx-stress-matrix.test.ts[2m > [22m[2mAxis 1: PPTX 40-Cell Posture 횞 Grade 횞 Tier S
tress Matrix[2m > [22m[2mPosture: development[2m > [22m[2m[development] Grade B 횞 pro tier
[22m[39m[BL-5] ?대갚 諛쒕룞: A08 ?щ씪?대뱶 #8 ???꾪궎??낆씠 蹂몃Ц???뚮뜑留곹븯吏 紐삵빐 留덊겕?ㅼ슫 ?대갚 ?ъ슜

[90mstderr[2m | src/domain/building/mobile-im/__tests__/l5-pipeline-e2e.test.ts[2m > [22m[2mL5: Full Pipeline E2E 
& System Invariants (25 cases)[2m > [22m[2mMobile IM Writer Pipeline Execution[2m > [22m[2mL5-YP-01: generateMobi
leIM produces valid sections for yangpyeong fixture
[22m[39m[MockOpenAIProvider]process.env.OPENAI_API_KEY is missing or in test environment. Returning mock JSON respons
e.

[90mstderr[2m | src/tests/e2e/posture-e2e-pipeline.test.ts[2m > [22m[2mE2E Pipeline: 5 Postures Full Path (?ㅼ젣 LLM
 ?몄텧)[2m > [22m[2mT3: development ????궪 ?뚰뿤?濡??좎텞遺吏 (Case 12)[2m > [22m[2mT3-01: handler ?뺤긽 ?몄텧 + ?뱀뀡 寃利?[2
2m[39m[terminology-normalizer] Failed to load rules from DB, using fallback: TypeError: supabase.from(...).select(...)
.eq(...).order is not a function
    at getTerminologyRules (C:/Users/User/cre-dealcard/src/domain/building/mobile-im/terminology-normalizer.ts:146:8)
    at normalizeTerminologyAsync (C:/Users/User/cre-dealcard/src/domain/building/mobile-im/terminology-normalizer.ts:24
5:23)
    at deepNormalizeStringsAsync (C:/Users/User/cre-dealcard/src/domain/building/mobile-im/im-context-builder.ts:117:23
)
    at deepNormalizeStringsAsync (C:/Users/User/cre-dealcard/src/domain/building/mobile-im/im-context-builder.ts:126:24
)
    at buildIMContext (C:/Users/User/cre-dealcard/src/domain/building/mobile-im/im-context-builder.ts:170:24)
    at generateMobileIM (C:/Users/User/cre-dealcard/src/domain/building/mobile-im/writer.ts:76:15)
    at Module.generateMobileIMHandler (C:/Users/User/cre-dealcard/src/app/api/broker/im-lite/generate/handler.ts:307:24
)
    at runPipelineForFixture (C:/Users/User/cre-dealcard/src/tests/e2e/posture-e2e-pipeline.test.ts:119:18)
    at C:/Users/User/cre-dealcard/src/tests/e2e/posture-e2e-pipeline.test.ts:269:35
    at [90mfile:///C:/Users/User/cre-dealcard/[39mnode_modules/[4m@vitest/runner[24m/dist/chunk-artifact.js:1903:20

[90mstderr[2m | src/tests/e2e/posture-e2e-pipeline.test.ts[2m > [22m[2mE2E Pipeline: 5 Postures Full Path (?ㅼ젣 LLM
 ?몄텧)[2m > [22m[2mT3: development ????궪 ?뚰뿤?濡??좎텞遺吏 (Case 12)[2m > [22m[2mT3-01: handler ?뺤긽 ?몄텧 + ?뱀뀡 寃利?[2
2m[39m[terminology-normalizer] Failed to load rules from DB, using fallback: TypeError: supabase.from(...).select(...)
.eq(...).order is not a function
    at getTerminologyRules (C:/Users/User/cre-dealcard/src/domain/building/mobile-im/terminology-normalizer.ts:146:8)
    at normalizeTerminologyAsync (C:/Users/User/cre-dealcard/src/domain/building/mobile-im/terminology-normalizer.ts:24
5:23)
    at deepNormalizeStringsAsync (C:/Users/User/cre-dealcard/src/domain/building/mobile-im/im-context-builder.ts:117:23
)
    at deepNormalizeStringsAsync (C:/Users/User/cre-dealcard/src/domain/building/mobile-im/im-context-builder.ts:126:24
)
    at buildIMContext (C:/Users/User/cre-dealcard/src/domain/building/mobile-im/im-context-builder.ts:170:24)
    at generateMobileIM (C:/Users/User/cre-dealcard/src/domain/building/mobile-im/writer.ts:76:15)
    at Module.generateMobileIMHandler (C:/Users/User/cre-dealcard/src/app/api/broker/im-lite/generate/handler.ts:307:24
)
    at runPipelineForFixture (C:/Users/User/cre-dealcard/src/tests/e2e/posture-e2e-pipeline.test.ts:119:18)
    at C:/Users/User/cre-dealcard/src/tests/e2e/posture-e2e-pipeline.test.ts:269:35
    at [90mfile:///C:/Users/User/cre-dealcard/[39mnode_modules/[4m@vitest/runner[24m/dist/chunk-artifact.js:1903:20

[90mstderr[2m | src/domain/building/mobile-im/__tests__/l5-pipeline-e2e.test.ts[2m > [22m[2mL5: Full Pipeline E2E 
& System Invariants (25 cases)[2m > [22m[2mMobile IM Writer Pipeline Execution[2m > [22m[2mL5-YP-01: generateMobi
leIM produces valid sections for yangpyeong fixture
[22m[39m[mobile-im] Publish gates blocked: [ [32m'G02'[39m, [32m'G05'[39m, [32m'G06'[39m, [32m'G08'[39m, [32
m'G20'[39m, [32m'G24'[39m ]
[cross-validator] 援먯감 寃利?寃곌낵 ??critical: 12, warning: 0, fields: [vacancy_narrative_contradiction, vacancy_narrative_c
ontradiction, vacancy_narrative_contradiction, vacancy_narrative_contradiction, vacancy_narrative_contradiction, vacanc
y_narrative_contradiction, vacancy_narrative_contradiction, vacancy_narrative_contradiction, vacancy_narrative_contradi
ction, vacancy_narrative_contradiction, vacancy_narrative_contradiction, vacancy_narrative_contradiction]

[90mstderr[2m | src/tests/e2e/posture-e2e-pipeline.test.ts[2m > [22m[2mE2E Pipeline: 5 Postures Full Path (?ㅼ젣 LLM
 ?몄텧)[2m > [22m[2mT3: development ????궪 ?뚰뿤?濡??좎텞遺吏 (Case 12)[2m > [22m[2mT3-01: handler ?뺤긽 ?몄텧 + ?뱀뀡 寃利?[2
2m[39m[im-context-builder] 怨듭떎瑜??곗씠??誘명솗蹂????щТ 異붿젙移섏뿉 怨듭떎瑜?誘몃컲??
[90mstdout[2m | src/tests/e2e/posture-e2e-pipeline.test.ts[2m > [22m[2mE2E Pipeline: 5 Postures Full Path (?ㅼ젣 LLM ?몄텧)[2m > [22m[2mT3: development ????궪 ?뚰뿤?濡??좎텞遺吏 (Case 12)[2m > [22m[2mT3-01: handler ?뺤긽 ?몄텧 + ?뱀뀡 寃利?[22m[39m[im-handler] gradeResult: B [33m61[39m directData present: [33mfalse[39m

[90mstderr[2m | src/tests/e2e/p0-numeric-pipeline.test.ts[2m > [22m[2mT02: Numeric Pipeline End-to-End Consistency
[2m > [22m[2mT02-04: Cap Rate and NOI values in rendered PPTX
[22m[39m[deck-sequencer] goldilocks: 蹂몃Ц 20硫???16硫??덉궘 (遺濡?0硫?遺꾨━)

[90mstderr[2m | src/tests/e2e/pptx-stress-matrix.test.ts[2m > [22m[2mAxis 1: PPTX 40-Cell Posture 횞 Grade 횞 Tier S
tress Matrix[2m > [22m[2mPosture: development[2m > [22m[2m[development] Grade C 횞 basic tier
[22m[39m[BL-5] ?대갚 諛쒕룞: A08 ?щ씪?대뱶 #8 ???꾪궎??낆씠 蹂몃Ц???뚮뜑留곹븯吏 紐삵빐 留덊겕?ㅼ슫 ?대갚 ?ъ슜

[90mstderr[2m | src/tests/e2e/posture-e2e-pipeline.test.ts[2m > [22m[2mE2E Pipeline: 5 Postures Full Path (?ㅼ젣 LLM
 ?몄텧)[2m > [22m[2mT3: development ????궪 ?뚰뿤?濡??좎텞遺吏 (Case 12)[2m > [22m[2mT3-01: handler ?뺤긽 ?몄텧 + ?뱀뀡 寃利?[2
2m[39m[terminology-normalizer] Failed to flush rule hits: TypeError: supabase.rpc is not a function
    at Timeout.flushRuleHits [as _onTimeout] (C:/Users/User/cre-dealcard/src/domain/building/mobile-im/terminology-norm
alizer.ts:213:59)
[90m    at listOnTimeout (node:internal/timers:605:17)[39m
[90m    at processTimers (node:internal/timers:541:7)[39m

[90mstderr[2m | src/tests/e2e/posture-e2e-pipeline.test.ts[2m > [22m[2mE2E Pipeline: 5 Postures Full Path (?ㅼ젣 LLM
 ?몄텧)[2m > [22m[2mT3: development ????궪 ?뚰뿤?濡??좎텞遺吏 (Case 12)[2m > [22m[2mT3-01: handler ?뺤긽 ?몄텧 + ?뱀뀡 寃利?[2
2m[39m[CRE-RAG] Hybrid search failed: TypeError: rpcClient.rpc is not a function
    at searchSimilarIMs (C:/Users/User/cre-dealcard/src/domain/building/mobile-im/cre-rag-service.ts:60:45)
[90m    at processTicksAndRejections (node:internal/process/task_queues:103:5)[39m
    at generateRAGContext (C:/Users/User/cre-dealcard/src/domain/building/mobile-im/cre-rag-service.ts:128:16)
    at buildIMContext (C:/Users/User/cre-dealcard/src/domain/building/mobile-im/im-context-builder.ts:274:14)
    at generateMobileIM (C:/Users/User/cre-dealcard/src/domain/building/mobile-im/writer.ts:76:15)
    at Module.generateMobileIMHandler (C:/Users/User/cre-dealcard/src/app/api/broker/im-lite/generate/handler.ts:307:24
)
    at runPipelineForFixture (C:/Users/User/cre-dealcard/src/tests/e2e/posture-e2e-pipeline.test.ts:119:18)
    at C:/Users/User/cre-dealcard/src/tests/e2e/posture-e2e-pipeline.test.ts:269:35
    at [90mfile:///C:/Users/User/cre-dealcard/[39mnode_modules/[4m@vitest/runner[24m/dist/chunk-artifact.js:1903:20

[90mstdout[2m | src/tests/e2e/posture-e2e-pipeline.test.ts[2m > [22m[2mE2E Pipeline: 5 Postures Full Path (?ㅼ젣 LLM ?몄텧)[2m > [22m[2mT3: development ????궪 ?뚰뿤?濡??좎텞遺吏 (Case 12)[2m > [22m[2mT3-01: handler ?뺤긽 ?몄텧 + ?뱀뀡 寃利?[22m[39m[mobile-im-writer] Prompt variant: writer_system_v2 (v2.0), isLogistics=false, posture=development

[90mstderr[2m | src/tests/e2e/posture-e2e-pipeline.test.ts[2m > [22m[2mE2E Pipeline: 5 Postures Full Path (?ㅼ젣 LLM
 ?몄텧)[2m > [22m[2mT3: development ????궪 ?뚰뿤?濡??좎텞遺吏 (Case 12)[2m > [22m[2mT3-01: handler ?뺤긽 ?몄텧 + ?뱀뀡 寃利?[2
2m[39m[writer] Claim violations: [
  [32m"[G38] Calculation '6aa21c1b-85d4-4459-a2aa-71731e994fbd': basis='NOI'?몃뜲 怨듭젣 ??ぉ???놁뒿?덈떎. ?댁쁺鍮??놁씠 NOI瑜??곗텧????
?놁뒿?덈떎."[39m,
  [32m"[G38] Calculation 'cc1272b2-d08e-4371-b83f-d8afad16ee37': basis='NOI'?몃뜲 怨듭젣 ??ぉ???놁뒿?덈떎. ?댁쁺鍮??놁씠 NOI瑜??곗텧????
?놁뒿?덈떎."[39m,
  [32m"[G38] Calculation '8f1c7b99-283a-4871-a1f3-5e3915f2753c': basis='NOI'?몃뜲 怨듭젣 ??ぉ???놁뒿?덈떎. ?댁쁺鍮??놁씠 NOI瑜??곗텧????
?놁뒿?덈떎."[39m
]
[golden-im] Failed to build few-shot block: TypeError: supabase.from(...).select(...).eq(...).eq is not a function
    at buildIMFewShotBlock (C:/Users/User/cre-dealcard/src/domain/building/mobile-im/golden-im-manager.ts:134:8)
    at generateSingleSection (C:/Users/User/cre-dealcard/src/domain/building/mobile-im/im-section-generator.ts:204:30)
    at C:/Users/User/cre-dealcard/src/domain/building/mobile-im/writer.ts:161:32
    at Array.map (<anonymous>)
    at generateMobileIM (C:/Users/User/cre-dealcard/src/domain/building/mobile-im/writer.ts:159:43)
[90m    at processTicksAndRejections (node:internal/process/task_queues:103:5)[39m
    at Module.generateMobileIMHandler (C:/Users/User/cre-dealcard/src/app/api/broker/im-lite/generate/handler.ts:307:24
)
    at runPipelineForFixture (C:/Users/User/cre-dealcard/src/tests/e2e/posture-e2e-pipeline.test.ts:119:18)
    at C:/Users/User/cre-dealcard/src/tests/e2e/posture-e2e-pipeline.test.ts:269:35
    at [90mfile:///C:/Users/User/cre-dealcard/[39mnode_modules/[4m@vitest/runner[24m/dist/chunk-artifact.js:1903:20
[golden-im] Failed to build few-shot block: TypeError: supabase.from(...).select(...).eq(...).eq is not a function
    at buildIMFewShotBlock (C:/Users/User/cre-dealcard/src/domain/building/mobile-im/golden-im-manager.ts:134:8)
    at generateSingleSection (C:/Users/User/cre-dealcard/src/domain/building/mobile-im/im-section-generator.ts:204:30)
    at C:/Users/User/cre-dealcard/src/domain/building/mobile-im/writer.ts:161:32
    at Array.map (<anonymous>)
    at generateMobileIM (C:/Users/User/cre-dealcard/src/domain/building/mobile-im/writer.ts:159:43)
[90m    at processTicksAndRejections (node:internal/process/task_queues:103:5)[39m
    at Module.generateMobileIMHandler (C:/Users/User/cre-dealcard/src/app/api/broker/im-lite/generate/handler.ts:307:24
)
    at runPipelineForFixture (C:/Users/User/cre-dealcard/src/tests/e2e/posture-e2e-pipeline.test.ts:119:18)
    at C:/Users/User/cre-dealcard/src/tests/e2e/posture-e2e-pipeline.test.ts:269:35
    at [90mfile:///C:/Users/User/cre-dealcard/[39mnode_modules/[4m@vitest/runner[24m/dist/chunk-artifact.js:1903:20
[golden-im] Failed to build few-shot block: TypeError: supabase.from(...).select(...).eq(...).eq is not a function
    at buildIMFewShotBlock (C:/Users/User/cre-dealcard/src/domain/building/mobile-im/golden-im-manager.ts:134:8)
    at generateSingleSection (C:/Users/User/cre-dealcard/src/domain/building/mobile-im/im-section-generator.ts:204:30)
    at C:/Users/User/cre-dealcard/src/domain/building/mobile-im/writer.ts:161:32
    at Array.map (<anonymous>)
    at generateMobileIM (C:/Users/User/cre-dealcard/src/domain/building/mobile-im/writer.ts:159:43)
[90m    at processTicksAndRejections (node:internal/process/task_queues:103:5)[39m
    at Module.generateMobileIMHandler (C:/Users/User/cre-dealcard/src/app/api/broker/im-lite/generate/handler.ts:307:24
)
    at runPipelineForFixture (C:/Users/User/cre-dealcard/src/tests/e2e/posture-e2e-pipeline.test.ts:119:18)
    at C:/Users/User/cre-dealcard/src/tests/e2e/posture-e2e-pipeline.test.ts:269:35
    at [90mfile:///C:/Users/User/cre-dealcard/[39mnode_modules/[4m@vitest/runner[24m/dist/chunk-artifact.js:1903:20
[golden-im] Failed to build few-shot block: TypeError: supabase.from(...).select(...).eq(...).eq is not a function
    at buildIMFewShotBlock (C:/Users/User/cre-dealcard/src/domain/building/mobile-im/golden-im-manager.ts:134:8)
    at generateSingleSection (C:/Users/User/cre-dealcard/src/domain/building/mobile-im/im-section-generator.ts:204:30)
    at C:/Users/User/cre-dealcard/src/domain/building/mobile-im/writer.ts:161:32
    at Array.map (<anonymous>)
    at generateMobileIM (C:/Users/User/cre-dealcard/src/domain/building/mobile-im/writer.ts:159:43)
[90m    at processTicksAndRejections (node:internal/process/task_queues:103:5)[39m
    at Module.generateMobileIMHandler (C:/Users/User/cre-dealcard/src/app/api/broker/im-lite/generate/handler.ts:307:24
)
    at runPipelineForFixture (C:/Users/User/cre-dealcard/src/tests/e2e/posture-e2e-pipeline.test.ts:119:18)
    at C:/Users/User/cre-dealcard/src/tests/e2e/posture-e2e-pipeline.test.ts:269:35
    at [90mfile:///C:/Users/User/cre-dealcard/[39mnode_modules/[4m@vitest/runner[24m/dist/chunk-artifact.js:1903:20
[golden-im] Failed to build few-shot block: TypeError: supabase.from(...).select(...).eq(...).eq is not a function
    at buildIMFewShotBlock (C:/Users/User/cre-dealcard/src/domain/building/mobile-im/golden-im-manager.ts:134:8)
    at generateSingleSection (C:/Users/User/cre-dealcard/src/domain/building/mobile-im/im-section-generator.ts:204:30)
    at C:/Users/User/cre-dealcard/src/domain/building/mobile-im/writer.ts:161:32
    at Array.map (<anonymous>)
    at generateMobileIM (C:/Users/User/cre-dealcard/src/domain/building/mobile-im/writer.ts:159:43)
[90m    at processTicksAndRejections (node:internal/process/task_queues:103:5)[39m
    at Module.generateMobileIMHandler (C:/Users/User/cre-dealcard/src/app/api/broker/im-lite/generate/handler.ts:307:24
)
    at runPipelineForFixture (C:/Users/User/cre-dealcard/src/tests/e2e/posture-e2e-pipeline.test.ts:119:18)
    at C:/Users/User/cre-dealcard/src/tests/e2e/posture-e2e-pipeline.test.ts:269:35
    at [90mfile:///C:/Users/User/cre-dealcard/[39mnode_modules/[4m@vitest/runner[24m/dist/chunk-artifact.js:1903:20
[golden-im] Failed to build few-shot block: TypeError: supabase.from(...).select(...).eq(...).eq is not a function
    at buildIMFewShotBlock (C:/Users/User/cre-dealcard/src/domain/building/mobile-im/golden-im-manager.ts:134:8)
    at generateSingleSection (C:/Users/User/cre-dealcard/src/domain/building/mobile-im/im-section-generator.ts:204:30)
    at C:/Users/User/cre-dealcard/src/domain/building/mobile-im/writer.ts:161:32
    at Array.map (<anonymous>)
    at generateMobileIM (C:/Users/User/cre-dealcard/src/domain/building/mobile-im/writer.ts:159:43)
[90m    at processTicksAndRejections (node:internal/process/task_queues:103:5)[39m
    at Module.generateMobileIMHandler (C:/Users/User/cre-dealcard/src/app/api/broker/im-lite/generate/handler.ts:307:24
)
    at runPipelineForFixture (C:/Users/User/cre-dealcard/src/tests/e2e/posture-e2e-pipeline.test.ts:119:18)
    at C:/Users/User/cre-dealcard/src/tests/e2e/posture-e2e-pipeline.test.ts:269:35
    at [90mfile:///C:/Users/User/cre-dealcard/[39mnode_modules/[4m@vitest/runner[24m/dist/chunk-artifact.js:1903:20
[MockOpenAIProvider]process.env.OPENAI_API_KEY is missing or in test environment. Returning mock JSON response.
[MockOpenAIProvider]process.env.OPENAI_API_KEY is missing or in test environment. Returning mock JSON response.
[MockOpenAIProvider]process.env.OPENAI_API_KEY is missing or in test environment. Returning mock JSON response.
[MockOpenAIProvider]process.env.OPENAI_API_KEY is missing or in test environment. Returning mock JSON response.
[MockOpenAIProvider]process.env.OPENAI_API_KEY is missing or in test environment. Returning mock JSON response.
[MockOpenAIProvider]process.env.OPENAI_API_KEY is missing or in test environment. Returning mock JSON response.

[90mstderr[2m | src/tests/e2e/posture-e2e-pipeline.test.ts[2m > [22m[2mE2E Pipeline: 5 Postures Full Path (?ㅼ젣 LLM
 ?몄텧)[2m > [22m[2mT3: development ????궪 ?뚰뿤?濡??좎텞遺吏 (Case 12)[2m > [22m[2mT3-01: handler ?뺤긽 ?몄텧 + ?뱀뀡 寃利?[2
2m[39m[terminology-normalizer] Failed to load rules from DB, using fallback: TypeError: supabase.from(...).select(...)
.eq(...).order is not a function
    at getTerminologyRules (C:/Users/User/cre-dealcard/src/domain/building/mobile-im/terminology-normalizer.ts:146:8)
    at normalizeTerminologyAsync (C:/Users/User/cre-dealcard/src/domain/building/mobile-im/terminology-normalizer.ts:24
5:23)
    at generateSingleSection (C:/Users/User/cre-dealcard/src/domain/building/mobile-im/im-section-generator.ts:392:28)
[90m    at processTicksAndRejections (node:internal/process/task_queues:103:5)[39m
    at async Promise.allSettled (index 0)
    at generateMobileIM (C:/Users/User/cre-dealcard/src/domain/building/mobile-im/writer.ts:190:23)
    at Module.generateMobileIMHandler (C:/Users/User/cre-dealcard/src/app/api/broker/im-lite/generate/handler.ts:307:24
)
    at runPipelineForFixture (C:/Users/User/cre-dealcard/src/tests/e2e/posture-e2e-pipeline.test.ts:119:18)
    at C:/Users/User/cre-dealcard/src/tests/e2e/posture-e2e-pipeline.test.ts:269:35
    at [90mfile:///C:/Users/User/cre-dealcard/[39mnode_modules/[4m@vitest/runner[24m/dist/chunk-artifact.js:1903:20
[terminology-normalizer] Failed to load rules from DB, using fallback: TypeError: supabase.from(...).select(...).eq(...
).order is not a function
    at getTerminologyRules (C:/Users/User/cre-dealcard/src/domain/building/mobile-im/terminology-normalizer.ts:146:8)
    at normalizeTerminologyAsync (C:/Users/User/cre-dealcard/src/domain/building/mobile-im/terminology-normalizer.ts:24
5:23)
    at generateSingleSection (C:/Users/User/cre-dealcard/src/domain/building/mobile-im/im-section-generator.ts:392:28)
[90m    at processTicksAndRejections (node:internal/process/task_queues:103:5)[39m
    at async Promise.allSettled (index 1)
    at generateMobileIM (C:/Users/User/cre-dealcard/src/domain/building/mobile-im/writer.ts:190:23)
    at Module.generateMobileIMHandler (C:/Users/User/cre-dealcard/src/app/api/broker/im-lite/generate/handler.ts:307:24
)
    at runPipelineForFixture (C:/Users/User/cre-dealcard/src/tests/e2e/posture-e2e-pipeline.test.ts:119:18)
    at C:/Users/User/cre-dealcard/src/tests/e2e/posture-e2e-pipeline.test.ts:269:35
    at [90mfile:///C:/Users/User/cre-dealcard/[39mnode_modules/[4m@vitest/runner[24m/dist/chunk-artifact.js:1903:20
[terminology-normalizer] Failed to load rules from DB, using fallback: TypeError: supabase.from(...).select(...).eq(...
).order is not a function
    at getTerminologyRules (C:/Users/User/cre-dealcard/src/domain/building/mobile-im/terminology-normalizer.ts:146:8)
    at normalizeTerminologyAsync (C:/Users/User/cre-dealcard/src/domain/building/mobile-im/terminology-normalizer.ts:24
5:23)
    at generateSingleSection (C:/Users/User/cre-dealcard/src/domain/building/mobile-im/im-section-generator.ts:392:28)
[90m    at processTicksAndRejections (node:internal/process/task_queues:103:5)[39m
    at async Promise.allSettled (index 2)
    at generateMobileIM (C:/Users/User/cre-dealcard/src/domain/building/mobile-im/writer.ts:190:23)
    at Module.generateMobileIMHandler (C:/Users/User/cre-dealcard/src/app/api/broker/im-lite/generate/handler.ts:307:24
)
    at runPipelineForFixture (C:/Users/User/cre-dealcard/src/tests/e2e/posture-e2e-pipeline.test.ts:119:18)
    at C:/Users/User/cre-dealcard/src/tests/e2e/posture-e2e-pipeline.test.ts:269:35
    at [90mfile:///C:/Users/User/cre-dealcard/[39mnode_modules/[4m@vitest/runner[24m/dist/chunk-artifact.js:1903:20
[terminology-normalizer] Failed to load rules from DB, using fallback: TypeError: supabase.from(...).select(...).eq(...
).order is not a function
    at getTerminologyRules (C:/Users/User/cre-dealcard/src/domain/building/mobile-im/terminology-normalizer.ts:146:8)
    at normalizeTerminologyAsync (C:/Users/User/cre-dealcard/src/domain/building/mobile-im/terminology-normalizer.ts:24
5:23)
    at generateSingleSection (C:/Users/User/cre-dealcard/src/domain/building/mobile-im/im-section-generator.ts:392:28)
[90m    at processTicksAndRejections (node:internal/process/task_queues:103:5)[39m
    at async Promise.allSettled (index 3)
    at generateMobileIM (C:/Users/User/cre-dealcard/src/domain/building/mobile-im/writer.ts:190:23)
    at Module.generateMobileIMHandler (C:/Users/User/cre-dealcard/src/app/api/broker/im-lite/generate/handler.ts:307:24
)
    at runPipelineForFixture (C:/Users/User/cre-dealcard/src/tests/e2e/posture-e2e-pipeline.test.ts:119:18)
    at C:/Users/User/cre-dealcard/src/tests/e2e/posture-e2e-pipeline.test.ts:269:35
    at [90mfile:///C:/Users/User/cre-dealcard/[39mnode_modules/[4m@vitest/runner[24m/dist/chunk-artifact.js:1903:20
[terminology-normalizer] Failed to load rules from DB, using fallback: TypeError: supabase.from(...).select(...).eq(...
).order is not a function
    at getTerminologyRules (C:/Users/User/cre-dealcard/src/domain/building/mobile-im/terminology-normalizer.ts:146:8)
    at normalizeTerminologyAsync (C:/Users/User/cre-dealcard/src/domain/building/mobile-im/terminology-normalizer.ts:24
5:23)
    at generateSingleSection (C:/Users/User/cre-dealcard/src/domain/building/mobile-im/im-section-generator.ts:392:28)
[90m    at processTicksAndRejections (node:internal/process/task_queues:103:5)[39m
    at async Promise.allSettled (index 4)
    at generateMobileIM (C:/Users/User/cre-dealcard/src/domain/building/mobile-im/writer.ts:190:23)
    at Module.generateMobileIMHandler (C:/Users/User/cre-dealcard/src/app/api/broker/im-lite/generate/handler.ts:307:24
)
    at runPipelineForFixture (C:/Users/User/cre-dealcard/src/tests/e2e/posture-e2e-pipeline.test.ts:119:18)
    at C:/Users/User/cre-dealcard/src/tests/e2e/posture-e2e-pipeline.test.ts:269:35
    at [90mfile:///C:/Users/User/cre-dealcard/[39mnode_modules/[4m@vitest/runner[24m/dist/chunk-artifact.js:1903:20
[terminology-normalizer] Failed to load rules from DB, using fallback: TypeError: supabase.from(...).select(...).eq(...
).order is not a function
    at getTerminologyRules (C:/Users/User/cre-dealcard/src/domain/building/mobile-im/terminology-normalizer.ts:146:8)
    at normalizeTerminologyAsync (C:/Users/User/cre-dealcard/src/domain/building/mobile-im/terminology-normalizer.ts:24
5:23)
    at generateSingleSection (C:/Users/User/cre-dealcard/src/domain/building/mobile-im/im-section-generator.ts:392:28)
[90m    at processTicksAndRejections (node:internal/process/task_queues:103:5)[39m
    at async Promise.allSettled (index 5)
    at generateMobileIM (C:/Users/User/cre-dealcard/src/domain/building/mobile-im/writer.ts:190:23)
    at Module.generateMobileIMHandler (C:/Users/User/cre-dealcard/src/app/api/broker/im-lite/generate/handler.ts:307:24
)
    at runPipelineForFixture (C:/Users/User/cre-dealcard/src/tests/e2e/posture-e2e-pipeline.test.ts:119:18)
    at C:/Users/User/cre-dealcard/src/tests/e2e/posture-e2e-pipeline.test.ts:269:35
    at [90mfile:///C:/Users/User/cre-dealcard/[39mnode_modules/[4m@vitest/runner[24m/dist/chunk-artifact.js:1903:20

[90mstdout[2m | src/domain/building/mobile-im/__tests__/l5-pipeline-e2e.test.ts[2m > [22m[2mL5: Full Pipeline E2E & System Invariants (25 cases)[2m > [22m[2mMobile IM Writer Pipeline Execution[2m > [22m[2mL5-YP-01: generateMobileIM produces valid sections for yangpyeong fixture
[22m[39m[fewshot-tracker] Golden candidate registered (pending approval): investment_thesis of doc gen_ovhedi9qr0p_1788689488810 (Score: 5)

[90mstderr[2m | src/tests/e2e/posture-e2e-pipeline.test.ts[2m > [22m[2mE2E Pipeline: 5 Postures Full Path (?ㅼ젣 LLM
 ?몄텧)[2m > [22m[2mT3: development ????궪 ?뚰뿤?濡??좎텞遺吏 (Case 12)[2m > [22m[2mT3-01: handler ?뺤긽 ?몄텧 + ?뱀뀡 寃利?[2
2m[39m[MockOpenAIProvider]process.env.OPENAI_API_KEY is missing or in test environment. Returning mock JSON response.
[MockOpenAIProvider]process.env.OPENAI_API_KEY is missing or in test environment. Returning mock JSON response.
[MockOpenAIProvider]process.env.OPENAI_API_KEY is missing or in test environment. Returning mock JSON response.
[MockOpenAIProvider]process.env.OPENAI_API_KEY is missing or in test environment. Returning mock JSON response.
[MockOpenAIProvider]process.env.OPENAI_API_KEY is missing or in test environment. Returning mock JSON response.
[MockOpenAIProvider]process.env.OPENAI_API_KEY is missing or in test environment. Returning mock JSON response.

[90mstderr[2m | src/tests/e2e/posture-e2e-pipeline.test.ts[2m > [22m[2mE2E Pipeline: 5 Postures Full Path (?ㅼ젣 LLM
 ?몄텧)[2m > [22m[2mT3: development ????궪 ?뚰뿤?濡??좎텞遺吏 (Case 12)[2m > [22m[2mT3-01: handler ?뺤긽 ?몄텧 + ?뱀뀡 寃利?[2
2m[39m[golden-im] Failed to build few-shot block: TypeError: supabase.from(...).select(...).eq(...).eq is not a functi
on
    at buildIMFewShotBlock (C:/Users/User/cre-dealcard/src/domain/building/mobile-im/golden-im-manager.ts:134:8)
    at generateSingleSection (C:/Users/User/cre-dealcard/src/domain/building/mobile-im/im-section-generator.ts:204:30)
    at generateMobileIM (C:/Users/User/cre-dealcard/src/domain/building/mobile-im/writer.ts:250:28)
[90m    at processTicksAndRejections (node:internal/process/task_queues:103:5)[39m
    at Module.generateMobileIMHandler (C:/Users/User/cre-dealcard/src/app/api/broker/im-lite/generate/handler.ts:307:24
)
    at runPipelineForFixture (C:/Users/User/cre-dealcard/src/tests/e2e/posture-e2e-pipeline.test.ts:119:18)
    at C:/Users/User/cre-dealcard/src/tests/e2e/posture-e2e-pipeline.test.ts:269:35
    at [90mfile:///C:/Users/User/cre-dealcard/[39mnode_modules/[4m@vitest/runner[24m/dist/chunk-artifact.js:1903:20

[90mstderr[2m | src/tests/e2e/posture-e2e-pipeline.test.ts[2m > [22m[2mE2E Pipeline: 5 Postures Full Path (?ㅼ젣 LLM
 ?몄텧)[2m > [22m[2mT3: development ????궪 ?뚰뿤?濡??좎텞遺吏 (Case 12)[2m > [22m[2mT3-01: handler ?뺤긽 ?몄텧 + ?뱀뀡 寃利?[2
2m[39m[MockOpenAIProvider]process.env.OPENAI_API_KEY is missing or in test environment. Returning mock JSON response.

[90mstderr[2m | src/tests/e2e/posture-e2e-pipeline.test.ts[2m > [22m[2mE2E Pipeline: 5 Postures Full Path (?ㅼ젣 LLM
 ?몄텧)[2m > [22m[2mT3: development ????궪 ?뚰뿤?濡??좎텞遺吏 (Case 12)[2m > [22m[2mT3-01: handler ?뺤긽 ?몄텧 + ?뱀뀡 寃利?[2
2m[39m[terminology-normalizer] Failed to load rules from DB, using fallback: TypeError: supabase.from(...).select(...)
.eq(...).order is not a function
    at getTerminologyRules (C:/Users/User/cre-dealcard/src/domain/building/mobile-im/terminology-normalizer.ts:146:8)
    at normalizeTerminologyAsync (C:/Users/User/cre-dealcard/src/domain/building/mobile-im/terminology-normalizer.ts:24
5:23)
    at generateSingleSection (C:/Users/User/cre-dealcard/src/domain/building/mobile-im/im-section-generator.ts:392:28)
[90m    at processTicksAndRejections (node:internal/process/task_queues:103:5)[39m
    at generateMobileIM (C:/Users/User/cre-dealcard/src/domain/building/mobile-im/writer.ts:250:22)
    at Module.generateMobileIMHandler (C:/Users/User/cre-dealcard/src/app/api/broker/im-lite/generate/handler.ts:307:24
)
    at runPipelineForFixture (C:/Users/User/cre-dealcard/src/tests/e2e/posture-e2e-pipeline.test.ts:119:18)
    at C:/Users/User/cre-dealcard/src/tests/e2e/posture-e2e-pipeline.test.ts:269:35
    at [90mfile:///C:/Users/User/cre-dealcard/[39mnode_modules/[4m@vitest/runner[24m/dist/chunk-artifact.js:1903:20

[90mstderr[2m | src/tests/e2e/posture-e2e-pipeline.test.ts[2m > [22m[2mE2E Pipeline: 5 Postures Full Path (?ㅼ젣 LLM
 ?몄텧)[2m > [22m[2mT3: development ????궪 ?뚰뿤?濡??좎텞遺吏 (Case 12)[2m > [22m[2mT3-01: handler ?뺤긽 ?몄텧 + ?뱀뀡 寃利?[2
2m[39m[MockOpenAIProvider]process.env.OPENAI_API_KEY is missing or in test environment. Returning mock JSON response.

[90mstderr[2m | src/tests/e2e/posture-e2e-pipeline.test.ts[2m > [22m[2mE2E Pipeline: 5 Postures Full Path (?ㅼ젣 LLM
 ?몄텧)[2m > [22m[2mT3: development ????궪 ?뚰뿤?濡??좎텞遺吏 (Case 12)[2m > [22m[2mT3-01: handler ?뺤긽 ?몄텧 + ?뱀뀡 寃利?[2
2m[39m[golden-im] Failed to build few-shot block: TypeError: supabase.from(...).select(...).eq(...).eq is not a functi
on
    at buildIMFewShotBlock (C:/Users/User/cre-dealcard/src/domain/building/mobile-im/golden-im-manager.ts:134:8)
    at generateSingleSection (C:/Users/User/cre-dealcard/src/domain/building/mobile-im/im-section-generator.ts:204:30)
    at generateMobileIM (C:/Users/User/cre-dealcard/src/domain/building/mobile-im/writer.ts:250:28)
[90m    at processTicksAndRejections (node:internal/process/task_queues:103:5)[39m
    at Module.generateMobileIMHandler (C:/Users/User/cre-dealcard/src/app/api/broker/im-lite/generate/handler.ts:307:24
)
    at runPipelineForFixture (C:/Users/User/cre-dealcard/src/tests/e2e/posture-e2e-pipeline.test.ts:119:18)
    at C:/Users/User/cre-dealcard/src/tests/e2e/posture-e2e-pipeline.test.ts:269:35
    at [90mfile:///C:/Users/User/cre-dealcard/[39mnode_modules/[4m@vitest/runner[24m/dist/chunk-artifact.js:1903:20

[90mstderr[2m | src/tests/e2e/posture-e2e-pipeline.test.ts[2m > [22m[2mE2E Pipeline: 5 Postures Full Path (?ㅼ젣 LLM
 ?몄텧)[2m > [22m[2mT3: development ????궪 ?뚰뿤?濡??좎텞遺吏 (Case 12)[2m > [22m[2mT3-01: handler ?뺤긽 ?몄텧 + ?뱀뀡 寃利?[2
2m[39m[MockOpenAIProvider]process.env.OPENAI_API_KEY is missing or in test environment. Returning mock JSON response.

[90mstderr[2m | src/tests/e2e/posture-e2e-pipeline.test.ts[2m > [22m[2mE2E Pipeline: 5 Postures Full Path (?ㅼ젣 LLM
 ?몄텧)[2m > [22m[2mT3: development ????궪 ?뚰뿤?濡??좎텞遺吏 (Case 12)[2m > [22m[2mT3-01: handler ?뺤긽 ?몄텧 + ?뱀뀡 寃利?[2
2m[39m[terminology-normalizer] Failed to load rules from DB, using fallback: TypeError: supabase.from(...).select(...)
.eq(...).order is not a function
    at getTerminologyRules (C:/Users/User/cre-dealcard/src/domain/building/mobile-im/terminology-normalizer.ts:146:8)
    at normalizeTerminologyAsync (C:/Users/User/cre-dealcard/src/domain/building/mobile-im/terminology-normalizer.ts:24
5:23)
    at generateSingleSection (C:/Users/User/cre-dealcard/src/domain/building/mobile-im/im-section-generator.ts:392:28)
[90m    at processTicksAndRejections (node:internal/process/task_queues:103:5)[39m
    at generateMobileIM (C:/Users/User/cre-dealcard/src/domain/building/mobile-im/writer.ts:250:22)
    at Module.generateMobileIMHandler (C:/Users/User/cre-dealcard/src/app/api/broker/im-lite/generate/handler.ts:307:24
)
    at runPipelineForFixture (C:/Users/User/cre-dealcard/src/tests/e2e/posture-e2e-pipeline.test.ts:119:18)
    at C:/Users/User/cre-dealcard/src/tests/e2e/posture-e2e-pipeline.test.ts:269:35
    at [90mfile:///C:/Users/User/cre-dealcard/[39mnode_modules/[4m@vitest/runner[24m/dist/chunk-artifact.js:1903:20

[90mstderr[2m | src/tests/e2e/posture-e2e-pipeline.test.ts[2m > [22m[2mE2E Pipeline: 5 Postures Full Path (?ㅼ젣 LLM
 ?몄텧)[2m > [22m[2mT3: development ????궪 ?뚰뿤?濡??좎텞遺吏 (Case 12)[2m > [22m[2mT3-01: handler ?뺤긽 ?몄텧 + ?뱀뀡 寃利?[2
2m[39m[MockOpenAIProvider]process.env.OPENAI_API_KEY is missing or in test environment. Returning mock JSON response.

[90mstderr[2m | src/tests/e2e/posture-e2e-pipeline.test.ts[2m > [22m[2mE2E Pipeline: 5 Postures Full Path (?ㅼ젣 LLM
 ?몄텧)[2m > [22m[2mT3: development ????궪 ?뚰뿤?濡??좎텞遺吏 (Case 12)[2m > [22m[2mT3-01: handler ?뺤긽 ?몄텧 + ?뱀뀡 寃利?[2
2m[39m[golden-im] Failed to build few-shot block: TypeError: supabase.from(...).select(...).eq(...).eq is not a functi
on
    at buildIMFewShotBlock (C:/Users/User/cre-dealcard/src/domain/building/mobile-im/golden-im-manager.ts:134:8)
    at generateSingleSection (C:/Users/User/cre-dealcard/src/domain/building/mobile-im/im-section-generator.ts:204:30)
    at generateMobileIM (C:/Users/User/cre-dealcard/src/domain/building/mobile-im/writer.ts:250:28)
[90m    at processTicksAndRejections (node:internal/process/task_queues:103:5)[39m
    at Module.generateMobileIMHandler (C:/Users/User/cre-dealcard/src/app/api/broker/im-lite/generate/handler.ts:307:24
)
    at runPipelineForFixture (C:/Users/User/cre-dealcard/src/tests/e2e/posture-e2e-pipeline.test.ts:119:18)
    at C:/Users/User/cre-dealcard/src/tests/e2e/posture-e2e-pipeline.test.ts:269:35
    at [90mfile:///C:/Users/User/cre-dealcard/[39mnode_modules/[4m@vitest/runner[24m/dist/chunk-artifact.js:1903:20

[90mstderr[2m | src/tests/e2e/posture-e2e-pipeline.test.ts[2m > [22m[2mE2E Pipeline: 5 Postures Full Path (?ㅼ젣 LLM
 ?몄텧)[2m > [22m[2mT3: development ????궪 ?뚰뿤?濡??좎텞遺吏 (Case 12)[2m > [22m[2mT3-01: handler ?뺤긽 ?몄텧 + ?뱀뀡 寃利?[2
2m[39m[MockOpenAIProvider]process.env.OPENAI_API_KEY is missing or in test environment. Returning mock JSON response.

[90mstderr[2m | src/tests/e2e/posture-e2e-pipeline.test.ts[2m > [22m[2mE2E Pipeline: 5 Postures Full Path (?ㅼ젣 LLM
 ?몄텧)[2m > [22m[2mT3: development ????궪 ?뚰뿤?濡??좎텞遺吏 (Case 12)[2m > [22m[2mT3-01: handler ?뺤긽 ?몄텧 + ?뱀뀡 寃利?[2
2m[39m[MockOpenAIProvider]process.env.OPENAI_API_KEY is missing or in test environment. Returning mock JSON response.

[90mstderr[2m | src/tests/e2e/posture-e2e-pipeline.test.ts[2m > [22m[2mE2E Pipeline: 5 Postures Full Path (?ㅼ젣 LLM
 ?몄텧)[2m > [22m[2mT3: development ????궪 ?뚰뿤?濡??좎텞遺吏 (Case 12)[2m > [22m[2mT3-01: handler ?뺤긽 ?몄텧 + ?뱀뀡 寃利?[2
2m[39m[fewshot-tracker] Failed to update result score: TypeError: supabase.from(...).update is not a function
    at updateFewShotResultScore (C:/Users/User/cre-dealcard/src/domain/building/mobile-im/fewshot-tracker.ts:43:8)
    at generateSingleSection (C:/Users/User/cre-dealcard/src/domain/building/mobile-im/im-section-generator.ts:301:15)
[90m    at processTicksAndRejections (node:internal/process/task_queues:103:5)[39m
    at generateMobileIM (C:/Users/User/cre-dealcard/src/domain/building/mobile-im/writer.ts:250:22)
    at Module.generateMobileIMHandler (C:/Users/User/cre-dealcard/src/app/api/broker/im-lite/generate/handler.ts:307:24
)
    at runPipelineForFixture (C:/Users/User/cre-dealcard/src/tests/e2e/posture-e2e-pipeline.test.ts:119:18)
    at C:/Users/User/cre-dealcard/src/tests/e2e/posture-e2e-pipeline.test.ts:269:35
    at [90mfile:///C:/Users/User/cre-dealcard/[39mnode_modules/[4m@vitest/runner[24m/dist/chunk-artifact.js:1903:20
[fewshot-tracker] Failed to auto-promote: TypeError: supabase.from(...).select(...).eq(...).eq is not a function
    at promoteToGoldenCandidate (C:/Users/User/cre-dealcard/src/domain/building/mobile-im/fewshot-tracker.ts:168:8)
    at generateSingleSection (C:/Users/User/cre-dealcard/src/domain/building/mobile-im/im-section-generator.ts:303:17)
[90m    at processTicksAndRejections (node:internal/process/task_queues:103:5)[39m
    at generateMobileIM (C:/Users/User/cre-dealcard/src/domain/building/mobile-im/writer.ts:250:22)
    at Module.generateMobileIMHandler (C:/Users/User/cre-dealcard/src/app/api/broker/im-lite/generate/handler.ts:307:24
)
    at runPipelineForFixture (C:/Users/User/cre-dealcard/src/tests/e2e/posture-e2e-pipeline.test.ts:119:18)
    at C:/Users/User/cre-dealcard/src/tests/e2e/posture-e2e-pipeline.test.ts:269:35
    at [90mfile:///C:/Users/User/cre-dealcard/[39mnode_modules/[4m@vitest/runner[24m/dist/chunk-artifact.js:1903:20
[terminology-normalizer] Failed to load rules from DB, using fallback: TypeError: supabase.from(...).select(...).eq(...
).order is not a function
    at getTerminologyRules (C:/Users/User/cre-dealcard/src/domain/building/mobile-im/terminology-normalizer.ts:146:8)
    at normalizeTerminologyAsync (C:/Users/User/cre-dealcard/src/domain/building/mobile-im/terminology-normalizer.ts:24
5:23)
    at generateSingleSection (C:/Users/User/cre-dealcard/src/domain/building/mobile-im/im-section-generator.ts:392:28)
[90m    at processTicksAndRejections (node:internal/process/task_queues:103:5)[39m
    at generateMobileIM (C:/Users/User/cre-dealcard/src/domain/building/mobile-im/writer.ts:250:22)
    at Module.generateMobileIMHandler (C:/Users/User/cre-dealcard/src/app/api/broker/im-lite/generate/handler.ts:307:24
)
    at runPipelineForFixture (C:/Users/User/cre-dealcard/src/tests/e2e/posture-e2e-pipeline.test.ts:119:18)
    at C:/Users/User/cre-dealcard/src/tests/e2e/posture-e2e-pipeline.test.ts:269:35
    at [90mfile:///C:/Users/User/cre-dealcard/[39mnode_modules/[4m@vitest/runner[24m/dist/chunk-artifact.js:1903:20

[90mstderr[2m | src/tests/e2e/posture-e2e-pipeline.test.ts[2m > [22m[2mE2E Pipeline: 5 Postures Full Path (?ㅼ젣 LLM
 ?몄텧)[2m > [22m[2mT3: development ????궪 ?뚰뿤?濡??좎텞遺吏 (Case 12)[2m > [22m[2mT3-01: handler ?뺤긽 ?몄텧 + ?뱀뀡 寃利?[2
2m[39m[MockOpenAIProvider]process.env.OPENAI_API_KEY is missing or in test environment. Returning mock JSON response.

[90mstderr[2m | src/tests/e2e/posture-e2e-pipeline.test.ts[2m > [22m[2mE2E Pipeline: 5 Postures Full Path (?ㅼ젣 LLM
 ?몄텧)[2m > [22m[2mT3: development ????궪 ?뚰뿤?濡??좎텞遺吏 (Case 12)[2m > [22m[2mT3-01: handler ?뺤긽 ?몄텧 + ?뱀뀡 寃利?[2
2m[39m[golden-im] Failed to build few-shot block: TypeError: supabase.from(...).select(...).eq(...).eq is not a functi
on
    at buildIMFewShotBlock (C:/Users/User/cre-dealcard/src/domain/building/mobile-im/golden-im-manager.ts:134:8)
    at generateSingleSection (C:/Users/User/cre-dealcard/src/domain/building/mobile-im/im-section-generator.ts:204:30)
    at generateMobileIM (C:/Users/User/cre-dealcard/src/domain/building/mobile-im/writer.ts:250:28)
[90m    at processTicksAndRejections (node:internal/process/task_queues:103:5)[39m
    at Module.generateMobileIMHandler (C:/Users/User/cre-dealcard/src/app/api/broker/im-lite/generate/handler.ts:307:24
)
    at runPipelineForFixture (C:/Users/User/cre-dealcard/src/tests/e2e/posture-e2e-pipeline.test.ts:119:18)
    at C:/Users/User/cre-dealcard/src/tests/e2e/posture-e2e-pipeline.test.ts:269:35
    at [90mfile:///C:/Users/User/cre-dealcard/[39mnode_modules/[4m@vitest/runner[24m/dist/chunk-artifact.js:1903:20

[90mstderr[2m | src/tests/e2e/posture-e2e-pipeline.test.ts[2m > [22m[2mE2E Pipeline: 5 Postures Full Path (?ㅼ젣 LLM
 ?몄텧)[2m > [22m[2mT3: development ????궪 ?뚰뿤?濡??좎텞遺吏 (Case 12)[2m > [22m[2mT3-01: handler ?뺤긽 ?몄텧 + ?뱀뀡 寃利?[2
2m[39m[MockOpenAIProvider]process.env.OPENAI_API_KEY is missing or in test environment. Returning mock JSON response.

[90mstderr[2m | src/tests/e2e/posture-e2e-pipeline.test.ts[2m > [22m[2mE2E Pipeline: 5 Postures Full Path (?ㅼ젣 LLM
 ?몄텧)[2m > [22m[2mT3: development ????궪 ?뚰뿤?濡??좎텞遺吏 (Case 12)[2m > [22m[2mT3-01: handler ?뺤긽 ?몄텧 + ?뱀뀡 寃利?[2
2m[39m[terminology-normalizer] Failed to load rules from DB, using fallback: TypeError: supabase.from(...).select(...)
.eq(...).order is not a function
    at getTerminologyRules (C:/Users/User/cre-dealcard/src/domain/building/mobile-im/terminology-normalizer.ts:146:8)
    at normalizeTerminologyAsync (C:/Users/User/cre-dealcard/src/domain/building/mobile-im/terminology-normalizer.ts:24
5:23)
    at generateSingleSection (C:/Users/User/cre-dealcard/src/domain/building/mobile-im/im-section-generator.ts:392:28)
[90m    at processTicksAndRejections (node:internal/process/task_queues:103:5)[39m
    at generateMobileIM (C:/Users/User/cre-dealcard/src/domain/building/mobile-im/writer.ts:250:22)
    at Module.generateMobileIMHandler (C:/Users/User/cre-dealcard/src/app/api/broker/im-lite/generate/handler.ts:307:24
)
    at runPipelineForFixture (C:/Users/User/cre-dealcard/src/tests/e2e/posture-e2e-pipeline.test.ts:119:18)
    at C:/Users/User/cre-dealcard/src/tests/e2e/posture-e2e-pipeline.test.ts:269:35
    at [90mfile:///C:/Users/User/cre-dealcard/[39mnode_modules/[4m@vitest/runner[24m/dist/chunk-artifact.js:1903:20

[90mstderr[2m | src/tests/e2e/posture-e2e-pipeline.test.ts[2m > [22m[2mE2E Pipeline: 5 Postures Full Path (?ㅼ젣 LLM
 ?몄텧)[2m > [22m[2mT3: development ????궪 ?뚰뿤?濡??좎텞遺吏 (Case 12)[2m > [22m[2mT3-01: handler ?뺤긽 ?몄텧 + ?뱀뀡 寃利?[2
2m[39m[MockOpenAIProvider]process.env.OPENAI_API_KEY is missing or in test environment. Returning mock JSON response.

[90mstderr[2m | src/tests/e2e/posture-e2e-pipeline.test.ts[2m > [22m[2mE2E Pipeline: 5 Postures Full Path (?ㅼ젣 LLM
 ?몄텧)[2m > [22m[2mT3: development ????궪 ?뚰뿤?濡??좎텞遺吏 (Case 12)[2m > [22m[2mT3-01: handler ?뺤긽 ?몄텧 + ?뱀뀡 寃利?[2
2m[39m[mobile-im] Publish gates blocked: [ [32m'G05'[39m, [32m'G08'[39m, [32m'G20'[39m, [32m'G24'[39m ]

[90mstderr[2m | src/tests/e2e/pptx-stress-matrix.test.ts[2m > [22m[2mAxis 1: PPTX 40-Cell Posture 횞 Grade 횞 Tier S
tress Matrix[2m > [22m[2mPosture: development[2m > [22m[2m[development] Grade C 횞 pro tier
[22m[39m[BL-5] ?대갚 諛쒕룞: A08 ?щ씪?대뱶 #8 ???꾪궎??낆씠 蹂몃Ц???뚮뜑留곹븯吏 紐삵빐 留덊겕?ㅼ슫 ?대갚 ?ъ슜

[90mstderr[2m | src/tests/e2e/p0-numeric-pipeline.test.ts[2m > [22m[2mT02: Numeric Pipeline End-to-End Consistency
[2m > [22m[2mT02-05: No numeric corruption (NaN, Infinity) in output
[22m[39m[deck-sequencer] goldilocks: 蹂몃Ц 20硫???16硫??덉궘 (遺濡?0硫?遺꾨━)

[90mstderr[2m | src/tests/e2e/posture-e2e-pipeline.test.ts[2m > [22m[2mE2E Pipeline: 5 Postures Full Path (?ㅼ젣 LLM
 ?몄텧)[2m > [22m[2mT3: development ????궪 ?뚰뿤?濡??좎텞遺吏 (Case 12)[2m > [22m[2mT3-01: handler ?뺤긽 ?몄텧 + ?뱀뀡 寃利?[2
2m[39m[deck-sequencer] goldilocks: 蹂몃Ц 18硫???16硫??덉궘 (遺濡?1硫?遺꾨━)

[90mstderr[2m | src/tests/e2e/posture-e2e-pipeline.test.ts[2m > [22m[2mE2E Pipeline: 5 Postures Full Path (?ㅼ젣 LLM
 ?몄텧)[2m > [22m[2mT3: development ????궪 ?뚰뿤?濡??좎텞遺吏 (Case 12)[2m > [22m[2mT3-01: handler ?뺤긽 ?몄텧 + ?뱀뀡 寃利?[2
2m[39m[BL-5] ?대갚 諛쒕룞: A08 ?щ씪?대뱶 #8 ???꾪궎??낆씠 蹂몃Ц???뚮뜑留곹븯吏 紐삵빐 留덊겕?ㅼ슫 ?대갚 ?ъ슜

[90mstderr[2m | src/ai/llm-client.test.ts[2m > [22m[2mLLM Abstraction & Fallback Cache[2m > [22m[2mshould fallb
ack to the next provider in chain when the first fails
[22m[39m[callLLM] Provider 'failing-one' attempt 1/5 failed: API rate limit exceeded. Retrying in 50ms...

[90mstderr[2m | src/tests/e2e/pptx-stress-matrix.test.ts[2m > [22m[2mAxis 1: PPTX 40-Cell Posture 횞 Grade 횞 Tier S
tress Matrix[2m > [22m[2mPosture: operating[2m > [22m[2m[operating] Grade A 횞 basic tier
[22m[39m[deck-sequencer] goldilocks: 蹂몃Ц 20硫???16硫??덉궘 (遺濡?0硫?遺꾨━)

[90mstderr[2m | src/domain/building/mobile-im/__tests__/e2e-real-property.test.ts[2m > [22m[2mE2E Real Property: ?
묓룊??媛 ?붾젅?쒕퉴??(income)[2m > [22m[2mIM ?앹꽦 ?뚯씠?꾨씪??[2m > [22m[2mE2E-YP-PIPELINE: ?묓룊??generateMobileIM ???꾩닔 ?뱀뀡 ?
ы븿
[22m[39m[im-embedding-indexer] Failed to index IM: {
  code: [32m'PGRST205'[39m,
  details: [1mnull[22m,
  hint: [32m"Perhaps you meant the table 'public.im_pro_grants'"[39m,
  message: [32m"Could not find the table 'public.im_documents' in the schema cache"[39m
}

[90mstderr[2m | src/tests/e2e/p0-numeric-pipeline.test.ts[2m > [22m[2mT02: Numeric Pipeline End-to-End Consistency
[2m > [22m[2mT02-07: All 5 postures preserve their respective building metadata
[22m[39m[deck-sequencer] goldilocks: 蹂몃Ц 20硫???16硫??덉궘 (遺濡?0硫?遺꾨━)

[90mstderr[2m | src/tests/e2e/p0-numeric-pipeline.test.ts[2m > [22m[2mT02: Numeric Pipeline End-to-End Consistency
[2m > [22m[2mT02-07: All 5 postures preserve their respective building metadata
[22m[39m[BL-5] ?대갚 諛쒕룞: A09 ?щ씪?대뱶 #9 ???꾪궎??낆씠 蹂몃Ц???뚮뜑留곹븯吏 紐삵빐 留덊겕?ㅼ슫 ?대갚 ?ъ슜

[90mstderr[2m | src/ai/llm-client.test.ts[2m > [22m[2mLLM Abstraction & Fallback Cache[2m > [22m[2mshould fallb
ack to the next provider in chain when the first fails
[22m[39m[callLLM] Provider 'failing-one' attempt 2/5 failed: API rate limit exceeded. Retrying in 100ms...

[90mstdout[2m | src/domain/building/mobile-im/__tests__/e2e-real-property.test.ts[2m > [22m[2mE2E Real Property: ?묓룊??媛 ?붾젅?쒕퉴??(income)[2m > [22m[2mIM ?앹꽦 ?뚯씠?꾨씪??[2m > [22m[2mE2E-YP-PIPELINE: ?묓룊??generateMobileIM ???꾩닔 ?뱀뀡 ?ы븿
[22m[39mYP section types: [
  [32m'property_overview'[39m,
  [32m'investment_thesis'[39m,
  [32m'location_access'[39m,
  [32m'title_rights'[39m,
  [32m'land_detail'[39m,
  [32m'lease_status'[39m,
  [32m'income_analysis'[39m,
  [32m'risk_check'[39m,
  [32m'next_steps'[39m,
  [32m'comparables'[39m,
  [32m'checklist'[39m,
  [32m'closing'[39m
]

[90mstderr[2m | src/tests/e2e/ai-matching-e2e.test.ts[2m > [22m[2mAI Matching Domain E2E Tests (AI 留ㅼ묶/異붿쿇)[2m > 
[22m[2mD5. ?꾨? 留ㅼ묶[2m > [22m[2mMATCH-E2E-13: POST /api/broker/lease-match ??lease match result with grade
[22m[39m[MockOpenAIProvider] process.env.OPENAI_API_KEY is missing or in test environment. Returning mock embedding.
[MockOpenAIProvider] process.env.OPENAI_API_KEY is missing or in test environment. Returning mock embedding.

[90mstderr[2m | src/ai/llm-client.test.ts[2m > [22m[2mLLM Abstraction & Fallback Cache[2m > [22m[2mshould fallb
ack to the next provider in chain when the first fails
[22m[39m[callLLM] Provider 'failing-one' attempt 3/5 failed: API rate limit exceeded. Retrying in 200ms...

[90mstderr[2m | src/tests/e2e/pptx-stress-matrix.test.ts[2m > [22m[2mAxis 1: PPTX 40-Cell Posture 횞 Grade 횞 Tier S
tress Matrix[2m > [22m[2mPosture: operating[2m > [22m[2m[operating] Grade A 횞 pro tier
[22m[39m[deck-sequencer] goldilocks: 蹂몃Ц 20硫???16硫??덉궘 (遺濡?0硫?遺꾨━)

 [32m??[39m src/tests/e2e/p1-reliability-compliance.test.ts [2m([22m[2m13 tests[22m[2m)[22m[33m 7154[2mms[22m[39m
     [33m[2m??[22m[39m T25-01: 3 concurrent renders with DIFFERENT presets produce correct slide counts [33m 2697[2mms[22m[39m
     [33m[2m??[22m[39m T25-02: 5 concurrent renders with SAME preset produce identical slide counts [33m 1586[2mms[22m[39m
     [33m[2m??[22m[39m T25-03: Concurrent renders complete within 10 seconds total [33m 665[2mms[22m[39m
     [33m[2m??[22m[39m T26-02: PPTX renders without error and buffer > 5KB with 2800+ character markdown [33m 428[2mms[22m[39m
     [33m[2m??[22m[39m T30-04: Rendered PPTX contains all 5 data source categories [33m 316[2mms[22m[39m
[90mstdout[2m | src/tests/e2e/posture-e2e-pipeline.test.ts[2m > [22m[2mE2E Pipeline: 5 Postures Full Path (?ㅼ젣 LLM ?몄텧)[2m > [22m[2mT5: trading ???좎궗??媛濡쒖닔湲?諛몃쪟?좊뱶 (Case 09)[2m > [22m[2mT5-01: handler ?뺤긽 ?몄텧 + ?뱀뀡 寃利?[22m[39m[im-handler] gradeResult: B [33m73[39m directData present: [33mfalse[39m

[90mstderr[2m | src/tests/e2e/posture-e2e-pipeline.test.ts[2m > [22m[2mE2E Pipeline: 5 Postures Full Path (?ㅼ젣 LLM
 ?몄텧)[2m > [22m[2mT5: trading ???좎궗??媛濡쒖닔湲?諛몃쪟?좊뱶 (Case 09)[2m > [22m[2mT5-01: handler ?뺤긽 ?몄텧 + ?뱀뀡 寃利?[22m[
39m[terminology-normalizer] Failed to load rules from DB, using fallback: TypeError: supabase.from(...).select(...).eq(
...).order is not a function
    at getTerminologyRules (C:/Users/User/cre-dealcard/src/domain/building/mobile-im/terminology-normalizer.ts:146:8)
    at normalizeTerminologyAsync (C:/Users/User/cre-dealcard/src/domain/building/mobile-im/terminology-normalizer.ts:24
5:23)
    at deepNormalizeStringsAsync (C:/Users/User/cre-dealcard/src/domain/building/mobile-im/im-context-builder.ts:117:23
)
    at deepNormalizeStringsAsync (C:/Users/User/cre-dealcard/src/domain/building/mobile-im/im-context-builder.ts:126:24
)
    at buildIMContext (C:/Users/User/cre-dealcard/src/domain/building/mobile-im/im-context-builder.ts:170:24)
    at generateMobileIM (C:/Users/User/cre-dealcard/src/domain/building/mobile-im/writer.ts:76:15)
    at Module.generateMobileIMHandler (C:/Users/User/cre-dealcard/src/app/api/broker/im-lite/generate/handler.ts:307:24
)
    at runPipelineForFixture (C:/Users/User/cre-dealcard/src/tests/e2e/posture-e2e-pipeline.test.ts:119:18)
    at C:/Users/User/cre-dealcard/src/tests/e2e/posture-e2e-pipeline.test.ts:301:35
    at [90mfile:///C:/Users/User/cre-dealcard/[39mnode_modules/[4m@vitest/runner[24m/dist/chunk-artifact.js:1903:20

[90mstderr[2m | src/tests/e2e/posture-e2e-pipeline.test.ts[2m > [22m[2mE2E Pipeline: 5 Postures Full Path (?ㅼ젣 LLM
 ?몄텧)[2m > [22m[2mT5: trading ???좎궗??媛濡쒖닔湲?諛몃쪟?좊뱶 (Case 09)[2m > [22m[2mT5-01: handler ?뺤긽 ?몄텧 + ?뱀뀡 寃利?[22m[
39m[terminology-normalizer] Failed to load rules from DB, using fallback: TypeError: supabase.from(...).select(...).eq(
...).order is not a function
    at getTerminologyRules (C:/Users/User/cre-dealcard/src/domain/building/mobile-im/terminology-normalizer.ts:146:8)
    at normalizeTerminologyAsync (C:/Users/User/cre-dealcard/src/domain/building/mobile-im/terminology-normalizer.ts:24
5:23)
    at deepNormalizeStringsAsync (C:/Users/User/cre-dealcard/src/domain/building/mobile-im/im-context-builder.ts:117:23
)
    at deepNormalizeStringsAsync (C:/Users/User/cre-dealcard/src/domain/building/mobile-im/im-context-builder.ts:126:24
)
    at buildIMContext (C:/Users/User/cre-dealcard/src/domain/building/mobile-im/im-context-builder.ts:170:24)
    at generateMobileIM (C:/Users/User/cre-dealcard/src/domain/building/mobile-im/writer.ts:76:15)
    at Module.generateMobileIMHandler (C:/Users/User/cre-dealcard/src/app/api/broker/im-lite/generate/handler.ts:307:24
)
    at runPipelineForFixture (C:/Users/User/cre-dealcard/src/tests/e2e/posture-e2e-pipeline.test.ts:119:18)
    at C:/Users/User/cre-dealcard/src/tests/e2e/posture-e2e-pipeline.test.ts:301:35
    at [90mfile:///C:/Users/User/cre-dealcard/[39mnode_modules/[4m@vitest/runner[24m/dist/chunk-artifact.js:1903:20

[90mstderr[2m | src/tests/e2e/p0-numeric-pipeline.test.ts[2m > [22m[2mT02: Numeric Pipeline End-to-End Consistency
[2m > [22m[2mT02-07: All 5 postures preserve their respective building metadata
[22m[39m[deck-sequencer] goldilocks: 蹂몃Ц 20硫???16硫??덉궘 (遺濡?0硫?遺꾨━)

[90mstderr[2m | src/domain/building/mobile-im/__tests__/l5-pipeline-e2e.test.ts[2m > [22m[2mL5: Full Pipeline E2E 
& System Invariants (25 cases)[2m > [22m[2mMobile IM Writer Pipeline Execution[2m > [22m[2mL5-YP-01: generateMobi
leIM produces valid sections for yangpyeong fixture
[22m[39m[im-embedding-indexer] Failed to index IM: {
  code: [32m'PGRST205'[39m,
  details: [1mnull[22m,
  hint: [32m"Perhaps you meant the table 'public.im_pro_grants'"[39m,
  message: [32m"Could not find the table 'public.im_documents' in the schema cache"[39m
}

[90mstderr[2m | src/tests/e2e/p0-numeric-pipeline.test.ts[2m > [22m[2mT02: Numeric Pipeline End-to-End Consistency
[2m > [22m[2mT02-07: All 5 postures preserve their respective building metadata
[22m[39m[BL-5] ?대갚 諛쒕룞: A09 ?щ씪?대뱶 #9 ???꾪궎??낆씠 蹂몃Ц???뚮뜑留곹븯吏 紐삵빐 留덊겕?ㅼ슫 ?대갚 ?ъ슜

[90mstderr[2m | src/domain/building/mobile-im/__tests__/e2e-real-property.test.ts[2m > [22m[2mE2E Real Property: ?
묓룊??媛 ?붾젅?쒕퉴??(income)[2m > [22m[2mIM ?앹꽦 ?뚯씠?꾨씪??[2m > [22m[2mE2E-YP-ANCHORS: ?묓룊???섏튂 ?듭빱 ???낅젰 蹂댁〈 諛??뱀뀡 援ъ“ 寃
利?[22m[39m[im-context-builder] 怨듭떎瑜??곗씠??誘명솗蹂????щТ 異붿젙移섏뿉 怨듭떎瑜?誘몃컲??[im-context-builder] ?곕㈃???곗씠??誘명솗蹂???value-add
 異붿젙 ?뺥솗?????
 [32m??[39m src/tests/e2e/mobile-im-e2e.test.ts [2m([22m[2m35 tests[22m[2m)[22m[33m 2800[2mms[22m[39m
     [33m[2m??[22m[39m E2E-C04: TTL 留뚮즺 ??null 諛섑솚 [33m 1521[2mms[22m[39m
       [33m[2m??[22m[39m E2E-M01: 鍮꾧탳?щ? ?щ·??諛섑솚 ???寃利?[33m 1029[2mms[22m[39m
[90mstderr[2m | src/tests/e2e/p0-numeric-pipeline.test.ts[2m > [22m[2mT02: Numeric Pipeline End-to-End Consistency
[2m > [22m[2mT02-07: All 5 postures preserve their respective building metadata
[22m[39m[deck-sequencer] goldilocks: 蹂몃Ц 22硫???16硫??덉궘 (遺濡?0硫?遺꾨━)

[90mstderr[2m | src/tests/e2e/p0-numeric-pipeline.test.ts[2m > [22m[2mT02: Numeric Pipeline End-to-End Consistency
[2m > [22m[2mT02-07: All 5 postures preserve their respective building metadata
[22m[39m[BL-5] ?대갚 諛쒕룞: A09 ?щ씪?대뱶 #8 ???꾪궎??낆씠 蹂몃Ц???뚮뜑留곹븯吏 紐삵빐 留덊겕?ㅼ슫 ?대갚 ?ъ슜

[90mstderr[2m | src/tests/e2e/pptx-renderer-e2e.test.ts[2m > [22m[2mPPTX In-Memory Renderer: 5 Postures 횞 Tiers + 
?≪븞 寃??[2m > [22m[2mPR-02: income/pro ???뺤긽 踰꾪띁 + ?щ씪?대뱶 8~14??+ PPTX ???[22m[39m[deck-sequencer] goldilocks: 蹂몃Ц
 20硫???16硫??덉궘 (遺濡?0硫?遺꾨━)

[90mstderr[2m | src/ai/llm-client.test.ts[2m > [22m[2mLLM Abstraction & Fallback Cache[2m > [22m[2mshould fallb
ack to the next provider in chain when the first fails
[22m[39m[callLLM] Provider 'failing-one' attempt 4/5 failed: API rate limit exceeded. Retrying in 200ms...

[90mstderr[2m | src/domain/building/mobile-im/__tests__/l5-pipeline-e2e.test.ts[2m > [22m[2mL5: Full Pipeline E2E 
& System Invariants (25 cases)[2m > [22m[2mPersona Isolation Principle (AGENTS.md Rule 1)[2m > [22m[2mL5-PERSONA-
01: Generated content must never contain explicit persona labels
[22m[39m[im-context-builder] 怨듭떎瑜??곗씠??誘명솗蹂????щТ 異붿젙移섏뿉 怨듭떎瑜?誘몃컲??[im-context-builder] ?곕㈃???곗씠??誘명솗蹂???value-add 異붿
젙 ?뺥솗?????
[90mstderr[2m | src/tests/e2e/posture-e2e-pipeline.test.ts[2m > [22m[2mE2E Pipeline: 5 Postures Full Path (?ㅼ젣 LLM
 ?몄텧)[2m > [22m[2mT5: trading ???좎궗??媛濡쒖닔湲?諛몃쪟?좊뱶 (Case 09)[2m > [22m[2mT5-01: handler ?뺤긽 ?몄텧 + ?뱀뀡 寃利?[22m[
39m[CRE-RAG] Hybrid search failed: TypeError: rpcClient.rpc is not a function
    at searchSimilarIMs (C:/Users/User/cre-dealcard/src/domain/building/mobile-im/cre-rag-service.ts:60:45)
[90m    at processTicksAndRejections (node:internal/process/task_queues:103:5)[39m
    at generateRAGContext (C:/Users/User/cre-dealcard/src/domain/building/mobile-im/cre-rag-service.ts:128:16)
    at buildIMContext (C:/Users/User/cre-dealcard/src/domain/building/mobile-im/im-context-builder.ts:274:14)
    at generateMobileIM (C:/Users/User/cre-dealcard/src/domain/building/mobile-im/writer.ts:76:15)
    at Module.generateMobileIMHandler (C:/Users/User/cre-dealcard/src/app/api/broker/im-lite/generate/handler.ts:307:24
)
    at runPipelineForFixture (C:/Users/User/cre-dealcard/src/tests/e2e/posture-e2e-pipeline.test.ts:119:18)
    at C:/Users/User/cre-dealcard/src/tests/e2e/posture-e2e-pipeline.test.ts:301:35
    at [90mfile:///C:/Users/User/cre-dealcard/[39mnode_modules/[4m@vitest/runner[24m/dist/chunk-artifact.js:1903:20

[90mstdout[2m | src/tests/e2e/posture-e2e-pipeline.test.ts[2m > [22m[2mE2E Pipeline: 5 Postures Full Path (?ㅼ젣 LLM ?몄텧)[2m > [22m[2mT5: trading ???좎궗??媛濡쒖닔湲?諛몃쪟?좊뱶 (Case 09)[2m > [22m[2mT5-01: handler ?뺤긽 ?몄텧 + ?뱀뀡 寃利?[22m[39m[mobile-im-writer] Prompt variant: writer_system_v1 (v1.0), isLogistics=false, posture=trading

[90mstderr[2m | src/tests/e2e/posture-e2e-pipeline.test.ts[2m > [22m[2mE2E Pipeline: 5 Postures Full Path (?ㅼ젣 LLM
 ?몄텧)[2m > [22m[2mT5: trading ???좎궗??媛濡쒖닔湲?諛몃쪟?좊뱶 (Case 09)[2m > [22m[2mT5-01: handler ?뺤긽 ?몄텧 + ?뱀뀡 寃利?[22m[
39m[writer] Claim violations: [
  [32m"[G38] Calculation 'f1d16eae-b7be-473f-b37b-c373579b81aa': basis='NOI'?몃뜲 怨듭젣 ??ぉ???놁뒿?덈떎. ?댁쁺鍮??놁씠 NOI瑜??곗텧????
?놁뒿?덈떎."[39m,
  [32m"[G38] Calculation 'fb5be8a9-056c-4aa9-92b7-34fb2281b833': basis='NOI'?몃뜲 怨듭젣 ??ぉ???놁뒿?덈떎. ?댁쁺鍮??놁씠 NOI瑜??곗텧????
?놁뒿?덈떎."[39m,
  [32m"[G38] Calculation 'ec63b5ea-76c5-4315-9da1-4ba056011aba': basis='NOI'?몃뜲 怨듭젣 ??ぉ???놁뒿?덈떎. ?댁쁺鍮??놁씠 NOI瑜??곗텧????
?놁뒿?덈떎."[39m
]
[golden-im] Failed to build few-shot block: TypeError: supabase.from(...).select(...).eq(...).eq is not a function
    at buildIMFewShotBlock (C:/Users/User/cre-dealcard/src/domain/building/mobile-im/golden-im-manager.ts:134:8)
    at generateSingleSection (C:/Users/User/cre-dealcard/src/domain/building/mobile-im/im-section-generator.ts:204:30)
    at C:/Users/User/cre-dealcard/src/domain/building/mobile-im/writer.ts:161:32
    at Array.map (<anonymous>)
    at generateMobileIM (C:/Users/User/cre-dealcard/src/domain/building/mobile-im/writer.ts:159:43)
[90m    at processTicksAndRejections (node:internal/process/task_queues:103:5)[39m
    at Module.generateMobileIMHandler (C:/Users/User/cre-dealcard/src/app/api/broker/im-lite/generate/handler.ts:307:24
)
    at runPipelineForFixture (C:/Users/User/cre-dealcard/src/tests/e2e/posture-e2e-pipeline.test.ts:119:18)
    at C:/Users/User/cre-dealcard/src/tests/e2e/posture-e2e-pipeline.test.ts:301:35
    at [90mfile:///C:/Users/User/cre-dealcard/[39mnode_modules/[4m@vitest/runner[24m/dist/chunk-artifact.js:1903:20
[golden-im] Failed to build few-shot block: TypeError: supabase.from(...).select(...).eq(...).eq is not a function
    at buildIMFewShotBlock (C:/Users/User/cre-dealcard/src/domain/building/mobile-im/golden-im-manager.ts:134:8)
    at generateSingleSection (C:/Users/User/cre-dealcard/src/domain/building/mobile-im/im-section-generator.ts:204:30)
    at C:/Users/User/cre-dealcard/src/domain/building/mobile-im/writer.ts:161:32
    at Array.map (<anonymous>)
    at generateMobileIM (C:/Users/User/cre-dealcard/src/domain/building/mobile-im/writer.ts:159:43)
[90m    at processTicksAndRejections (node:internal/process/task_queues:103:5)[39m
    at Module.generateMobileIMHandler (C:/Users/User/cre-dealcard/src/app/api/broker/im-lite/generate/handler.ts:307:24
)
    at runPipelineForFixture (C:/Users/User/cre-dealcard/src/tests/e2e/posture-e2e-pipeline.test.ts:119:18)
    at C:/Users/User/cre-dealcard/src/tests/e2e/posture-e2e-pipeline.test.ts:301:35
    at [90mfile:///C:/Users/User/cre-dealcard/[39mnode_modules/[4m@vitest/runner[24m/dist/chunk-artifact.js:1903:20
[golden-im] Failed to build few-shot block: TypeError: supabase.from(...).select(...).eq(...).eq is not a function
    at buildIMFewShotBlock (C:/Users/User/cre-dealcard/src/domain/building/mobile-im/golden-im-manager.ts:134:8)
    at generateSingleSection (C:/Users/User/cre-dealcard/src/domain/building/mobile-im/im-section-generator.ts:204:30)
    at C:/Users/User/cre-dealcard/src/domain/building/mobile-im/writer.ts:161:32
    at Array.map (<anonymous>)
    at generateMobileIM (C:/Users/User/cre-dealcard/src/domain/building/mobile-im/writer.ts:159:43)
[90m    at processTicksAndRejections (node:internal/process/task_queues:103:5)[39m
    at Module.generateMobileIMHandler (C:/Users/User/cre-dealcard/src/app/api/broker/im-lite/generate/handler.ts:307:24
)
    at runPipelineForFixture (C:/Users/User/cre-dealcard/src/tests/e2e/posture-e2e-pipeline.test.ts:119:18)
    at C:/Users/User/cre-dealcard/src/tests/e2e/posture-e2e-pipeline.test.ts:301:35
    at [90mfile:///C:/Users/User/cre-dealcard/[39mnode_modules/[4m@vitest/runner[24m/dist/chunk-artifact.js:1903:20
[golden-im] Failed to build few-shot block: TypeError: supabase.from(...).select(...).eq(...).eq is not a function
    at buildIMFewShotBlock (C:/Users/User/cre-dealcard/src/domain/building/mobile-im/golden-im-manager.ts:134:8)
    at generateSingleSection (C:/Users/User/cre-dealcard/src/domain/building/mobile-im/im-section-generator.ts:204:30)
    at C:/Users/User/cre-dealcard/src/domain/building/mobile-im/writer.ts:161:32
    at Array.map (<anonymous>)
    at generateMobileIM (C:/Users/User/cre-dealcard/src/domain/building/mobile-im/writer.ts:159:43)
[90m    at processTicksAndRejections (node:internal/process/task_queues:103:5)[39m
    at Module.generateMobileIMHandler (C:/Users/User/cre-dealcard/src/app/api/broker/im-lite/generate/handler.ts:307:24
)
    at runPipelineForFixture (C:/Users/User/cre-dealcard/src/tests/e2e/posture-e2e-pipeline.test.ts:119:18)
    at C:/Users/User/cre-dealcard/src/tests/e2e/posture-e2e-pipeline.test.ts:301:35
    at [90mfile:///C:/Users/User/cre-dealcard/[39mnode_modules/[4m@vitest/runner[24m/dist/chunk-artifact.js:1903:20
[golden-im] Failed to build few-shot block: TypeError: supabase.from(...).select(...).eq(...).eq is not a function
    at buildIMFewShotBlock (C:/Users/User/cre-dealcard/src/domain/building/mobile-im/golden-im-manager.ts:134:8)
    at generateSingleSection (C:/Users/User/cre-dealcard/src/domain/building/mobile-im/im-section-generator.ts:204:30)
    at C:/Users/User/cre-dealcard/src/domain/building/mobile-im/writer.ts:161:32
    at Array.map (<anonymous>)
    at generateMobileIM (C:/Users/User/cre-dealcard/src/domain/building/mobile-im/writer.ts:159:43)
[90m    at processTicksAndRejections (node:internal/process/task_queues:103:5)[39m
    at Module.generateMobileIMHandler (C:/Users/User/cre-dealcard/src/app/api/broker/im-lite/generate/handler.ts:307:24
)
    at runPipelineForFixture (C:/Users/User/cre-dealcard/src/tests/e2e/posture-e2e-pipeline.test.ts:119:18)
    at C:/Users/User/cre-dealcard/src/tests/e2e/posture-e2e-pipeline.test.ts:301:35
    at [90mfile:///C:/Users/User/cre-dealcard/[39mnode_modules/[4m@vitest/runner[24m/dist/chunk-artifact.js:1903:20
[MockOpenAIProvider]process.env.OPENAI_API_KEY is missing or in test environment. Returning mock JSON response.
[MockOpenAIProvider]process.env.OPENAI_API_KEY is missing or in test environment. Returning mock JSON response.
[MockOpenAIProvider]process.env.OPENAI_API_KEY is missing or in test environment. Returning mock JSON response.
[MockOpenAIProvider]process.env.OPENAI_API_KEY is missing or in test environment. Returning mock JSON response.
[MockOpenAIProvider]process.env.OPENAI_API_KEY is missing or in test environment. Returning mock JSON response.

[90mstderr[2m | src/tests/e2e/posture-e2e-pipeline.test.ts[2m > [22m[2mE2E Pipeline: 5 Postures Full Path (?ㅼ젣 LLM
 ?몄텧)[2m > [22m[2mT5: trading ???좎궗??媛濡쒖닔湲?諛몃쪟?좊뱶 (Case 09)[2m > [22m[2mT5-01: handler ?뺤긽 ?몄텧 + ?뱀뀡 寃利?[22m[
39m[MockOpenAIProvider]process.env.OPENAI_API_KEY is missing or in test environment. Returning mock JSON response.
[terminology-normalizer] Failed to load rules from DB, using fallback: TypeError: supabase.from(...).select(...).eq(...
).order is not a function
    at getTerminologyRules (C:/Users/User/cre-dealcard/src/domain/building/mobile-im/terminology-normalizer.ts:146:8)
    at normalizeTerminologyAsync (C:/Users/User/cre-dealcard/src/domain/building/mobile-im/terminology-normalizer.ts:24
5:23)
    at generateSingleSection (C:/Users/User/cre-dealcard/src/domain/building/mobile-im/im-section-generator.ts:392:28)
[90m    at processTicksAndRejections (node:internal/process/task_queues:103:5)[39m
    at async Promise.allSettled (index 1)
    at generateMobileIM (C:/Users/User/cre-dealcard/src/domain/building/mobile-im/writer.ts:190:23)
    at Module.generateMobileIMHandler (C:/Users/User/cre-dealcard/src/app/api/broker/im-lite/generate/handler.ts:307:24
)
    at runPipelineForFixture (C:/Users/User/cre-dealcard/src/tests/e2e/posture-e2e-pipeline.test.ts:119:18)
    at C:/Users/User/cre-dealcard/src/tests/e2e/posture-e2e-pipeline.test.ts:301:35
    at [90mfile:///C:/Users/User/cre-dealcard/[39mnode_modules/[4m@vitest/runner[24m/dist/chunk-artifact.js:1903:20
[terminology-normalizer] Failed to load rules from DB, using fallback: TypeError: supabase.from(...).select(...).eq(...
).order is not a function
    at getTerminologyRules (C:/Users/User/cre-dealcard/src/domain/building/mobile-im/terminology-normalizer.ts:146:8)
    at normalizeTerminologyAsync (C:/Users/User/cre-dealcard/src/domain/building/mobile-im/terminology-normalizer.ts:24
5:23)
    at generateSingleSection (C:/Users/User/cre-dealcard/src/domain/building/mobile-im/im-section-generator.ts:392:28)
[90m    at processTicksAndRejections (node:internal/process/task_queues:103:5)[39m
    at async Promise.allSettled (index 2)
    at generateMobileIM (C:/Users/User/cre-dealcard/src/domain/building/mobile-im/writer.ts:190:23)
    at Module.generateMobileIMHandler (C:/Users/User/cre-dealcard/src/app/api/broker/im-lite/generate/handler.ts:307:24
)
    at runPipelineForFixture (C:/Users/User/cre-dealcard/src/tests/e2e/posture-e2e-pipeline.test.ts:119:18)
    at C:/Users/User/cre-dealcard/src/tests/e2e/posture-e2e-pipeline.test.ts:301:35
    at [90mfile:///C:/Users/User/cre-dealcard/[39mnode_modules/[4m@vitest/runner[24m/dist/chunk-artifact.js:1903:20
[terminology-normalizer] Failed to load rules from DB, using fallback: TypeError: supabase.from(...).select(...).eq(...
).order is not a function
    at getTerminologyRules (C:/Users/User/cre-dealcard/src/domain/building/mobile-im/terminology-normalizer.ts:146:8)
    at normalizeTerminologyAsync (C:/Users/User/cre-dealcard/src/domain/building/mobile-im/terminology-normalizer.ts:24
5:23)
    at generateSingleSection (C:/Users/User/cre-dealcard/src/domain/building/mobile-im/im-section-generator.ts:392:28)
[90m    at processTicksAndRejections (node:internal/process/task_queues:103:5)[39m
    at async Promise.allSettled (index 3)
    at generateMobileIM (C:/Users/User/cre-dealcard/src/domain/building/mobile-im/writer.ts:190:23)
    at Module.generateMobileIMHandler (C:/Users/User/cre-dealcard/src/app/api/broker/im-lite/generate/handler.ts:307:24
)
    at runPipelineForFixture (C:/Users/User/cre-dealcard/src/tests/e2e/posture-e2e-pipeline.test.ts:119:18)
    at C:/Users/User/cre-dealcard/src/tests/e2e/posture-e2e-pipeline.test.ts:301:35
    at [90mfile:///C:/Users/User/cre-dealcard/[39mnode_modules/[4m@vitest/runner[24m/dist/chunk-artifact.js:1903:20
[MockOpenAIProvider]process.env.OPENAI_API_KEY is missing or in test environment. Returning mock JSON response.

[90mstderr[2m | src/tests/e2e/posture-e2e-pipeline.test.ts[2m > [22m[2mE2E Pipeline: 5 Postures Full Path (?ㅼ젣 LLM
 ?몄텧)[2m > [22m[2mT5: trading ???좎궗??媛濡쒖닔湲?諛몃쪟?좊뱶 (Case 09)[2m > [22m[2mT5-01: handler ?뺤긽 ?몄텧 + ?뱀뀡 寃利?[22m[
39m[MockOpenAIProvider]process.env.OPENAI_API_KEY is missing or in test environment. Returning mock JSON response.
[MockOpenAIProvider]process.env.OPENAI_API_KEY is missing or in test environment. Returning mock JSON response.
[MockOpenAIProvider]process.env.OPENAI_API_KEY is missing or in test environment. Returning mock JSON response.
[fewshot-tracker] Failed to update result score: TypeError: supabase.from(...).update is not a function
    at updateFewShotResultScore (C:/Users/User/cre-dealcard/src/domain/building/mobile-im/fewshot-tracker.ts:43:8)
    at generateSingleSection (C:/Users/User/cre-dealcard/src/domain/building/mobile-im/im-section-generator.ts:301:15)
[90m    at processTicksAndRejections (node:internal/process/task_queues:103:5)[39m
    at async Promise.allSettled (index 0)
    at generateMobileIM (C:/Users/User/cre-dealcard/src/domain/building/mobile-im/writer.ts:190:23)
    at Module.generateMobileIMHandler (C:/Users/User/cre-dealcard/src/app/api/broker/im-lite/generate/handler.ts:307:24
)
    at runPipelineForFixture (C:/Users/User/cre-dealcard/src/tests/e2e/posture-e2e-pipeline.test.ts:119:18)
    at C:/Users/User/cre-dealcard/src/tests/e2e/posture-e2e-pipeline.test.ts:301:35
    at [90mfile:///C:/Users/User/cre-dealcard/[39mnode_modules/[4m@vitest/runner[24m/dist/chunk-artifact.js:1903:20
[fewshot-tracker] Failed to auto-promote: TypeError: supabase.from(...).select(...).eq(...).eq is not a function
    at promoteToGoldenCandidate (C:/Users/User/cre-dealcard/src/domain/building/mobile-im/fewshot-tracker.ts:168:8)
    at generateSingleSection (C:/Users/User/cre-dealcard/src/domain/building/mobile-im/im-section-generator.ts:303:17)
[90m    at processTicksAndRejections (node:internal/process/task_queues:103:5)[39m
    at async Promise.allSettled (index 0)
    at generateMobileIM (C:/Users/User/cre-dealcard/src/domain/building/mobile-im/writer.ts:190:23)
    at Module.generateMobileIMHandler (C:/Users/User/cre-dealcard/src/app/api/broker/im-lite/generate/handler.ts:307:24
)
    at runPipelineForFixture (C:/Users/User/cre-dealcard/src/tests/e2e/posture-e2e-pipeline.test.ts:119:18)
    at C:/Users/User/cre-dealcard/src/tests/e2e/posture-e2e-pipeline.test.ts:301:35
    at [90mfile:///C:/Users/User/cre-dealcard/[39mnode_modules/[4m@vitest/runner[24m/dist/chunk-artifact.js:1903:20
[terminology-normalizer] Failed to load rules from DB, using fallback: TypeError: supabase.from(...).select(...).eq(...
).order is not a function
    at getTerminologyRules (C:/Users/User/cre-dealcard/src/domain/building/mobile-im/terminology-normalizer.ts:146:8)
    at normalizeTerminologyAsync (C:/Users/User/cre-dealcard/src/domain/building/mobile-im/terminology-normalizer.ts:24
5:23)
    at generateSingleSection (C:/Users/User/cre-dealcard/src/domain/building/mobile-im/im-section-generator.ts:392:28)
[90m    at processTicksAndRejections (node:internal/process/task_queues:103:5)[39m
    at async Promise.allSettled (index 0)
    at generateMobileIM (C:/Users/User/cre-dealcard/src/domain/building/mobile-im/writer.ts:190:23)
    at Module.generateMobileIMHandler (C:/Users/User/cre-dealcard/src/app/api/broker/im-lite/generate/handler.ts:307:24
)
    at runPipelineForFixture (C:/Users/User/cre-dealcard/src/tests/e2e/posture-e2e-pipeline.test.ts:119:18)
    at C:/Users/User/cre-dealcard/src/tests/e2e/posture-e2e-pipeline.test.ts:301:35
    at [90mfile:///C:/Users/User/cre-dealcard/[39mnode_modules/[4m@vitest/runner[24m/dist/chunk-artifact.js:1903:20
[fewshot-tracker] Failed to update result score: TypeError: supabase.from(...).update is not a function
    at updateFewShotResultScore (C:/Users/User/cre-dealcard/src/domain/building/mobile-im/fewshot-tracker.ts:43:8)
    at generateSingleSection (C:/Users/User/cre-dealcard/src/domain/building/mobile-im/im-section-generator.ts:301:15)
[90m    at processTicksAndRejections (node:internal/process/task_queues:103:5)[39m
    at async Promise.allSettled (index 4)
    at generateMobileIM (C:/Users/User/cre-dealcard/src/domain/building/mobile-im/writer.ts:190:23)
    at Module.generateMobileIMHandler (C:/Users/User/cre-dealcard/src/app/api/broker/im-lite/generate/handler.ts:307:24
)
    at runPipelineForFixture (C:/Users/User/cre-dealcard/src/tests/e2e/posture-e2e-pipeline.test.ts:119:18)
    at C:/Users/User/cre-dealcard/src/tests/e2e/posture-e2e-pipeline.test.ts:301:35
    at [90mfile:///C:/Users/User/cre-dealcard/[39mnode_modules/[4m@vitest/runner[24m/dist/chunk-artifact.js:1903:20
[fewshot-tracker] Failed to auto-promote: TypeError: supabase.from(...).select(...).eq(...).eq is not a function
    at promoteToGoldenCandidate (C:/Users/User/cre-dealcard/src/domain/building/mobile-im/fewshot-tracker.ts:168:8)
    at generateSingleSection (C:/Users/User/cre-dealcard/src/domain/building/mobile-im/im-section-generator.ts:303:17)
[90m    at processTicksAndRejections (node:internal/process/task_queues:103:5)[39m
    at async Promise.allSettled (index 4)
    at generateMobileIM (C:/Users/User/cre-dealcard/src/domain/building/mobile-im/writer.ts:190:23)
    at Module.generateMobileIMHandler (C:/Users/User/cre-dealcard/src/app/api/broker/im-lite/generate/handler.ts:307:24
)
    at runPipelineForFixture (C:/Users/User/cre-dealcard/src/tests/e2e/posture-e2e-pipeline.test.ts:119:18)
    at C:/Users/User/cre-dealcard/src/tests/e2e/posture-e2e-pipeline.test.ts:301:35
    at [90mfile:///C:/Users/User/cre-dealcard/[39mnode_modules/[4m@vitest/runner[24m/dist/chunk-artifact.js:1903:20
[terminology-normalizer] Failed to load rules from DB, using fallback: TypeError: supabase.from(...).select(...).eq(...
).order is not a function
    at getTerminologyRules (C:/Users/User/cre-dealcard/src/domain/building/mobile-im/terminology-normalizer.ts:146:8)
    at normalizeTerminologyAsync (C:/Users/User/cre-dealcard/src/domain/building/mobile-im/terminology-normalizer.ts:24
5:23)
    at generateSingleSection (C:/Users/User/cre-dealcard/src/domain/building/mobile-im/im-section-generator.ts:392:28)
[90m    at processTicksAndRejections (node:internal/process/task_queues:103:5)[39m
    at async Promise.allSettled (index 4)
    at generateMobileIM (C:/Users/User/cre-dealcard/src/domain/building/mobile-im/writer.ts:190:23)
    at Module.generateMobileIMHandler (C:/Users/User/cre-dealcard/src/app/api/broker/im-lite/generate/handler.ts:307:24
)
    at runPipelineForFixture (C:/Users/User/cre-dealcard/src/tests/e2e/posture-e2e-pipeline.test.ts:119:18)
    at C:/Users/User/cre-dealcard/src/tests/e2e/posture-e2e-pipeline.test.ts:301:35
    at [90mfile:///C:/Users/User/cre-dealcard/[39mnode_modules/[4m@vitest/runner[24m/dist/chunk-artifact.js:1903:20

[90mstderr[2m | src/tests/e2e/posture-e2e-pipeline.test.ts[2m > [22m[2mE2E Pipeline: 5 Postures Full Path (?ㅼ젣 LLM
 ?몄텧)[2m > [22m[2mT5: trading ???좎궗??媛濡쒖닔湲?諛몃쪟?좊뱶 (Case 09)[2m > [22m[2mT5-01: handler ?뺤긽 ?몄텧 + ?뱀뀡 寃利?[22m[
39m[MockOpenAIProvider]process.env.OPENAI_API_KEY is missing or in test environment. Returning mock JSON response.
[MockOpenAIProvider]process.env.OPENAI_API_KEY is missing or in test environment. Returning mock JSON response.

[90mstderr[2m | src/tests/e2e/posture-e2e-pipeline.test.ts[2m > [22m[2mE2E Pipeline: 5 Postures Full Path (?ㅼ젣 LLM
 ?몄텧)[2m > [22m[2mT5: trading ???좎궗??媛濡쒖닔湲?諛몃쪟?좊뱶 (Case 09)[2m > [22m[2mT5-01: handler ?뺤긽 ?몄텧 + ?뱀뀡 寃利?[22m[
39m[golden-im] Failed to build few-shot block: TypeError: supabase.from(...).select(...).eq(...).eq is not a function
    at buildIMFewShotBlock (C:/Users/User/cre-dealcard/src/domain/building/mobile-im/golden-im-manager.ts:134:8)
    at generateSingleSection (C:/Users/User/cre-dealcard/src/domain/building/mobile-im/im-section-generator.ts:204:30)
    at generateMobileIM (C:/Users/User/cre-dealcard/src/domain/building/mobile-im/writer.ts:250:28)
[90m    at processTicksAndRejections (node:internal/process/task_queues:103:5)[39m
    at Module.generateMobileIMHandler (C:/Users/User/cre-dealcard/src/app/api/broker/im-lite/generate/handler.ts:307:24
)
    at runPipelineForFixture (C:/Users/User/cre-dealcard/src/tests/e2e/posture-e2e-pipeline.test.ts:119:18)
    at C:/Users/User/cre-dealcard/src/tests/e2e/posture-e2e-pipeline.test.ts:301:35
    at [90mfile:///C:/Users/User/cre-dealcard/[39mnode_modules/[4m@vitest/runner[24m/dist/chunk-artifact.js:1903:20

[90mstderr[2m | src/tests/e2e/posture-e2e-pipeline.test.ts[2m > [22m[2mE2E Pipeline: 5 Postures Full Path (?ㅼ젣 LLM
 ?몄텧)[2m > [22m[2mT5: trading ???좎궗??媛濡쒖닔湲?諛몃쪟?좊뱶 (Case 09)[2m > [22m[2mT5-01: handler ?뺤긽 ?몄텧 + ?뱀뀡 寃利?[22m[
39m[MockOpenAIProvider]process.env.OPENAI_API_KEY is missing or in test environment. Returning mock JSON response.

[90mstderr[2m | src/tests/e2e/posture-e2e-pipeline.test.ts[2m > [22m[2mE2E Pipeline: 5 Postures Full Path (?ㅼ젣 LLM
 ?몄텧)[2m > [22m[2mT5: trading ???좎궗??媛濡쒖닔湲?諛몃쪟?좊뱶 (Case 09)[2m > [22m[2mT5-01: handler ?뺤긽 ?몄텧 + ?뱀뀡 寃利?[22m[
39m[MockOpenAIProvider]process.env.OPENAI_API_KEY is missing or in test environment. Returning mock JSON response.

[90mstderr[2m | src/tests/e2e/posture-e2e-pipeline.test.ts[2m > [22m[2mE2E Pipeline: 5 Postures Full Path (?ㅼ젣 LLM
 ?몄텧)[2m > [22m[2mT5: trading ???좎궗??媛濡쒖닔湲?諛몃쪟?좊뱶 (Case 09)[2m > [22m[2mT5-01: handler ?뺤긽 ?몄텧 + ?뱀뀡 寃利?[22m[
39m[fewshot-tracker] Failed to update result score: TypeError: supabase.from(...).update is not a function
    at updateFewShotResultScore (C:/Users/User/cre-dealcard/src/domain/building/mobile-im/fewshot-tracker.ts:43:8)
    at generateSingleSection (C:/Users/User/cre-dealcard/src/domain/building/mobile-im/im-section-generator.ts:301:15)
[90m    at processTicksAndRejections (node:internal/process/task_queues:103:5)[39m
    at generateMobileIM (C:/Users/User/cre-dealcard/src/domain/building/mobile-im/writer.ts:250:22)
    at Module.generateMobileIMHandler (C:/Users/User/cre-dealcard/src/app/api/broker/im-lite/generate/handler.ts:307:24
)
    at runPipelineForFixture (C:/Users/User/cre-dealcard/src/tests/e2e/posture-e2e-pipeline.test.ts:119:18)
    at C:/Users/User/cre-dealcard/src/tests/e2e/posture-e2e-pipeline.test.ts:301:35
    at [90mfile:///C:/Users/User/cre-dealcard/[39mnode_modules/[4m@vitest/runner[24m/dist/chunk-artifact.js:1903:20
[fewshot-tracker] Failed to auto-promote: TypeError: supabase.from(...).select(...).eq(...).eq is not a function
    at promoteToGoldenCandidate (C:/Users/User/cre-dealcard/src/domain/building/mobile-im/fewshot-tracker.ts:168:8)
    at generateSingleSection (C:/Users/User/cre-dealcard/src/domain/building/mobile-im/im-section-generator.ts:303:17)
[90m    at processTicksAndRejections (node:internal/process/task_queues:103:5)[39m
    at generateMobileIM (C:/Users/User/cre-dealcard/src/domain/building/mobile-im/writer.ts:250:22)
    at Module.generateMobileIMHandler (C:/Users/User/cre-dealcard/src/app/api/broker/im-lite/generate/handler.ts:307:24
)
    at runPipelineForFixture (C:/Users/User/cre-dealcard/src/tests/e2e/posture-e2e-pipeline.test.ts:119:18)
    at C:/Users/User/cre-dealcard/src/tests/e2e/posture-e2e-pipeline.test.ts:301:35
    at [90mfile:///C:/Users/User/cre-dealcard/[39mnode_modules/[4m@vitest/runner[24m/dist/chunk-artifact.js:1903:20
[terminology-normalizer] Failed to load rules from DB, using fallback: TypeError: supabase.from(...).select(...).eq(...
).order is not a function
    at getTerminologyRules (C:/Users/User/cre-dealcard/src/domain/building/mobile-im/terminology-normalizer.ts:146:8)
    at normalizeTerminologyAsync (C:/Users/User/cre-dealcard/src/domain/building/mobile-im/terminology-normalizer.ts:24
5:23)
    at generateSingleSection (C:/Users/User/cre-dealcard/src/domain/building/mobile-im/im-section-generator.ts:392:28)
[90m    at processTicksAndRejections (node:internal/process/task_queues:103:5)[39m
    at generateMobileIM (C:/Users/User/cre-dealcard/src/domain/building/mobile-im/writer.ts:250:22)
    at Module.generateMobileIMHandler (C:/Users/User/cre-dealcard/src/app/api/broker/im-lite/generate/handler.ts:307:24
)
    at runPipelineForFixture (C:/Users/User/cre-dealcard/src/tests/e2e/posture-e2e-pipeline.test.ts:119:18)
    at C:/Users/User/cre-dealcard/src/tests/e2e/posture-e2e-pipeline.test.ts:301:35
    at [90mfile:///C:/Users/User/cre-dealcard/[39mnode_modules/[4m@vitest/runner[24m/dist/chunk-artifact.js:1903:20

[90mstderr[2m | src/tests/e2e/posture-e2e-pipeline.test.ts[2m > [22m[2mE2E Pipeline: 5 Postures Full Path (?ㅼ젣 LLM
 ?몄텧)[2m > [22m[2mT5: trading ???좎궗??媛濡쒖닔湲?諛몃쪟?좊뱶 (Case 09)[2m > [22m[2mT5-01: handler ?뺤긽 ?몄텧 + ?뱀뀡 寃利?[22m[
39m[MockOpenAIProvider]process.env.OPENAI_API_KEY is missing or in test environment. Returning mock JSON response.

[90mstderr[2m | src/tests/e2e/posture-e2e-pipeline.test.ts[2m > [22m[2mE2E Pipeline: 5 Postures Full Path (?ㅼ젣 LLM
 ?몄텧)[2m > [22m[2mT5: trading ???좎궗??媛濡쒖닔湲?諛몃쪟?좊뱶 (Case 09)[2m > [22m[2mT5-01: handler ?뺤긽 ?몄텧 + ?뱀뀡 寃利?[22m[
39m[golden-im] Failed to build few-shot block: TypeError: supabase.from(...).select(...).eq(...).eq is not a function
    at buildIMFewShotBlock (C:/Users/User/cre-dealcard/src/domain/building/mobile-im/golden-im-manager.ts:134:8)
    at generateSingleSection (C:/Users/User/cre-dealcard/src/domain/building/mobile-im/im-section-generator.ts:204:30)
    at generateMobileIM (C:/Users/User/cre-dealcard/src/domain/building/mobile-im/writer.ts:250:28)
[90m    at processTicksAndRejections (node:internal/process/task_queues:103:5)[39m
    at Module.generateMobileIMHandler (C:/Users/User/cre-dealcard/src/app/api/broker/im-lite/generate/handler.ts:307:24
)
    at runPipelineForFixture (C:/Users/User/cre-dealcard/src/tests/e2e/posture-e2e-pipeline.test.ts:119:18)
    at C:/Users/User/cre-dealcard/src/tests/e2e/posture-e2e-pipeline.test.ts:301:35
    at [90mfile:///C:/Users/User/cre-dealcard/[39mnode_modules/[4m@vitest/runner[24m/dist/chunk-artifact.js:1903:20

[90mstderr[2m | src/tests/e2e/posture-e2e-pipeline.test.ts[2m > [22m[2mE2E Pipeline: 5 Postures Full Path (?ㅼ젣 LLM
 ?몄텧)[2m > [22m[2mT5: trading ???좎궗??媛濡쒖닔湲?諛몃쪟?좊뱶 (Case 09)[2m > [22m[2mT5-01: handler ?뺤긽 ?몄텧 + ?뱀뀡 寃利?[22m[
39m[MockOpenAIProvider]process.env.OPENAI_API_KEY is missing or in test environment. Returning mock JSON response.

[90mstderr[2m | src/tests/e2e/posture-e2e-pipeline.test.ts[2m > [22m[2mE2E Pipeline: 5 Postures Full Path (?ㅼ젣 LLM
 ?몄텧)[2m > [22m[2mT5: trading ???좎궗??媛濡쒖닔湲?諛몃쪟?좊뱶 (Case 09)[2m > [22m[2mT5-01: handler ?뺤긽 ?몄텧 + ?뱀뀡 寃利?[22m[
39m[MockOpenAIProvider]process.env.OPENAI_API_KEY is missing or in test environment. Returning mock JSON response.

[90mstderr[2m | src/tests/e2e/posture-e2e-pipeline.test.ts[2m > [22m[2mE2E Pipeline: 5 Postures Full Path (?ㅼ젣 LLM
 ?몄텧)[2m > [22m[2mT5: trading ???좎궗??媛濡쒖닔湲?諛몃쪟?좊뱶 (Case 09)[2m > [22m[2mT5-01: handler ?뺤긽 ?몄텧 + ?뱀뀡 寃利?[22m[
39m[fewshot-tracker] Failed to update result score: TypeError: supabase.from(...).update is not a function
    at updateFewShotResultScore (C:/Users/User/cre-dealcard/src/domain/building/mobile-im/fewshot-tracker.ts:43:8)
    at generateSingleSection (C:/Users/User/cre-dealcard/src/domain/building/mobile-im/im-section-generator.ts:301:15)
[90m    at processTicksAndRejections (node:internal/process/task_queues:103:5)[39m
    at generateMobileIM (C:/Users/User/cre-dealcard/src/domain/building/mobile-im/writer.ts:250:22)
    at Module.generateMobileIMHandler (C:/Users/User/cre-dealcard/src/app/api/broker/im-lite/generate/handler.ts:307:24
)
    at runPipelineForFixture (C:/Users/User/cre-dealcard/src/tests/e2e/posture-e2e-pipeline.test.ts:119:18)
    at C:/Users/User/cre-dealcard/src/tests/e2e/posture-e2e-pipeline.test.ts:301:35
    at [90mfile:///C:/Users/User/cre-dealcard/[39mnode_modules/[4m@vitest/runner[24m/dist/chunk-artifact.js:1903:20
[fewshot-tracker] Failed to auto-promote: TypeError: supabase.from(...).select(...).eq(...).eq is not a function
    at promoteToGoldenCandidate (C:/Users/User/cre-dealcard/src/domain/building/mobile-im/fewshot-tracker.ts:168:8)
    at generateSingleSection (C:/Users/User/cre-dealcard/src/domain/building/mobile-im/im-section-generator.ts:303:17)
[90m    at processTicksAndRejections (node:internal/process/task_queues:103:5)[39m
    at generateMobileIM (C:/Users/User/cre-dealcard/src/domain/building/mobile-im/writer.ts:250:22)
    at Module.generateMobileIMHandler (C:/Users/User/cre-dealcard/src/app/api/broker/im-lite/generate/handler.ts:307:24
)
    at runPipelineForFixture (C:/Users/User/cre-dealcard/src/tests/e2e/posture-e2e-pipeline.test.ts:119:18)
    at C:/Users/User/cre-dealcard/src/tests/e2e/posture-e2e-pipeline.test.ts:301:35
    at [90mfile:///C:/Users/User/cre-dealcard/[39mnode_modules/[4m@vitest/runner[24m/dist/chunk-artifact.js:1903:20
[terminology-normalizer] Failed to load rules from DB, using fallback: TypeError: supabase.from(...).select(...).eq(...
).order is not a function
    at getTerminologyRules (C:/Users/User/cre-dealcard/src/domain/building/mobile-im/terminology-normalizer.ts:146:8)
    at normalizeTerminologyAsync (C:/Users/User/cre-dealcard/src/domain/building/mobile-im/terminology-normalizer.ts:24
5:23)
    at generateSingleSection (C:/Users/User/cre-dealcard/src/domain/building/mobile-im/im-section-generator.ts:392:28)
[90m    at processTicksAndRejections (node:internal/process/task_queues:103:5)[39m
    at generateMobileIM (C:/Users/User/cre-dealcard/src/domain/building/mobile-im/writer.ts:250:22)
    at Module.generateMobileIMHandler (C:/Users/User/cre-dealcard/src/app/api/broker/im-lite/generate/handler.ts:307:24
)
    at runPipelineForFixture (C:/Users/User/cre-dealcard/src/tests/e2e/posture-e2e-pipeline.test.ts:119:18)
    at C:/Users/User/cre-dealcard/src/tests/e2e/posture-e2e-pipeline.test.ts:301:35
    at [90mfile:///C:/Users/User/cre-dealcard/[39mnode_modules/[4m@vitest/runner[24m/dist/chunk-artifact.js:1903:20

[90mstderr[2m | src/tests/e2e/p0-numeric-pipeline.test.ts[2m > [22m[2mT02: Numeric Pipeline End-to-End Consistency
[2m > [22m[2mT02-07: All 5 postures preserve their respective building metadata
[22m[39m[deck-sequencer] goldilocks: 蹂몃Ц 20硫???16硫??덉궘 (遺濡?0硫?遺꾨━)

[90mstderr[2m | src/tests/domain/market-crawlers.test.ts[2m > [22m[2mCRE External Intelligence Market Crawlers (E2
-E7)[2m > [22m[2mGET /api/public/market-intelligence?action=crawl triggers crawlers and returns statistics
[22m[39m[RentalTrend] gbd API failed: DOMException [TimeoutError]: The operation was aborted due to timeout
[90m    at node:internal/deps/undici/undici:16416:13[39m
[90m    at runNextTicks (node:internal/process/task_queues:64:5)[39m
[90m    at listOnTimeout (node:internal/timers:567:9)[39m
[90m    at processTimers (node:internal/timers:541:7)[39m
    at fetchRentalTrend (C:/Users/User/cre-dealcard/src/domain/external/gov-premium-apis.ts:86:17)
    at async Promise.all (index 0)
    at Module.GET (C:/Users/User/cre-dealcard/src/app/api/public/market-intelligence/route.ts:43:7)
    at C:/Users/User/cre-dealcard/src/tests/domain/market-crawlers.test.ts:50:17
    at [90mfile:///C:/Users/User/cre-dealcard/[39mnode_modules/[4m@vitest/runner[24m/dist/chunk-artifact.js:1903:20
[RentalTrend] gbd ??no data available

[90mstderr[2m | src/tests/e2e/posture-e2e-pipeline.test.ts[2m > [22m[2mE2E Pipeline: 5 Postures Full Path (?ㅼ젣 LLM
 ?몄텧)[2m > [22m[2mT5: trading ???좎궗??媛濡쒖닔湲?諛몃쪟?좊뱶 (Case 09)[2m > [22m[2mT5-01: handler ?뺤긽 ?몄텧 + ?뱀뀡 寃利?[22m[
39m[MockOpenAIProvider]process.env.OPENAI_API_KEY is missing or in test environment. Returning mock JSON response.

[90mstderr[2m | src/tests/e2e/p0-numeric-pipeline.test.ts[2m > [22m[2mT02: Numeric Pipeline End-to-End Consistency
[2m > [22m[2mT02-07: All 5 postures preserve their respective building metadata
[22m[39m[BL-5] ?대갚 諛쒕룞: A09 ?щ씪?대뱶 #9 ???꾪궎??낆씠 蹂몃Ц???뚮뜑留곹븯吏 紐삵빐 留덊겕?ㅼ슫 ?대갚 ?ъ슜

[90mstderr[2m | src/tests/domain/market-crawlers.test.ts[2m > [22m[2mCRE External Intelligence Market Crawlers (E2
-E7)[2m > [22m[2mGET /api/public/market-intelligence?action=crawl triggers crawlers and returns statistics
[22m[39m[RentalTrend] seongsu API failed: DOMException [TimeoutError]: The operation was aborted due to timeout
[90m    at node:internal/deps/undici/undici:16416:13[39m
[90m    at runNextTicks (node:internal/process/task_queues:64:5)[39m
[90m    at listOnTimeout (node:internal/timers:567:9)[39m
[90m    at processTimers (node:internal/timers:541:7)[39m
    at fetchRentalTrend (C:/Users/User/cre-dealcard/src/domain/external/gov-premium-apis.ts:86:17)
    at async Promise.all (index 1)
    at Module.GET (C:/Users/User/cre-dealcard/src/app/api/public/market-intelligence/route.ts:43:7)
    at C:/Users/User/cre-dealcard/src/tests/domain/market-crawlers.test.ts:50:17
    at [90mfile:///C:/Users/User/cre-dealcard/[39mnode_modules/[4m@vitest/runner[24m/dist/chunk-artifact.js:1903:20
[RentalTrend] seongsu ??no data available

[90mstderr[2m | src/tests/e2e/posture-e2e-pipeline.test.ts[2m > [22m[2mE2E Pipeline: 5 Postures Full Path (?ㅼ젣 LLM
 ?몄텧)[2m > [22m[2mT5: trading ???좎궗??媛濡쒖닔湲?諛몃쪟?좊뱶 (Case 09)[2m > [22m[2mT5-01: handler ?뺤긽 ?몄텧 + ?뱀뀡 寃利?[22m[
39m[golden-im] Failed to build few-shot block: TypeError: supabase.from(...).select(...).eq(...).eq is not a function
    at buildIMFewShotBlock (C:/Users/User/cre-dealcard/src/domain/building/mobile-im/golden-im-manager.ts:134:8)
    at generateSingleSection (C:/Users/User/cre-dealcard/src/domain/building/mobile-im/im-section-generator.ts:204:30)
    at generateMobileIM (C:/Users/User/cre-dealcard/src/domain/building/mobile-im/writer.ts:250:28)
[90m    at processTicksAndRejections (node:internal/process/task_queues:103:5)[39m
    at Module.generateMobileIMHandler (C:/Users/User/cre-dealcard/src/app/api/broker/im-lite/generate/handler.ts:307:24
)
    at runPipelineForFixture (C:/Users/User/cre-dealcard/src/tests/e2e/posture-e2e-pipeline.test.ts:119:18)
    at C:/Users/User/cre-dealcard/src/tests/e2e/posture-e2e-pipeline.test.ts:301:35
    at [90mfile:///C:/Users/User/cre-dealcard/[39mnode_modules/[4m@vitest/runner[24m/dist/chunk-artifact.js:1903:20

[90mstderr[2m | src/tests/domain/market-crawlers.test.ts[2m > [22m[2mCRE External Intelligence Market Crawlers (E2
-E7)[2m > [22m[2mGET /api/public/market-intelligence?action=crawl triggers crawlers and returns statistics
[22m[39m[RentalTrend] ybd API failed: DOMException [TimeoutError]: The operation was aborted due to timeout
[90m    at node:internal/deps/undici/undici:16416:13[39m
[90m    at runNextTicks (node:internal/process/task_queues:64:5)[39m
[90m    at listOnTimeout (node:internal/timers:567:9)[39m
[90m    at processTimers (node:internal/timers:541:7)[39m
    at fetchRentalTrend (C:/Users/User/cre-dealcard/src/domain/external/gov-premium-apis.ts:86:17)
    at async Promise.all (index 2)
    at Module.GET (C:/Users/User/cre-dealcard/src/app/api/public/market-intelligence/route.ts:43:7)
    at C:/Users/User/cre-dealcard/src/tests/domain/market-crawlers.test.ts:50:17
    at [90mfile:///C:/Users/User/cre-dealcard/[39mnode_modules/[4m@vitest/runner[24m/dist/chunk-artifact.js:1903:20
[RentalTrend] ybd ??no data available

[90mstderr[2m | src/tests/e2e/posture-e2e-pipeline.test.ts[2m > [22m[2mE2E Pipeline: 5 Postures Full Path (?ㅼ젣 LLM
 ?몄텧)[2m > [22m[2mT5: trading ???좎궗??媛濡쒖닔湲?諛몃쪟?좊뱶 (Case 09)[2m > [22m[2mT5-01: handler ?뺤긽 ?몄텧 + ?뱀뀡 寃利?[22m[
39m[MockOpenAIProvider]process.env.OPENAI_API_KEY is missing or in test environment. Returning mock JSON response.

[90mstderr[2m | src/tests/domain/market-crawlers.test.ts[2m > [22m[2mCRE External Intelligence Market Crawlers (E2
-E7)[2m > [22m[2mGET /api/public/market-intelligence?action=crawl triggers crawlers and returns statistics
[22m[39m[EnergyRating] API failed: DOMException [TimeoutError]: The operation was aborted due to timeout
[90m    at node:internal/deps/undici/undici:16416:13[39m
    at fetchEnergyRating (C:/Users/User/cre-dealcard/src/domain/external/gov-premium-apis.ts:144:17)
    at async Promise.all (index 3)
    at Module.GET (C:/Users/User/cre-dealcard/src/app/api/public/market-intelligence/route.ts:43:7)
    at C:/Users/User/cre-dealcard/src/tests/domain/market-crawlers.test.ts:50:17
    at [90mfile:///C:/Users/User/cre-dealcard/[39mnode_modules/[4m@vitest/runner[24m/dist/chunk-artifact.js:1903:20

[90mstderr[2m | src/tests/e2e/posture-e2e-pipeline.test.ts[2m > [22m[2mE2E Pipeline: 5 Postures Full Path (?ㅼ젣 LLM
 ?몄텧)[2m > [22m[2mT5: trading ???좎궗??媛濡쒖닔湲?諛몃쪟?좊뱶 (Case 09)[2m > [22m[2mT5-01: handler ?뺤긽 ?몄텧 + ?뱀뀡 寃利?[22m[
39m[terminology-normalizer] Failed to load rules from DB, using fallback: TypeError: supabase.from(...).select(...).eq(
...).order is not a function
    at getTerminologyRules (C:/Users/User/cre-dealcard/src/domain/building/mobile-im/terminology-normalizer.ts:146:8)
    at normalizeTerminologyAsync (C:/Users/User/cre-dealcard/src/domain/building/mobile-im/terminology-normalizer.ts:24
5:23)
    at generateSingleSection (C:/Users/User/cre-dealcard/src/domain/building/mobile-im/im-section-generator.ts:392:28)
[90m    at processTicksAndRejections (node:internal/process/task_queues:103:5)[39m
    at generateMobileIM (C:/Users/User/cre-dealcard/src/domain/building/mobile-im/writer.ts:250:22)
    at Module.generateMobileIMHandler (C:/Users/User/cre-dealcard/src/app/api/broker/im-lite/generate/handler.ts:307:24
)
    at runPipelineForFixture (C:/Users/User/cre-dealcard/src/tests/e2e/posture-e2e-pipeline.test.ts:119:18)
    at C:/Users/User/cre-dealcard/src/tests/e2e/posture-e2e-pipeline.test.ts:301:35
    at [90mfile:///C:/Users/User/cre-dealcard/[39mnode_modules/[4m@vitest/runner[24m/dist/chunk-artifact.js:1903:20

[90mstderr[2m | src/tests/domain/market-crawlers.test.ts[2m > [22m[2mCRE External Intelligence Market Crawlers (E2
-E7)[2m > [22m[2mGET /api/public/market-intelligence?action=crawl triggers crawlers and returns statistics
[22m[39m[SEMAS] District D001 failed: DOMException [TimeoutError]: The operation was aborted due to timeout
[90m    at node:internal/deps/undici/undici:16416:13[39m
[90m    at runNextTicks (node:internal/process/task_queues:64:5)[39m
[90m    at listOnTimeout (node:internal/timers:567:9)[39m
[90m    at processTimers (node:internal/timers:541:7)[39m
    at fetchCommercialDistrict (C:/Users/User/cre-dealcard/src/domain/external/gov-premium-apis.ts:188:19)
    at async Promise.all (index 4)
    at Module.GET (C:/Users/User/cre-dealcard/src/app/api/public/market-intelligence/route.ts:43:7)
    at C:/Users/User/cre-dealcard/src/tests/domain/market-crawlers.test.ts:50:17
    at [90mfile:///C:/Users/User/cre-dealcard/[39mnode_modules/[4m@vitest/runner[24m/dist/chunk-artifact.js:1903:20

[90mstderr[2m | src/tests/e2e/posture-e2e-pipeline.test.ts[2m > [22m[2mE2E Pipeline: 5 Postures Full Path (?ㅼ젣 LLM
 ?몄텧)[2m > [22m[2mT5: trading ???좎궗??媛濡쒖닔湲?諛몃쪟?좊뱶 (Case 09)[2m > [22m[2mT5-01: handler ?뺤긽 ?몄텧 + ?뱀뀡 寃利?[22m[
39m[MockOpenAIProvider]process.env.OPENAI_API_KEY is missing or in test environment. Returning mock JSON response.

[90mstderr[2m | src/tests/domain/market-crawlers.test.ts[2m > [22m[2mCRE External Intelligence Market Crawlers (E2
-E7)[2m > [22m[2mGET /api/public/market-intelligence?action=crawl triggers crawlers and returns statistics
[22m[39m[SEMAS] District D002 failed: DOMException [TimeoutError]: The operation was aborted due to timeout
[90m    at node:internal/deps/undici/undici:16416:13[39m
    at fetchCommercialDistrict (C:/Users/User/cre-dealcard/src/domain/external/gov-premium-apis.ts:188:19)
    at async Promise.all (index 5)
    at Module.GET (C:/Users/User/cre-dealcard/src/app/api/public/market-intelligence/route.ts:43:7)
    at C:/Users/User/cre-dealcard/src/tests/domain/market-crawlers.test.ts:50:17
    at [90mfile:///C:/Users/User/cre-dealcard/[39mnode_modules/[4m@vitest/runner[24m/dist/chunk-artifact.js:1903:20

[90mstderr[2m | src/tests/e2e/posture-e2e-pipeline.test.ts[2m > [22m[2mE2E Pipeline: 5 Postures Full Path (?ㅼ젣 LLM
 ?몄텧)[2m > [22m[2mT5: trading ???좎궗??媛濡쒖닔湲?諛몃쪟?좊뱶 (Case 09)[2m > [22m[2mT5-01: handler ?뺤긽 ?몄텧 + ?뱀뀡 寃利?[22m[
39m[mobile-im] Publish gates blocked: [ [32m'G05'[39m, [32m'G08'[39m, [32m'G20'[39m, [32m'G24'[39m ]
[cross-validator] 援먯감 寃利?寃곌낵 ??critical: 8, warning: 0, fields: [vacancy_narrative_contradiction, vacancy_narrative_co
ntradiction, vacancy_narrative_contradiction, vacancy_narrative_contradiction, vacancy_narrative_contradiction, vacancy
_narrative_contradiction, vacancy_narrative_contradiction, vacancy_narrative_contradiction]

[90mstderr[2m | src/ai/llm-client.test.ts[2m > [22m[2mLLM Abstraction & Fallback Cache[2m > [22m[2mshould fallb
ack to the next provider in chain when the first fails
[22m[39m[callLLM] Provider 'failing-one' failed after 5 attempts: API rate limit exceeded

[90mstderr[2m | src/ai/llm-client.test.ts[2m > [22m[2mLLM Abstraction & Fallback Cache[2m > [22m[2mshould resto
re from in-memory cache when all providers in the chain fail
[22m[39m[callLLM] Provider 'broken' attempt 1/5 failed: Network timeout. Retrying in 50ms...

[90mstderr[2m | src/tests/e2e/p0-numeric-pipeline.test.ts[2m > [22m[2mT02: Numeric Pipeline End-to-End Consistency
[2m > [22m[2mT02-07: All 5 postures preserve their respective building metadata
[22m[39m[deck-sequencer] goldilocks: 蹂몃Ц 20硫???16硫??덉궘 (遺濡?0硫?遺꾨━)

[90mstderr[2m | src/tests/e2e/p0-numeric-pipeline.test.ts[2m > [22m[2mT02: Numeric Pipeline End-to-End Consistency
[2m > [22m[2mT02-07: All 5 postures preserve their respective building metadata
[22m[39m[BL-5] ?대갚 諛쒕룞: A09 ?щ씪?대뱶 #9 ???꾪궎??낆씠 蹂몃Ц???뚮뜑留곹븯吏 紐삵빐 留덊겕?ㅼ슫 ?대갚 ?ъ슜

[90mstderr[2m | src/ai/llm-client.test.ts[2m > [22m[2mLLM Abstraction & Fallback Cache[2m > [22m[2mshould resto
re from in-memory cache when all providers in the chain fail
[22m[39m[callLLM] Provider 'broken' attempt 2/5 failed: Network timeout. Retrying in 100ms...

[90mstderr[2m | src/domain/building/mobile-im/__tests__/e2e-real-property.test.ts[2m > [22m[2mE2E Real Property: ?
묓룊??媛 ?붾젅?쒕퉴??(income)[2m > [22m[2mIM ?앹꽦 ?뚯씠?꾨씪??[2m > [22m[2mE2E-YP-ANCHORS: ?묓룊???섏튂 ?듭빱 ???낅젰 蹂댁〈 諛??뱀뀡 援ъ“ 寃
利?[22m[39m[CRE-RAG] Hybrid search failed: {
  code: [32m'PGRST202'[39m,
  details: [32m'Searched for the function public.match_im_documents with parameters filter_asset_type, filter_posture,
 filter_region, match_count, query_embedding, query_text or with a single unnamed json/jsonb parameter, but no matches 
were found in the schema cache.'[39m,
  hint: [1mnull[22m,
  message: [32m'Could not find the function public.match_im_documents(filter_asset_type, filter_posture, filter_region
, match_count, query_embedding, query_text) in the schema cache'[39m
}

[90mstdout[2m | src/domain/building/mobile-im/__tests__/e2e-real-property.test.ts[2m > [22m[2mE2E Real Property: ?묓룊??媛 ?붾젅?쒕퉴??(income)[2m > [22m[2mIM ?앹꽦 ?뚯씠?꾨씪??[2m > [22m[2mE2E-YP-ANCHORS: ?묓룊???섏튂 ?듭빱 ???낅젰 蹂댁〈 諛??뱀뀡 援ъ“ 寃利?[22m[39m[mobile-im-writer] Prompt variant: writer_system_v2 (v2.0), isLogistics=false, posture=income

[90mstderr[2m | src/domain/building/mobile-im/__tests__/e2e-real-property.test.ts[2m > [22m[2mE2E Real Property: ?
묓룊??媛 ?붾젅?쒕퉴??(income)[2m > [22m[2mIM ?앹꽦 ?뚯씠?꾨씪??[2m > [22m[2mE2E-YP-ANCHORS: ?묓룊???섏튂 ?듭빱 ???낅젰 蹂댁〈 諛??뱀뀡 援ъ“ 寃
利?[22m[39m[writer] Claim violations: [
  [32m"[G38] Calculation 'a8466237-aec0-4059-807f-b096f51ec58d': basis='NOI'?몃뜲 怨듭젣 ??ぉ???놁뒿?덈떎. ?댁쁺鍮??놁씠 NOI瑜??곗텧????
?놁뒿?덈떎."[39m,
  [32m"[G38] Calculation 'b17d3dc8-2a0d-4d73-82f1-deea3ec4add8': basis='NOI'?몃뜲 怨듭젣 ??ぉ???놁뒿?덈떎. ?댁쁺鍮??놁씠 NOI瑜??곗텧????
?놁뒿?덈떎."[39m,
  [32m"[G38] Calculation '2fe58ce8-cbb5-42ec-97c7-ff985ea069ec': basis='NOI'?몃뜲 怨듭젣 ??ぉ???놁뒿?덈떎. ?댁쁺鍮??놁씠 NOI瑜??곗텧????
?놁뒿?덈떎."[39m,
  [32m"[G38] Calculation '8bb36786-9442-4f30-847e-9bd388587157': basis='NOI'?몃뜲 怨듭젣 ??ぉ???놁뒿?덈떎. ?댁쁺鍮??놁씠 NOI瑜??곗텧????
?놁뒿?덈떎."[39m,
  [32m'G38_NOI_MISSING_OPEX: cap_rate_base requires evidenced operating expenses'[39m,
  [32m"[G38] Calculation 'd7c1b2ed-d6b0-46c9-a912-507349d24082': basis='NOI'?몃뜲 怨듭젣 ??ぉ???놁뒿?덈떎. ?댁쁺鍮??놁씠 NOI瑜??곗텧????
?놁뒿?덈떎."[39m,
  [32m'G38_NOI_MISSING_OPEX: cap_rate_best requires evidenced operating expenses'[39m,
  [32m"[G38] Calculation '8a822115-7d8d-4363-9bd9-1e555316a81a': basis='NOI'?몃뜲 怨듭젣 ??ぉ???놁뒿?덈떎. ?댁쁺鍮??놁씠 NOI瑜??곗텧????
?놁뒿?덈떎."[39m,
  [32m'G38_NOI_MISSING_OPEX: cap_rate_worst requires evidenced operating expenses'[39m
]

[90mstderr[2m | src/tests/e2e/ai-matching-e2e.test.ts[2m > [22m[2mAI Matching Domain E2E Tests (AI 留ㅼ묶/異붿쿇)[2m > 
[22m[2mD6. ?덉륫 & ?대윭?ㅽ꽣留?[2m > [22m[2mMATCH-E2E-16: POST /api/broker/prediction/cluster-buyers ??cluster labels
[22m[39m[MockOpenAIProvider]process.env.OPENAI_API_KEY is missing or in test environment. Returning mock JSON respons
e.

[90mstderr[2m | src/ai/llm-client.test.ts[2m > [22m[2mLLM Abstraction & Fallback Cache[2m > [22m[2mshould resto
re from in-memory cache when all providers in the chain fail
[22m[39m[callLLM] Provider 'broken' attempt 3/5 failed: Network timeout. Retrying in 200ms...

 [32m??[39m src/tests/e2e/p0-numeric-pipeline.test.ts [2m([22m[2m7 tests[22m[2m)[22m[33m 2131[2mms[22m[39m
     [33m[2m??[22m[39m T02-02: SSoT summary price_band appears in rendered PPTX [33m 675[2mms[22m[39m
     [33m[2m??[22m[39m T02-07: All 5 postures preserve their respective building metadata [33m 718[2mms[22m[39m
[90mstdout[2m | src/tests/e2e/posture-e2e-pipeline.test.ts[2m > [22m[2m16-Case MECE Regression Suite (?ㅼ젣 LLM ?몄텧)[2m > [22m[2mcase01_seocho_medical: ?쒖큹 硫붾뵒而?鍮뚮뵫 (?덉젙???섏씡) [income]
[22m[39m[im-handler] gradeResult: B [33m73[39m directData present: [33mfalse[39m

[90mstderr[2m | src/tests/e2e/posture-e2e-pipeline.test.ts[2m > [22m[2m16-Case MECE Regression Suite (?ㅼ젣 LLM ?몄텧)
[2m > [22m[2mcase01_seocho_medical: ?쒖큹 硫붾뵒而?鍮뚮뵫 (?덉젙???섏씡) [income]
[22m[39m[terminology-normalizer] Failed to load rules from DB, using fallback: TypeError: supabase.from(...).select(.
..).eq(...).order is not a function
    at getTerminologyRules (C:/Users/User/cre-dealcard/src/domain/building/mobile-im/terminology-normalizer.ts:146:8)
    at normalizeTerminologyAsync (C:/Users/User/cre-dealcard/src/domain/building/mobile-im/terminology-normalizer.ts:24
5:23)
    at deepNormalizeStringsAsync (C:/Users/User/cre-dealcard/src/domain/building/mobile-im/im-context-builder.ts:117:23
)
    at deepNormalizeStringsAsync (C:/Users/User/cre-dealcard/src/domain/building/mobile-im/im-context-builder.ts:126:24
)
    at buildIMContext (C:/Users/User/cre-dealcard/src/domain/building/mobile-im/im-context-builder.ts:170:24)
    at generateMobileIM (C:/Users/User/cre-dealcard/src/domain/building/mobile-im/writer.ts:76:15)
    at Module.generateMobileIMHandler (C:/Users/User/cre-dealcard/src/app/api/broker/im-lite/generate/handler.ts:307:24
)
    at runPipelineForFixture (C:/Users/User/cre-dealcard/src/tests/e2e/posture-e2e-pipeline.test.ts:119:18)
    at C:/Users/User/cre-dealcard/src/tests/e2e/posture-e2e-pipeline.test.ts:325:34
    at [90mfile:///C:/Users/User/cre-dealcard/[39mnode_modules/[4m@vitest/runner[24m/dist/chunk-artifact.js:1903:20

[90mstderr[2m | src/tests/e2e/posture-e2e-pipeline.test.ts[2m > [22m[2m16-Case MECE Regression Suite (?ㅼ젣 LLM ?몄텧)
[2m > [22m[2mcase01_seocho_medical: ?쒖큹 硫붾뵒而?鍮뚮뵫 (?덉젙???섏씡) [income]
[22m[39m[terminology-normalizer] Failed to load rules from DB, using fallback: TypeError: supabase.from(...).select(.
..).eq(...).order is not a function
    at getTerminologyRules (C:/Users/User/cre-dealcard/src/domain/building/mobile-im/terminology-normalizer.ts:146:8)
    at normalizeTerminologyAsync (C:/Users/User/cre-dealcard/src/domain/building/mobile-im/terminology-normalizer.ts:24
5:23)
    at deepNormalizeStringsAsync (C:/Users/User/cre-dealcard/src/domain/building/mobile-im/im-context-builder.ts:117:23
)
    at deepNormalizeStringsAsync (C:/Users/User/cre-dealcard/src/domain/building/mobile-im/im-context-builder.ts:126:24
)
    at C:/Users/User/cre-dealcard/src/domain/building/mobile-im/im-context-builder.ts:121:40
    at Array.map (<anonymous>)
    at deepNormalizeStringsAsync (C:/Users/User/cre-dealcard/src/domain/building/mobile-im/im-context-builder.ts:121:28
)
    at deepNormalizeStringsAsync (C:/Users/User/cre-dealcard/src/domain/building/mobile-im/im-context-builder.ts:126:24
)
    at buildIMContext (C:/Users/User/cre-dealcard/src/domain/building/mobile-im/im-context-builder.ts:170:24)
    at generateMobileIM (C:/Users/User/cre-dealcard/src/domain/building/mobile-im/writer.ts:76:15)
[terminology-normalizer] Failed to load rules from DB, using fallback: TypeError: supabase.from(...).select(...).eq(...
).order is not a function
    at getTerminologyRules (C:/Users/User/cre-dealcard/src/domain/building/mobile-im/terminology-normalizer.ts:146:8)
    at normalizeTerminologyAsync (C:/Users/User/cre-dealcard/src/domain/building/mobile-im/terminology-normalizer.ts:24
5:23)
    at deepNormalizeStringsAsync (C:/Users/User/cre-dealcard/src/domain/building/mobile-im/im-context-builder.ts:117:23
)
    at deepNormalizeStringsAsync (C:/Users/User/cre-dealcard/src/domain/building/mobile-im/im-context-builder.ts:126:24
)
    at C:/Users/User/cre-dealcard/src/domain/building/mobile-im/im-context-builder.ts:121:40
    at Array.map (<anonymous>)
    at deepNormalizeStringsAsync (C:/Users/User/cre-dealcard/src/domain/building/mobile-im/im-context-builder.ts:121:28
)
    at deepNormalizeStringsAsync (C:/Users/User/cre-dealcard/src/domain/building/mobile-im/im-context-builder.ts:126:24
)
    at buildIMContext (C:/Users/User/cre-dealcard/src/domain/building/mobile-im/im-context-builder.ts:170:24)
    at generateMobileIM (C:/Users/User/cre-dealcard/src/domain/building/mobile-im/writer.ts:76:15)
[terminology-normalizer] Failed to load rules from DB, using fallback: TypeError: supabase.from(...).select(...).eq(...
).order is not a function
    at getTerminologyRules (C:/Users/User/cre-dealcard/src/domain/building/mobile-im/terminology-normalizer.ts:146:8)
    at normalizeTerminologyAsync (C:/Users/User/cre-dealcard/src/domain/building/mobile-im/terminology-normalizer.ts:24
5:23)
    at deepNormalizeStringsAsync (C:/Users/User/cre-dealcard/src/domain/building/mobile-im/im-context-builder.ts:117:23
)
    at deepNormalizeStringsAsync (C:/Users/User/cre-dealcard/src/domain/building/mobile-im/im-context-builder.ts:126:24
)
    at C:/Users/User/cre-dealcard/src/domain/building/mobile-im/im-context-builder.ts:121:40
    at Array.map (<anonymous>)
    at deepNormalizeStringsAsync (C:/Users/User/cre-dealcard/src/domain/building/mobile-im/im-context-builder.ts:121:28
)
    at deepNormalizeStringsAsync (C:/Users/User/cre-dealcard/src/domain/building/mobile-im/im-context-builder.ts:126:24
)
    at buildIMContext (C:/Users/User/cre-dealcard/src/domain/building/mobile-im/im-context-builder.ts:170:24)
    at generateMobileIM (C:/Users/User/cre-dealcard/src/domain/building/mobile-im/writer.ts:76:15)
[terminology-normalizer] Failed to load rules from DB, using fallback: TypeError: supabase.from(...).select(...).eq(...
).order is not a function
    at getTerminologyRules (C:/Users/User/cre-dealcard/src/domain/building/mobile-im/terminology-normalizer.ts:146:8)
    at normalizeTerminologyAsync (C:/Users/User/cre-dealcard/src/domain/building/mobile-im/terminology-normalizer.ts:24
5:23)
    at deepNormalizeStringsAsync (C:/Users/User/cre-dealcard/src/domain/building/mobile-im/im-context-builder.ts:117:23
)
    at deepNormalizeStringsAsync (C:/Users/User/cre-dealcard/src/domain/building/mobile-im/im-context-builder.ts:126:24
)
    at C:/Users/User/cre-dealcard/src/domain/building/mobile-im/im-context-builder.ts:121:40
    at Array.map (<anonymous>)
    at deepNormalizeStringsAsync (C:/Users/User/cre-dealcard/src/domain/building/mobile-im/im-context-builder.ts:121:28
)
    at deepNormalizeStringsAsync (C:/Users/User/cre-dealcard/src/domain/building/mobile-im/im-context-builder.ts:126:24
)
    at buildIMContext (C:/Users/User/cre-dealcard/src/domain/building/mobile-im/im-context-builder.ts:170:24)
    at generateMobileIM (C:/Users/User/cre-dealcard/src/domain/building/mobile-im/writer.ts:76:15)
[terminology-normalizer] Failed to load rules from DB, using fallback: TypeError: supabase.from(...).select(...).eq(...
).order is not a function
    at getTerminologyRules (C:/Users/User/cre-dealcard/src/domain/building/mobile-im/terminology-normalizer.ts:146:8)
    at normalizeTerminologyAsync (C:/Users/User/cre-dealcard/src/domain/building/mobile-im/terminology-normalizer.ts:24
5:23)
    at deepNormalizeStringsAsync (C:/Users/User/cre-dealcard/src/domain/building/mobile-im/im-context-builder.ts:117:23
)
    at deepNormalizeStringsAsync (C:/Users/User/cre-dealcard/src/domain/building/mobile-im/im-context-builder.ts:126:24
)
    at C:/Users/User/cre-dealcard/src/domain/building/mobile-im/im-context-builder.ts:121:40
    at Array.map (<anonymous>)
    at deepNormalizeStringsAsync (C:/Users/User/cre-dealcard/src/domain/building/mobile-im/im-context-builder.ts:121:28
)
    at deepNormalizeStringsAsync (C:/Users/User/cre-dealcard/src/domain/building/mobile-im/im-context-builder.ts:126:24
)
    at buildIMContext (C:/Users/User/cre-dealcard/src/domain/building/mobile-im/im-context-builder.ts:170:24)
    at generateMobileIM (C:/Users/User/cre-dealcard/src/domain/building/mobile-im/writer.ts:76:15)
[terminology-normalizer] Failed to load rules from DB, using fallback: TypeError: supabase.from(...).select(...).eq(...
).order is not a function
    at getTerminologyRules (C:/Users/User/cre-dealcard/src/domain/building/mobile-im/terminology-normalizer.ts:146:8)
    at normalizeTerminologyAsync (C:/Users/User/cre-dealcard/src/domain/building/mobile-im/terminology-normalizer.ts:24
5:23)
    at deepNormalizeStringsAsync (C:/Users/User/cre-dealcard/src/domain/building/mobile-im/im-context-builder.ts:117:23
)
    at deepNormalizeStringsAsync (C:/Users/User/cre-dealcard/src/domain/building/mobile-im/im-context-builder.ts:126:24
)
    at C:/Users/User/cre-dealcard/src/domain/building/mobile-im/im-context-builder.ts:121:40
    at Array.map (<anonymous>)
    at deepNormalizeStringsAsync (C:/Users/User/cre-dealcard/src/domain/building/mobile-im/im-context-builder.ts:121:28
)
    at deepNormalizeStringsAsync (C:/Users/User/cre-dealcard/src/domain/building/mobile-im/im-context-builder.ts:126:24
)
    at buildIMContext (C:/Users/User/cre-dealcard/src/domain/building/mobile-im/im-context-builder.ts:170:24)
    at generateMobileIM (C:/Users/User/cre-dealcard/src/domain/building/mobile-im/writer.ts:76:15)
[terminology-normalizer] Failed to load rules from DB, using fallback: TypeError: supabase.from(...).select(...).eq(...
).order is not a function
    at getTerminologyRules (C:/Users/User/cre-dealcard/src/domain/building/mobile-im/terminology-normalizer.ts:146:8)
    at normalizeTerminologyAsync (C:/Users/User/cre-dealcard/src/domain/building/mobile-im/terminology-normalizer.ts:24
5:23)
    at deepNormalizeStringsAsync (C:/Users/User/cre-dealcard/src/domain/building/mobile-im/im-context-builder.ts:117:23
)
    at deepNormalizeStringsAsync (C:/Users/User/cre-dealcard/src/domain/building/mobile-im/im-context-builder.ts:126:24
)
    at C:/Users/User/cre-dealcard/src/domain/building/mobile-im/im-context-builder.ts:121:40
    at Array.map (<anonymous>)
    at deepNormalizeStringsAsync (C:/Users/User/cre-dealcard/src/domain/building/mobile-im/im-context-builder.ts:121:28
)
    at deepNormalizeStringsAsync (C:/Users/User/cre-dealcard/src/domain/building/mobile-im/im-context-builder.ts:126:24
)
    at buildIMContext (C:/Users/User/cre-dealcard/src/domain/building/mobile-im/im-context-builder.ts:170:24)
    at generateMobileIM (C:/Users/User/cre-dealcard/src/domain/building/mobile-im/writer.ts:76:15)

[90mstderr[2m | src/domain/building/mobile-im/__tests__/l5-pipeline-e2e.test.ts[2m > [22m[2mL5: Full Pipeline E2E 
& System Invariants (25 cases)[2m > [22m[2mPersona Isolation Principle (AGENTS.md Rule 1)[2m > [22m[2mL5-PERSONA-
01: Generated content must never contain explicit persona labels
[22m[39m[CRE-RAG] Hybrid search failed: {
  code: [32m'PGRST202'[39m,
  details: [32m'Searched for the function public.match_im_documents with parameters filter_asset_type, filter_posture,
 filter_region, match_count, query_embedding, query_text or with a single unnamed json/jsonb parameter, but no matches 
were found in the schema cache.'[39m,
  hint: [1mnull[22m,
  message: [32m'Could not find the function public.match_im_documents(filter_asset_type, filter_posture, filter_region
, match_count, query_embedding, query_text) in the schema cache'[39m
}

[90mstdout[2m | src/domain/building/mobile-im/__tests__/l5-pipeline-e2e.test.ts[2m > [22m[2mL5: Full Pipeline E2E & System Invariants (25 cases)[2m > [22m[2mPersona Isolation Principle (AGENTS.md Rule 1)[2m > [22m[2mL5-PERSONA-01: Generated content must never contain explicit persona labels
[22m[39m[mobile-im-writer] Prompt variant: writer_system_v1 (v1.0), isLogistics=false, posture=income

[90mstderr[2m | src/domain/building/mobile-im/__tests__/l5-pipeline-e2e.test.ts[2m > [22m[2mL5: Full Pipeline E2E 
& System Invariants (25 cases)[2m > [22m[2mPersona Isolation Principle (AGENTS.md Rule 1)[2m > [22m[2mL5-PERSONA-
01: Generated content must never contain explicit persona labels
[22m[39m[writer] Claim violations: [
  [32m"[G38] Calculation '5b5e6f41-41c6-44bf-bdd6-163e17ba6580': basis='NOI'?몃뜲 怨듭젣 ??ぉ???놁뒿?덈떎. ?댁쁺鍮??놁씠 NOI瑜??곗텧????
?놁뒿?덈떎."[39m,
  [32m"[G38] Calculation '4941479b-4552-4778-82ac-27f32ecd731d': basis='NOI'?몃뜲 怨듭젣 ??ぉ???놁뒿?덈떎. ?댁쁺鍮??놁씠 NOI瑜??곗텧????
?놁뒿?덈떎."[39m,
  [32m"[G38] Calculation '9790411f-0db1-4a78-b7be-e69a875ff050': basis='NOI'?몃뜲 怨듭젣 ??ぉ???놁뒿?덈떎. ?댁쁺鍮??놁씠 NOI瑜??곗텧????
?놁뒿?덈떎."[39m,
  [32m"[G38] Calculation '74bb97ae-efcd-4e52-9d3c-f1082c2a8005': basis='NOI'?몃뜲 怨듭젣 ??ぉ???놁뒿?덈떎. ?댁쁺鍮??놁씠 NOI瑜??곗텧????
?놁뒿?덈떎."[39m,
  [32m'G38_NOI_MISSING_OPEX: cap_rate_base requires evidenced operating expenses'[39m,
  [32m"[G38] Calculation '043e595b-e1ac-4b03-9ed1-64d901775af4': basis='NOI'?몃뜲 怨듭젣 ??ぉ???놁뒿?덈떎. ?댁쁺鍮??놁씠 NOI瑜??곗텧????
?놁뒿?덈떎."[39m,
  [32m'G38_NOI_MISSING_OPEX: cap_rate_best requires evidenced operating expenses'[39m,
  [32m"[G38] Calculation 'abfd0a17-25e4-4197-b061-a15635fe7601': basis='NOI'?몃뜲 怨듭젣 ??ぉ???놁뒿?덈떎. ?댁쁺鍮??놁씠 NOI瑜??곗텧????
?놁뒿?덈떎."[39m,
  [32m'G38_NOI_MISSING_OPEX: cap_rate_worst requires evidenced operating expenses'[39m
]

[90mstderr[2m | src/tests/e2e/pptx-renderer-e2e.test.ts[2m > [22m[2mPPTX In-Memory Renderer: 5 Postures 횞 Tiers + 
?≪븞 寃??[2m > [22m[2mPR-03: owner_occupied/basic ??vsLease ?꾩슜 ?щ씪?대뱶 + PPTX ???[22m[39m[BL-5] ?대갚 諛쒕룞: A08 ?щ씪?대뱶
 #6 ???꾪궎??낆씠 蹂몃Ц???뚮뜑留곹븯吏 紐삵빐 留덊겕?ㅼ슫 ?대갚 ?ъ슜

[90mstderr[2m | src/tests/e2e/ai-matching-e2e.test.ts[2m > [22m[2mAI Matching Domain E2E Tests (AI 留ㅼ묶/異붿쿇)[2m > 
[22m[2mD6. ?덉륫 & ?대윭?ㅽ꽣留?[2m > [22m[2mMATCH-E2E-16: POST /api/broker/prediction/cluster-buyers ??cluster labels
[22m[39m[MockOpenAIProvider]process.env.OPENAI_API_KEY is missing or in test environment. Returning mock JSON respons
e.

[90mstderr[2m | src/tests/e2e/posture-e2e-pipeline.test.ts[2m > [22m[2m16-Case MECE Regression Suite (?ㅼ젣 LLM ?몄텧)
[2m > [22m[2mcase01_seocho_medical: ?쒖큹 硫붾뵒而?鍮뚮뵫 (?덉젙???섏씡) [income]
[22m[39m[terminology-normalizer] Failed to load rules from DB, using fallback: TypeError: supabase.from(...).select(.
..).eq(...).order is not a function
    at getTerminologyRules (C:/Users/User/cre-dealcard/src/domain/building/mobile-im/terminology-normalizer.ts:146:8)
    at normalizeTerminologyAsync (C:/Users/User/cre-dealcard/src/domain/building/mobile-im/terminology-normalizer.ts:24
5:23)
    at deepNormalizeStringsAsync (C:/Users/User/cre-dealcard/src/domain/building/mobile-im/im-context-builder.ts:117:23
)
    at deepNormalizeStringsAsync (C:/Users/User/cre-dealcard/src/domain/building/mobile-im/im-context-builder.ts:126:24
)
    at async Promise.all (index 0)
    at deepNormalizeStringsAsync (C:/Users/User/cre-dealcard/src/domain/building/mobile-im/im-context-builder.ts:126:18
)
    at buildIMContext (C:/Users/User/cre-dealcard/src/domain/building/mobile-im/im-context-builder.ts:170:24)
    at generateMobileIM (C:/Users/User/cre-dealcard/src/domain/building/mobile-im/writer.ts:76:15)
    at Module.generateMobileIMHandler (C:/Users/User/cre-dealcard/src/app/api/broker/im-lite/generate/handler.ts:307:24
)
    at runPipelineForFixture (C:/Users/User/cre-dealcard/src/tests/e2e/posture-e2e-pipeline.test.ts:119:18)
[terminology-normalizer] Failed to load rules from DB, using fallback: TypeError: supabase.from(...).select(...).eq(...
).order is not a function
    at getTerminologyRules (C:/Users/User/cre-dealcard/src/domain/building/mobile-im/terminology-normalizer.ts:146:8)
    at normalizeTerminologyAsync (C:/Users/User/cre-dealcard/src/domain/building/mobile-im/terminology-normalizer.ts:24
5:23)
    at deepNormalizeStringsAsync (C:/Users/User/cre-dealcard/src/domain/building/mobile-im/im-context-builder.ts:117:23
)
    at deepNormalizeStringsAsync (C:/Users/User/cre-dealcard/src/domain/building/mobile-im/im-context-builder.ts:126:24
)
    at async Promise.all (index 1)
    at deepNormalizeStringsAsync (C:/Users/User/cre-dealcard/src/domain/building/mobile-im/im-context-builder.ts:126:18
)
    at buildIMContext (C:/Users/User/cre-dealcard/src/domain/building/mobile-im/im-context-builder.ts:170:24)
    at generateMobileIM (C:/Users/User/cre-dealcard/src/domain/building/mobile-im/writer.ts:76:15)
    at Module.generateMobileIMHandler (C:/Users/User/cre-dealcard/src/app/api/broker/im-lite/generate/handler.ts:307:24
)
    at runPipelineForFixture (C:/Users/User/cre-dealcard/src/tests/e2e/posture-e2e-pipeline.test.ts:119:18)
[terminology-normalizer] Failed to load rules from DB, using fallback: TypeError: supabase.from(...).select(...).eq(...
).order is not a function
    at getTerminologyRules (C:/Users/User/cre-dealcard/src/domain/building/mobile-im/terminology-normalizer.ts:146:8)
    at normalizeTerminologyAsync (C:/Users/User/cre-dealcard/src/domain/building/mobile-im/terminology-normalizer.ts:24
5:23)
    at deepNormalizeStringsAsync (C:/Users/User/cre-dealcard/src/domain/building/mobile-im/im-context-builder.ts:117:23
)
    at deepNormalizeStringsAsync (C:/Users/User/cre-dealcard/src/domain/building/mobile-im/im-context-builder.ts:126:24
)
    at async Promise.all (index 2)
    at deepNormalizeStringsAsync (C:/Users/User/cre-dealcard/src/domain/building/mobile-im/im-context-builder.ts:126:18
)
    at buildIMContext (C:/Users/User/cre-dealcard/src/domain/building/mobile-im/im-context-builder.ts:170:24)
    at generateMobileIM (C:/Users/User/cre-dealcard/src/domain/building/mobile-im/writer.ts:76:15)
    at Module.generateMobileIMHandler (C:/Users/User/cre-dealcard/src/app/api/broker/im-lite/generate/handler.ts:307:24
)
    at runPipelineForFixture (C:/Users/User/cre-dealcard/src/tests/e2e/posture-e2e-pipeline.test.ts:119:18)
[terminology-normalizer] Failed to load rules from DB, using fallback: TypeError: supabase.from(...).select(...).eq(...
).order is not a function
    at getTerminologyRules (C:/Users/User/cre-dealcard/src/domain/building/mobile-im/terminology-normalizer.ts:146:8)
    at normalizeTerminologyAsync (C:/Users/User/cre-dealcard/src/domain/building/mobile-im/terminology-normalizer.ts:24
5:23)
    at deepNormalizeStringsAsync (C:/Users/User/cre-dealcard/src/domain/building/mobile-im/im-context-builder.ts:117:23
)
    at deepNormalizeStringsAsync (C:/Users/User/cre-dealcard/src/domain/building/mobile-im/im-context-builder.ts:126:24
)
    at async Promise.all (index 3)
    at deepNormalizeStringsAsync (C:/Users/User/cre-dealcard/src/domain/building/mobile-im/im-context-builder.ts:126:18
)
    at buildIMContext (C:/Users/User/cre-dealcard/src/domain/building/mobile-im/im-context-builder.ts:170:24)
    at generateMobileIM (C:/Users/User/cre-dealcard/src/domain/building/mobile-im/writer.ts:76:15)
    at Module.generateMobileIMHandler (C:/Users/User/cre-dealcard/src/app/api/broker/im-lite/generate/handler.ts:307:24
)
    at runPipelineForFixture (C:/Users/User/cre-dealcard/src/tests/e2e/posture-e2e-pipeline.test.ts:119:18)
[terminology-normalizer] Failed to load rules from DB, using fallback: TypeError: supabase.from(...).select(...).eq(...
).order is not a function
    at getTerminologyRules (C:/Users/User/cre-dealcard/src/domain/building/mobile-im/terminology-normalizer.ts:146:8)
    at normalizeTerminologyAsync (C:/Users/User/cre-dealcard/src/domain/building/mobile-im/terminology-normalizer.ts:24
5:23)
    at deepNormalizeStringsAsync (C:/Users/User/cre-dealcard/src/domain/building/mobile-im/im-context-builder.ts:117:23
)
    at deepNormalizeStringsAsync (C:/Users/User/cre-dealcard/src/domain/building/mobile-im/im-context-builder.ts:126:24
)
    at async Promise.all (index 4)
    at deepNormalizeStringsAsync (C:/Users/User/cre-dealcard/src/domain/building/mobile-im/im-context-builder.ts:126:18
)
    at buildIMContext (C:/Users/User/cre-dealcard/src/domain/building/mobile-im/im-context-builder.ts:170:24)
    at generateMobileIM (C:/Users/User/cre-dealcard/src/domain/building/mobile-im/writer.ts:76:15)
    at Module.generateMobileIMHandler (C:/Users/User/cre-dealcard/src/app/api/broker/im-lite/generate/handler.ts:307:24
)
    at runPipelineForFixture (C:/Users/User/cre-dealcard/src/tests/e2e/posture-e2e-pipeline.test.ts:119:18)
[terminology-normalizer] Failed to load rules from DB, using fallback: TypeError: supabase.from(...).select(...).eq(...
).order is not a function
    at getTerminologyRules (C:/Users/User/cre-dealcard/src/domain/building/mobile-im/terminology-normalizer.ts:146:8)
    at normalizeTerminologyAsync (C:/Users/User/cre-dealcard/src/domain/building/mobile-im/terminology-normalizer.ts:24
5:23)
    at deepNormalizeStringsAsync (C:/Users/User/cre-dealcard/src/domain/building/mobile-im/im-context-builder.ts:117:23
)
    at deepNormalizeStringsAsync (C:/Users/User/cre-dealcard/src/domain/building/mobile-im/im-context-builder.ts:126:24
)
    at async Promise.all (index 5)
    at deepNormalizeStringsAsync (C:/Users/User/cre-dealcard/src/domain/building/mobile-im/im-context-builder.ts:126:18
)
    at buildIMContext (C:/Users/User/cre-dealcard/src/domain/building/mobile-im/im-context-builder.ts:170:24)
    at generateMobileIM (C:/Users/User/cre-dealcard/src/domain/building/mobile-im/writer.ts:76:15)
    at Module.generateMobileIMHandler (C:/Users/User/cre-dealcard/src/app/api/broker/im-lite/generate/handler.ts:307:24
)
    at runPipelineForFixture (C:/Users/User/cre-dealcard/src/tests/e2e/posture-e2e-pipeline.test.ts:119:18)
[terminology-normalizer] Failed to load rules from DB, using fallback: TypeError: supabase.from(...).select(...).eq(...
).order is not a function
    at getTerminologyRules (C:/Users/User/cre-dealcard/src/domain/building/mobile-im/terminology-normalizer.ts:146:8)
    at normalizeTerminologyAsync (C:/Users/User/cre-dealcard/src/domain/building/mobile-im/terminology-normalizer.ts:24
5:23)
    at deepNormalizeStringsAsync (C:/Users/User/cre-dealcard/src/domain/building/mobile-im/im-context-builder.ts:117:23
)
    at deepNormalizeStringsAsync (C:/Users/User/cre-dealcard/src/domain/building/mobile-im/im-context-builder.ts:126:24
)
    at async Promise.all (index 6)
    at deepNormalizeStringsAsync (C:/Users/User/cre-dealcard/src/domain/building/mobile-im/im-context-builder.ts:126:18
)
    at buildIMContext (C:/Users/User/cre-dealcard/src/domain/building/mobile-im/im-context-builder.ts:170:24)
    at generateMobileIM (C:/Users/User/cre-dealcard/src/domain/building/mobile-im/writer.ts:76:15)
    at Module.generateMobileIMHandler (C:/Users/User/cre-dealcard/src/app/api/broker/im-lite/generate/handler.ts:307:24
)
    at runPipelineForFixture (C:/Users/User/cre-dealcard/src/tests/e2e/posture-e2e-pipeline.test.ts:119:18)

[90mstderr[2m | src/tests/e2e/posture-e2e-pipeline.test.ts[2m > [22m[2m16-Case MECE Regression Suite (?ㅼ젣 LLM ?몄텧)
[2m > [22m[2mcase01_seocho_medical: ?쒖큹 硫붾뵒而?鍮뚮뵫 (?덉젙???섏씡) [income]
[22m[39m[im-context-builder] 怨듭떎瑜??곗씠??誘명솗蹂????щТ 異붿젙移섏뿉 怨듭떎瑜?誘몃컲??
[90mstderr[2m | src/ai/llm-client.test.ts[2m > [22m[2mLLM Abstraction & Fallback Cache[2m > [22m[2mshould resto
re from in-memory cache when all providers in the chain fail
[22m[39m[callLLM] Provider 'broken' attempt 4/5 failed: Network timeout. Retrying in 200ms...

[90mstderr[2m | src/tests/e2e/ai-matching-e2e.test.ts[2m > [22m[2mAI Matching Domain E2E Tests (AI 留ㅼ묶/異붿쿇)[2m > 
[22m[2mD6. ?덉륫 & ?대윭?ㅽ꽣留?[2m > [22m[2mMATCH-E2E-16: POST /api/broker/prediction/cluster-buyers ??cluster labels
[22m[39m[MockOpenAIProvider]process.env.OPENAI_API_KEY is missing or in test environment. Returning mock JSON respons
e.

[90mstderr[2m | src/domain/building/mobile-im/__tests__/e2e-real-property.test.ts[2m > [22m[2mE2E Real Property: ?
묓룊??媛 ?붾젅?쒕퉴??(income)[2m > [22m[2mIM ?앹꽦 ?뚯씠?꾨씪??[2m > [22m[2mE2E-YP-ANCHORS: ?묓룊???섏튂 ?듭빱 ???낅젰 蹂댁〈 諛??뱀뀡 援ъ“ 寃
利?[22m[39m[MockOpenAIProvider]process.env.OPENAI_API_KEY is missing or in test environment. Returning mock JSON resp
onse.

[90mstderr[2m | src/domain/building/mobile-im/__tests__/e2e-real-property.test.ts[2m > [22m[2mE2E Real Property: ?
묓룊??媛 ?붾젅?쒕퉴??(income)[2m > [22m[2mIM ?앹꽦 ?뚯씠?꾨씪??[2m > [22m[2mE2E-YP-ANCHORS: ?묓룊???섏튂 ?듭빱 ???낅젰 蹂댁〈 諛??뱀뀡 援ъ“ 寃
利?[22m[39m[MockOpenAIProvider]process.env.OPENAI_API_KEY is missing or in test environment. Returning mock JSON resp
onse.

[90mstderr[2m | src/domain/building/mobile-im/__tests__/e2e-real-property.test.ts[2m > [22m[2mE2E Real Property: ?
묓룊??媛 ?붾젅?쒕퉴??(income)[2m > [22m[2mIM ?앹꽦 ?뚯씠?꾨씪??[2m > [22m[2mE2E-YP-ANCHORS: ?묓룊???섏튂 ?듭빱 ???낅젰 蹂댁〈 諛??뱀뀡 援ъ“ 寃
利?[22m[39m[MockOpenAIProvider]process.env.OPENAI_API_KEY is missing or in test environment. Returning mock JSON resp
onse.

[90mstderr[2m | src/tests/e2e/posture-e2e-pipeline.test.ts[2m > [22m[2m16-Case MECE Regression Suite (?ㅼ젣 LLM ?몄텧)
[2m > [22m[2mcase01_seocho_medical: ?쒖큹 硫붾뵒而?鍮뚮뵫 (?덉젙???섏씡) [income]
[22m[39m[CRE-RAG] Hybrid search failed: TypeError: rpcClient.rpc is not a function
    at searchSimilarIMs (C:/Users/User/cre-dealcard/src/domain/building/mobile-im/cre-rag-service.ts:60:45)
[90m    at processTicksAndRejections (node:internal/process/task_queues:103:5)[39m
    at generateRAGContext (C:/Users/User/cre-dealcard/src/domain/building/mobile-im/cre-rag-service.ts:128:16)
    at buildIMContext (C:/Users/User/cre-dealcard/src/domain/building/mobile-im/im-context-builder.ts:274:14)
    at generateMobileIM (C:/Users/User/cre-dealcard/src/domain/building/mobile-im/writer.ts:76:15)
    at Module.generateMobileIMHandler (C:/Users/User/cre-dealcard/src/app/api/broker/im-lite/generate/handler.ts:307:24
)
    at runPipelineForFixture (C:/Users/User/cre-dealcard/src/tests/e2e/posture-e2e-pipeline.test.ts:119:18)
    at C:/Users/User/cre-dealcard/src/tests/e2e/posture-e2e-pipeline.test.ts:325:34
    at [90mfile:///C:/Users/User/cre-dealcard/[39mnode_modules/[4m@vitest/runner[24m/dist/chunk-artifact.js:1903:20

[90mstdout[2m | src/tests/e2e/posture-e2e-pipeline.test.ts[2m > [22m[2m16-Case MECE Regression Suite (?ㅼ젣 LLM ?몄텧)[2m > [22m[2mcase01_seocho_medical: ?쒖큹 硫붾뵒而?鍮뚮뵫 (?덉젙???섏씡) [income]
[22m[39m[mobile-im-writer] Prompt variant: writer_system_v1 (v1.0), isLogistics=false, posture=income

[90mstderr[2m | src/domain/building/mobile-im/__tests__/e2e-real-property.test.ts[2m > [22m[2mE2E Real Property: ?
묓룊??媛 ?붾젅?쒕퉴??(income)[2m > [22m[2mIM ?앹꽦 ?뚯씠?꾨씪??[2m > [22m[2mE2E-YP-ANCHORS: ?묓룊???섏튂 ?듭빱 ???낅젰 蹂댁〈 諛??뱀뀡 援ъ“ 寃
利?[22m[39m[MockOpenAIProvider]process.env.OPENAI_API_KEY is missing or in test environment. Returning mock JSON resp
onse.

[90mstderr[2m | src/tests/e2e/posture-e2e-pipeline.test.ts[2m > [22m[2m16-Case MECE Regression Suite (?ㅼ젣 LLM ?몄텧)
[2m > [22m[2mcase01_seocho_medical: ?쒖큹 硫붾뵒而?鍮뚮뵫 (?덉젙???섏씡) [income]
[22m[39m[writer] Claim violations: [
  [32m"[G38] Calculation '7ece209a-740f-473f-bca3-496ff3db3297': basis='NOI'?몃뜲 怨듭젣 ??ぉ???놁뒿?덈떎. ?댁쁺鍮??놁씠 NOI瑜??곗텧????
?놁뒿?덈떎."[39m,
  [32m"[G38] Calculation '43df17aa-e303-45b9-9195-1489325c408c': basis='NOI'?몃뜲 怨듭젣 ??ぉ???놁뒿?덈떎. ?댁쁺鍮??놁씠 NOI瑜??곗텧????
?놁뒿?덈떎."[39m,
  [32m"[G38] Calculation '4d490127-f9c8-4d4a-b9d8-9ec323f290d2': basis='NOI'?몃뜲 怨듭젣 ??ぉ???놁뒿?덈떎. ?댁쁺鍮??놁씠 NOI瑜??곗텧????
?놁뒿?덈떎."[39m,
  [32m"[G38] Calculation '2e25a9ba-319a-4dd5-bccf-9633197c4f3e': basis='NOI'?몃뜲 怨듭젣 ??ぉ???놁뒿?덈떎. ?댁쁺鍮??놁씠 NOI瑜??곗텧????
?놁뒿?덈떎."[39m,
  [32m'G38_NOI_MISSING_OPEX: cap_rate_base requires evidenced operating expenses'[39m,
  [32m"[G38] Calculation '76849f2a-bbc4-4581-b176-50cf5fff0693': basis='NOI'?몃뜲 怨듭젣 ??ぉ???놁뒿?덈떎. ?댁쁺鍮??놁씠 NOI瑜??곗텧????
?놁뒿?덈떎."[39m,
  [32m'G38_NOI_MISSING_OPEX: cap_rate_best requires evidenced operating expenses'[39m,
  [32m"[G38] Calculation 'b92c3249-5d50-4a38-8ce8-6dfd676312b7': basis='NOI'?몃뜲 怨듭젣 ??ぉ???놁뒿?덈떎. ?댁쁺鍮??놁씠 NOI瑜??곗텧????
?놁뒿?덈떎."[39m,
  [32m'G38_NOI_MISSING_OPEX: cap_rate_worst requires evidenced operating expenses'[39m
]
[golden-im] Failed to build few-shot block: TypeError: supabase.from(...).select(...).eq(...).eq is not a function
    at buildIMFewShotBlock (C:/Users/User/cre-dealcard/src/domain/building/mobile-im/golden-im-manager.ts:134:8)
    at generateSingleSection (C:/Users/User/cre-dealcard/src/domain/building/mobile-im/im-section-generator.ts:204:30)
    at C:/Users/User/cre-dealcard/src/domain/building/mobile-im/writer.ts:161:32
    at Array.map (<anonymous>)
    at generateMobileIM (C:/Users/User/cre-dealcard/src/domain/building/mobile-im/writer.ts:159:43)
[90m    at processTicksAndRejections (node:internal/process/task_queues:103:5)[39m
    at Module.generateMobileIMHandler (C:/Users/User/cre-dealcard/src/app/api/broker/im-lite/generate/handler.ts:307:24
)
    at runPipelineForFixture (C:/Users/User/cre-dealcard/src/tests/e2e/posture-e2e-pipeline.test.ts:119:18)
    at C:/Users/User/cre-dealcard/src/tests/e2e/posture-e2e-pipeline.test.ts:325:34
    at [90mfile:///C:/Users/User/cre-dealcard/[39mnode_modules/[4m@vitest/runner[24m/dist/chunk-artifact.js:1903:20
[golden-im] Failed to build few-shot block: TypeError: supabase.from(...).select(...).eq(...).eq is not a function
    at buildIMFewShotBlock (C:/Users/User/cre-dealcard/src/domain/building/mobile-im/golden-im-manager.ts:134:8)
    at generateSingleSection (C:/Users/User/cre-dealcard/src/domain/building/mobile-im/im-section-generator.ts:204:30)
    at C:/Users/User/cre-dealcard/src/domain/building/mobile-im/writer.ts:161:32
    at Array.map (<anonymous>)
    at generateMobileIM (C:/Users/User/cre-dealcard/src/domain/building/mobile-im/writer.ts:159:43)
[90m    at processTicksAndRejections (node:internal/process/task_queues:103:5)[39m
    at Module.generateMobileIMHandler (C:/Users/User/cre-dealcard/src/app/api/broker/im-lite/generate/handler.ts:307:24
)
    at runPipelineForFixture (C:/Users/User/cre-dealcard/src/tests/e2e/posture-e2e-pipeline.test.ts:119:18)
    at C:/Users/User/cre-dealcard/src/tests/e2e/posture-e2e-pipeline.test.ts:325:34
    at [90mfile:///C:/Users/User/cre-dealcard/[39mnode_modules/[4m@vitest/runner[24m/dist/chunk-artifact.js:1903:20
[golden-im] Failed to build few-shot block: TypeError: supabase.from(...).select(...).eq(...).eq is not a function
    at buildIMFewShotBlock (C:/Users/User/cre-dealcard/src/domain/building/mobile-im/golden-im-manager.ts:134:8)
    at generateSingleSection (C:/Users/User/cre-dealcard/src/domain/building/mobile-im/im-section-generator.ts:204:30)
    at C:/Users/User/cre-dealcard/src/domain/building/mobile-im/writer.ts:161:32
    at Array.map (<anonymous>)
    at generateMobileIM (C:/Users/User/cre-dealcard/src/domain/building/mobile-im/writer.ts:159:43)
[90m    at processTicksAndRejections (node:internal/process/task_queues:103:5)[39m
    at Module.generateMobileIMHandler (C:/Users/User/cre-dealcard/src/app/api/broker/im-lite/generate/handler.ts:307:24
)
    at runPipelineForFixture (C:/Users/User/cre-dealcard/src/tests/e2e/posture-e2e-pipeline.test.ts:119:18)
    at C:/Users/User/cre-dealcard/src/tests/e2e/posture-e2e-pipeline.test.ts:325:34
    at [90mfile:///C:/Users/User/cre-dealcard/[39mnode_modules/[4m@vitest/runner[24m/dist/chunk-artifact.js:1903:20
[golden-im] Failed to build few-shot block: TypeError: supabase.from(...).select(...).eq(...).eq is not a function
    at buildIMFewShotBlock (C:/Users/User/cre-dealcard/src/domain/building/mobile-im/golden-im-manager.ts:134:8)
    at generateSingleSection (C:/Users/User/cre-dealcard/src/domain/building/mobile-im/im-section-generator.ts:204:30)
    at C:/Users/User/cre-dealcard/src/domain/building/mobile-im/writer.ts:161:32
    at Array.map (<anonymous>)
    at generateMobileIM (C:/Users/User/cre-dealcard/src/domain/building/mobile-im/writer.ts:159:43)
[90m    at processTicksAndRejections (node:internal/process/task_queues:103:5)[39m
    at Module.generateMobileIMHandler (C:/Users/User/cre-dealcard/src/app/api/broker/im-lite/generate/handler.ts:307:24
)
    at runPipelineForFixture (C:/Users/User/cre-dealcard/src/tests/e2e/posture-e2e-pipeline.test.ts:119:18)
    at C:/Users/User/cre-dealcard/src/tests/e2e/posture-e2e-pipeline.test.ts:325:34
    at [90mfile:///C:/Users/User/cre-dealcard/[39mnode_modules/[4m@vitest/runner[24m/dist/chunk-artifact.js:1903:20
[golden-im] Failed to build few-shot block: TypeError: supabase.from(...).select(...).eq(...).eq is not a function
    at buildIMFewShotBlock (C:/Users/User/cre-dealcard/src/domain/building/mobile-im/golden-im-manager.ts:134:8)
    at generateSingleSection (C:/Users/User/cre-dealcard/src/domain/building/mobile-im/im-section-generator.ts:204:30)
    at C:/Users/User/cre-dealcard/src/domain/building/mobile-im/writer.ts:161:32
    at Array.map (<anonymous>)
    at generateMobileIM (C:/Users/User/cre-dealcard/src/domain/building/mobile-im/writer.ts:159:43)
[90m    at processTicksAndRejections (node:internal/process/task_queues:103:5)[39m
    at Module.generateMobileIMHandler (C:/Users/User/cre-dealcard/src/app/api/broker/im-lite/generate/handler.ts:307:24
)
    at runPipelineForFixture (C:/Users/User/cre-dealcard/src/tests/e2e/posture-e2e-pipeline.test.ts:119:18)
    at C:/Users/User/cre-dealcard/src/tests/e2e/posture-e2e-pipeline.test.ts:325:34
    at [90mfile:///C:/Users/User/cre-dealcard/[39mnode_modules/[4m@vitest/runner[24m/dist/chunk-artifact.js:1903:20
[golden-im] Failed to build few-shot block: TypeError: supabase.from(...).select(...).eq(...).eq is not a function
    at buildIMFewShotBlock (C:/Users/User/cre-dealcard/src/domain/building/mobile-im/golden-im-manager.ts:134:8)
    at generateSingleSection (C:/Users/User/cre-dealcard/src/domain/building/mobile-im/im-section-generator.ts:204:30)
    at C:/Users/User/cre-dealcard/src/domain/building/mobile-im/writer.ts:161:32
    at Array.map (<anonymous>)
    at generateMobileIM (C:/Users/User/cre-dealcard/src/domain/building/mobile-im/writer.ts:159:43)
[90m    at processTicksAndRejections (node:internal/process/task_queues:103:5)[39m
    at Module.generateMobileIMHandler (C:/Users/User/cre-dealcard/src/app/api/broker/im-lite/generate/handler.ts:307:24
)
    at runPipelineForFixture (C:/Users/User/cre-dealcard/src/tests/e2e/posture-e2e-pipeline.test.ts:119:18)
    at C:/Users/User/cre-dealcard/src/tests/e2e/posture-e2e-pipeline.test.ts:325:34
    at [90mfile:///C:/Users/User/cre-dealcard/[39mnode_modules/[4m@vitest/runner[24m/dist/chunk-artifact.js:1903:20
[golden-im] Failed to build few-shot block: TypeError: supabase.from(...).select(...).eq(...).eq is not a function
    at buildIMFewShotBlock (C:/Users/User/cre-dealcard/src/domain/building/mobile-im/golden-im-manager.ts:134:8)
    at generateSingleSection (C:/Users/User/cre-dealcard/src/domain/building/mobile-im/im-section-generator.ts:204:30)
    at C:/Users/User/cre-dealcard/src/domain/building/mobile-im/writer.ts:161:32
    at Array.map (<anonymous>)
    at generateMobileIM (C:/Users/User/cre-dealcard/src/domain/building/mobile-im/writer.ts:159:43)
[90m    at processTicksAndRejections (node:internal/process/task_queues:103:5)[39m
    at Module.generateMobileIMHandler (C:/Users/User/cre-dealcard/src/app/api/broker/im-lite/generate/handler.ts:307:24
)
    at runPipelineForFixture (C:/Users/User/cre-dealcard/src/tests/e2e/posture-e2e-pipeline.test.ts:119:18)
    at C:/Users/User/cre-dealcard/src/tests/e2e/posture-e2e-pipeline.test.ts:325:34
    at [90mfile:///C:/Users/User/cre-dealcard/[39mnode_modules/[4m@vitest/runner[24m/dist/chunk-artifact.js:1903:20
[golden-im] Failed to build few-shot block: TypeError: supabase.from(...).select(...).eq(...).eq is not a function
    at buildIMFewShotBlock (C:/Users/User/cre-dealcard/src/domain/building/mobile-im/golden-im-manager.ts:134:8)
    at generateSingleSection (C:/Users/User/cre-dealcard/src/domain/building/mobile-im/im-section-generator.ts:204:30)
    at C:/Users/User/cre-dealcard/src/domain/building/mobile-im/writer.ts:161:32
    at Array.map (<anonymous>)
    at generateMobileIM (C:/Users/User/cre-dealcard/src/domain/building/mobile-im/writer.ts:159:43)
[90m    at processTicksAndRejections (node:internal/process/task_queues:103:5)[39m
    at Module.generateMobileIMHandler (C:/Users/User/cre-dealcard/src/app/api/broker/im-lite/generate/handler.ts:307:24
)
    at runPipelineForFixture (C:/Users/User/cre-dealcard/src/tests/e2e/posture-e2e-pipeline.test.ts:119:18)
    at C:/Users/User/cre-dealcard/src/tests/e2e/posture-e2e-pipeline.test.ts:325:34
    at [90mfile:///C:/Users/User/cre-dealcard/[39mnode_modules/[4m@vitest/runner[24m/dist/chunk-artifact.js:1903:20
[MockOpenAIProvider]process.env.OPENAI_API_KEY is missing or in test environment. Returning mock JSON response.
[MockOpenAIProvider]process.env.OPENAI_API_KEY is missing or in test environment. Returning mock JSON response.
[MockOpenAIProvider]process.env.OPENAI_API_KEY is missing or in test environment. Returning mock JSON response.
[MockOpenAIProvider]process.env.OPENAI_API_KEY is missing or in test environment. Returning mock JSON response.
[MockOpenAIProvider]process.env.OPENAI_API_KEY is missing or in test environment. Returning mock JSON response.
[MockOpenAIProvider]process.env.OPENAI_API_KEY is missing or in test environment. Returning mock JSON response.
[MockOpenAIProvider]process.env.OPENAI_API_KEY is missing or in test environment. Returning mock JSON response.
[MockOpenAIProvider]process.env.OPENAI_API_KEY is missing or in test environment. Returning mock JSON response.

[90mstderr[2m | src/domain/building/mobile-im/__tests__/e2e-real-property.test.ts[2m > [22m[2mE2E Real Property: ?
묓룊??媛 ?붾젅?쒕퉴??(income)[2m > [22m[2mIM ?앹꽦 ?뚯씠?꾨씪??[2m > [22m[2mE2E-YP-ANCHORS: ?묓룊???섏튂 ?듭빱 ???낅젰 蹂댁〈 諛??뱀뀡 援ъ“ 寃
利?[22m[39m[MockOpenAIProvider]process.env.OPENAI_API_KEY is missing or in test environment. Returning mock JSON resp
onse.

[90mstderr[2m | src/tests/e2e/posture-e2e-pipeline.test.ts[2m > [22m[2m16-Case MECE Regression Suite (?ㅼ젣 LLM ?몄텧)
[2m > [22m[2mcase01_seocho_medical: ?쒖큹 硫붾뵒而?鍮뚮뵫 (?덉젙???섏씡) [income]
[22m[39m[terminology-normalizer] Failed to load rules from DB, using fallback: TypeError: supabase.from(...).select(.
..).eq(...).order is not a function
    at getTerminologyRules (C:/Users/User/cre-dealcard/src/domain/building/mobile-im/terminology-normalizer.ts:146:8)
    at normalizeTerminologyAsync (C:/Users/User/cre-dealcard/src/domain/building/mobile-im/terminology-normalizer.ts:24
5:23)
    at generateSingleSection (C:/Users/User/cre-dealcard/src/domain/building/mobile-im/im-section-generator.ts:392:28)
[90m    at processTicksAndRejections (node:internal/process/task_queues:103:5)[39m
    at async Promise.allSettled (index 0)
    at generateMobileIM (C:/Users/User/cre-dealcard/src/domain/building/mobile-im/writer.ts:190:23)
    at Module.generateMobileIMHandler (C:/Users/User/cre-dealcard/src/app/api/broker/im-lite/generate/handler.ts:307:24
)
    at runPipelineForFixture (C:/Users/User/cre-dealcard/src/tests/e2e/posture-e2e-pipeline.test.ts:119:18)
    at C:/Users/User/cre-dealcard/src/tests/e2e/posture-e2e-pipeline.test.ts:325:34
    at [90mfile:///C:/Users/User/cre-dealcard/[39mnode_modules/[4m@vitest/runner[24m/dist/chunk-artifact.js:1903:20
[terminology-normalizer] Failed to load rules from DB, using fallback: TypeError: supabase.from(...).select(...).eq(...
).order is not a function
    at getTerminologyRules (C:/Users/User/cre-dealcard/src/domain/building/mobile-im/terminology-normalizer.ts:146:8)
    at normalizeTerminologyAsync (C:/Users/User/cre-dealcard/src/domain/building/mobile-im/terminology-normalizer.ts:24
5:23)
    at generateSingleSection (C:/Users/User/cre-dealcard/src/domain/building/mobile-im/im-section-generator.ts:392:28)
[90m    at processTicksAndRejections (node:internal/process/task_queues:103:5)[39m
    at async Promise.allSettled (index 1)
    at generateMobileIM (C:/Users/User/cre-dealcard/src/domain/building/mobile-im/writer.ts:190:23)
    at Module.generateMobileIMHandler (C:/Users/User/cre-dealcard/src/app/api/broker/im-lite/generate/handler.ts:307:24
)
    at runPipelineForFixture (C:/Users/User/cre-dealcard/src/tests/e2e/posture-e2e-pipeline.test.ts:119:18)
    at C:/Users/User/cre-dealcard/src/tests/e2e/posture-e2e-pipeline.test.ts:325:34
    at [90mfile:///C:/Users/User/cre-dealcard/[39mnode_modules/[4m@vitest/runner[24m/dist/chunk-artifact.js:1903:20
[terminology-normalizer] Failed to load rules from DB, using fallback: TypeError: supabase.from(...).select(...).eq(...
).order is not a function
    at getTerminologyRules (C:/Users/User/cre-dealcard/src/domain/building/mobile-im/terminology-normalizer.ts:146:8)
    at normalizeTerminologyAsync (C:/Users/User/cre-dealcard/src/domain/building/mobile-im/terminology-normalizer.ts:24
5:23)
    at generateSingleSection (C:/Users/User/cre-dealcard/src/domain/building/mobile-im/im-section-generator.ts:392:28)
[90m    at processTicksAndRejections (node:internal/process/task_queues:103:5)[39m
    at async Promise.allSettled (index 2)
    at generateMobileIM (C:/Users/User/cre-dealcard/src/domain/building/mobile-im/writer.ts:190:23)
    at Module.generateMobileIMHandler (C:/Users/User/cre-dealcard/src/app/api/broker/im-lite/generate/handler.ts:307:24
)
    at runPipelineForFixture (C:/Users/User/cre-dealcard/src/tests/e2e/posture-e2e-pipeline.test.ts:119:18)
    at C:/Users/User/cre-dealcard/src/tests/e2e/posture-e2e-pipeline.test.ts:325:34
    at [90mfile:///C:/Users/User/cre-dealcard/[39mnode_modules/[4m@vitest/runner[24m/dist/chunk-artifact.js:1903:20
[terminology-normalizer] Failed to load rules from DB, using fallback: TypeError: supabase.from(...).select(...).eq(...
).order is not a function
    at getTerminologyRules (C:/Users/User/cre-dealcard/src/domain/building/mobile-im/terminology-normalizer.ts:146:8)
    at normalizeTerminologyAsync (C:/Users/User/cre-dealcard/src/domain/building/mobile-im/terminology-normalizer.ts:24
5:23)
    at generateSingleSection (C:/Users/User/cre-dealcard/src/domain/building/mobile-im/im-section-generator.ts:392:28)
[90m    at processTicksAndRejections (node:internal/process/task_queues:103:5)[39m
    at async Promise.allSettled (index 3)
    at generateMobileIM (C:/Users/User/cre-dealcard/src/domain/building/mobile-im/writer.ts:190:23)
    at Module.generateMobileIMHandler (C:/Users/User/cre-dealcard/src/app/api/broker/im-lite/generate/handler.ts:307:24
)
    at runPipelineForFixture (C:/Users/User/cre-dealcard/src/tests/e2e/posture-e2e-pipeline.test.ts:119:18)
    at C:/Users/User/cre-dealcard/src/tests/e2e/posture-e2e-pipeline.test.ts:325:34
    at [90mfile:///C:/Users/User/cre-dealcard/[39mnode_modules/[4m@vitest/runner[24m/dist/chunk-artifact.js:1903:20
[terminology-normalizer] Failed to load rules from DB, using fallback: TypeError: supabase.from(...).select(...).eq(...
).order is not a function
    at getTerminologyRules (C:/Users/User/cre-dealcard/src/domain/building/mobile-im/terminology-normalizer.ts:146:8)
    at normalizeTerminologyAsync (C:/Users/User/cre-dealcard/src/domain/building/mobile-im/terminology-normalizer.ts:24
5:23)
    at generateSingleSection (C:/Users/User/cre-dealcard/src/domain/building/mobile-im/im-section-generator.ts:392:28)
[90m    at processTicksAndRejections (node:internal/process/task_queues:103:5)[39m
    at async Promise.allSettled (index 4)
    at generateMobileIM (C:/Users/User/cre-dealcard/src/domain/building/mobile-im/writer.ts:190:23)
    at Module.generateMobileIMHandler (C:/Users/User/cre-dealcard/src/app/api/broker/im-lite/generate/handler.ts:307:24
)
    at runPipelineForFixture (C:/Users/User/cre-dealcard/src/tests/e2e/posture-e2e-pipeline.test.ts:119:18)
    at C:/Users/User/cre-dealcard/src/tests/e2e/posture-e2e-pipeline.test.ts:325:34
    at [90mfile:///C:/Users/User/cre-dealcard/[39mnode_modules/[4m@vitest/runner[24m/dist/chunk-artifact.js:1903:20
[terminology-normalizer] Failed to load rules from DB, using fallback: TypeError: supabase.from(...).select(...).eq(...
).order is not a function
    at getTerminologyRules (C:/Users/User/cre-dealcard/src/domain/building/mobile-im/terminology-normalizer.ts:146:8)
    at normalizeTerminologyAsync (C:/Users/User/cre-dealcard/src/domain/building/mobile-im/terminology-normalizer.ts:24
5:23)
    at generateSingleSection (C:/Users/User/cre-dealcard/src/domain/building/mobile-im/im-section-generator.ts:392:28)
[90m    at processTicksAndRejections (node:internal/process/task_queues:103:5)[39m
    at async Promise.allSettled (index 5)
    at generateMobileIM (C:/Users/User/cre-dealcard/src/domain/building/mobile-im/writer.ts:190:23)
    at Module.generateMobileIMHandler (C:/Users/User/cre-dealcard/src/app/api/broker/im-lite/generate/handler.ts:307:24
)
    at runPipelineForFixture (C:/Users/User/cre-dealcard/src/tests/e2e/posture-e2e-pipeline.test.ts:119:18)
    at C:/Users/User/cre-dealcard/src/tests/e2e/posture-e2e-pipeline.test.ts:325:34
    at [90mfile:///C:/Users/User/cre-dealcard/[39mnode_modules/[4m@vitest/runner[24m/dist/chunk-artifact.js:1903:20
[MockOpenAIProvider]process.env.OPENAI_API_KEY is missing or in test environment. Returning mock JSON response.
[terminology-normalizer] Failed to load rules from DB, using fallback: TypeError: supabase.from(...).select(...).eq(...
).order is not a function
    at getTerminologyRules (C:/Users/User/cre-dealcard/src/domain/building/mobile-im/terminology-normalizer.ts:146:8)
    at normalizeTerminologyAsync (C:/Users/User/cre-dealcard/src/domain/building/mobile-im/terminology-normalizer.ts:24
5:23)
    at generateSingleSection (C:/Users/User/cre-dealcard/src/domain/building/mobile-im/im-section-generator.ts:392:28)
[90m    at processTicksAndRejections (node:internal/process/task_queues:103:5)[39m
    at async Promise.allSettled (index 7)
    at generateMobileIM (C:/Users/User/cre-dealcard/src/domain/building/mobile-im/writer.ts:190:23)
    at Module.generateMobileIMHandler (C:/Users/User/cre-dealcard/src/app/api/broker/im-lite/generate/handler.ts:307:24
)
    at runPipelineForFixture (C:/Users/User/cre-dealcard/src/tests/e2e/posture-e2e-pipeline.test.ts:119:18)
    at C:/Users/User/cre-dealcard/src/tests/e2e/posture-e2e-pipeline.test.ts:325:34
    at [90mfile:///C:/Users/User/cre-dealcard/[39mnode_modules/[4m@vitest/runner[24m/dist/chunk-artifact.js:1903:20

[90mstderr[2m | src/ai/llm-client.test.ts[2m > [22m[2mLLM Abstraction & Fallback Cache[2m > [22m[2mshould resto
re from in-memory cache when all providers in the chain fail
[22m[39m[callLLM] Provider 'broken' failed after 5 attempts: Network timeout
[callLLM] All providers failed. Restored successful response from in-memory cache for key: test_resilience_key

[90mstderr[2m | src/tests/e2e/posture-e2e-pipeline.test.ts[2m > [22m[2m16-Case MECE Regression Suite (?ㅼ젣 LLM ?몄텧)
[2m > [22m[2mcase01_seocho_medical: ?쒖큹 硫붾뵒而?鍮뚮뵫 (?덉젙???섏씡) [income]
[22m[39m[MockOpenAIProvider]process.env.OPENAI_API_KEY is missing or in test environment. Returning mock JSON respons
e.
[MockOpenAIProvider]process.env.OPENAI_API_KEY is missing or in test environment. Returning mock JSON response.
[MockOpenAIProvider]process.env.OPENAI_API_KEY is missing or in test environment. Returning mock JSON response.
[MockOpenAIProvider]process.env.OPENAI_API_KEY is missing or in test environment. Returning mock JSON response.
[MockOpenAIProvider]process.env.OPENAI_API_KEY is missing or in test environment. Returning mock JSON response.
[MockOpenAIProvider]process.env.OPENAI_API_KEY is missing or in test environment. Returning mock JSON response.
[MockOpenAIProvider]process.env.OPENAI_API_KEY is missing or in test environment. Returning mock JSON response.
[fewshot-tracker] Failed to update result score: TypeError: supabase.from(...).update is not a function
    at updateFewShotResultScore (C:/Users/User/cre-dealcard/src/domain/building/mobile-im/fewshot-tracker.ts:43:8)
    at generateSingleSection (C:/Users/User/cre-dealcard/src/domain/building/mobile-im/im-section-generator.ts:301:15)
[90m    at processTicksAndRejections (node:internal/process/task_queues:103:5)[39m
    at async Promise.allSettled (index 6)
    at generateMobileIM (C:/Users/User/cre-dealcard/src/domain/building/mobile-im/writer.ts:190:23)
    at Module.generateMobileIMHandler (C:/Users/User/cre-dealcard/src/app/api/broker/im-lite/generate/handler.ts:307:24
)
    at runPipelineForFixture (C:/Users/User/cre-dealcard/src/tests/e2e/posture-e2e-pipeline.test.ts:119:18)
    at C:/Users/User/cre-dealcard/src/tests/e2e/posture-e2e-pipeline.test.ts:325:34
    at [90mfile:///C:/Users/User/cre-dealcard/[39mnode_modules/[4m@vitest/runner[24m/dist/chunk-artifact.js:1903:20
[fewshot-tracker] Failed to auto-promote: TypeError: supabase.from(...).select(...).eq(...).eq is not a function
    at promoteToGoldenCandidate (C:/Users/User/cre-dealcard/src/domain/building/mobile-im/fewshot-tracker.ts:168:8)
    at generateSingleSection (C:/Users/User/cre-dealcard/src/domain/building/mobile-im/im-section-generator.ts:303:17)
[90m    at processTicksAndRejections (node:internal/process/task_queues:103:5)[39m
    at async Promise.allSettled (index 6)
    at generateMobileIM (C:/Users/User/cre-dealcard/src/domain/building/mobile-im/writer.ts:190:23)
    at Module.generateMobileIMHandler (C:/Users/User/cre-dealcard/src/app/api/broker/im-lite/generate/handler.ts:307:24
)
    at runPipelineForFixture (C:/Users/User/cre-dealcard/src/tests/e2e/posture-e2e-pipeline.test.ts:119:18)
    at C:/Users/User/cre-dealcard/src/tests/e2e/posture-e2e-pipeline.test.ts:325:34
    at [90mfile:///C:/Users/User/cre-dealcard/[39mnode_modules/[4m@vitest/runner[24m/dist/chunk-artifact.js:1903:20
[terminology-normalizer] Failed to load rules from DB, using fallback: TypeError: supabase.from(...).select(...).eq(...
).order is not a function
    at getTerminologyRules (C:/Users/User/cre-dealcard/src/domain/building/mobile-im/terminology-normalizer.ts:146:8)
    at normalizeTerminologyAsync (C:/Users/User/cre-dealcard/src/domain/building/mobile-im/terminology-normalizer.ts:24
5:23)
    at generateSingleSection (C:/Users/User/cre-dealcard/src/domain/building/mobile-im/im-section-generator.ts:392:28)
[90m    at processTicksAndRejections (node:internal/process/task_queues:103:5)[39m
    at async Promise.allSettled (index 6)
    at generateMobileIM (C:/Users/User/cre-dealcard/src/domain/building/mobile-im/writer.ts:190:23)
    at Module.generateMobileIMHandler (C:/Users/User/cre-dealcard/src/app/api/broker/im-lite/generate/handler.ts:307:24
)
    at runPipelineForFixture (C:/Users/User/cre-dealcard/src/tests/e2e/posture-e2e-pipeline.test.ts:119:18)
    at C:/Users/User/cre-dealcard/src/tests/e2e/posture-e2e-pipeline.test.ts:325:34
    at [90mfile:///C:/Users/User/cre-dealcard/[39mnode_modules/[4m@vitest/runner[24m/dist/chunk-artifact.js:1903:20

[90mstderr[2m | src/tests/e2e/pptx-renderer-e2e.test.ts[2m > [22m[2mPPTX In-Memory Renderer: 5 Postures 횞 Tiers + 
?≪븞 寃??[2m > [22m[2mPR-04: development/basic ??land+feasibility ?꾩슜 ?щ씪?대뱶 + PPTX ???[22m[39m[deck-sequencer] gol
dilocks: 蹂몃Ц 18硫???16硫??덉궘 (遺濡?0硫?遺꾨━)

[90mstderr[2m | src/domain/building/mobile-im/__tests__/l5-pipeline-e2e.test.ts[2m > [22m[2mL5: Full Pipeline E2E 
& System Invariants (25 cases)[2m > [22m[2mPersona Isolation Principle (AGENTS.md Rule 1)[2m > [22m[2mL5-PERSONA-
01: Generated content must never contain explicit persona labels
[22m[39m[MockOpenAIProvider]process.env.OPENAI_API_KEY is missing or in test environment. Returning mock JSON respons
e.

[90mstderr[2m | src/tests/e2e/posture-e2e-pipeline.test.ts[2m > [22m[2m16-Case MECE Regression Suite (?ㅼ젣 LLM ?몄텧)
[2m > [22m[2mcase01_seocho_medical: ?쒖큹 硫붾뵒而?鍮뚮뵫 (?덉젙???섏씡) [income]
[22m[39m[MockOpenAIProvider]process.env.OPENAI_API_KEY is missing or in test environment. Returning mock JSON respons
e.

[90mstderr[2m | src/ai/llm-client.test.ts[2m > [22m[2mLLM Abstraction & Fallback Cache[2m > [22m[2mshould respe
ct deadlineMs and abort retries when deadline is exceeded
[22m[39m[callLLM] Provider 'slow-fail' attempt 1/5 failed: Temporary 503. Retrying in 50ms...

[90mstderr[2m | src/tests/e2e/pptx-renderer-e2e.test.ts[2m > [22m[2mPPTX In-Memory Renderer: 5 Postures 횞 Tiers + 
?≪븞 寃??[2m > [22m[2mPR-04: development/basic ??land+feasibility ?꾩슜 ?щ씪?대뱶 + PPTX ???[22m[39m[BL-5] ?대갚 諛쒕룞: A08 
?щ씪?대뱶 #8 ???꾪궎??낆씠 蹂몃Ц???뚮뜑留곹븯吏 紐삵빐 留덊겕?ㅼ슫 ?대갚 ?ъ슜

[90mstderr[2m | src/domain/building/mobile-im/__tests__/l5-pipeline-e2e.test.ts[2m > [22m[2mL5: Full Pipeline E2E 
& System Invariants (25 cases)[2m > [22m[2mPersona Isolation Principle (AGENTS.md Rule 1)[2m > [22m[2mL5-PERSONA-
01: Generated content must never contain explicit persona labels
[22m[39m[MockOpenAIProvider]process.env.OPENAI_API_KEY is missing or in test environment. Returning mock JSON respons
e.

[90mstderr[2m | src/tests/e2e/posture-e2e-pipeline.test.ts[2m > [22m[2m16-Case MECE Regression Suite (?ㅼ젣 LLM ?몄텧)
[2m > [22m[2mcase01_seocho_medical: ?쒖큹 硫붾뵒而?鍮뚮뵫 (?덉젙???섏씡) [income]
[22m[39m[golden-im] Failed to build few-shot block: TypeError: supabase.from(...).select(...).eq(...).eq is not a fun
ction
    at buildIMFewShotBlock (C:/Users/User/cre-dealcard/src/domain/building/mobile-im/golden-im-manager.ts:134:8)
    at generateSingleSection (C:/Users/User/cre-dealcard/src/domain/building/mobile-im/im-section-generator.ts:204:30)
    at generateMobileIM (C:/Users/User/cre-dealcard/src/domain/building/mobile-im/writer.ts:250:28)
[90m    at processTicksAndRejections (node:internal/process/task_queues:103:5)[39m
    at Module.generateMobileIMHandler (C:/Users/User/cre-dealcard/src/app/api/broker/im-lite/generate/handler.ts:307:24
)
    at runPipelineForFixture (C:/Users/User/cre-dealcard/src/tests/e2e/posture-e2e-pipeline.test.ts:119:18)
    at C:/Users/User/cre-dealcard/src/tests/e2e/posture-e2e-pipeline.test.ts:325:34
    at [90mfile:///C:/Users/User/cre-dealcard/[39mnode_modules/[4m@vitest/runner[24m/dist/chunk-artifact.js:1903:20

[90mstderr[2m | src/domain/building/mobile-im/__tests__/l5-pipeline-e2e.test.ts[2m > [22m[2mL5: Full Pipeline E2E 
& System Invariants (25 cases)[2m > [22m[2mPersona Isolation Principle (AGENTS.md Rule 1)[2m > [22m[2mL5-PERSONA-
01: Generated content must never contain explicit persona labels
[22m[39m[MockOpenAIProvider]process.env.OPENAI_API_KEY is missing or in test environment. Returning mock JSON respons
e.

[90mstderr[2m | src/tests/e2e/posture-e2e-pipeline.test.ts[2m > [22m[2m16-Case MECE Regression Suite (?ㅼ젣 LLM ?몄텧)
[2m > [22m[2mcase01_seocho_medical: ?쒖큹 硫붾뵒而?鍮뚮뵫 (?덉젙???섏씡) [income]
[22m[39m[MockOpenAIProvider]process.env.OPENAI_API_KEY is missing or in test environment. Returning mock JSON respons
e.

[90mstderr[2m | src/ai/llm-client.test.ts[2m > [22m[2mLLM Abstraction & Fallback Cache[2m > [22m[2mshould respe
ct deadlineMs and abort retries when deadline is exceeded
[22m[39m[callLLM] Remaining time budget exhausted (7ms < 100ms delay), aborting retries for 'slow-fail'

 [32m??[39m src/ai/llm-client.test.ts [2m([22m[2m5 tests[22m[2m)[22m[33m 1259[2mms[22m[39m
     [33m[2m??[22m[39m should fallback to the next provider in chain when the first fails [33m 595[2mms[22m[39m
     [33m[2m??[22m[39m should restore from in-memory cache when all providers in the chain fail [33m 590[2mms[22m[39m
[90mstderr[2m | src/domain/building/mobile-im/__tests__/l5-pipeline-e2e.test.ts[2m > [22m[2mL5: Full Pipeline E2E 
& System Invariants (25 cases)[2m > [22m[2mPersona Isolation Principle (AGENTS.md Rule 1)[2m > [22m[2mL5-PERSONA-
01: Generated content must never contain explicit persona labels
[22m[39m[MockOpenAIProvider]process.env.OPENAI_API_KEY is missing or in test environment. Returning mock JSON respons
e.

[90mstderr[2m | src/tests/e2e/posture-e2e-pipeline.test.ts[2m > [22m[2m16-Case MECE Regression Suite (?ㅼ젣 LLM ?몄텧)
[2m > [22m[2mcase01_seocho_medical: ?쒖큹 硫붾뵒而?鍮뚮뵫 (?덉젙???섏씡) [income]
[22m[39m[terminology-normalizer] Failed to load rules from DB, using fallback: TypeError: supabase.from(...).select(.
..).eq(...).order is not a function
    at getTerminologyRules (C:/Users/User/cre-dealcard/src/domain/building/mobile-im/terminology-normalizer.ts:146:8)
    at normalizeTerminologyAsync (C:/Users/User/cre-dealcard/src/domain/building/mobile-im/terminology-normalizer.ts:24
5:23)
    at generateSingleSection (C:/Users/User/cre-dealcard/src/domain/building/mobile-im/im-section-generator.ts:392:28)
[90m    at processTicksAndRejections (node:internal/process/task_queues:103:5)[39m
    at generateMobileIM (C:/Users/User/cre-dealcard/src/domain/building/mobile-im/writer.ts:250:22)
    at Module.generateMobileIMHandler (C:/Users/User/cre-dealcard/src/app/api/broker/im-lite/generate/handler.ts:307:24
)
    at runPipelineForFixture (C:/Users/User/cre-dealcard/src/tests/e2e/posture-e2e-pipeline.test.ts:119:18)
    at C:/Users/User/cre-dealcard/src/tests/e2e/posture-e2e-pipeline.test.ts:325:34
    at [90mfile:///C:/Users/User/cre-dealcard/[39mnode_modules/[4m@vitest/runner[24m/dist/chunk-artifact.js:1903:20

[90mstderr[2m | src/tests/e2e/posture-e2e-pipeline.test.ts[2m > [22m[2m16-Case MECE Regression Suite (?ㅼ젣 LLM ?몄텧)
[2m > [22m[2mcase01_seocho_medical: ?쒖큹 硫붾뵒而?鍮뚮뵫 (?덉젙???섏씡) [income]
[22m[39m[MockOpenAIProvider]process.env.OPENAI_API_KEY is missing or in test environment. Returning mock JSON respons
e.

[90mstderr[2m | src/tests/e2e/posture-e2e-pipeline.test.ts[2m > [22m[2m16-Case MECE Regression Suite (?ㅼ젣 LLM ?몄텧)
[2m > [22m[2mcase01_seocho_medical: ?쒖큹 硫붾뵒而?鍮뚮뵫 (?덉젙???섏씡) [income]
[22m[39m[golden-im] Failed to build few-shot block: TypeError: supabase.from(...).select(...).eq(...).eq is not a fun
ction
    at buildIMFewShotBlock (C:/Users/User/cre-dealcard/src/domain/building/mobile-im/golden-im-manager.ts:134:8)
    at generateSingleSection (C:/Users/User/cre-dealcard/src/domain/building/mobile-im/im-section-generator.ts:204:30)
    at generateMobileIM (C:/Users/User/cre-dealcard/src/domain/building/mobile-im/writer.ts:250:28)
[90m    at processTicksAndRejections (node:internal/process/task_queues:103:5)[39m
    at Module.generateMobileIMHandler (C:/Users/User/cre-dealcard/src/app/api/broker/im-lite/generate/handler.ts:307:24
)
    at runPipelineForFixture (C:/Users/User/cre-dealcard/src/tests/e2e/posture-e2e-pipeline.test.ts:119:18)
    at C:/Users/User/cre-dealcard/src/tests/e2e/posture-e2e-pipeline.test.ts:325:34
    at [90mfile:///C:/Users/User/cre-dealcard/[39mnode_modules/[4m@vitest/runner[24m/dist/chunk-artifact.js:1903:20

[90mstderr[2m | src/tests/e2e/posture-e2e-pipeline.test.ts[2m > [22m[2m16-Case MECE Regression Suite (?ㅼ젣 LLM ?몄텧)
[2m > [22m[2mcase01_seocho_medical: ?쒖큹 硫붾뵒而?鍮뚮뵫 (?덉젙???섏씡) [income]
[22m[39m[MockOpenAIProvider]process.env.OPENAI_API_KEY is missing or in test environment. Returning mock JSON respons
e.

[90mstderr[2m | src/tests/e2e/posture-e2e-pipeline.test.ts[2m > [22m[2m16-Case MECE Regression Suite (?ㅼ젣 LLM ?몄텧)
[2m > [22m[2mcase01_seocho_medical: ?쒖큹 硫붾뵒而?鍮뚮뵫 (?덉젙???섏씡) [income]
[22m[39m[terminology-normalizer] Failed to load rules from DB, using fallback: TypeError: supabase.from(...).select(.
..).eq(...).order is not a function
    at getTerminologyRules (C:/Users/User/cre-dealcard/src/domain/building/mobile-im/terminology-normalizer.ts:146:8)
    at normalizeTerminologyAsync (C:/Users/User/cre-dealcard/src/domain/building/mobile-im/terminology-normalizer.ts:24
5:23)
    at generateSingleSection (C:/Users/User/cre-dealcard/src/domain/building/mobile-im/im-section-generator.ts:392:28)
[90m    at processTicksAndRejections (node:internal/process/task_queues:103:5)[39m
    at generateMobileIM (C:/Users/User/cre-dealcard/src/domain/building/mobile-im/writer.ts:250:22)
    at Module.generateMobileIMHandler (C:/Users/User/cre-dealcard/src/app/api/broker/im-lite/generate/handler.ts:307:24
)
    at runPipelineForFixture (C:/Users/User/cre-dealcard/src/tests/e2e/posture-e2e-pipeline.test.ts:119:18)
    at C:/Users/User/cre-dealcard/src/tests/e2e/posture-e2e-pipeline.test.ts:325:34
    at [90mfile:///C:/Users/User/cre-dealcard/[39mnode_modules/[4m@vitest/runner[24m/dist/chunk-artifact.js:1903:20

[90mstderr[2m | src/tests/e2e/posture-e2e-pipeline.test.ts[2m > [22m[2m16-Case MECE Regression Suite (?ㅼ젣 LLM ?몄텧)
[2m > [22m[2mcase01_seocho_medical: ?쒖큹 硫붾뵒而?鍮뚮뵫 (?덉젙???섏씡) [income]
[22m[39m[MockOpenAIProvider]process.env.OPENAI_API_KEY is missing or in test environment. Returning mock JSON respons
e.

[90mstderr[2m | src/tests/e2e/posture-e2e-pipeline.test.ts[2m > [22m[2m16-Case MECE Regression Suite (?ㅼ젣 LLM ?몄텧)
[2m > [22m[2mcase01_seocho_medical: ?쒖큹 硫붾뵒而?鍮뚮뵫 (?덉젙???섏씡) [income]
[22m[39m[golden-im] Failed to build few-shot block: TypeError: supabase.from(...).select(...).eq(...).eq is not a fun
ction
    at buildIMFewShotBlock (C:/Users/User/cre-dealcard/src/domain/building/mobile-im/golden-im-manager.ts:134:8)
    at generateSingleSection (C:/Users/User/cre-dealcard/src/domain/building/mobile-im/im-section-generator.ts:204:30)
    at generateMobileIM (C:/Users/User/cre-dealcard/src/domain/building/mobile-im/writer.ts:250:28)
[90m    at processTicksAndRejections (node:internal/process/task_queues:103:5)[39m
    at Module.generateMobileIMHandler (C:/Users/User/cre-dealcard/src/app/api/broker/im-lite/generate/handler.ts:307:24
)
    at runPipelineForFixture (C:/Users/User/cre-dealcard/src/tests/e2e/posture-e2e-pipeline.test.ts:119:18)
    at C:/Users/User/cre-dealcard/src/tests/e2e/posture-e2e-pipeline.test.ts:325:34
    at [90mfile:///C:/Users/User/cre-dealcard/[39mnode_modules/[4m@vitest/runner[24m/dist/chunk-artifact.js:1903:20

[90mstderr[2m | src/tests/e2e/posture-e2e-pipeline.test.ts[2m > [22m[2m16-Case MECE Regression Suite (?ㅼ젣 LLM ?몄텧)
[2m > [22m[2mcase01_seocho_medical: ?쒖큹 硫붾뵒而?鍮뚮뵫 (?덉젙???섏씡) [income]
[22m[39m[MockOpenAIProvider]process.env.OPENAI_API_KEY is missing or in test environment. Returning mock JSON respons
e.

[90mstderr[2m | src/tests/e2e/posture-e2e-pipeline.test.ts[2m > [22m[2m16-Case MECE Regression Suite (?ㅼ젣 LLM ?몄텧)
[2m > [22m[2mcase01_seocho_medical: ?쒖큹 硫붾뵒而?鍮뚮뵫 (?덉젙???섏씡) [income]
[22m[39m[MockOpenAIProvider]process.env.OPENAI_API_KEY is missing or in test environment. Returning mock JSON respons
e.

[90mstderr[2m | src/domain/building/mobile-im/__tests__/e2e-real-property.test.ts[2m > [22m[2mE2E Real Property: ?
묓룊??媛 ?붾젅?쒕퉴??(income)[2m > [22m[2mIM ?앹꽦 ?뚯씠?꾨씪??[2m > [22m[2mE2E-YP-ANCHORS: ?묓룊???섏튂 ?듭빱 ???낅젰 蹂댁〈 諛??뱀뀡 援ъ“ 寃
利?[22m[39m[MockOpenAIProvider]process.env.OPENAI_API_KEY is missing or in test environment. Returning mock JSON resp
onse.

[90mstderr[2m | src/tests/e2e/posture-e2e-pipeline.test.ts[2m > [22m[2m16-Case MECE Regression Suite (?ㅼ젣 LLM ?몄텧)
[2m > [22m[2mcase01_seocho_medical: ?쒖큹 硫붾뵒而?鍮뚮뵫 (?덉젙???섏씡) [income]
[22m[39m[fewshot-tracker] Failed to update result score: TypeError: supabase.from(...).update is not a function
    at updateFewShotResultScore (C:/Users/User/cre-dealcard/src/domain/building/mobile-im/fewshot-tracker.ts:43:8)
    at generateSingleSection (C:/Users/User/cre-dealcard/src/domain/building/mobile-im/im-section-generator.ts:301:15)
[90m    at processTicksAndRejections (node:internal/process/task_queues:103:5)[39m
    at generateMobileIM (C:/Users/User/cre-dealcard/src/domain/building/mobile-im/writer.ts:250:22)
    at Module.generateMobileIMHandler (C:/Users/User/cre-dealcard/src/app/api/broker/im-lite/generate/handler.ts:307:24
)
    at runPipelineForFixture (C:/Users/User/cre-dealcard/src/tests/e2e/posture-e2e-pipeline.test.ts:119:18)
    at C:/Users/User/cre-dealcard/src/tests/e2e/posture-e2e-pipeline.test.ts:325:34
    at [90mfile:///C:/Users/User/cre-dealcard/[39mnode_modules/[4m@vitest/runner[24m/dist/chunk-artifact.js:1903:20
[fewshot-tracker] Failed to auto-promote: TypeError: supabase.from(...).select(...).eq(...).eq is not a function
    at promoteToGoldenCandidate (C:/Users/User/cre-dealcard/src/domain/building/mobile-im/fewshot-tracker.ts:168:8)
    at generateSingleSection (C:/Users/User/cre-dealcard/src/domain/building/mobile-im/im-section-generator.ts:303:17)
[90m    at processTicksAndRejections (node:internal/process/task_queues:103:5)[39m
    at generateMobileIM (C:/Users/User/cre-dealcard/src/domain/building/mobile-im/writer.ts:250:22)
    at Module.generateMobileIMHandler (C:/Users/User/cre-dealcard/src/app/api/broker/im-lite/generate/handler.ts:307:24
)
    at runPipelineForFixture (C:/Users/User/cre-dealcard/src/tests/e2e/posture-e2e-pipeline.test.ts:119:18)
    at C:/Users/User/cre-dealcard/src/tests/e2e/posture-e2e-pipeline.test.ts:325:34
    at [90mfile:///C:/Users/User/cre-dealcard/[39mnode_modules/[4m@vitest/runner[24m/dist/chunk-artifact.js:1903:20
[terminology-normalizer] Failed to load rules from DB, using fallback: TypeError: supabase.from(...).select(...).eq(...
).order is not a function
    at getTerminologyRules (C:/Users/User/cre-dealcard/src/domain/building/mobile-im/terminology-normalizer.ts:146:8)
    at normalizeTerminologyAsync (C:/Users/User/cre-dealcard/src/domain/building/mobile-im/terminology-normalizer.ts:24
5:23)
    at generateSingleSection (C:/Users/User/cre-dealcard/src/domain/building/mobile-im/im-section-generator.ts:392:28)
[90m    at processTicksAndRejections (node:internal/process/task_queues:103:5)[39m
    at generateMobileIM (C:/Users/User/cre-dealcard/src/domain/building/mobile-im/writer.ts:250:22)
    at Module.generateMobileIMHandler (C:/Users/User/cre-dealcard/src/app/api/broker/im-lite/generate/handler.ts:307:24
)
    at runPipelineForFixture (C:/Users/User/cre-dealcard/src/tests/e2e/posture-e2e-pipeline.test.ts:119:18)
    at C:/Users/User/cre-dealcard/src/tests/e2e/posture-e2e-pipeline.test.ts:325:34
    at [90mfile:///C:/Users/User/cre-dealcard/[39mnode_modules/[4m@vitest/runner[24m/dist/chunk-artifact.js:1903:20

[90mstderr[2m | src/tests/e2e/posture-e2e-pipeline.test.ts[2m > [22m[2m16-Case MECE Regression Suite (?ㅼ젣 LLM ?몄텧)
[2m > [22m[2mcase01_seocho_medical: ?쒖큹 硫붾뵒而?鍮뚮뵫 (?덉젙???섏씡) [income]
[22m[39m[MockOpenAIProvider]process.env.OPENAI_API_KEY is missing or in test environment. Returning mock JSON respons
e.

[90mstderr[2m | src/domain/building/mobile-im/__tests__/l5-pipeline-e2e.test.ts[2m > [22m[2mL5: Full Pipeline E2E 
& System Invariants (25 cases)[2m > [22m[2mPersona Isolation Principle (AGENTS.md Rule 1)[2m > [22m[2mL5-PERSONA-
01: Generated content must never contain explicit persona labels
[22m[39m[MockOpenAIProvider]process.env.OPENAI_API_KEY is missing or in test environment. Returning mock JSON respons
e.

[90mstderr[2m | src/tests/e2e/posture-e2e-pipeline.test.ts[2m > [22m[2m16-Case MECE Regression Suite (?ㅼ젣 LLM ?몄텧)
[2m > [22m[2mcase01_seocho_medical: ?쒖큹 硫붾뵒而?鍮뚮뵫 (?덉젙???섏씡) [income]
[22m[39m[golden-im] Failed to build few-shot block: TypeError: supabase.from(...).select(...).eq(...).eq is not a fun
ction
    at buildIMFewShotBlock (C:/Users/User/cre-dealcard/src/domain/building/mobile-im/golden-im-manager.ts:134:8)
    at generateSingleSection (C:/Users/User/cre-dealcard/src/domain/building/mobile-im/im-section-generator.ts:204:30)
    at generateMobileIM (C:/Users/User/cre-dealcard/src/domain/building/mobile-im/writer.ts:250:28)
[90m    at processTicksAndRejections (node:internal/process/task_queues:103:5)[39m
    at Module.generateMobileIMHandler (C:/Users/User/cre-dealcard/src/app/api/broker/im-lite/generate/handler.ts:307:24
)
    at runPipelineForFixture (C:/Users/User/cre-dealcard/src/tests/e2e/posture-e2e-pipeline.test.ts:119:18)
    at C:/Users/User/cre-dealcard/src/tests/e2e/posture-e2e-pipeline.test.ts:325:34
    at [90mfile:///C:/Users/User/cre-dealcard/[39mnode_modules/[4m@vitest/runner[24m/dist/chunk-artifact.js:1903:20

[90mstderr[2m | src/domain/building/mobile-im/__tests__/l5-pipeline-e2e.test.ts[2m > [22m[2mL5: Full Pipeline E2E 
& System Invariants (25 cases)[2m > [22m[2mPersona Isolation Principle (AGENTS.md Rule 1)[2m > [22m[2mL5-PERSONA-
01: Generated content must never contain explicit persona labels
[22m[39m[MockOpenAIProvider]process.env.OPENAI_API_KEY is missing or in test environment. Returning mock JSON respons
e.

[90mstderr[2m | src/domain/building/mobile-im/__tests__/e2e-real-property.test.ts[2m > [22m[2mE2E Real Property: ?
묓룊??媛 ?붾젅?쒕퉴??(income)[2m > [22m[2mIM ?앹꽦 ?뚯씠?꾨씪??[2m > [22m[2mE2E-YP-ANCHORS: ?묓룊???섏튂 ?듭빱 ???낅젰 蹂댁〈 諛??뱀뀡 援ъ“ 寃
利?[22m[39m[MockOpenAIProvider]process.env.OPENAI_API_KEY is missing or in test environment. Returning mock JSON resp
onse.

[90mstderr[2m | src/tests/e2e/posture-e2e-pipeline.test.ts[2m > [22m[2m16-Case MECE Regression Suite (?ㅼ젣 LLM ?몄텧)
[2m > [22m[2mcase01_seocho_medical: ?쒖큹 硫붾뵒而?鍮뚮뵫 (?덉젙???섏씡) [income]
[22m[39m[MockOpenAIProvider]process.env.OPENAI_API_KEY is missing or in test environment. Returning mock JSON respons
e.

[90mstderr[2m | src/domain/building/mobile-im/__tests__/e2e-real-property.test.ts[2m > [22m[2mE2E Real Property: ?
묓룊??媛 ?붾젅?쒕퉴??(income)[2m > [22m[2mIM ?앹꽦 ?뚯씠?꾨씪??[2m > [22m[2mE2E-YP-ANCHORS: ?묓룊???섏튂 ?듭빱 ???낅젰 蹂댁〈 諛??뱀뀡 援ъ“ 寃
利?[22m[39m[MockOpenAIProvider]process.env.OPENAI_API_KEY is missing or in test environment. Returning mock JSON resp
onse.

[90mstderr[2m | src/tests/e2e/posture-e2e-pipeline.test.ts[2m > [22m[2m16-Case MECE Regression Suite (?ㅼ젣 LLM ?몄텧)
[2m > [22m[2mcase01_seocho_medical: ?쒖큹 硫붾뵒而?鍮뚮뵫 (?덉젙???섏씡) [income]
[22m[39m[terminology-normalizer] Failed to load rules from DB, using fallback: TypeError: supabase.from(...).select(.
..).eq(...).order is not a function
    at getTerminologyRules (C:/Users/User/cre-dealcard/src/domain/building/mobile-im/terminology-normalizer.ts:146:8)
    at normalizeTerminologyAsync (C:/Users/User/cre-dealcard/src/domain/building/mobile-im/terminology-normalizer.ts:24
5:23)
    at generateSingleSection (C:/Users/User/cre-dealcard/src/domain/building/mobile-im/im-section-generator.ts:392:28)
[90m    at processTicksAndRejections (node:internal/process/task_queues:103:5)[39m
    at generateMobileIM (C:/Users/User/cre-dealcard/src/domain/building/mobile-im/writer.ts:250:22)
    at Module.generateMobileIMHandler (C:/Users/User/cre-dealcard/src/app/api/broker/im-lite/generate/handler.ts:307:24
)
    at runPipelineForFixture (C:/Users/User/cre-dealcard/src/tests/e2e/posture-e2e-pipeline.test.ts:119:18)
    at C:/Users/User/cre-dealcard/src/tests/e2e/posture-e2e-pipeline.test.ts:325:34
    at [90mfile:///C:/Users/User/cre-dealcard/[39mnode_modules/[4m@vitest/runner[24m/dist/chunk-artifact.js:1903:20

[90mstderr[2m | src/tests/e2e/pptx-stress-matrix.test.ts[2m > [22m[2mAxis 1: PPTX 40-Cell Posture 횞 Grade 횞 Tier S
tress Matrix[2m > [22m[2mPosture: trading[2m > [22m[2m[trading] Grade A 횞 basic tier
[22m[39m[deck-sequencer] goldilocks: 蹂몃Ц 20硫???16硫??덉궘 (遺濡?0硫?遺꾨━)

[90mstderr[2m | src/domain/building/mobile-im/__tests__/e2e-real-property.test.ts[2m > [22m[2mE2E Real Property: ?
묓룊??媛 ?붾젅?쒕퉴??(income)[2m > [22m[2mIM ?앹꽦 ?뚯씠?꾨씪??[2m > [22m[2mE2E-YP-ANCHORS: ?묓룊???섏튂 ?듭빱 ???낅젰 蹂댁〈 諛??뱀뀡 援ъ“ 寃
利?[22m[39m[MockOpenAIProvider]process.env.OPENAI_API_KEY is missing or in test environment. Returning mock JSON resp
onse.

[90mstderr[2m | src/tests/e2e/posture-e2e-pipeline.test.ts[2m > [22m[2m16-Case MECE Regression Suite (?ㅼ젣 LLM ?몄텧)
[2m > [22m[2mcase01_seocho_medical: ?쒖큹 硫붾뵒而?鍮뚮뵫 (?덉젙???섏씡) [income]
[22m[39m[MockOpenAIProvider]process.env.OPENAI_API_KEY is missing or in test environment. Returning mock JSON respons
e.

[90mstderr[2m | src/domain/building/mobile-im/__tests__/e2e-real-property.test.ts[2m > [22m[2mE2E Real Property: ?
묓룊??媛 ?붾젅?쒕퉴??(income)[2m > [22m[2mIM ?앹꽦 ?뚯씠?꾨씪??[2m > [22m[2mE2E-YP-ANCHORS: ?묓룊???섏튂 ?듭빱 ???낅젰 蹂댁〈 諛??뱀뀡 援ъ“ 寃
利?[22m[39m[MockOpenAIProvider]process.env.OPENAI_API_KEY is missing or in test environment. Returning mock JSON resp
onse.

[90mstderr[2m | src/tests/e2e/posture-e2e-pipeline.test.ts[2m > [22m[2m16-Case MECE Regression Suite (?ㅼ젣 LLM ?몄텧)
[2m > [22m[2mcase01_seocho_medical: ?쒖큹 硫붾뵒而?鍮뚮뵫 (?덉젙???섏씡) [income]
[22m[39m[mobile-im] Publish gates blocked: [ [32m'G05'[39m, [32m'G06'[39m, [32m'G08'[39m, [32m'G20'[39m, [32
m'G24'[39m ]
[cross-validator] 援먯감 寃利?寃곌낵 ??critical: 12, warning: 0, fields: [vacancy_narrative_contradiction, vacancy_narrative_c
ontradiction, vacancy_narrative_contradiction, vacancy_narrative_contradiction, vacancy_narrative_contradiction, vacanc
y_narrative_contradiction, vacancy_narrative_contradiction, vacancy_narrative_contradiction, vacancy_narrative_contradi
ction, vacancy_narrative_contradiction, vacancy_narrative_contradiction, vacancy_narrative_contradiction]

[90mstderr[2m | src/domain/building/mobile-im/__tests__/l5-pipeline-e2e.test.ts[2m > [22m[2mL5: Full Pipeline E2E 
& System Invariants (25 cases)[2m > [22m[2mPersona Isolation Principle (AGENTS.md Rule 1)[2m > [22m[2mL5-PERSONA-
01: Generated content must never contain explicit persona labels
[22m[39m[MockOpenAIProvider]process.env.OPENAI_API_KEY is missing or in test environment. Returning mock JSON respons
e.

[90mstderr[2m | src/domain/building/mobile-im/__tests__/l5-pipeline-e2e.test.ts[2m > [22m[2mL5: Full Pipeline E2E 
& System Invariants (25 cases)[2m > [22m[2mPersona Isolation Principle (AGENTS.md Rule 1)[2m > [22m[2mL5-PERSONA-
01: Generated content must never contain explicit persona labels
[22m[39m[MockOpenAIProvider]process.env.OPENAI_API_KEY is missing or in test environment. Returning mock JSON respons
e.

[90mstderr[2m | src/domain/building/mobile-im/__tests__/l5-pipeline-e2e.test.ts[2m > [22m[2mL5: Full Pipeline E2E 
& System Invariants (25 cases)[2m > [22m[2mPersona Isolation Principle (AGENTS.md Rule 1)[2m > [22m[2mL5-PERSONA-
01: Generated content must never contain explicit persona labels
[22m[39m[MockOpenAIProvider]process.env.OPENAI_API_KEY is missing or in test environment. Returning mock JSON respons
e.

[90mstderr[2m | src/domain/building/mobile-im/__tests__/l5-pipeline-e2e.test.ts[2m > [22m[2mL5: Full Pipeline E2E 
& System Invariants (25 cases)[2m > [22m[2mPersona Isolation Principle (AGENTS.md Rule 1)[2m > [22m[2mL5-PERSONA-
01: Generated content must never contain explicit persona labels
[22m[39m[MockOpenAIProvider]process.env.OPENAI_API_KEY is missing or in test environment. Returning mock JSON respons
e.

[90mstderr[2m | src/tests/e2e/pptx-stress-matrix.test.ts[2m > [22m[2mAxis 1: PPTX 40-Cell Posture 횞 Grade 횞 Tier S
tress Matrix[2m > [22m[2mPosture: trading[2m > [22m[2m[trading] Grade A 횞 pro tier
[22m[39m[deck-sequencer] goldilocks: 蹂몃Ц 20硫???16硫??덉궘 (遺濡?0硫?遺꾨━)

 [32m??[39m src/tests/assurance/m12-stacking-macro-transit-adversarial.test.ts [2m([22m[2m28 tests[22m[2m)[22m[33m 4126[2mms[22m[39m
       [33m[2m??[22m[39m [ADV-MTE-03A] Handles abroad coordinates (New York City) safely without crash [33m 585[2mms[22m[39m
       [33m[2m??[22m[39m [ADV-MTE-03B] Handles Null Island / undefined / empty coordinates safely [33m 1748[2mms[22m[39m
       [33m[2m??[22m[39m [ADV-MTE-03C] Handles generic and unknown districts with valid SVG generation [33m 496[2mms[22m[39m
       [33m[2m??[22m[39m [ADV-MTE-04B] Generated JPEG matches genuine JPEG magic bytes & sharp metadata [33m 550[2mms[22m[39m
       [33m[2m??[22m[39m [ADV-MTE-05] Escapes extreme XML injection and unicode entities in propertyName without corrupting SVG/PNG [33m 474[2mms[22m[39m
[90mstderr[2m | src/domain/building/mobile-im/__tests__/l5-pipeline-e2e.test.ts[2m > [22m[2mL5: Full Pipeline E2E 
& System Invariants (25 cases)[2m > [22m[2mPersona Isolation Principle (AGENTS.md Rule 1)[2m > [22m[2mL5-PERSONA-
01: Generated content must never contain explicit persona labels
[22m[39m[MockOpenAIProvider]process.env.OPENAI_API_KEY is missing or in test environment. Returning mock JSON respons
e.

[90mstderr[2m | src/domain/building/mobile-im/__tests__/e2e-real-property.test.ts[2m > [22m[2mE2E Real Property: ?
묓룊??媛 ?붾젅?쒕퉴??(income)[2m > [22m[2mIM ?앹꽦 ?뚯씠?꾨씪??[2m > [22m[2mE2E-YP-ANCHORS: ?묓룊???섏튂 ?듭빱 ???낅젰 蹂댁〈 諛??뱀뀡 援ъ“ 寃
利?[22m[39m[MockOpenAIProvider]process.env.OPENAI_API_KEY is missing or in test environment. Returning mock JSON resp
onse.

[90mstderr[2m | src/domain/building/mobile-im/__tests__/e2e-real-property.test.ts[2m > [22m[2mE2E Real Property: ?
묓룊??媛 ?붾젅?쒕퉴??(income)[2m > [22m[2mIM ?앹꽦 ?뚯씠?꾨씪??[2m > [22m[2mE2E-YP-ANCHORS: ?묓룊???섏튂 ?듭빱 ???낅젰 蹂댁〈 諛??뱀뀡 援ъ“ 寃
利?[22m[39m[MockOpenAIProvider]process.env.OPENAI_API_KEY is missing or in test environment. Returning mock JSON resp
onse.

[90mstdout[2m | src/domain/building/mobile-im/__tests__/l5-pipeline-e2e.test.ts[2m > [22m[2mL5: Full Pipeline E2E & System Invariants (25 cases)[2m > [22m[2mPersona Isolation Principle (AGENTS.md Rule 1)[2m > [22m[2mL5-PERSONA-01: Generated content must never contain explicit persona labels
[22m[39m[fewshot-tracker] Golden candidate registered (pending approval): comparables of doc gen_5jfy5wshbe7_1788689495952 (Score: 5)

[90mstderr[2m | src/domain/building/mobile-im/__tests__/e2e-real-property.test.ts[2m > [22m[2mE2E Real Property: ?
묓룊??媛 ?붾젅?쒕퉴??(income)[2m > [22m[2mIM ?앹꽦 ?뚯씠?꾨씪??[2m > [22m[2mE2E-YP-ANCHORS: ?묓룊???섏튂 ?듭빱 ???낅젰 蹂댁〈 諛??뱀뀡 援ъ“ 寃
利?[22m[39m[MockOpenAIProvider]process.env.OPENAI_API_KEY is missing or in test environment. Returning mock JSON resp
onse.

[90mstderr[2m | src/domain/building/mobile-im/__tests__/e2e-real-property.test.ts[2m > [22m[2mE2E Real Property: ?
묓룊??媛 ?붾젅?쒕퉴??(income)[2m > [22m[2mIM ?앹꽦 ?뚯씠?꾨씪??[2m > [22m[2mE2E-YP-ANCHORS: ?묓룊???섏튂 ?듭빱 ???낅젰 蹂댁〈 諛??뱀뀡 援ъ“ 寃
利?[22m[39m[MockOpenAIProvider]process.env.OPENAI_API_KEY is missing or in test environment. Returning mock JSON resp
onse.

 [32m??[39m src/tests/e2e/ai-matching-e2e.test.ts [2m([22m[2m22 tests[22m[2m)[22m[33m 4363[2mms[22m[39m
       [33m[2m??[22m[39m MATCH-E2E-01: API 留ㅼ묶 ?ㅽ뻾 POST /api/broker/match ??grade, score, stage breakdown [33m 1420[2mms[22m[39m
       [33m[2m??[22m[39m MATCH-E2E-09: GET/POST/DELETE /api/broker/deal-card/[id]/personas ??CRUD operations [33m 786[2mms[22m[39m
       [33m[2m??[22m[39m MATCH-E2E-16: POST /api/broker/prediction/cluster-buyers ??cluster labels [33m 1194[2mms[22m[39m
[90mstderr[2m | src/domain/building/mobile-im/__tests__/e2e-real-property.test.ts[2m > [22m[2mE2E Real Property: ?
묓룊??媛 ?붾젅?쒕퉴??(income)[2m > [22m[2mIM ?앹꽦 ?뚯씠?꾨씪??[2m > [22m[2mE2E-YP-ANCHORS: ?묓룊???섏튂 ?듭빱 ???낅젰 蹂댁〈 諛??뱀뀡 援ъ“ 寃
利?[22m[39m[MockOpenAIProvider]process.env.OPENAI_API_KEY is missing or in test environment. Returning mock JSON resp
onse.

[90mstderr[2m | src/domain/building/mobile-im/__tests__/l5-pipeline-e2e.test.ts[2m > [22m[2mL5: Full Pipeline E2E 
& System Invariants (25 cases)[2m > [22m[2mPersona Isolation Principle (AGENTS.md Rule 1)[2m > [22m[2mL5-PERSONA-
01: Generated content must never contain explicit persona labels
[22m[39m[MockOpenAIProvider]process.env.OPENAI_API_KEY is missing or in test environment. Returning mock JSON respons
e.

[90mstderr[2m | src/domain/building/mobile-im/__tests__/e2e-real-property.test.ts[2m > [22m[2mE2E Real Property: ?
묓룊??媛 ?붾젅?쒕퉴??(income)[2m > [22m[2mIM ?앹꽦 ?뚯씠?꾨씪??[2m > [22m[2mE2E-YP-ANCHORS: ?묓룊???섏튂 ?듭빱 ???낅젰 蹂댁〈 諛??뱀뀡 援ъ“ 寃
利?[22m[39m[MockOpenAIProvider]process.env.OPENAI_API_KEY is missing or in test environment. Returning mock JSON resp
onse.

[90mstderr[2m | src/domain/building/mobile-im/__tests__/l5-pipeline-e2e.test.ts[2m > [22m[2mL5: Full Pipeline E2E 
& System Invariants (25 cases)[2m > [22m[2mPersona Isolation Principle (AGENTS.md Rule 1)[2m > [22m[2mL5-PERSONA-
01: Generated content must never contain explicit persona labels
[22m[39m[MockOpenAIProvider]process.env.OPENAI_API_KEY is missing or in test environment. Returning mock JSON respons
e.

[90mstderr[2m | src/domain/building/mobile-im/__tests__/l5-pipeline-e2e.test.ts[2m > [22m[2mL5: Full Pipeline E2E 
& System Invariants (25 cases)[2m > [22m[2mPersona Isolation Principle (AGENTS.md Rule 1)[2m > [22m[2mL5-PERSONA-
01: Generated content must never contain explicit persona labels
[22m[39m[MockOpenAIProvider]process.env.OPENAI_API_KEY is missing or in test environment. Returning mock JSON respons
e.

[90mstderr[2m | src/domain/building/mobile-im/__tests__/e2e-real-property.test.ts[2m > [22m[2mE2E Real Property: ?
묓룊??媛 ?붾젅?쒕퉴??(income)[2m > [22m[2mIM ?앹꽦 ?뚯씠?꾨씪??[2m > [22m[2mE2E-YP-ANCHORS: ?묓룊???섏튂 ?듭빱 ???낅젰 蹂댁〈 諛??뱀뀡 援ъ“ 寃
利?[22m[39m[MockOpenAIProvider]process.env.OPENAI_API_KEY is missing or in test environment. Returning mock JSON resp
onse.

[90mstderr[2m | src/domain/building/mobile-im/__tests__/l5-pipeline-e2e.test.ts[2m > [22m[2mL5: Full Pipeline E2E 
& System Invariants (25 cases)[2m > [22m[2mPersona Isolation Principle (AGENTS.md Rule 1)[2m > [22m[2mL5-PERSONA-
01: Generated content must never contain explicit persona labels
[22m[39m[MockOpenAIProvider]process.env.OPENAI_API_KEY is missing or in test environment. Returning mock JSON respons
e.

[90mstderr[2m | src/domain/building/mobile-im/__tests__/e2e-real-property.test.ts[2m > [22m[2mE2E Real Property: ?
묓룊??媛 ?붾젅?쒕퉴??(income)[2m > [22m[2mIM ?앹꽦 ?뚯씠?꾨씪??[2m > [22m[2mE2E-YP-ANCHORS: ?묓룊???섏튂 ?듭빱 ???낅젰 蹂댁〈 諛??뱀뀡 援ъ“ 寃
利?[22m[39m[MockOpenAIProvider]process.env.OPENAI_API_KEY is missing or in test environment. Returning mock JSON resp
onse.

[90mstderr[2m | src/domain/building/mobile-im/__tests__/e2e-real-property.test.ts[2m > [22m[2mE2E Real Property: ?
묓룊??媛 ?붾젅?쒕퉴??(income)[2m > [22m[2mIM ?앹꽦 ?뚯씠?꾨씪??[2m > [22m[2mE2E-YP-ANCHORS: ?묓룊???섏튂 ?듭빱 ???낅젰 蹂댁〈 諛??뱀뀡 援ъ“ 寃
利?[22m[39m[MockOpenAIProvider]process.env.OPENAI_API_KEY is missing or in test environment. Returning mock JSON resp
onse.

[90mstderr[2m | src/domain/building/mobile-im/__tests__/l5-pipeline-e2e.test.ts[2m > [22m[2mL5: Full Pipeline E2E 
& System Invariants (25 cases)[2m > [22m[2mPersona Isolation Principle (AGENTS.md Rule 1)[2m > [22m[2mL5-PERSONA-
01: Generated content must never contain explicit persona labels
[22m[39m[MockOpenAIProvider]process.env.OPENAI_API_KEY is missing or in test environment. Returning mock JSON respons
e.

[90mstderr[2m | src/domain/building/mobile-im/__tests__/l5-pipeline-e2e.test.ts[2m > [22m[2mL5: Full Pipeline E2E 
& System Invariants (25 cases)[2m > [22m[2mPersona Isolation Principle (AGENTS.md Rule 1)[2m > [22m[2mL5-PERSONA-
01: Generated content must never contain explicit persona labels
[22m[39m[MockOpenAIProvider]process.env.OPENAI_API_KEY is missing or in test environment. Returning mock JSON respons
e.

[90mstdout[2m | src/domain/building/mobile-im/__tests__/e2e-real-property.test.ts[2m > [22m[2mE2E Real Property: ?묓룊??媛 ?붾젅?쒕퉴??(income)[2m > [22m[2mIM ?앹꽦 ?뚯씠?꾨씪??[2m > [22m[2mE2E-YP-ANCHORS: ?묓룊???섏튂 ?듭빱 ???낅젰 蹂댁〈 諛??뱀뀡 援ъ“ 寃利?[22m[39m[fewshot-tracker] Golden candidate registered (pending approval): location_access of doc gen_lw3pi723jp_1788689495828 (Score: 5)

[90mstderr[2m | src/domain/building/mobile-im/__tests__/l5-pipeline-e2e.test.ts[2m > [22m[2mL5: Full Pipeline E2E 
& System Invariants (25 cases)[2m > [22m[2mPersona Isolation Principle (AGENTS.md Rule 1)[2m > [22m[2mL5-PERSONA-
01: Generated content must never contain explicit persona labels
[22m[39m[MockOpenAIProvider]process.env.OPENAI_API_KEY is missing or in test environment. Returning mock JSON respons
e.

[90mstdout[2m | src/domain/building/mobile-im/__tests__/l5-pipeline-e2e.test.ts[2m > [22m[2mL5: Full Pipeline E2E & System Invariants (25 cases)[2m > [22m[2mPersona Isolation Principle (AGENTS.md Rule 1)[2m > [22m[2mL5-PERSONA-01: Generated content must never contain explicit persona labels
[22m[39m[fewshot-tracker] Golden candidate registered (pending approval): next_steps of doc gen_5jfy5wshbe7_1788689495952 (Score: 5)

[90mstdout[2m | src/domain/building/mobile-im/__tests__/e2e-real-property.test.ts[2m > [22m[2mE2E Real Property: ?묓룊??媛 ?붾젅?쒕퉴??(income)[2m > [22m[2mIM ?앹꽦 ?뚯씠?꾨씪??[2m > [22m[2mE2E-YP-ANCHORS: ?묓룊???섏튂 ?듭빱 ???낅젰 蹂댁〈 諛??뱀뀡 援ъ“ 寃利?[22m[39m[fewshot-tracker] Golden candidate registered (pending approval): next_steps of doc gen_lw3pi723jp_1788689495828 (Score: 5)

[90mstdout[2m | src/domain/building/mobile-im/__tests__/e2e-real-property.test.ts[2m > [22m[2mE2E Real Property: ?묓룊??媛 ?붾젅?쒕퉴??(income)[2m > [22m[2mIM ?앹꽦 ?뚯씠?꾨씪??[2m > [22m[2mE2E-YP-ANCHORS: ?묓룊???섏튂 ?듭빱 ???낅젰 蹂댁〈 諛??뱀뀡 援ъ“ 寃利?[22m[39m[fewshot-tracker] Golden candidate registered (pending approval): property_overview of doc gen_lw3pi723jp_1788689495828 (Score: 5)

[90mstderr[2m | src/tests/e2e/p1-theme-preset.test.ts[2m > [22m[2mT10: Custom Preset DB Fallback[2m > [22m[2mT1
0-08: UUID with supabase throwing error ??graceful fallback to default
[22m[39m[getPptxThemeAsync] DB lookup failed, using default: Error: DB connection failed
    at Object.maybeSingle (C:/Users/User/cre-dealcard/src/tests/e2e/p1-theme-preset.test.ts:135:46)
    at getPptxThemeAsync (C:/Users/User/cre-dealcard/src/domain/building/mobile-im/pptx/pptx-theme.ts:631:10)
    at C:/Users/User/cre-dealcard/src/tests/e2e/p1-theme-preset.test.ts:141:25
    at [90mfile:///C:/Users/User/cre-dealcard/[39mnode_modules/[4m@vitest/runner[24m/dist/chunk-artifact.js:302:11
    at [90mfile:///C:/Users/User/cre-dealcard/[39mnode_modules/[4m@vitest/runner[24m/dist/chunk-artifact.js:1903:26
    at [90mfile:///C:/Users/User/cre-dealcard/[39mnode_modules/[4m@vitest/runner[24m/dist/chunk-artifact.js:2326:20
    at new Promise (<anonymous>)
    at runWithCancel [90m(file:///C:/Users/User/cre-dealcard/[39mnode_modules/[4m@vitest/runner[24m/dist/chunk-arti
fact.js:2323:10[90m)[39m
    at [90mfile:///C:/Users/User/cre-dealcard/[39mnode_modules/[4m@vitest/runner[24m/dist/chunk-artifact.js:2305:20
    at new Promise (<anonymous>)

[90mstderr[2m | src/tests/e2e/p1-theme-preset.test.ts[2m > [22m[2mT12: CJK Font Embedding Consistency[2m > [22m
[2mT12-03: Rendered PPTX XML references Korean font family
[22m[39m[deck-sequencer] goldilocks: 蹂몃Ц 20硫???16硫??덉궘 (遺濡?0硫?遺꾨━)

 [32m??[39m src/tests/db/migrations.test.ts [2m([22m[2m6 tests[22m[2m)[22m[33m 3425[2mms[22m[39m
     [33m[2m??[22m[39m DC-L1-01: matching tables exist (match_results, deal_casepacks, deal_pipeline_states) [33m 1375[2mms[22m[39m
     [33m[2m??[22m[39m DC-L1-02: prediction/graph tables exist (knowledge_edges, external_transactions, price_features, deal_conversion_features, buyer_clusters) [33m 953[2mms[22m[39m
     [33m[2m??[22m[39m DC-L1-03: semantic search functions exist [33m 369[2mms[22m[39m
     [33m[2m??[22m[39m DC-L1-05: broker_sentiment_votes and broker_sentiment_stats exist [33m 359[2mms[22m[39m
[90mstdout[2m | src/tests/e2e/posture-e2e-pipeline.test.ts[2m > [22m[2m16-Case MECE Regression Suite (?ㅼ젣 LLM ?몄텧)[2m > [22m[2mcase02_hongdae_fnb: ?띾? F&B 瑗щ쭏鍮뚮뵫 [income]
[22m[39m[im-handler] gradeResult: B [33m73[39m directData present: [33mfalse[39m

[90mstderr[2m | src/tests/e2e/posture-e2e-pipeline.test.ts[2m > [22m[2m16-Case MECE Regression Suite (?ㅼ젣 LLM ?몄텧)
[2m > [22m[2mcase02_hongdae_fnb: ?띾? F&B 瑗щ쭏鍮뚮뵫 [income]
[22m[39m[terminology-normalizer] Failed to load rules from DB, using fallback: TypeError: supabase.from(...).select(.
..).eq(...).order is not a function
    at getTerminologyRules (C:/Users/User/cre-dealcard/src/domain/building/mobile-im/terminology-normalizer.ts:146:8)
    at normalizeTerminologyAsync (C:/Users/User/cre-dealcard/src/domain/building/mobile-im/terminology-normalizer.ts:24
5:23)
    at deepNormalizeStringsAsync (C:/Users/User/cre-dealcard/src/domain/building/mobile-im/im-context-builder.ts:117:23
)
    at deepNormalizeStringsAsync (C:/Users/User/cre-dealcard/src/domain/building/mobile-im/im-context-builder.ts:126:24
)
    at buildIMContext (C:/Users/User/cre-dealcard/src/domain/building/mobile-im/im-context-builder.ts:170:24)
    at generateMobileIM (C:/Users/User/cre-dealcard/src/domain/building/mobile-im/writer.ts:76:15)
    at Module.generateMobileIMHandler (C:/Users/User/cre-dealcard/src/app/api/broker/im-lite/generate/handler.ts:307:24
)
    at runPipelineForFixture (C:/Users/User/cre-dealcard/src/tests/e2e/posture-e2e-pipeline.test.ts:119:18)
    at C:/Users/User/cre-dealcard/src/tests/e2e/posture-e2e-pipeline.test.ts:325:34
    at [90mfile:///C:/Users/User/cre-dealcard/[39mnode_modules/[4m@vitest/runner[24m/dist/chunk-artifact.js:1903:20

[90mstderr[2m | src/tests/e2e/posture-e2e-pipeline.test.ts[2m > [22m[2m16-Case MECE Regression Suite (?ㅼ젣 LLM ?몄텧)
[2m > [22m[2mcase02_hongdae_fnb: ?띾? F&B 瑗щ쭏鍮뚮뵫 [income]
[22m[39m[terminology-normalizer] Failed to load rules from DB, using fallback: TypeError: supabase.from(...).select(.
..).eq(...).order is not a function
    at getTerminologyRules (C:/Users/User/cre-dealcard/src/domain/building/mobile-im/terminology-normalizer.ts:146:8)
    at normalizeTerminologyAsync (C:/Users/User/cre-dealcard/src/domain/building/mobile-im/terminology-normalizer.ts:24
5:23)
    at deepNormalizeStringsAsync (C:/Users/User/cre-dealcard/src/domain/building/mobile-im/im-context-builder.ts:117:23
)
    at deepNormalizeStringsAsync (C:/Users/User/cre-dealcard/src/domain/building/mobile-im/im-context-builder.ts:126:24
)
    at C:/Users/User/cre-dealcard/src/domain/building/mobile-im/im-context-builder.ts:121:40
    at Array.map (<anonymous>)
    at deepNormalizeStringsAsync (C:/Users/User/cre-dealcard/src/domain/building/mobile-im/im-context-builder.ts:121:28
)
    at deepNormalizeStringsAsync (C:/Users/User/cre-dealcard/src/domain/building/mobile-im/im-context-builder.ts:126:24
)
    at buildIMContext (C:/Users/User/cre-dealcard/src/domain/building/mobile-im/im-context-builder.ts:170:24)
    at generateMobileIM (C:/Users/User/cre-dealcard/src/domain/building/mobile-im/writer.ts:76:15)
[terminology-normalizer] Failed to load rules from DB, using fallback: TypeError: supabase.from(...).select(...).eq(...
).order is not a function
    at getTerminologyRules (C:/Users/User/cre-dealcard/src/domain/building/mobile-im/terminology-normalizer.ts:146:8)
    at normalizeTerminologyAsync (C:/Users/User/cre-dealcard/src/domain/building/mobile-im/terminology-normalizer.ts:24
5:23)
    at deepNormalizeStringsAsync (C:/Users/User/cre-dealcard/src/domain/building/mobile-im/im-context-builder.ts:117:23
)
    at deepNormalizeStringsAsync (C:/Users/User/cre-dealcard/src/domain/building/mobile-im/im-context-builder.ts:126:24
)
    at C:/Users/User/cre-dealcard/src/domain/building/mobile-im/im-context-builder.ts:121:40
    at Array.map (<anonymous>)
    at deepNormalizeStringsAsync (C:/Users/User/cre-dealcard/src/domain/building/mobile-im/im-context-builder.ts:121:28
)
    at deepNormalizeStringsAsync (C:/Users/User/cre-dealcard/src/domain/building/mobile-im/im-context-builder.ts:126:24
)
    at buildIMContext (C:/Users/User/cre-dealcard/src/domain/building/mobile-im/im-context-builder.ts:170:24)
    at generateMobileIM (C:/Users/User/cre-dealcard/src/domain/building/mobile-im/writer.ts:76:15)

[90mstderr[2m | src/tests/e2e/p0-graceful-degradation.test.ts[2m > [22m[2mT01: Graceful Degradation ??Blank Slide 
Prevention[2m > [22m[2mT01-01: 5 sections with empty markdown + valid section_type -> no blank slides, only cover/su
mmary/closing survive
[22m[39m[deck-sequencer] goldilocks: 蹂몃Ц 20硫???16硫??덉궘 (遺濡?0硫?遺꾨━)

[90mstderr[2m | src/tests/e2e/posture-e2e-pipeline.test.ts[2m > [22m[2m16-Case MECE Regression Suite (?ㅼ젣 LLM ?몄텧)
[2m > [22m[2mcase02_hongdae_fnb: ?띾? F&B 瑗щ쭏鍮뚮뵫 [income]
[22m[39m[terminology-normalizer] Failed to load rules from DB, using fallback: TypeError: supabase.from(...).select(.
..).eq(...).order is not a function
    at getTerminologyRules (C:/Users/User/cre-dealcard/src/domain/building/mobile-im/terminology-normalizer.ts:146:8)
    at normalizeTerminologyAsync (C:/Users/User/cre-dealcard/src/domain/building/mobile-im/terminology-normalizer.ts:24
5:23)
    at deepNormalizeStringsAsync (C:/Users/User/cre-dealcard/src/domain/building/mobile-im/im-context-builder.ts:117:23
)
    at deepNormalizeStringsAsync (C:/Users/User/cre-dealcard/src/domain/building/mobile-im/im-context-builder.ts:126:24
)
    at async Promise.all (index 0)
    at deepNormalizeStringsAsync (C:/Users/User/cre-dealcard/src/domain/building/mobile-im/im-context-builder.ts:126:18
)
    at buildIMContext (C:/Users/User/cre-dealcard/src/domain/building/mobile-im/im-context-builder.ts:170:24)
    at generateMobileIM (C:/Users/User/cre-dealcard/src/domain/building/mobile-im/writer.ts:76:15)
    at Module.generateMobileIMHandler (C:/Users/User/cre-dealcard/src/app/api/broker/im-lite/generate/handler.ts:307:24
)
    at runPipelineForFixture (C:/Users/User/cre-dealcard/src/tests/e2e/posture-e2e-pipeline.test.ts:119:18)
[terminology-normalizer] Failed to load rules from DB, using fallback: TypeError: supabase.from(...).select(...).eq(...
).order is not a function
    at getTerminologyRules (C:/Users/User/cre-dealcard/src/domain/building/mobile-im/terminology-normalizer.ts:146:8)
    at normalizeTerminologyAsync (C:/Users/User/cre-dealcard/src/domain/building/mobile-im/terminology-normalizer.ts:24
5:23)
    at deepNormalizeStringsAsync (C:/Users/User/cre-dealcard/src/domain/building/mobile-im/im-context-builder.ts:117:23
)
    at deepNormalizeStringsAsync (C:/Users/User/cre-dealcard/src/domain/building/mobile-im/im-context-builder.ts:126:24
)
    at async Promise.all (index 1)
    at deepNormalizeStringsAsync (C:/Users/User/cre-dealcard/src/domain/building/mobile-im/im-context-builder.ts:126:18
)
    at buildIMContext (C:/Users/User/cre-dealcard/src/domain/building/mobile-im/im-context-builder.ts:170:24)
    at generateMobileIM (C:/Users/User/cre-dealcard/src/domain/building/mobile-im/writer.ts:76:15)
    at Module.generateMobileIMHandler (C:/Users/User/cre-dealcard/src/app/api/broker/im-lite/generate/handler.ts:307:24
)
    at runPipelineForFixture (C:/Users/User/cre-dealcard/src/tests/e2e/posture-e2e-pipeline.test.ts:119:18)

[90mstderr[2m | src/tests/e2e/posture-e2e-pipeline.test.ts[2m > [22m[2m16-Case MECE Regression Suite (?ㅼ젣 LLM ?몄텧)
[2m > [22m[2mcase02_hongdae_fnb: ?띾? F&B 瑗щ쭏鍮뚮뵫 [income]
[22m[39m[im-context-builder] 怨듭떎瑜??곗씠??誘명솗蹂????щТ 異붿젙移섏뿉 怨듭떎瑜?誘몃컲??
[90mstderr[2m | src/tests/e2e/posture-e2e-pipeline.test.ts[2m > [22m[2m16-Case MECE Regression Suite (?ㅼ젣 LLM ?몄텧)
[2m > [22m[2mcase02_hongdae_fnb: ?띾? F&B 瑗щ쭏鍮뚮뵫 [income]
[22m[39m[CRE-RAG] Hybrid search failed: TypeError: rpcClient.rpc is not a function
    at searchSimilarIMs (C:/Users/User/cre-dealcard/src/domain/building/mobile-im/cre-rag-service.ts:60:45)
[90m    at processTicksAndRejections (node:internal/process/task_queues:103:5)[39m
    at generateRAGContext (C:/Users/User/cre-dealcard/src/domain/building/mobile-im/cre-rag-service.ts:128:16)
    at buildIMContext (C:/Users/User/cre-dealcard/src/domain/building/mobile-im/im-context-builder.ts:274:14)
    at generateMobileIM (C:/Users/User/cre-dealcard/src/domain/building/mobile-im/writer.ts:76:15)
    at Module.generateMobileIMHandler (C:/Users/User/cre-dealcard/src/app/api/broker/im-lite/generate/handler.ts:307:24
)
    at runPipelineForFixture (C:/Users/User/cre-dealcard/src/tests/e2e/posture-e2e-pipeline.test.ts:119:18)
    at C:/Users/User/cre-dealcard/src/tests/e2e/posture-e2e-pipeline.test.ts:325:34
    at [90mfile:///C:/Users/User/cre-dealcard/[39mnode_modules/[4m@vitest/runner[24m/dist/chunk-artifact.js:1903:20

[90mstdout[2m | src/tests/e2e/posture-e2e-pipeline.test.ts[2m > [22m[2m16-Case MECE Regression Suite (?ㅼ젣 LLM ?몄텧)[2m > [22m[2mcase02_hongdae_fnb: ?띾? F&B 瑗щ쭏鍮뚮뵫 [income]
[22m[39m[mobile-im-writer] Prompt variant: writer_system_v1 (v1.0), isLogistics=false, posture=income

[90mstderr[2m | src/domain/building/mobile-im/__tests__/e2e-real-property.test.ts[2m > [22m[2mE2E Real Property: ?
묓룊??媛 ?붾젅?쒕퉴??(income)[2m > [22m[2mIM ?앹꽦 ?뚯씠?꾨씪??[2m > [22m[2mE2E-YP-ANCHORS: ?묓룊???섏튂 ?듭빱 ???낅젰 蹂댁〈 諛??뱀뀡 援ъ“ 寃
利?[22m[39m[MockOpenAIProvider]process.env.OPENAI_API_KEY is missing or in test environment. Returning mock JSON resp
onse.

[90mstderr[2m | src/tests/unit/pptx-studio/studio-interactive-editor.test.ts[2m > [22m[2mPPTX Studio Interactive E
ditor & 2-Stage Approval Unit & Integration Test Suite[2m > [22m[2mREST API Routes Integration[2m > [22m[2mPositi
ve Pair: Sequential S60 Editorial Approval -> S70 File Approval via REST API completes publication
[22m[39mRealtime send() is automatically falling back to REST API. This behavior will be deprecated in the future. Pl
ease use httpSend() explicitly for REST delivery.

[90mstderr[2m | src/tests/e2e/posture-e2e-pipeline.test.ts[2m > [22m[2m16-Case MECE Regression Suite (?ㅼ젣 LLM ?몄텧)
[2m > [22m[2mcase02_hongdae_fnb: ?띾? F&B 瑗щ쭏鍮뚮뵫 [income]
[22m[39m[writer] Claim violations: [
  [32m"[G38] Calculation '1c01e95e-8cf2-4d24-8570-6a3e7f4894af': basis='NOI'?몃뜲 怨듭젣 ??ぉ???놁뒿?덈떎. ?댁쁺鍮??놁씠 NOI瑜??곗텧????
?놁뒿?덈떎."[39m,
  [32m"[G38] Calculation '5d0ee6d3-77fe-4e24-85a6-6623ade576ed': basis='NOI'?몃뜲 怨듭젣 ??ぉ???놁뒿?덈떎. ?댁쁺鍮??놁씠 NOI瑜??곗텧????
?놁뒿?덈떎."[39m,
  [32m"[G38] Calculation 'aff36383-7133-4b2f-a160-9e5e128bfcca': basis='NOI'?몃뜲 怨듭젣 ??ぉ???놁뒿?덈떎. ?댁쁺鍮??놁씠 NOI瑜??곗텧????
?놁뒿?덈떎."[39m,
  [32m"[G38] Calculation '8f647ebe-bfe8-4fc7-9ef2-4845490040d2': basis='NOI'?몃뜲 怨듭젣 ??ぉ???놁뒿?덈떎. ?댁쁺鍮??놁씠 NOI瑜??곗텧????
?놁뒿?덈떎."[39m,
  [32m'G38_NOI_MISSING_OPEX: cap_rate_base requires evidenced operating expenses'[39m,
  [32m"[G38] Calculation 'fd5946cd-ffbf-45ea-99f2-ec50315a5aa3': basis='NOI'?몃뜲 怨듭젣 ??ぉ???놁뒿?덈떎. ?댁쁺鍮??놁씠 NOI瑜??곗텧????
?놁뒿?덈떎."[39m,
  [32m'G38_NOI_MISSING_OPEX: cap_rate_best requires evidenced operating expenses'[39m,
  [32m"[G38] Calculation '6218355a-5dd8-4ee4-b284-6a090c5a6241': basis='NOI'?몃뜲 怨듭젣 ??ぉ???놁뒿?덈떎. ?댁쁺鍮??놁씠 NOI瑜??곗텧????
?놁뒿?덈떎."[39m,
  [32m'G38_NOI_MISSING_OPEX: cap_rate_worst requires evidenced operating expenses'[39m
]
[golden-im] Failed to build few-shot block: TypeError: supabase.from(...).select(...).eq(...).eq is not a function
    at buildIMFewShotBlock (C:/Users/User/cre-dealcard/src/domain/building/mobile-im/golden-im-manager.ts:134:8)
    at generateSingleSection (C:/Users/User/cre-dealcard/src/domain/building/mobile-im/im-section-generator.ts:204:30)
    at C:/Users/User/cre-dealcard/src/domain/building/mobile-im/writer.ts:161:32
    at Array.map (<anonymous>)
    at generateMobileIM (C:/Users/User/cre-dealcard/src/domain/building/mobile-im/writer.ts:159:43)
[90m    at processTicksAndRejections (node:internal/process/task_queues:103:5)[39m
    at Module.generateMobileIMHandler (C:/Users/User/cre-dealcard/src/app/api/broker/im-lite/generate/handler.ts:307:24
)
    at runPipelineForFixture (C:/Users/User/cre-dealcard/src/tests/e2e/posture-e2e-pipeline.test.ts:119:18)
    at C:/Users/User/cre-dealcard/src/tests/e2e/posture-e2e-pipeline.test.ts:325:34
    at [90mfile:///C:/Users/User/cre-dealcard/[39mnode_modules/[4m@vitest/runner[24m/dist/chunk-artifact.js:1903:20
[golden-im] Failed to build few-shot block: TypeError: supabase.from(...).select(...).eq(...).eq is not a function
    at buildIMFewShotBlock (C:/Users/User/cre-dealcard/src/domain/building/mobile-im/golden-im-manager.ts:134:8)
    at generateSingleSection (C:/Users/User/cre-dealcard/src/domain/building/mobile-im/im-section-generator.ts:204:30)
    at C:/Users/User/cre-dealcard/src/domain/building/mobile-im/writer.ts:161:32
    at Array.map (<anonymous>)
    at generateMobileIM (C:/Users/User/cre-dealcard/src/domain/building/mobile-im/writer.ts:159:43)
[90m    at processTicksAndRejections (node:internal/process/task_queues:103:5)[39m
    at Module.generateMobileIMHandler (C:/Users/User/cre-dealcard/src/app/api/broker/im-lite/generate/handler.ts:307:24
)
    at runPipelineForFixture (C:/Users/User/cre-dealcard/src/tests/e2e/posture-e2e-pipeline.test.ts:119:18)
    at C:/Users/User/cre-dealcard/src/tests/e2e/posture-e2e-pipeline.test.ts:325:34
    at [90mfile:///C:/Users/User/cre-dealcard/[39mnode_modules/[4m@vitest/runner[24m/dist/chunk-artifact.js:1903:20
[golden-im] Failed to build few-shot block: TypeError: supabase.from(...).select(...).eq(...).eq is not a function
    at buildIMFewShotBlock (C:/Users/User/cre-dealcard/src/domain/building/mobile-im/golden-im-manager.ts:134:8)
    at generateSingleSection (C:/Users/User/cre-dealcard/src/domain/building/mobile-im/im-section-generator.ts:204:30)
    at C:/Users/User/cre-dealcard/src/domain/building/mobile-im/writer.ts:161:32
    at Array.map (<anonymous>)
    at generateMobileIM (C:/Users/User/cre-dealcard/src/domain/building/mobile-im/writer.ts:159:43)
[90m    at processTicksAndRejections (node:internal/process/task_queues:103:5)[39m
    at Module.generateMobileIMHandler (C:/Users/User/cre-dealcard/src/app/api/broker/im-lite/generate/handler.ts:307:24
)
    at runPipelineForFixture (C:/Users/User/cre-dealcard/src/tests/e2e/posture-e2e-pipeline.test.ts:119:18)
    at C:/Users/User/cre-dealcard/src/tests/e2e/posture-e2e-pipeline.test.ts:325:34
    at [90mfile:///C:/Users/User/cre-dealcard/[39mnode_modules/[4m@vitest/runner[24m/dist/chunk-artifact.js:1903:20
[golden-im] Failed to build few-shot block: TypeError: supabase.from(...).select(...).eq(...).eq is not a function
    at buildIMFewShotBlock (C:/Users/User/cre-dealcard/src/domain/building/mobile-im/golden-im-manager.ts:134:8)
    at generateSingleSection (C:/Users/User/cre-dealcard/src/domain/building/mobile-im/im-section-generator.ts:204:30)
    at C:/Users/User/cre-dealcard/src/domain/building/mobile-im/writer.ts:161:32
    at Array.map (<anonymous>)
    at generateMobileIM (C:/Users/User/cre-dealcard/src/domain/building/mobile-im/writer.ts:159:43)
[90m    at processTicksAndRejections (node:internal/process/task_queues:103:5)[39m
    at Module.generateMobileIMHandler (C:/Users/User/cre-dealcard/src/app/api/broker/im-lite/generate/handler.ts:307:24
)
    at runPipelineForFixture (C:/Users/User/cre-dealcard/src/tests/e2e/posture-e2e-pipeline.test.ts:119:18)
    at C:/Users/User/cre-dealcard/src/tests/e2e/posture-e2e-pipeline.test.ts:325:34
    at [90mfile:///C:/Users/User/cre-dealcard/[39mnode_modules/[4m@vitest/runner[24m/dist/chunk-artifact.js:1903:20
[golden-im] Failed to build few-shot block: TypeError: supabase.from(...).select(...).eq(...).eq is not a function
    at buildIMFewShotBlock (C:/Users/User/cre-dealcard/src/domain/building/mobile-im/golden-im-manager.ts:134:8)
    at generateSingleSection (C:/Users/User/cre-dealcard/src/domain/building/mobile-im/im-section-generator.ts:204:30)
    at C:/Users/User/cre-dealcard/src/domain/building/mobile-im/writer.ts:161:32
    at Array.map (<anonymous>)
    at generateMobileIM (C:/Users/User/cre-dealcard/src/domain/building/mobile-im/writer.ts:159:43)
[90m    at processTicksAndRejections (node:internal/process/task_queues:103:5)[39m
    at Module.generateMobileIMHandler (C:/Users/User/cre-dealcard/src/app/api/broker/im-lite/generate/handler.ts:307:24
)
    at runPipelineForFixture (C:/Users/User/cre-dealcard/src/tests/e2e/posture-e2e-pipeline.test.ts:119:18)
    at C:/Users/User/cre-dealcard/src/tests/e2e/posture-e2e-pipeline.test.ts:325:34
    at [90mfile:///C:/Users/User/cre-dealcard/[39mnode_modules/[4m@vitest/runner[24m/dist/chunk-artifact.js:1903:20
[golden-im] Failed to build few-shot block: TypeError: supabase.from(...).select(...).eq(...).eq is not a function
    at buildIMFewShotBlock (C:/Users/User/cre-dealcard/src/domain/building/mobile-im/golden-im-manager.ts:134:8)
    at generateSingleSection (C:/Users/User/cre-dealcard/src/domain/building/mobile-im/im-section-generator.ts:204:30)
    at C:/Users/User/cre-dealcard/src/domain/building/mobile-im/writer.ts:161:32
    at Array.map (<anonymous>)
    at generateMobileIM (C:/Users/User/cre-dealcard/src/domain/building/mobile-im/writer.ts:159:43)
[90m    at processTicksAndRejections (node:internal/process/task_queues:103:5)[39m
    at Module.generateMobileIMHandler (C:/Users/User/cre-dealcard/src/app/api/broker/im-lite/generate/handler.ts:307:24
)
    at runPipelineForFixture (C:/Users/User/cre-dealcard/src/tests/e2e/posture-e2e-pipeline.test.ts:119:18)
    at C:/Users/User/cre-dealcard/src/tests/e2e/posture-e2e-pipeline.test.ts:325:34
    at [90mfile:///C:/Users/User/cre-dealcard/[39mnode_modules/[4m@vitest/runner[24m/dist/chunk-artifact.js:1903:20
[golden-im] Failed to build few-shot block: TypeError: supabase.from(...).select(...).eq(...).eq is not a function
    at buildIMFewShotBlock (C:/Users/User/cre-dealcard/src/domain/building/mobile-im/golden-im-manager.ts:134:8)
    at generateSingleSection (C:/Users/User/cre-dealcard/src/domain/building/mobile-im/im-section-generator.ts:204:30)
    at C:/Users/User/cre-dealcard/src/domain/building/mobile-im/writer.ts:161:32
    at Array.map (<anonymous>)
    at generateMobileIM (C:/Users/User/cre-dealcard/src/domain/building/mobile-im/writer.ts:159:43)
[90m    at processTicksAndRejections (node:internal/process/task_queues:103:5)[39m
    at Module.generateMobileIMHandler (C:/Users/User/cre-dealcard/src/app/api/broker/im-lite/generate/handler.ts:307:24
)
    at runPipelineForFixture (C:/Users/User/cre-dealcard/src/tests/e2e/posture-e2e-pipeline.test.ts:119:18)
    at C:/Users/User/cre-dealcard/src/tests/e2e/posture-e2e-pipeline.test.ts:325:34
    at [90mfile:///C:/Users/User/cre-dealcard/[39mnode_modules/[4m@vitest/runner[24m/dist/chunk-artifact.js:1903:20
[golden-im] Failed to build few-shot block: TypeError: supabase.from(...).select(...).eq(...).eq is not a function
    at buildIMFewShotBlock (C:/Users/User/cre-dealcard/src/domain/building/mobile-im/golden-im-manager.ts:134:8)
    at generateSingleSection (C:/Users/User/cre-dealcard/src/domain/building/mobile-im/im-section-generator.ts:204:30)
    at C:/Users/User/cre-dealcard/src/domain/building/mobile-im/writer.ts:161:32
    at Array.map (<anonymous>)
    at generateMobileIM (C:/Users/User/cre-dealcard/src/domain/building/mobile-im/writer.ts:159:43)
[90m    at processTicksAndRejections (node:internal/process/task_queues:103:5)[39m
    at Module.generateMobileIMHandler (C:/Users/User/cre-dealcard/src/app/api/broker/im-lite/generate/handler.ts:307:24
)
    at runPipelineForFixture (C:/Users/User/cre-dealcard/src/tests/e2e/posture-e2e-pipeline.test.ts:119:18)
    at C:/Users/User/cre-dealcard/src/tests/e2e/posture-e2e-pipeline.test.ts:325:34
    at [90mfile:///C:/Users/User/cre-dealcard/[39mnode_modules/[4m@vitest/runner[24m/dist/chunk-artifact.js:1903:20
[MockOpenAIProvider]process.env.OPENAI_API_KEY is missing or in test environment. Returning mock JSON response.
[MockOpenAIProvider]process.env.OPENAI_API_KEY is missing or in test environment. Returning mock JSON response.
[MockOpenAIProvider]process.env.OPENAI_API_KEY is missing or in test environment. Returning mock JSON response.
[MockOpenAIProvider]process.env.OPENAI_API_KEY is missing or in test environment. Returning mock JSON response.
[MockOpenAIProvider]process.env.OPENAI_API_KEY is missing or in test environment. Returning mock JSON response.
[MockOpenAIProvider]process.env.OPENAI_API_KEY is missing or in test environment. Returning mock JSON response.
[MockOpenAIProvider]process.env.OPENAI_API_KEY is missing or in test environment. Returning mock JSON response.
[MockOpenAIProvider]process.env.OPENAI_API_KEY is missing or in test environment. Returning mock JSON response.

[90mstderr[2m | src/domain/building/mobile-im/__tests__/l5-pipeline-e2e.test.ts[2m > [22m[2mL5: Full Pipeline E2E 
& System Invariants (25 cases)[2m > [22m[2mPersona Isolation Principle (AGENTS.md Rule 1)[2m > [22m[2mL5-PERSONA-
01: Generated content must never contain explicit persona labels
[22m[39m[MockOpenAIProvider]process.env.OPENAI_API_KEY is missing or in test environment. Returning mock JSON respons
e.

[90mstderr[2m | src/domain/building/mobile-im/__tests__/l5-pipeline-e2e.test.ts[2m > [22m[2mL5: Full Pipeline E2E 
& System Invariants (25 cases)[2m > [22m[2mPersona Isolation Principle (AGENTS.md Rule 1)[2m > [22m[2mL5-PERSONA-
01: Generated content must never contain explicit persona labels
[22m[39m[MockOpenAIProvider]process.env.OPENAI_API_KEY is missing or in test environment. Returning mock JSON respons
e.

[90mstderr[2m | src/tests/e2e/posture-e2e-pipeline.test.ts[2m > [22m[2m16-Case MECE Regression Suite (?ㅼ젣 LLM ?몄텧)
[2m > [22m[2mcase02_hongdae_fnb: ?띾? F&B 瑗щ쭏鍮뚮뵫 [income]
[22m[39m[terminology-normalizer] Failed to load rules from DB, using fallback: TypeError: supabase.from(...).select(.
..).eq(...).order is not a function
    at getTerminologyRules (C:/Users/User/cre-dealcard/src/domain/building/mobile-im/terminology-normalizer.ts:146:8)
    at normalizeTerminologyAsync (C:/Users/User/cre-dealcard/src/domain/building/mobile-im/terminology-normalizer.ts:24
5:23)
    at generateSingleSection (C:/Users/User/cre-dealcard/src/domain/building/mobile-im/im-section-generator.ts:392:28)
[90m    at processTicksAndRejections (node:internal/process/task_queues:103:5)[39m
    at async Promise.allSettled (index 0)
    at generateMobileIM (C:/Users/User/cre-dealcard/src/domain/building/mobile-im/writer.ts:190:23)
    at Module.generateMobileIMHandler (C:/Users/User/cre-dealcard/src/app/api/broker/im-lite/generate/handler.ts:307:24
)
    at runPipelineForFixture (C:/Users/User/cre-dealcard/src/tests/e2e/posture-e2e-pipeline.test.ts:119:18)
    at C:/Users/User/cre-dealcard/src/tests/e2e/posture-e2e-pipeline.test.ts:325:34
    at [90mfile:///C:/Users/User/cre-dealcard/[39mnode_modules/[4m@vitest/runner[24m/dist/chunk-artifact.js:1903:20
[terminology-normalizer] Failed to load rules from DB, using fallback: TypeError: supabase.from(...).select(...).eq(...
).order is not a function
    at getTerminologyRules (C:/Users/User/cre-dealcard/src/domain/building/mobile-im/terminology-normalizer.ts:146:8)
    at normalizeTerminologyAsync (C:/Users/User/cre-dealcard/src/domain/building/mobile-im/terminology-normalizer.ts:24
5:23)
    at generateSingleSection (C:/Users/User/cre-dealcard/src/domain/building/mobile-im/im-section-generator.ts:392:28)
[90m    at processTicksAndRejections (node:internal/process/task_queues:103:5)[39m
    at async Promise.allSettled (index 1)
    at generateMobileIM (C:/Users/User/cre-dealcard/src/domain/building/mobile-im/writer.ts:190:23)
    at Module.generateMobileIMHandler (C:/Users/User/cre-dealcard/src/app/api/broker/im-lite/generate/handler.ts:307:24
)
    at runPipelineForFixture (C:/Users/User/cre-dealcard/src/tests/e2e/posture-e2e-pipeline.test.ts:119:18)
    at C:/Users/User/cre-dealcard/src/tests/e2e/posture-e2e-pipeline.test.ts:325:34
    at [90mfile:///C:/Users/User/cre-dealcard/[39mnode_modules/[4m@vitest/runner[24m/dist/chunk-artifact.js:1903:20
[terminology-normalizer] Failed to load rules from DB, using fallback: TypeError: supabase.from(...).select(...).eq(...
).order is not a function
    at getTerminologyRules (C:/Users/User/cre-dealcard/src/domain/building/mobile-im/terminology-normalizer.ts:146:8)
    at normalizeTerminologyAsync (C:/Users/User/cre-dealcard/src/domain/building/mobile-im/terminology-normalizer.ts:24
5:23)
    at generateSingleSection (C:/Users/User/cre-dealcard/src/domain/building/mobile-im/im-section-generator.ts:392:28)
[90m    at processTicksAndRejections (node:internal/process/task_queues:103:5)[39m
    at async Promise.allSettled (index 2)
    at generateMobileIM (C:/Users/User/cre-dealcard/src/domain/building/mobile-im/writer.ts:190:23)
    at Module.generateMobileIMHandler (C:/Users/User/cre-dealcard/src/app/api/broker/im-lite/generate/handler.ts:307:24
)
    at runPipelineForFixture (C:/Users/User/cre-dealcard/src/tests/e2e/posture-e2e-pipeline.test.ts:119:18)
    at C:/Users/User/cre-dealcard/src/tests/e2e/posture-e2e-pipeline.test.ts:325:34
    at [90mfile:///C:/Users/User/cre-dealcard/[39mnode_modules/[4m@vitest/runner[24m/dist/chunk-artifact.js:1903:20
[terminology-normalizer] Failed to load rules from DB, using fallback: TypeError: supabase.from(...).select(...).eq(...
).order is not a function
    at getTerminologyRules (C:/Users/User/cre-dealcard/src/domain/building/mobile-im/terminology-normalizer.ts:146:8)
    at normalizeTerminologyAsync (C:/Users/User/cre-dealcard/src/domain/building/mobile-im/terminology-normalizer.ts:24
5:23)
    at generateSingleSection (C:/Users/User/cre-dealcard/src/domain/building/mobile-im/im-section-generator.ts:392:28)
[90m    at processTicksAndRejections (node:internal/process/task_queues:103:5)[39m
    at async Promise.allSettled (index 3)
    at generateMobileIM (C:/Users/User/cre-dealcard/src/domain/building/mobile-im/writer.ts:190:23)
    at Module.generateMobileIMHandler (C:/Users/User/cre-dealcard/src/app/api/broker/im-lite/generate/handler.ts:307:24
)
    at runPipelineForFixture (C:/Users/User/cre-dealcard/src/tests/e2e/posture-e2e-pipeline.test.ts:119:18)
    at C:/Users/User/cre-dealcard/src/tests/e2e/posture-e2e-pipeline.test.ts:325:34
    at [90mfile:///C:/Users/User/cre-dealcard/[39mnode_modules/[4m@vitest/runner[24m/dist/chunk-artifact.js:1903:20
[terminology-normalizer] Failed to load rules from DB, using fallback: TypeError: supabase.from(...).select(...).eq(...
).order is not a function
    at getTerminologyRules (C:/Users/User/cre-dealcard/src/domain/building/mobile-im/terminology-normalizer.ts:146:8)
    at normalizeTerminologyAsync (C:/Users/User/cre-dealcard/src/domain/building/mobile-im/terminology-normalizer.ts:24
5:23)
    at generateSingleSection (C:/Users/User/cre-dealcard/src/domain/building/mobile-im/im-section-generator.ts:392:28)
[90m    at processTicksAndRejections (node:internal/process/task_queues:103:5)[39m
    at async Promise.allSettled (index 4)
    at generateMobileIM (C:/Users/User/cre-dealcard/src/domain/building/mobile-im/writer.ts:190:23)
    at Module.generateMobileIMHandler (C:/Users/User/cre-dealcard/src/app/api/broker/im-lite/generate/handler.ts:307:24
)
    at runPipelineForFixture (C:/Users/User/cre-dealcard/src/tests/e2e/posture-e2e-pipeline.test.ts:119:18)
    at C:/Users/User/cre-dealcard/src/tests/e2e/posture-e2e-pipeline.test.ts:325:34
    at [90mfile:///C:/Users/User/cre-dealcard/[39mnode_modules/[4m@vitest/runner[24m/dist/chunk-artifact.js:1903:20
[terminology-normalizer] Failed to load rules from DB, using fallback: TypeError: supabase.from(...).select(...).eq(...
).order is not a function
    at getTerminologyRules (C:/Users/User/cre-dealcard/src/domain/building/mobile-im/terminology-normalizer.ts:146:8)
    at normalizeTerminologyAsync (C:/Users/User/cre-dealcard/src/domain/building/mobile-im/terminology-normalizer.ts:24
5:23)
    at generateSingleSection (C:/Users/User/cre-dealcard/src/domain/building/mobile-im/im-section-generator.ts:392:28)
[90m    at processTicksAndRejections (node:internal/process/task_queues:103:5)[39m
    at async Promise.allSettled (index 5)
    at generateMobileIM (C:/Users/User/cre-dealcard/src/domain/building/mobile-im/writer.ts:190:23)
    at Module.generateMobileIMHandler (C:/Users/User/cre-dealcard/src/app/api/broker/im-lite/generate/handler.ts:307:24
)
    at runPipelineForFixture (C:/Users/User/cre-dealcard/src/tests/e2e/posture-e2e-pipeline.test.ts:119:18)
    at C:/Users/User/cre-dealcard/src/tests/e2e/posture-e2e-pipeline.test.ts:325:34
    at [90mfile:///C:/Users/User/cre-dealcard/[39mnode_modules/[4m@vitest/runner[24m/dist/chunk-artifact.js:1903:20
[terminology-normalizer] Failed to load rules from DB, using fallback: TypeError: supabase.from(...).select(...).eq(...
).order is not a function
    at getTerminologyRules (C:/Users/User/cre-dealcard/src/domain/building/mobile-im/terminology-normalizer.ts:146:8)
    at normalizeTerminologyAsync (C:/Users/User/cre-dealcard/src/domain/building/mobile-im/terminology-normalizer.ts:24
5:23)
    at generateSingleSection (C:/Users/User/cre-dealcard/src/domain/building/mobile-im/im-section-generator.ts:392:28)
[90m    at processTicksAndRejections (node:internal/process/task_queues:103:5)[39m
    at async Promise.allSettled (index 6)
    at generateMobileIM (C:/Users/User/cre-dealcard/src/domain/building/mobile-im/writer.ts:190:23)
    at Module.generateMobileIMHandler (C:/Users/User/cre-dealcard/src/app/api/broker/im-lite/generate/handler.ts:307:24
)
    at runPipelineForFixture (C:/Users/User/cre-dealcard/src/tests/e2e/posture-e2e-pipeline.test.ts:119:18)
    at C:/Users/User/cre-dealcard/src/tests/e2e/posture-e2e-pipeline.test.ts:325:34
    at [90mfile:///C:/Users/User/cre-dealcard/[39mnode_modules/[4m@vitest/runner[24m/dist/chunk-artifact.js:1903:20
[terminology-normalizer] Failed to load rules from DB, using fallback: TypeError: supabase.from(...).select(...).eq(...
).order is not a function
    at getTerminologyRules (C:/Users/User/cre-dealcard/src/domain/building/mobile-im/terminology-normalizer.ts:146:8)
    at normalizeTerminologyAsync (C:/Users/User/cre-dealcard/src/domain/building/mobile-im/terminology-normalizer.ts:24
5:23)
    at generateSingleSection (C:/Users/User/cre-dealcard/src/domain/building/mobile-im/im-section-generator.ts:392:28)
[90m    at processTicksAndRejections (node:internal/process/task_queues:103:5)[39m
    at async Promise.allSettled (index 7)
    at generateMobileIM (C:/Users/User/cre-dealcard/src/domain/building/mobile-im/writer.ts:190:23)
    at Module.generateMobileIMHandler (C:/Users/User/cre-dealcard/src/app/api/broker/im-lite/generate/handler.ts:307:24
)
    at runPipelineForFixture (C:/Users/User/cre-dealcard/src/tests/e2e/posture-e2e-pipeline.test.ts:119:18)
    at C:/Users/User/cre-dealcard/src/tests/e2e/posture-e2e-pipeline.test.ts:325:34
    at [90mfile:///C:/Users/User/cre-dealcard/[39mnode_modules/[4m@vitest/runner[24m/dist/chunk-artifact.js:1903:20

[90mstderr[2m | src/tests/e2e/posture-e2e-pipeline.test.ts[2m > [22m[2m16-Case MECE Regression Suite (?ㅼ젣 LLM ?몄텧)
[2m > [22m[2mcase02_hongdae_fnb: ?띾? F&B 瑗щ쭏鍮뚮뵫 [income]
[22m[39m[MockOpenAIProvider]process.env.OPENAI_API_KEY is missing or in test environment. Returning mock JSON respons
e.
[MockOpenAIProvider]process.env.OPENAI_API_KEY is missing or in test environment. Returning mock JSON response.
[MockOpenAIProvider]process.env.OPENAI_API_KEY is missing or in test environment. Returning mock JSON response.
[MockOpenAIProvider]process.env.OPENAI_API_KEY is missing or in test environment. Returning mock JSON response.
[MockOpenAIProvider]process.env.OPENAI_API_KEY is missing or in test environment. Returning mock JSON response.
[MockOpenAIProvider]process.env.OPENAI_API_KEY is missing or in test environment. Returning mock JSON response.
[MockOpenAIProvider]process.env.OPENAI_API_KEY is missing or in test environment. Returning mock JSON response.
[MockOpenAIProvider]process.env.OPENAI_API_KEY is missing or in test environment. Returning mock JSON response.

 [32m??[39m src/tests/e2e/cbre-nh-capital-pipeline.test.ts [2m([22m[2m7 tests[22m[2m)[22m[33m 9469[2mms[22m[39m
       [33m[2m??[22m[39m [Positive] 湲곌??ъ옄???꾨씪???뚮쭏 ?뚮뜑留?臾닿껐??諛?6? 寃뚯씠??PASS ?⑥뼵 [33m 4997[2mms[22m[39m
       [33m[2m??[22m[39m [Negative Pair] Rule 1 ?섎Ⅴ?뚮굹 ?⑥뼱 ?ㅼ뿼 ??諛붿씠?덈━ ?몄뒪?숈뀡 李⑤떒 ?⑥뼵 [33m 4412[2mms[22m[39m
[90mstderr[2m | src/domain/building/mobile-im/__tests__/e2e-real-property.test.ts[2m > [22m[2mE2E Real Property: ?
묓룊??媛 ?붾젅?쒕퉴??(income)[2m > [22m[2mIM ?앹꽦 ?뚯씠?꾨씪??[2m > [22m[2mE2E-YP-ANCHORS: ?묓룊???섏튂 ?듭빱 ???낅젰 蹂댁〈 諛??뱀뀡 援ъ“ 寃
利?[22m[39m[MockOpenAIProvider]process.env.OPENAI_API_KEY is missing or in test environment. Returning mock JSON resp
onse.

[90mstderr[2m | src/tests/e2e/posture-e2e-pipeline.test.ts[2m > [22m[2m16-Case MECE Regression Suite (?ㅼ젣 LLM ?몄텧)
[2m > [22m[2mcase02_hongdae_fnb: ?띾? F&B 瑗щ쭏鍮뚮뵫 [income]
[22m[39m[golden-im] Failed to build few-shot block: TypeError: supabase.from(...).select(...).eq(...).eq is not a fun
ction
    at buildIMFewShotBlock (C:/Users/User/cre-dealcard/src/domain/building/mobile-im/golden-im-manager.ts:134:8)
    at generateSingleSection (C:/Users/User/cre-dealcard/src/domain/building/mobile-im/im-section-generator.ts:204:30)
    at generateMobileIM (C:/Users/User/cre-dealcard/src/domain/building/mobile-im/writer.ts:250:28)
[90m    at processTicksAndRejections (node:internal/process/task_queues:103:5)[39m
    at Module.generateMobileIMHandler (C:/Users/User/cre-dealcard/src/app/api/broker/im-lite/generate/handler.ts:307:24
)
    at runPipelineForFixture (C:/Users/User/cre-dealcard/src/tests/e2e/posture-e2e-pipeline.test.ts:119:18)
    at C:/Users/User/cre-dealcard/src/tests/e2e/posture-e2e-pipeline.test.ts:325:34
    at [90mfile:///C:/Users/User/cre-dealcard/[39mnode_modules/[4m@vitest/runner[24m/dist/chunk-artifact.js:1903:20

[90mstderr[2m | src/domain/building/mobile-im/__tests__/l5-pipeline-e2e.test.ts[2m > [22m[2mL5: Full Pipeline E2E 
& System Invariants (25 cases)[2m > [22m[2mPersona Isolation Principle (AGENTS.md Rule 1)[2m > [22m[2mL5-PERSONA-
01: Generated content must never contain explicit persona labels
[22m[39m[MockOpenAIProvider]process.env.OPENAI_API_KEY is missing or in test environment. Returning mock JSON respons
e.

[90mstderr[2m | src/tests/e2e/posture-e2e-pipeline.test.ts[2m > [22m[2m16-Case MECE Regression Suite (?ㅼ젣 LLM ?몄텧)
[2m > [22m[2mcase02_hongdae_fnb: ?띾? F&B 瑗щ쭏鍮뚮뵫 [income]
[22m[39m[MockOpenAIProvider]process.env.OPENAI_API_KEY is missing or in test environment. Returning mock JSON respons
e.

[90mstderr[2m | src/tests/e2e/p1-theme-preset.test.ts[2m > [22m[2mT12: CJK Font Embedding Consistency[2m > [22m
[2mT12-04: Dark theme PPTX also references Korean font
[22m[39m[deck-sequencer] goldilocks: 蹂몃Ц 20硫???16硫??덉궘 (遺濡?0硫?遺꾨━)

[90mstderr[2m | src/tests/e2e/posture-e2e-pipeline.test.ts[2m > [22m[2m16-Case MECE Regression Suite (?ㅼ젣 LLM ?몄텧)
[2m > [22m[2mcase02_hongdae_fnb: ?띾? F&B 瑗щ쭏鍮뚮뵫 [income]
[22m[39m[terminology-normalizer] Failed to load rules from DB, using fallback: TypeError: supabase.from(...).select(.
..).eq(...).order is not a function
    at getTerminologyRules (C:/Users/User/cre-dealcard/src/domain/building/mobile-im/terminology-normalizer.ts:146:8)
    at normalizeTerminologyAsync (C:/Users/User/cre-dealcard/src/domain/building/mobile-im/terminology-normalizer.ts:24
5:23)
    at generateSingleSection (C:/Users/User/cre-dealcard/src/domain/building/mobile-im/im-section-generator.ts:392:28)
[90m    at processTicksAndRejections (node:internal/process/task_queues:103:5)[39m
    at generateMobileIM (C:/Users/User/cre-dealcard/src/domain/building/mobile-im/writer.ts:250:22)
    at Module.generateMobileIMHandler (C:/Users/User/cre-dealcard/src/app/api/broker/im-lite/generate/handler.ts:307:24
)
    at runPipelineForFixture (C:/Users/User/cre-dealcard/src/tests/e2e/posture-e2e-pipeline.test.ts:119:18)
    at C:/Users/User/cre-dealcard/src/tests/e2e/posture-e2e-pipeline.test.ts:325:34
    at [90mfile:///C:/Users/User/cre-dealcard/[39mnode_modules/[4m@vitest/runner[24m/dist/chunk-artifact.js:1903:20

[90mstderr[2m | src/tests/e2e/p2-accessibility.test.ts[2m > [22m[2mP2 Accessibility Tests[2m > [22m[2mT32: Scre
en Reader / Alt Text Compatibility
[22m[39m[deck-sequencer] goldilocks: 蹂몃Ц 17硫???16硫??덉궘 (遺濡?0硫?遺꾨━)

 [32m??[39m src/tests/e2e/pptx-stress-matrix.test.ts [2m([22m[2m40 tests[22m[2m)[22m[33m 9896[2mms[22m[39m
       [33m[2m??[22m[39m [income] Grade A 횞 basic tier [33m 1479[2mms[22m[39m
       [33m[2m??[22m[39m [income] Grade A 횞 pro tier [33m 1094[2mms[22m[39m
       [33m[2m??[22m[39m [income] Grade B 횞 basic tier [33m 537[2mms[22m[39m
       [33m[2m??[22m[39m [income] Grade B 횞 pro tier [33m 480[2mms[22m[39m
       [33m[2m??[22m[39m [owner_occupied] Grade B 횞 basic tier [33m 358[2mms[22m[39m
       [33m[2m??[22m[39m [development] Grade A 횞 basic tier [33m 313[2mms[22m[39m
       [33m[2m??[22m[39m [development] Grade A 횞 pro tier [33m 312[2mms[22m[39m
       [33m[2m??[22m[39m [development] Grade B 횞 basic tier [33m 367[2mms[22m[39m
       [33m[2m??[22m[39m [operating] Grade B 횞 basic tier [33m 315[2mms[22m[39m
       [33m[2m??[22m[39m [trading] Grade A 횞 pro tier [33m 303[2mms[22m[39m
       [33m[2m??[22m[39m [trading] Grade B 횞 basic tier [33m 319[2mms[22m[39m
       [33m[2m??[22m[39m [trading] Grade B 횞 pro tier [33m 437[2mms[22m[39m
       [33m[2m??[22m[39m [trading] Grade C 횞 pro tier [33m 329[2mms[22m[39m
[90mstderr[2m | src/tests/e2e/posture-e2e-pipeline.test.ts[2m > [22m[2m16-Case MECE Regression Suite (?ㅼ젣 LLM ?몄텧)
[2m > [22m[2mcase02_hongdae_fnb: ?띾? F&B 瑗щ쭏鍮뚮뵫 [income]
[22m[39m[MockOpenAIProvider]process.env.OPENAI_API_KEY is missing or in test environment. Returning mock JSON respons
e.

[90mstderr[2m | src/tests/e2e/posture-e2e-pipeline.test.ts[2m > [22m[2m16-Case MECE Regression Suite (?ㅼ젣 LLM ?몄텧)
[2m > [22m[2mcase02_hongdae_fnb: ?띾? F&B 瑗щ쭏鍮뚮뵫 [income]
[22m[39m[golden-im] Failed to build few-shot block: TypeError: supabase.from(...).select(...).eq(...).eq is not a fun
ction
    at buildIMFewShotBlock (C:/Users/User/cre-dealcard/src/domain/building/mobile-im/golden-im-manager.ts:134:8)
    at generateSingleSection (C:/Users/User/cre-dealcard/src/domain/building/mobile-im/im-section-generator.ts:204:30)
    at generateMobileIM (C:/Users/User/cre-dealcard/src/domain/building/mobile-im/writer.ts:250:28)
[90m    at processTicksAndRejections (node:internal/process/task_queues:103:5)[39m
    at Module.generateMobileIMHandler (C:/Users/User/cre-dealcard/src/app/api/broker/im-lite/generate/handler.ts:307:24
)
    at runPipelineForFixture (C:/Users/User/cre-dealcard/src/tests/e2e/posture-e2e-pipeline.test.ts:119:18)
    at C:/Users/User/cre-dealcard/src/tests/e2e/posture-e2e-pipeline.test.ts:325:34
    at [90mfile:///C:/Users/User/cre-dealcard/[39mnode_modules/[4m@vitest/runner[24m/dist/chunk-artifact.js:1903:20

[90mstderr[2m | src/tests/e2e/posture-e2e-pipeline.test.ts[2m > [22m[2m16-Case MECE Regression Suite (?ㅼ젣 LLM ?몄텧)
[2m > [22m[2mcase02_hongdae_fnb: ?띾? F&B 瑗щ쭏鍮뚮뵫 [income]
[22m[39m[MockOpenAIProvider]process.env.OPENAI_API_KEY is missing or in test environment. Returning mock JSON respons
e.

[90mstderr[2m | src/tests/e2e/posture-e2e-pipeline.test.ts[2m > [22m[2m16-Case MECE Regression Suite (?ㅼ젣 LLM ?몄텧)
[2m > [22m[2mcase02_hongdae_fnb: ?띾? F&B 瑗щ쭏鍮뚮뵫 [income]
[22m[39m[terminology-normalizer] Failed to load rules from DB, using fallback: TypeError: supabase.from(...).select(.
..).eq(...).order is not a function
    at getTerminologyRules (C:/Users/User/cre-dealcard/src/domain/building/mobile-im/terminology-normalizer.ts:146:8)
    at normalizeTerminologyAsync (C:/Users/User/cre-dealcard/src/domain/building/mobile-im/terminology-normalizer.ts:24
5:23)
    at generateSingleSection (C:/Users/User/cre-dealcard/src/domain/building/mobile-im/im-section-generator.ts:392:28)
[90m    at processTicksAndRejections (node:internal/process/task_queues:103:5)[39m
    at generateMobileIM (C:/Users/User/cre-dealcard/src/domain/building/mobile-im/writer.ts:250:22)
    at Module.generateMobileIMHandler (C:/Users/User/cre-dealcard/src/app/api/broker/im-lite/generate/handler.ts:307:24
)
    at runPipelineForFixture (C:/Users/User/cre-dealcard/src/tests/e2e/posture-e2e-pipeline.test.ts:119:18)
    at C:/Users/User/cre-dealcard/src/tests/e2e/posture-e2e-pipeline.test.ts:325:34
    at [90mfile:///C:/Users/User/cre-dealcard/[39mnode_modules/[4m@vitest/runner[24m/dist/chunk-artifact.js:1903:20

 [32m??[39m src/tests/db/migrations-p2.test.ts [2m([22m[2m1 test[22m[2m)[22m[33m 724[2mms[22m[39m
     [33m[2m??[22m[39m All 22 PoC tables exist in Supabase database [33m 720[2mms[22m[39m
[90mstderr[2m | src/tests/e2e/posture-e2e-pipeline.test.ts[2m > [22m[2m16-Case MECE Regression Suite (?ㅼ젣 LLM ?몄텧)
[2m > [22m[2mcase02_hongdae_fnb: ?띾? F&B 瑗щ쭏鍮뚮뵫 [income]
[22m[39m[MockOpenAIProvider]process.env.OPENAI_API_KEY is missing or in test environment. Returning mock JSON respons
e.

[90mstderr[2m | src/tests/e2e/posture-e2e-pipeline.test.ts[2m > [22m[2m16-Case MECE Regression Suite (?ㅼ젣 LLM ?몄텧)
[2m > [22m[2mcase02_hongdae_fnb: ?띾? F&B 瑗щ쭏鍮뚮뵫 [income]
[22m[39m[golden-im] Failed to build few-shot block: TypeError: supabase.from(...).select(...).eq(...).eq is not a fun
ction
    at buildIMFewShotBlock (C:/Users/User/cre-dealcard/src/domain/building/mobile-im/golden-im-manager.ts:134:8)
    at generateSingleSection (C:/Users/User/cre-dealcard/src/domain/building/mobile-im/im-section-generator.ts:204:30)
    at generateMobileIM (C:/Users/User/cre-dealcard/src/domain/building/mobile-im/writer.ts:250:28)
[90m    at processTicksAndRejections (node:internal/process/task_queues:103:5)[39m
    at Module.generateMobileIMHandler (C:/Users/User/cre-dealcard/src/app/api/broker/im-lite/generate/handler.ts:307:24
)
    at runPipelineForFixture (C:/Users/User/cre-dealcard/src/tests/e2e/posture-e2e-pipeline.test.ts:119:18)
    at C:/Users/User/cre-dealcard/src/tests/e2e/posture-e2e-pipeline.test.ts:325:34
    at [90mfile:///C:/Users/User/cre-dealcard/[39mnode_modules/[4m@vitest/runner[24m/dist/chunk-artifact.js:1903:20

[90mstdout[2m | src/domain/building/mobile-im/__tests__/l5-pipeline-e2e.test.ts[2m > [22m[2mL5: Full Pipeline E2E & System Invariants (25 cases)[2m > [22m[2mPersona Isolation Principle (AGENTS.md Rule 1)[2m > [22m[2mL5-PERSONA-01: Generated content must never contain explicit persona labels
[22m[39m[fewshot-tracker] Golden candidate registered (pending approval): lease_status of doc gen_5jfy5wshbe7_1788689495952 (Score: 5)

[90mstderr[2m | src/tests/unit/pptx-studio/studio-interactive-editor.test.ts[2m > [22m[2mPPTX Studio Interactive E
ditor & 2-Stage Approval Unit & Integration Test Suite[2m > [22m[2mREST API Routes Integration[2m > [22m[2mPositi
ve Pair: Sequential S60 Editorial Approval -> S70 File Approval via REST API completes publication
[22m[39mRealtime send() is automatically falling back to REST API. This behavior will be deprecated in the future. Pl
ease use httpSend() explicitly for REST delivery.

[90mstderr[2m | src/tests/e2e/posture-e2e-pipeline.test.ts[2m > [22m[2m16-Case MECE Regression Suite (?ㅼ젣 LLM ?몄텧)
[2m > [22m[2mcase02_hongdae_fnb: ?띾? F&B 瑗щ쭏鍮뚮뵫 [income]
[22m[39m[MockOpenAIProvider]process.env.OPENAI_API_KEY is missing or in test environment. Returning mock JSON respons
e.

[90mstderr[2m | src/tests/e2e/posture-e2e-pipeline.test.ts[2m > [22m[2m16-Case MECE Regression Suite (?ㅼ젣 LLM ?몄텧)
[2m > [22m[2mcase02_hongdae_fnb: ?띾? F&B 瑗щ쭏鍮뚮뵫 [income]
[22m[39m[MockOpenAIProvider]process.env.OPENAI_API_KEY is missing or in test environment. Returning mock JSON respons
e.

[90mstderr[2m | src/tests/e2e/posture-e2e-pipeline.test.ts[2m > [22m[2m16-Case MECE Regression Suite (?ㅼ젣 LLM ?몄텧)
[2m > [22m[2mcase02_hongdae_fnb: ?띾? F&B 瑗щ쭏鍮뚮뵫 [income]
[22m[39m[fewshot-tracker] Failed to update result score: TypeError: supabase.from(...).update is not a function
    at updateFewShotResultScore (C:/Users/User/cre-dealcard/src/domain/building/mobile-im/fewshot-tracker.ts:43:8)
    at generateSingleSection (C:/Users/User/cre-dealcard/src/domain/building/mobile-im/im-section-generator.ts:301:15)
[90m    at processTicksAndRejections (node:internal/process/task_queues:103:5)[39m
    at generateMobileIM (C:/Users/User/cre-dealcard/src/domain/building/mobile-im/writer.ts:250:22)
    at Module.generateMobileIMHandler (C:/Users/User/cre-dealcard/src/app/api/broker/im-lite/generate/handler.ts:307:24
)
    at runPipelineForFixture (C:/Users/User/cre-dealcard/src/tests/e2e/posture-e2e-pipeline.test.ts:119:18)
    at C:/Users/User/cre-dealcard/src/tests/e2e/posture-e2e-pipeline.test.ts:325:34
    at [90mfile:///C:/Users/User/cre-dealcard/[39mnode_modules/[4m@vitest/runner[24m/dist/chunk-artifact.js:1903:20
[fewshot-tracker] Failed to auto-promote: TypeError: supabase.from(...).select(...).eq(...).eq is not a function
    at promoteToGoldenCandidate (C:/Users/User/cre-dealcard/src/domain/building/mobile-im/fewshot-tracker.ts:168:8)
    at generateSingleSection (C:/Users/User/cre-dealcard/src/domain/building/mobile-im/im-section-generator.ts:303:17)
[90m    at processTicksAndRejections (node:internal/process/task_queues:103:5)[39m
    at generateMobileIM (C:/Users/User/cre-dealcard/src/domain/building/mobile-im/writer.ts:250:22)
    at Module.generateMobileIMHandler (C:/Users/User/cre-dealcard/src/app/api/broker/im-lite/generate/handler.ts:307:24
)
    at runPipelineForFixture (C:/Users/User/cre-dealcard/src/tests/e2e/posture-e2e-pipeline.test.ts:119:18)
    at C:/Users/User/cre-dealcard/src/tests/e2e/posture-e2e-pipeline.test.ts:325:34
    at [90mfile:///C:/Users/User/cre-dealcard/[39mnode_modules/[4m@vitest/runner[24m/dist/chunk-artifact.js:1903:20
[terminology-normalizer] Failed to load rules from DB, using fallback: TypeError: supabase.from(...).select(...).eq(...
).order is not a function
    at getTerminologyRules (C:/Users/User/cre-dealcard/src/domain/building/mobile-im/terminology-normalizer.ts:146:8)
    at normalizeTerminologyAsync (C:/Users/User/cre-dealcard/src/domain/building/mobile-im/terminology-normalizer.ts:24
5:23)
    at generateSingleSection (C:/Users/User/cre-dealcard/src/domain/building/mobile-im/im-section-generator.ts:392:28)
[90m    at processTicksAndRejections (node:internal/process/task_queues:103:5)[39m
    at generateMobileIM (C:/Users/User/cre-dealcard/src/domain/building/mobile-im/writer.ts:250:22)
    at Module.generateMobileIMHandler (C:/Users/User/cre-dealcard/src/app/api/broker/im-lite/generate/handler.ts:307:24
)
    at runPipelineForFixture (C:/Users/User/cre-dealcard/src/tests/e2e/posture-e2e-pipeline.test.ts:119:18)
    at C:/Users/User/cre-dealcard/src/tests/e2e/posture-e2e-pipeline.test.ts:325:34
    at [90mfile:///C:/Users/User/cre-dealcard/[39mnode_modules/[4m@vitest/runner[24m/dist/chunk-artifact.js:1903:20

[90mstderr[2m | src/tests/e2e/posture-e2e-pipeline.test.ts[2m > [22m[2m16-Case MECE Regression Suite (?ㅼ젣 LLM ?몄텧)
[2m > [22m[2mcase02_hongdae_fnb: ?띾? F&B 瑗щ쭏鍮뚮뵫 [income]
[22m[39m[MockOpenAIProvider]process.env.OPENAI_API_KEY is missing or in test environment. Returning mock JSON respons
e.

[90mstderr[2m | src/tests/e2e/posture-e2e-pipeline.test.ts[2m > [22m[2m16-Case MECE Regression Suite (?ㅼ젣 LLM ?몄텧)
[2m > [22m[2mcase02_hongdae_fnb: ?띾? F&B 瑗щ쭏鍮뚮뵫 [income]
[22m[39m[golden-im] Failed to build few-shot block: TypeError: supabase.from(...).select(...).eq(...).eq is not a fun
ction
    at buildIMFewShotBlock (C:/Users/User/cre-dealcard/src/domain/building/mobile-im/golden-im-manager.ts:134:8)
    at generateSingleSection (C:/Users/User/cre-dealcard/src/domain/building/mobile-im/im-section-generator.ts:204:30)
    at generateMobileIM (C:/Users/User/cre-dealcard/src/domain/building/mobile-im/writer.ts:250:28)
[90m    at processTicksAndRejections (node:internal/process/task_queues:103:5)[39m
    at Module.generateMobileIMHandler (C:/Users/User/cre-dealcard/src/app/api/broker/im-lite/generate/handler.ts:307:24
)
    at runPipelineForFixture (C:/Users/User/cre-dealcard/src/tests/e2e/posture-e2e-pipeline.test.ts:119:18)
    at C:/Users/User/cre-dealcard/src/tests/e2e/posture-e2e-pipeline.test.ts:325:34
    at [90mfile:///C:/Users/User/cre-dealcard/[39mnode_modules/[4m@vitest/runner[24m/dist/chunk-artifact.js:1903:20

[90mstderr[2m | src/tests/e2e/posture-e2e-pipeline.test.ts[2m > [22m[2m16-Case MECE Regression Suite (?ㅼ젣 LLM ?몄텧)
[2m > [22m[2mcase02_hongdae_fnb: ?띾? F&B 瑗щ쭏鍮뚮뵫 [income]
[22m[39m[MockOpenAIProvider]process.env.OPENAI_API_KEY is missing or in test environment. Returning mock JSON respons
e.

[90mstderr[2m | src/tests/e2e/posture-e2e-pipeline.test.ts[2m > [22m[2m16-Case MECE Regression Suite (?ㅼ젣 LLM ?몄텧)
[2m > [22m[2mcase02_hongdae_fnb: ?띾? F&B 瑗щ쭏鍮뚮뵫 [income]
[22m[39m[terminology-normalizer] Failed to load rules from DB, using fallback: TypeError: supabase.from(...).select(.
..).eq(...).order is not a function
    at getTerminologyRules (C:/Users/User/cre-dealcard/src/domain/building/mobile-im/terminology-normalizer.ts:146:8)
    at normalizeTerminologyAsync (C:/Users/User/cre-dealcard/src/domain/building/mobile-im/terminology-normalizer.ts:24
5:23)
    at generateSingleSection (C:/Users/User/cre-dealcard/src/domain/building/mobile-im/im-section-generator.ts:392:28)
[90m    at processTicksAndRejections (node:internal/process/task_queues:103:5)[39m
    at generateMobileIM (C:/Users/User/cre-dealcard/src/domain/building/mobile-im/writer.ts:250:22)
    at Module.generateMobileIMHandler (C:/Users/User/cre-dealcard/src/app/api/broker/im-lite/generate/handler.ts:307:24
)
    at runPipelineForFixture (C:/Users/User/cre-dealcard/src/tests/e2e/posture-e2e-pipeline.test.ts:119:18)
    at C:/Users/User/cre-dealcard/src/tests/e2e/posture-e2e-pipeline.test.ts:325:34
    at [90mfile:///C:/Users/User/cre-dealcard/[39mnode_modules/[4m@vitest/runner[24m/dist/chunk-artifact.js:1903:20

[90mstderr[2m | src/tests/e2e/posture-e2e-pipeline.test.ts[2m > [22m[2m16-Case MECE Regression Suite (?ㅼ젣 LLM ?몄텧)
[2m > [22m[2mcase02_hongdae_fnb: ?띾? F&B 瑗щ쭏鍮뚮뵫 [income]
[22m[39m[MockOpenAIProvider]process.env.OPENAI_API_KEY is missing or in test environment. Returning mock JSON respons
e.

[90mstderr[2m | src/tests/e2e/posture-e2e-pipeline.test.ts[2m > [22m[2m16-Case MECE Regression Suite (?ㅼ젣 LLM ?몄텧)
[2m > [22m[2mcase02_hongdae_fnb: ?띾? F&B 瑗щ쭏鍮뚮뵫 [income]
[22m[39m[mobile-im] Publish gates blocked: [ [32m'G05'[39m, [32m'G06'[39m, [32m'G08'[39m, [32m'G20'[39m, [32
m'G24'[39m ]
[cross-validator] 援먯감 寃利?寃곌낵 ??critical: 12, warning: 0, fields: [vacancy_narrative_contradiction, vacancy_narrative_c
ontradiction, vacancy_narrative_contradiction, vacancy_narrative_contradiction, vacancy_narrative_contradiction, vacanc
y_narrative_contradiction, vacancy_narrative_contradiction, vacancy_narrative_contradiction, vacancy_narrative_contradi
ction, vacancy_narrative_contradiction, vacancy_narrative_contradiction, vacancy_narrative_contradiction]

 [32m??[39m src/tests/e2e/p1-theme-preset.test.ts [2m([22m[2m54 tests[22m[2m)[22m[33m 1117[2mms[22m[39m
     [33m[2m??[22m[39m T12-03: Rendered PPTX XML references Korean font family [33m 775[2mms[22m[39m
     [33m[2m??[22m[39m T12-04: Dark theme PPTX also references Korean font [33m 311[2mms[22m[39m
[90mstderr[2m | src/tests/e2e/posture-e2e-pipeline.test.ts[2m > [22m[2m16-Case MECE Regression Suite (?ㅼ젣 LLM ?몄텧)
[2m > [22m[2mcase02_hongdae_fnb: ?띾? F&B 瑗щ쭏鍮뚮뵫 [income]
[22m[39m[terminology-normalizer] Failed to flush rule hits: TypeError: supabase.rpc is not a function
    at Timeout.flushRuleHits [as _onTimeout] (C:/Users/User/cre-dealcard/src/domain/building/mobile-im/terminology-norm
alizer.ts:213:59)
[90m    at listOnTimeout (node:internal/timers:605:17)[39m
[90m    at processTimers (node:internal/timers:541:7)[39m

[90mstderr[2m | src/tests/e2e/pptx-renderer-e2e.test.ts[2m > [22m[2mPPTX In-Memory Renderer: 5 Postures 횞 Tiers + 
?≪븞 寃??[2m > [22m[2mPR-10: ?ъ쭊 8????媛ㅻ윭由??щ씪?대뱶 2???앹꽦 ?뺤씤
[22m[39m[deck-sequencer] goldilocks: 蹂몃Ц 18硫???16硫??덉궘 (遺濡?0硫?遺꾨━)

[90mstdout[2m | src/tests/e2e/posture-e2e-pipeline.test.ts[2m > [22m[2m16-Case MECE Regression Suite (?ㅼ젣 LLM ?몄텧)[2m > [22m[2mcase03_bundang_office: 遺꾨떦 ?꾨씪???ㅽ뵾??[income]
[22m[39m[im-handler] gradeResult: B [33m73[39m directData present: [33mfalse[39m

[90mstderr[2m | src/tests/e2e/posture-e2e-pipeline.test.ts[2m > [22m[2m16-Case MECE Regression Suite (?ㅼ젣 LLM ?몄텧)
[2m > [22m[2mcase03_bundang_office: 遺꾨떦 ?꾨씪???ㅽ뵾??[income]
[22m[39m[terminology-normalizer] Failed to load rules from DB, using fallback: TypeError: supabase.from(...).select(.
..).eq(...).order is not a function
    at getTerminologyRules (C:/Users/User/cre-dealcard/src/domain/building/mobile-im/terminology-normalizer.ts:146:8)
    at normalizeTerminologyAsync (C:/Users/User/cre-dealcard/src/domain/building/mobile-im/terminology-normalizer.ts:24
5:23)
    at deepNormalizeStringsAsync (C:/Users/User/cre-dealcard/src/domain/building/mobile-im/im-context-builder.ts:117:23
)
    at deepNormalizeStringsAsync (C:/Users/User/cre-dealcard/src/domain/building/mobile-im/im-context-builder.ts:126:24
)
    at buildIMContext (C:/Users/User/cre-dealcard/src/domain/building/mobile-im/im-context-builder.ts:170:24)
    at generateMobileIM (C:/Users/User/cre-dealcard/src/domain/building/mobile-im/writer.ts:76:15)
    at Module.generateMobileIMHandler (C:/Users/User/cre-dealcard/src/app/api/broker/im-lite/generate/handler.ts:307:24
)
    at runPipelineForFixture (C:/Users/User/cre-dealcard/src/tests/e2e/posture-e2e-pipeline.test.ts:119:18)
    at C:/Users/User/cre-dealcard/src/tests/e2e/posture-e2e-pipeline.test.ts:325:34
    at [90mfile:///C:/Users/User/cre-dealcard/[39mnode_modules/[4m@vitest/runner[24m/dist/chunk-artifact.js:1903:20

[90mstderr[2m | src/tests/e2e/posture-e2e-pipeline.test.ts[2m > [22m[2m16-Case MECE Regression Suite (?ㅼ젣 LLM ?몄텧)
[2m > [22m[2mcase03_bundang_office: 遺꾨떦 ?꾨씪???ㅽ뵾??[income]
[22m[39m[im-context-builder] 怨듭떎瑜??곗씠??誘명솗蹂????щТ 異붿젙移섏뿉 怨듭떎瑜?誘몃컲??
[90mstderr[2m | src/tests/e2e/posture-e2e-pipeline.test.ts[2m > [22m[2m16-Case MECE Regression Suite (?ㅼ젣 LLM ?몄텧)
[2m > [22m[2mcase03_bundang_office: 遺꾨떦 ?꾨씪???ㅽ뵾??[income]
[22m[39m[CRE-RAG] Hybrid search failed: TypeError: rpcClient.rpc is not a function
    at searchSimilarIMs (C:/Users/User/cre-dealcard/src/domain/building/mobile-im/cre-rag-service.ts:60:45)
[90m    at processTicksAndRejections (node:internal/process/task_queues:103:5)[39m
    at generateRAGContext (C:/Users/User/cre-dealcard/src/domain/building/mobile-im/cre-rag-service.ts:128:16)
    at buildIMContext (C:/Users/User/cre-dealcard/src/domain/building/mobile-im/im-context-builder.ts:274:14)
    at generateMobileIM (C:/Users/User/cre-dealcard/src/domain/building/mobile-im/writer.ts:76:15)
    at Module.generateMobileIMHandler (C:/Users/User/cre-dealcard/src/app/api/broker/im-lite/generate/handler.ts:307:24
)
    at runPipelineForFixture (C:/Users/User/cre-dealcard/src/tests/e2e/posture-e2e-pipeline.test.ts:119:18)
    at C:/Users/User/cre-dealcard/src/tests/e2e/posture-e2e-pipeline.test.ts:325:34
    at [90mfile:///C:/Users/User/cre-dealcard/[39mnode_modules/[4m@vitest/runner[24m/dist/chunk-artifact.js:1903:20

[90mstdout[2m | src/tests/e2e/posture-e2e-pipeline.test.ts[2m > [22m[2m16-Case MECE Regression Suite (?ㅼ젣 LLM ?몄텧)[2m > [22m[2mcase03_bundang_office: 遺꾨떦 ?꾨씪???ㅽ뵾??[income]
[22m[39m[mobile-im-writer] Prompt variant: writer_system_v1 (v1.0), isLogistics=false, posture=income

[90mstderr[2m | src/tests/e2e/posture-e2e-pipeline.test.ts[2m > [22m[2m16-Case MECE Regression Suite (?ㅼ젣 LLM ?몄텧)
[2m > [22m[2mcase03_bundang_office: 遺꾨떦 ?꾨씪???ㅽ뵾??[income]
[22m[39m[writer] Claim violations: [
  [32m"[G38] Calculation '8bad04de-bca4-442d-ad51-bcd05f3f8441': basis='NOI'?몃뜲 怨듭젣 ??ぉ???놁뒿?덈떎. ?댁쁺鍮??놁씠 NOI瑜??곗텧????
?놁뒿?덈떎."[39m,
  [32m"[G38] Calculation '97e47ca8-c830-4a55-bcde-c1baf3a15e58': basis='NOI'?몃뜲 怨듭젣 ??ぉ???놁뒿?덈떎. ?댁쁺鍮??놁씠 NOI瑜??곗텧????
?놁뒿?덈떎."[39m,
  [32m"[G38] Calculation '7794a8a1-c48f-40ad-ae6b-152fdd7ae3c9': basis='NOI'?몃뜲 怨듭젣 ??ぉ???놁뒿?덈떎. ?댁쁺鍮??놁씠 NOI瑜??곗텧????
?놁뒿?덈떎."[39m,
  [32m"[G38] Calculation '259e72b9-0df2-44d3-85cd-178b35b2fe3f': basis='NOI'?몃뜲 怨듭젣 ??ぉ???놁뒿?덈떎. ?댁쁺鍮??놁씠 NOI瑜??곗텧????
?놁뒿?덈떎."[39m,
  [32m'G38_NOI_MISSING_OPEX: cap_rate_base requires evidenced operating expenses'[39m,
  [32m"[G38] Calculation 'c52bc017-1c8b-4257-9bf3-2f7304964938': basis='NOI'?몃뜲 怨듭젣 ??ぉ???놁뒿?덈떎. ?댁쁺鍮??놁씠 NOI瑜??곗텧????
?놁뒿?덈떎."[39m,
  [32m'G38_NOI_MISSING_OPEX: cap_rate_best requires evidenced operating expenses'[39m,
  [32m"[G38] Calculation 'da44e505-a83d-445c-a9e5-79ea7017c6ea': basis='NOI'?몃뜲 怨듭젣 ??ぉ???놁뒿?덈떎. ?댁쁺鍮??놁씠 NOI瑜??곗텧????
?놁뒿?덈떎."[39m,
  [32m'G38_NOI_MISSING_OPEX: cap_rate_worst requires evidenced operating expenses'[39m
]
[golden-im] Failed to build few-shot block: TypeError: supabase.from(...).select(...).eq(...).eq is not a function
    at buildIMFewShotBlock (C:/Users/User/cre-dealcard/src/domain/building/mobile-im/golden-im-manager.ts:134:8)
    at generateSingleSection (C:/Users/User/cre-dealcard/src/domain/building/mobile-im/im-section-generator.ts:204:30)
    at C:/Users/User/cre-dealcard/src/domain/building/mobile-im/writer.ts:161:32
    at Array.map (<anonymous>)
    at generateMobileIM (C:/Users/User/cre-dealcard/src/domain/building/mobile-im/writer.ts:159:43)
[90m    at processTicksAndRejections (node:internal/process/task_queues:103:5)[39m
    at Module.generateMobileIMHandler (C:/Users/User/cre-dealcard/src/app/api/broker/im-lite/generate/handler.ts:307:24
)
    at runPipelineForFixture (C:/Users/User/cre-dealcard/src/tests/e2e/posture-e2e-pipeline.test.ts:119:18)
    at C:/Users/User/cre-dealcard/src/tests/e2e/posture-e2e-pipeline.test.ts:325:34
    at [90mfile:///C:/Users/User/cre-dealcard/[39mnode_modules/[4m@vitest/runner[24m/dist/chunk-artifact.js:1903:20
[golden-im] Failed to build few-shot block: TypeError: supabase.from(...).select(...).eq(...).eq is not a function
    at buildIMFewShotBlock (C:/Users/User/cre-dealcard/src/domain/building/mobile-im/golden-im-manager.ts:134:8)
    at generateSingleSection (C:/Users/User/cre-dealcard/src/domain/building/mobile-im/im-section-generator.ts:204:30)
    at C:/Users/User/cre-dealcard/src/domain/building/mobile-im/writer.ts:161:32
    at Array.map (<anonymous>)
    at generateMobileIM (C:/Users/User/cre-dealcard/src/domain/building/mobile-im/writer.ts:159:43)
[90m    at processTicksAndRejections (node:internal/process/task_queues:103:5)[39m
    at Module.generateMobileIMHandler (C:/Users/User/cre-dealcard/src/app/api/broker/im-lite/generate/handler.ts:307:24
)
    at runPipelineForFixture (C:/Users/User/cre-dealcard/src/tests/e2e/posture-e2e-pipeline.test.ts:119:18)
    at C:/Users/User/cre-dealcard/src/tests/e2e/posture-e2e-pipeline.test.ts:325:34
    at [90mfile:///C:/Users/User/cre-dealcard/[39mnode_modules/[4m@vitest/runner[24m/dist/chunk-artifact.js:1903:20
[golden-im] Failed to build few-shot block: TypeError: supabase.from(...).select(...).eq(...).eq is not a function
    at buildIMFewShotBlock (C:/Users/User/cre-dealcard/src/domain/building/mobile-im/golden-im-manager.ts:134:8)
    at generateSingleSection (C:/Users/User/cre-dealcard/src/domain/building/mobile-im/im-section-generator.ts:204:30)
    at C:/Users/User/cre-dealcard/src/domain/building/mobile-im/writer.ts:161:32
    at Array.map (<anonymous>)
    at generateMobileIM (C:/Users/User/cre-dealcard/src/domain/building/mobile-im/writer.ts:159:43)
[90m    at processTicksAndRejections (node:internal/process/task_queues:103:5)[39m
    at Module.generateMobileIMHandler (C:/Users/User/cre-dealcard/src/app/api/broker/im-lite/generate/handler.ts:307:24
)
    at runPipelineForFixture (C:/Users/User/cre-dealcard/src/tests/e2e/posture-e2e-pipeline.test.ts:119:18)
    at C:/Users/User/cre-dealcard/src/tests/e2e/posture-e2e-pipeline.test.ts:325:34
    at [90mfile:///C:/Users/User/cre-dealcard/[39mnode_modules/[4m@vitest/runner[24m/dist/chunk-artifact.js:1903:20
[golden-im] Failed to build few-shot block: TypeError: supabase.from(...).select(...).eq(...).eq is not a function
    at buildIMFewShotBlock (C:/Users/User/cre-dealcard/src/domain/building/mobile-im/golden-im-manager.ts:134:8)
    at generateSingleSection (C:/Users/User/cre-dealcard/src/domain/building/mobile-im/im-section-generator.ts:204:30)
    at C:/Users/User/cre-dealcard/src/domain/building/mobile-im/writer.ts:161:32
    at Array.map (<anonymous>)
    at generateMobileIM (C:/Users/User/cre-dealcard/src/domain/building/mobile-im/writer.ts:159:43)
[90m    at processTicksAndRejections (node:internal/process/task_queues:103:5)[39m
    at Module.generateMobileIMHandler (C:/Users/User/cre-dealcard/src/app/api/broker/im-lite/generate/handler.ts:307:24
)
    at runPipelineForFixture (C:/Users/User/cre-dealcard/src/tests/e2e/posture-e2e-pipeline.test.ts:119:18)
    at C:/Users/User/cre-dealcard/src/tests/e2e/posture-e2e-pipeline.test.ts:325:34
    at [90mfile:///C:/Users/User/cre-dealcard/[39mnode_modules/[4m@vitest/runner[24m/dist/chunk-artifact.js:1903:20
[golden-im] Failed to build few-shot block: TypeError: supabase.from(...).select(...).eq(...).eq is not a function
    at buildIMFewShotBlock (C:/Users/User/cre-dealcard/src/domain/building/mobile-im/golden-im-manager.ts:134:8)
    at generateSingleSection (C:/Users/User/cre-dealcard/src/domain/building/mobile-im/im-section-generator.ts:204:30)
    at C:/Users/User/cre-dealcard/src/domain/building/mobile-im/writer.ts:161:32
    at Array.map (<anonymous>)
    at generateMobileIM (C:/Users/User/cre-dealcard/src/domain/building/mobile-im/writer.ts:159:43)
[90m    at processTicksAndRejections (node:internal/process/task_queues:103:5)[39m
    at Module.generateMobileIMHandler (C:/Users/User/cre-dealcard/src/app/api/broker/im-lite/generate/handler.ts:307:24
)
    at runPipelineForFixture (C:/Users/User/cre-dealcard/src/tests/e2e/posture-e2e-pipeline.test.ts:119:18)
    at C:/Users/User/cre-dealcard/src/tests/e2e/posture-e2e-pipeline.test.ts:325:34
    at [90mfile:///C:/Users/User/cre-dealcard/[39mnode_modules/[4m@vitest/runner[24m/dist/chunk-artifact.js:1903:20
[golden-im] Failed to build few-shot block: TypeError: supabase.from(...).select(...).eq(...).eq is not a function
    at buildIMFewShotBlock (C:/Users/User/cre-dealcard/src/domain/building/mobile-im/golden-im-manager.ts:134:8)
    at generateSingleSection (C:/Users/User/cre-dealcard/src/domain/building/mobile-im/im-section-generator.ts:204:30)
    at C:/Users/User/cre-dealcard/src/domain/building/mobile-im/writer.ts:161:32
    at Array.map (<anonymous>)
    at generateMobileIM (C:/Users/User/cre-dealcard/src/domain/building/mobile-im/writer.ts:159:43)
[90m    at processTicksAndRejections (node:internal/process/task_queues:103:5)[39m
    at Module.generateMobileIMHandler (C:/Users/User/cre-dealcard/src/app/api/broker/im-lite/generate/handler.ts:307:24
)
    at runPipelineForFixture (C:/Users/User/cre-dealcard/src/tests/e2e/posture-e2e-pipeline.test.ts:119:18)
    at C:/Users/User/cre-dealcard/src/tests/e2e/posture-e2e-pipeline.test.ts:325:34
    at [90mfile:///C:/Users/User/cre-dealcard/[39mnode_modules/[4m@vitest/runner[24m/dist/chunk-artifact.js:1903:20
[golden-im] Failed to build few-shot block: TypeError: supabase.from(...).select(...).eq(...).eq is not a function
    at buildIMFewShotBlock (C:/Users/User/cre-dealcard/src/domain/building/mobile-im/golden-im-manager.ts:134:8)
    at generateSingleSection (C:/Users/User/cre-dealcard/src/domain/building/mobile-im/im-section-generator.ts:204:30)
    at C:/Users/User/cre-dealcard/src/domain/building/mobile-im/writer.ts:161:32
    at Array.map (<anonymous>)
    at generateMobileIM (C:/Users/User/cre-dealcard/src/domain/building/mobile-im/writer.ts:159:43)
[90m    at processTicksAndRejections (node:internal/process/task_queues:103:5)[39m
    at Module.generateMobileIMHandler (C:/Users/User/cre-dealcard/src/app/api/broker/im-lite/generate/handler.ts:307:24
)
    at runPipelineForFixture (C:/Users/User/cre-dealcard/src/tests/e2e/posture-e2e-pipeline.test.ts:119:18)
    at C:/Users/User/cre-dealcard/src/tests/e2e/posture-e2e-pipeline.test.ts:325:34
    at [90mfile:///C:/Users/User/cre-dealcard/[39mnode_modules/[4m@vitest/runner[24m/dist/chunk-artifact.js:1903:20
[golden-im] Failed to build few-shot block: TypeError: supabase.from(...).select(...).eq(...).eq is not a function
    at buildIMFewShotBlock (C:/Users/User/cre-dealcard/src/domain/building/mobile-im/golden-im-manager.ts:134:8)
    at generateSingleSection (C:/Users/User/cre-dealcard/src/domain/building/mobile-im/im-section-generator.ts:204:30)
    at C:/Users/User/cre-dealcard/src/domain/building/mobile-im/writer.ts:161:32
    at Array.map (<anonymous>)
    at generateMobileIM (C:/Users/User/cre-dealcard/src/domain/building/mobile-im/writer.ts:159:43)
[90m    at processTicksAndRejections (node:internal/process/task_queues:103:5)[39m
    at Module.generateMobileIMHandler (C:/Users/User/cre-dealcard/src/app/api/broker/im-lite/generate/handler.ts:307:24
)
    at runPipelineForFixture (C:/Users/User/cre-dealcard/src/tests/e2e/posture-e2e-pipeline.test.ts:119:18)
    at C:/Users/User/cre-dealcard/src/tests/e2e/posture-e2e-pipeline.test.ts:325:34
    at [90mfile:///C:/Users/User/cre-dealcard/[39mnode_modules/[4m@vitest/runner[24m/dist/chunk-artifact.js:1903:20
[MockOpenAIProvider]process.env.OPENAI_API_KEY is missing or in test environment. Returning mock JSON response.
[MockOpenAIProvider]process.env.OPENAI_API_KEY is missing or in test environment. Returning mock JSON response.
[MockOpenAIProvider]process.env.OPENAI_API_KEY is missing or in test environment. Returning mock JSON response.
[MockOpenAIProvider]process.env.OPENAI_API_KEY is missing or in test environment. Returning mock JSON response.
[MockOpenAIProvider]process.env.OPENAI_API_KEY is missing or in test environment. Returning mock JSON response.
[MockOpenAIProvider]process.env.OPENAI_API_KEY is missing or in test environment. Returning mock JSON response.
[MockOpenAIProvider]process.env.OPENAI_API_KEY is missing or in test environment. Returning mock JSON response.
[MockOpenAIProvider]process.env.OPENAI_API_KEY is missing or in test environment. Returning mock JSON response.

[90mstderr[2m | src/tests/e2e/posture-e2e-pipeline.test.ts[2m > [22m[2m16-Case MECE Regression Suite (?ㅼ젣 LLM ?몄텧)
[2m > [22m[2mcase03_bundang_office: 遺꾨떦 ?꾨씪???ㅽ뵾??[income]
[22m[39m[terminology-normalizer] Failed to load rules from DB, using fallback: TypeError: supabase.from(...).select(.
..).eq(...).order is not a function
    at getTerminologyRules (C:/Users/User/cre-dealcard/src/domain/building/mobile-im/terminology-normalizer.ts:146:8)
    at normalizeTerminologyAsync (C:/Users/User/cre-dealcard/src/domain/building/mobile-im/terminology-normalizer.ts:24
5:23)
    at generateSingleSection (C:/Users/User/cre-dealcard/src/domain/building/mobile-im/im-section-generator.ts:392:28)
[90m    at processTicksAndRejections (node:internal/process/task_queues:103:5)[39m
    at async Promise.allSettled (index 0)
    at generateMobileIM (C:/Users/User/cre-dealcard/src/domain/building/mobile-im/writer.ts:190:23)
    at Module.generateMobileIMHandler (C:/Users/User/cre-dealcard/src/app/api/broker/im-lite/generate/handler.ts:307:24
)
    at runPipelineForFixture (C:/Users/User/cre-dealcard/src/tests/e2e/posture-e2e-pipeline.test.ts:119:18)
    at C:/Users/User/cre-dealcard/src/tests/e2e/posture-e2e-pipeline.test.ts:325:34
    at [90mfile:///C:/Users/User/cre-dealcard/[39mnode_modules/[4m@vitest/runner[24m/dist/chunk-artifact.js:1903:20
[terminology-normalizer] Failed to load rules from DB, using fallback: TypeError: supabase.from(...).select(...).eq(...
).order is not a function
    at getTerminologyRules (C:/Users/User/cre-dealcard/src/domain/building/mobile-im/terminology-normalizer.ts:146:8)
    at normalizeTerminologyAsync (C:/Users/User/cre-dealcard/src/domain/building/mobile-im/terminology-normalizer.ts:24
5:23)
    at generateSingleSection (C:/Users/User/cre-dealcard/src/domain/building/mobile-im/im-section-generator.ts:392:28)
[90m    at processTicksAndRejections (node:internal/process/task_queues:103:5)[39m
    at async Promise.allSettled (index 1)
    at generateMobileIM (C:/Users/User/cre-dealcard/src/domain/building/mobile-im/writer.ts:190:23)
    at Module.generateMobileIMHandler (C:/Users/User/cre-dealcard/src/app/api/broker/im-lite/generate/handler.ts:307:24
)
    at runPipelineForFixture (C:/Users/User/cre-dealcard/src/tests/e2e/posture-e2e-pipeline.test.ts:119:18)
    at C:/Users/User/cre-dealcard/src/tests/e2e/posture-e2e-pipeline.test.ts:325:34
    at [90mfile:///C:/Users/User/cre-dealcard/[39mnode_modules/[4m@vitest/runner[24m/dist/chunk-artifact.js:1903:20
[terminology-normalizer] Failed to load rules from DB, using fallback: TypeError: supabase.from(...).select(...).eq(...
).order is not a function
    at getTerminologyRules (C:/Users/User/cre-dealcard/src/domain/building/mobile-im/terminology-normalizer.ts:146:8)
    at normalizeTerminologyAsync (C:/Users/User/cre-dealcard/src/domain/building/mobile-im/terminology-normalizer.ts:24
5:23)
    at generateSingleSection (C:/Users/User/cre-dealcard/src/domain/building/mobile-im/im-section-generator.ts:392:28)
[90m    at processTicksAndRejections (node:internal/process/task_queues:103:5)[39m
    at async Promise.allSettled (index 2)
    at generateMobileIM (C:/Users/User/cre-dealcard/src/domain/building/mobile-im/writer.ts:190:23)
    at Module.generateMobileIMHandler (C:/Users/User/cre-dealcard/src/app/api/broker/im-lite/generate/handler.ts:307:24
)
    at runPipelineForFixture (C:/Users/User/cre-dealcard/src/tests/e2e/posture-e2e-pipeline.test.ts:119:18)
    at C:/Users/User/cre-dealcard/src/tests/e2e/posture-e2e-pipeline.test.ts:325:34
    at [90mfile:///C:/Users/User/cre-dealcard/[39mnode_modules/[4m@vitest/runner[24m/dist/chunk-artifact.js:1903:20
[terminology-normalizer] Failed to load rules from DB, using fallback: TypeError: supabase.from(...).select(...).eq(...
).order is not a function
    at getTerminologyRules (C:/Users/User/cre-dealcard/src/domain/building/mobile-im/terminology-normalizer.ts:146:8)
    at normalizeTerminologyAsync (C:/Users/User/cre-dealcard/src/domain/building/mobile-im/terminology-normalizer.ts:24
5:23)
    at generateSingleSection (C:/Users/User/cre-dealcard/src/domain/building/mobile-im/im-section-generator.ts:392:28)
[90m    at processTicksAndRejections (node:internal/process/task_queues:103:5)[39m
    at async Promise.allSettled (index 3)
    at generateMobileIM (C:/Users/User/cre-dealcard/src/domain/building/mobile-im/writer.ts:190:23)
    at Module.generateMobileIMHandler (C:/Users/User/cre-dealcard/src/app/api/broker/im-lite/generate/handler.ts:307:24
)
    at runPipelineForFixture (C:/Users/User/cre-dealcard/src/tests/e2e/posture-e2e-pipeline.test.ts:119:18)
    at C:/Users/User/cre-dealcard/src/tests/e2e/posture-e2e-pipeline.test.ts:325:34
    at [90mfile:///C:/Users/User/cre-dealcard/[39mnode_modules/[4m@vitest/runner[24m/dist/chunk-artifact.js:1903:20
[MockOpenAIProvider]process.env.OPENAI_API_KEY is missing or in test environment. Returning mock JSON response.
[MockOpenAIProvider]process.env.OPENAI_API_KEY is missing or in test environment. Returning mock JSON response.
[MockOpenAIProvider]process.env.OPENAI_API_KEY is missing or in test environment. Returning mock JSON response.
[terminology-normalizer] Failed to load rules from DB, using fallback: TypeError: supabase.from(...).select(...).eq(...
).order is not a function
    at getTerminologyRules (C:/Users/User/cre-dealcard/src/domain/building/mobile-im/terminology-normalizer.ts:146:8)
    at normalizeTerminologyAsync (C:/Users/User/cre-dealcard/src/domain/building/mobile-im/terminology-normalizer.ts:24
5:23)
    at generateSingleSection (C:/Users/User/cre-dealcard/src/domain/building/mobile-im/im-section-generator.ts:392:28)
[90m    at processTicksAndRejections (node:internal/process/task_queues:103:5)[39m
    at async Promise.allSettled (index 7)
    at generateMobileIM (C:/Users/User/cre-dealcard/src/domain/building/mobile-im/writer.ts:190:23)
    at Module.generateMobileIMHandler (C:/Users/User/cre-dealcard/src/app/api/broker/im-lite/generate/handler.ts:307:24
)
    at runPipelineForFixture (C:/Users/User/cre-dealcard/src/tests/e2e/posture-e2e-pipeline.test.ts:119:18)
    at C:/Users/User/cre-dealcard/src/tests/e2e/posture-e2e-pipeline.test.ts:325:34
    at [90mfile:///C:/Users/User/cre-dealcard/[39mnode_modules/[4m@vitest/runner[24m/dist/chunk-artifact.js:1903:20

[90mstderr[2m | src/tests/e2e/posture-e2e-pipeline.test.ts[2m > [22m[2m16-Case MECE Regression Suite (?ㅼ젣 LLM ?몄텧)
[2m > [22m[2mcase03_bundang_office: 遺꾨떦 ?꾨씪???ㅽ뵾??[income]
[22m[39m[MockOpenAIProvider]process.env.OPENAI_API_KEY is missing or in test environment. Returning mock JSON respons
e.
[MockOpenAIProvider]process.env.OPENAI_API_KEY is missing or in test environment. Returning mock JSON response.
[MockOpenAIProvider]process.env.OPENAI_API_KEY is missing or in test environment. Returning mock JSON response.
[MockOpenAIProvider]process.env.OPENAI_API_KEY is missing or in test environment. Returning mock JSON response.
[MockOpenAIProvider]process.env.OPENAI_API_KEY is missing or in test environment. Returning mock JSON response.
[fewshot-tracker] Failed to update result score: TypeError: supabase.from(...).update is not a function
    at updateFewShotResultScore (C:/Users/User/cre-dealcard/src/domain/building/mobile-im/fewshot-tracker.ts:43:8)
    at generateSingleSection (C:/Users/User/cre-dealcard/src/domain/building/mobile-im/im-section-generator.ts:301:15)
[90m    at processTicksAndRejections (node:internal/process/task_queues:103:5)[39m
    at async Promise.allSettled (index 4)
    at generateMobileIM (C:/Users/User/cre-dealcard/src/domain/building/mobile-im/writer.ts:190:23)
    at Module.generateMobileIMHandler (C:/Users/User/cre-dealcard/src/app/api/broker/im-lite/generate/handler.ts:307:24
)
    at runPipelineForFixture (C:/Users/User/cre-dealcard/src/tests/e2e/posture-e2e-pipeline.test.ts:119:18)
    at C:/Users/User/cre-dealcard/src/tests/e2e/posture-e2e-pipeline.test.ts:325:34
    at [90mfile:///C:/Users/User/cre-dealcard/[39mnode_modules/[4m@vitest/runner[24m/dist/chunk-artifact.js:1903:20
[fewshot-tracker] Failed to auto-promote: TypeError: supabase.from(...).select(...).eq(...).eq is not a function
    at promoteToGoldenCandidate (C:/Users/User/cre-dealcard/src/domain/building/mobile-im/fewshot-tracker.ts:168:8)
    at generateSingleSection (C:/Users/User/cre-dealcard/src/domain/building/mobile-im/im-section-generator.ts:303:17)
[90m    at processTicksAndRejections (node:internal/process/task_queues:103:5)[39m
    at async Promise.allSettled (index 4)
    at generateMobileIM (C:/Users/User/cre-dealcard/src/domain/building/mobile-im/writer.ts:190:23)
    at Module.generateMobileIMHandler (C:/Users/User/cre-dealcard/src/app/api/broker/im-lite/generate/handler.ts:307:24
)
    at runPipelineForFixture (C:/Users/User/cre-dealcard/src/tests/e2e/posture-e2e-pipeline.test.ts:119:18)
    at C:/Users/User/cre-dealcard/src/tests/e2e/posture-e2e-pipeline.test.ts:325:34
    at [90mfile:///C:/Users/User/cre-dealcard/[39mnode_modules/[4m@vitest/runner[24m/dist/chunk-artifact.js:1903:20
[terminology-normalizer] Failed to load rules from DB, using fallback: TypeError: supabase.from(...).select(...).eq(...
).order is not a function
    at getTerminologyRules (C:/Users/User/cre-dealcard/src/domain/building/mobile-im/terminology-normalizer.ts:146:8)
    at normalizeTerminologyAsync (C:/Users/User/cre-dealcard/src/domain/building/mobile-im/terminology-normalizer.ts:24
5:23)
    at generateSingleSection (C:/Users/User/cre-dealcard/src/domain/building/mobile-im/im-section-generator.ts:392:28)
[90m    at processTicksAndRejections (node:internal/process/task_queues:103:5)[39m
    at async Promise.allSettled (index 4)
    at generateMobileIM (C:/Users/User/cre-dealcard/src/domain/building/mobile-im/writer.ts:190:23)
    at Module.generateMobileIMHandler (C:/Users/User/cre-dealcard/src/app/api/broker/im-lite/generate/handler.ts:307:24
)
    at runPipelineForFixture (C:/Users/User/cre-dealcard/src/tests/e2e/posture-e2e-pipeline.test.ts:119:18)
    at C:/Users/User/cre-dealcard/src/tests/e2e/posture-e2e-pipeline.test.ts:325:34
    at [90mfile:///C:/Users/User/cre-dealcard/[39mnode_modules/[4m@vitest/runner[24m/dist/chunk-artifact.js:1903:20
[fewshot-tracker] Failed to update result score: TypeError: supabase.from(...).update is not a function
    at updateFewShotResultScore (C:/Users/User/cre-dealcard/src/domain/building/mobile-im/fewshot-tracker.ts:43:8)
    at generateSingleSection (C:/Users/User/cre-dealcard/src/domain/building/mobile-im/im-section-generator.ts:301:15)
[90m    at processTicksAndRejections (node:internal/process/task_queues:103:5)[39m
    at async Promise.allSettled (index 5)
    at generateMobileIM (C:/Users/User/cre-dealcard/src/domain/building/mobile-im/writer.ts:190:23)
    at Module.generateMobileIMHandler (C:/Users/User/cre-dealcard/src/app/api/broker/im-lite/generate/handler.ts:307:24
)
    at runPipelineForFixture (C:/Users/User/cre-dealcard/src/tests/e2e/posture-e2e-pipeline.test.ts:119:18)
    at C:/Users/User/cre-dealcard/src/tests/e2e/posture-e2e-pipeline.test.ts:325:34
    at [90mfile:///C:/Users/User/cre-dealcard/[39mnode_modules/[4m@vitest/runner[24m/dist/chunk-artifact.js:1903:20
[fewshot-tracker] Failed to auto-promote: TypeError: supabase.from(...).select(...).eq(...).eq is not a function
    at promoteToGoldenCandidate (C:/Users/User/cre-dealcard/src/domain/building/mobile-im/fewshot-tracker.ts:168:8)
    at generateSingleSection (C:/Users/User/cre-dealcard/src/domain/building/mobile-im/im-section-generator.ts:303:17)
[90m    at processTicksAndRejections (node:internal/process/task_queues:103:5)[39m
    at async Promise.allSettled (index 5)
    at generateMobileIM (C:/Users/User/cre-dealcard/src/domain/building/mobile-im/writer.ts:190:23)
    at Module.generateMobileIMHandler (C:/Users/User/cre-dealcard/src/app/api/broker/im-lite/generate/handler.ts:307:24
)
    at runPipelineForFixture (C:/Users/User/cre-dealcard/src/tests/e2e/posture-e2e-pipeline.test.ts:119:18)
    at C:/Users/User/cre-dealcard/src/tests/e2e/posture-e2e-pipeline.test.ts:325:34
    at [90mfile:///C:/Users/User/cre-dealcard/[39mnode_modules/[4m@vitest/runner[24m/dist/chunk-artifact.js:1903:20
[terminology-normalizer] Failed to load rules from DB, using fallback: TypeError: supabase.from(...).select(...).eq(...
).order is not a function
    at getTerminologyRules (C:/Users/User/cre-dealcard/src/domain/building/mobile-im/terminology-normalizer.ts:146:8)
    at normalizeTerminologyAsync (C:/Users/User/cre-dealcard/src/domain/building/mobile-im/terminology-normalizer.ts:24
5:23)
    at generateSingleSection (C:/Users/User/cre-dealcard/src/domain/building/mobile-im/im-section-generator.ts:392:28)
[90m    at processTicksAndRejections (node:internal/process/task_queues:103:5)[39m
    at async Promise.allSettled (index 5)
    at generateMobileIM (C:/Users/User/cre-dealcard/src/domain/building/mobile-im/writer.ts:190:23)
    at Module.generateMobileIMHandler (C:/Users/User/cre-dealcard/src/app/api/broker/im-lite/generate/handler.ts:307:24
)
    at runPipelineForFixture (C:/Users/User/cre-dealcard/src/tests/e2e/posture-e2e-pipeline.test.ts:119:18)
    at C:/Users/User/cre-dealcard/src/tests/e2e/posture-e2e-pipeline.test.ts:325:34
    at [90mfile:///C:/Users/User/cre-dealcard/[39mnode_modules/[4m@vitest/runner[24m/dist/chunk-artifact.js:1903:20
[fewshot-tracker] Failed to update result score: TypeError: supabase.from(...).update is not a function
    at updateFewShotResultScore (C:/Users/User/cre-dealcard/src/domain/building/mobile-im/fewshot-tracker.ts:43:8)
    at generateSingleSection (C:/Users/User/cre-dealcard/src/domain/building/mobile-im/im-section-generator.ts:301:15)
[90m    at processTicksAndRejections (node:internal/process/task_queues:103:5)[39m
    at async Promise.allSettled (index 6)
    at generateMobileIM (C:/Users/User/cre-dealcard/src/domain/building/mobile-im/writer.ts:190:23)
    at Module.generateMobileIMHandler (C:/Users/User/cre-dealcard/src/app/api/broker/im-lite/generate/handler.ts:307:24
)
    at runPipelineForFixture (C:/Users/User/cre-dealcard/src/tests/e2e/posture-e2e-pipeline.test.ts:119:18)
    at C:/Users/User/cre-dealcard/src/tests/e2e/posture-e2e-pipeline.test.ts:325:34
    at [90mfile:///C:/Users/User/cre-dealcard/[39mnode_modules/[4m@vitest/runner[24m/dist/chunk-artifact.js:1903:20
[fewshot-tracker] Failed to auto-promote: TypeError: supabase.from(...).select(...).eq(...).eq is not a function
    at promoteToGoldenCandidate (C:/Users/User/cre-dealcard/src/domain/building/mobile-im/fewshot-tracker.ts:168:8)
    at generateSingleSection (C:/Users/User/cre-dealcard/src/domain/building/mobile-im/im-section-generator.ts:303:17)
[90m    at processTicksAndRejections (node:internal/process/task_queues:103:5)[39m
    at async Promise.allSettled (index 6)
    at generateMobileIM (C:/Users/User/cre-dealcard/src/domain/building/mobile-im/writer.ts:190:23)
    at Module.generateMobileIMHandler (C:/Users/User/cre-dealcard/src/app/api/broker/im-lite/generate/handler.ts:307:24
)
    at runPipelineForFixture (C:/Users/User/cre-dealcard/src/tests/e2e/posture-e2e-pipeline.test.ts:119:18)
    at C:/Users/User/cre-dealcard/src/tests/e2e/posture-e2e-pipeline.test.ts:325:34
    at [90mfile:///C:/Users/User/cre-dealcard/[39mnode_modules/[4m@vitest/runner[24m/dist/chunk-artifact.js:1903:20
[terminology-normalizer] Failed to load rules from DB, using fallback: TypeError: supabase.from(...).select(...).eq(...
).order is not a function
    at getTerminologyRules (C:/Users/User/cre-dealcard/src/domain/building/mobile-im/terminology-normalizer.ts:146:8)
    at normalizeTerminologyAsync (C:/Users/User/cre-dealcard/src/domain/building/mobile-im/terminology-normalizer.ts:24
5:23)
    at generateSingleSection (C:/Users/User/cre-dealcard/src/domain/building/mobile-im/im-section-generator.ts:392:28)
[90m    at processTicksAndRejections (node:internal/process/task_queues:103:5)[39m
    at async Promise.allSettled (index 6)
    at generateMobileIM (C:/Users/User/cre-dealcard/src/domain/building/mobile-im/writer.ts:190:23)
    at Module.generateMobileIMHandler (C:/Users/User/cre-dealcard/src/app/api/broker/im-lite/generate/handler.ts:307:24
)
    at runPipelineForFixture (C:/Users/User/cre-dealcard/src/tests/e2e/posture-e2e-pipeline.test.ts:119:18)
    at C:/Users/User/cre-dealcard/src/tests/e2e/posture-e2e-pipeline.test.ts:325:34
    at [90mfile:///C:/Users/User/cre-dealcard/[39mnode_modules/[4m@vitest/runner[24m/dist/chunk-artifact.js:1903:20

[90mstderr[2m | src/tests/e2e/posture-e2e-pipeline.test.ts[2m > [22m[2m16-Case MECE Regression Suite (?ㅼ젣 LLM ?몄텧)
[2m > [22m[2mcase03_bundang_office: 遺꾨떦 ?꾨씪???ㅽ뵾??[income]
[22m[39m[MockOpenAIProvider]process.env.OPENAI_API_KEY is missing or in test environment. Returning mock JSON respons
e.
[MockOpenAIProvider]process.env.OPENAI_API_KEY is missing or in test environment. Returning mock JSON response.
[MockOpenAIProvider]process.env.OPENAI_API_KEY is missing or in test environment. Returning mock JSON response.

[90mstderr[2m | src/tests/e2e/posture-e2e-pipeline.test.ts[2m > [22m[2m16-Case MECE Regression Suite (?ㅼ젣 LLM ?몄텧)
[2m > [22m[2mcase03_bundang_office: 遺꾨떦 ?꾨씪???ㅽ뵾??[income]
[22m[39m[golden-im] Failed to build few-shot block: TypeError: supabase.from(...).select(...).eq(...).eq is not a fun
ction
    at buildIMFewShotBlock (C:/Users/User/cre-dealcard/src/domain/building/mobile-im/golden-im-manager.ts:134:8)
    at generateSingleSection (C:/Users/User/cre-dealcard/src/domain/building/mobile-im/im-section-generator.ts:204:30)
    at generateMobileIM (C:/Users/User/cre-dealcard/src/domain/building/mobile-im/writer.ts:250:28)
[90m    at processTicksAndRejections (node:internal/process/task_queues:103:5)[39m
    at Module.generateMobileIMHandler (C:/Users/User/cre-dealcard/src/app/api/broker/im-lite/generate/handler.ts:307:24
)
    at runPipelineForFixture (C:/Users/User/cre-dealcard/src/tests/e2e/posture-e2e-pipeline.test.ts:119:18)
    at C:/Users/User/cre-dealcard/src/tests/e2e/posture-e2e-pipeline.test.ts:325:34
    at [90mfile:///C:/Users/User/cre-dealcard/[39mnode_modules/[4m@vitest/runner[24m/dist/chunk-artifact.js:1903:20

[90mstderr[2m | src/tests/e2e/posture-e2e-pipeline.test.ts[2m > [22m[2m16-Case MECE Regression Suite (?ㅼ젣 LLM ?몄텧)
[2m > [22m[2mcase03_bundang_office: 遺꾨떦 ?꾨씪???ㅽ뵾??[income]
[22m[39m[MockOpenAIProvider]process.env.OPENAI_API_KEY is missing or in test environment. Returning mock JSON respons
e.

[90mstderr[2m | src/domain/building/mobile-im/__tests__/e2e-real-property.test.ts[2m > [22m[2mE2E Real Property: ?
묓룊??媛 ?붾젅?쒕퉴??(income)[2m > [22m[2mIM ?앹꽦 ?뚯씠?꾨씪??[2m > [22m[2mE2E-YP-ANCHORS: ?묓룊???섏튂 ?듭빱 ???낅젰 蹂댁〈 諛??뱀뀡 援ъ“ 寃
利?[22m[39m[MockOpenAIProvider]process.env.OPENAI_API_KEY is missing or in test environment. Returning mock JSON resp
onse.

[90mstderr[2m | src/tests/e2e/posture-e2e-pipeline.test.ts[2m > [22m[2m16-Case MECE Regression Suite (?ㅼ젣 LLM ?몄텧)
[2m > [22m[2mcase03_bundang_office: 遺꾨떦 ?꾨씪???ㅽ뵾??[income]
[22m[39m[terminology-normalizer] Failed to load rules from DB, using fallback: TypeError: supabase.from(...).select(.
..).eq(...).order is not a function
    at getTerminologyRules (C:/Users/User/cre-dealcard/src/domain/building/mobile-im/terminology-normalizer.ts:146:8)
    at normalizeTerminologyAsync (C:/Users/User/cre-dealcard/src/domain/building/mobile-im/terminology-normalizer.ts:24
5:23)
    at generateSingleSection (C:/Users/User/cre-dealcard/src/domain/building/mobile-im/im-section-generator.ts:392:28)
[90m    at processTicksAndRejections (node:internal/process/task_queues:103:5)[39m
    at generateMobileIM (C:/Users/User/cre-dealcard/src/domain/building/mobile-im/writer.ts:250:22)
    at Module.generateMobileIMHandler (C:/Users/User/cre-dealcard/src/app/api/broker/im-lite/generate/handler.ts:307:24
)
    at runPipelineForFixture (C:/Users/User/cre-dealcard/src/tests/e2e/posture-e2e-pipeline.test.ts:119:18)
    at C:/Users/User/cre-dealcard/src/tests/e2e/posture-e2e-pipeline.test.ts:325:34
    at [90mfile:///C:/Users/User/cre-dealcard/[39mnode_modules/[4m@vitest/runner[24m/dist/chunk-artifact.js:1903:20

[90mstderr[2m | src/tests/e2e/posture-e2e-pipeline.test.ts[2m > [22m[2m16-Case MECE Regression Suite (?ㅼ젣 LLM ?몄텧)
[2m > [22m[2mcase03_bundang_office: 遺꾨떦 ?꾨씪???ㅽ뵾??[income]
[22m[39m[MockOpenAIProvider]process.env.OPENAI_API_KEY is missing or in test environment. Returning mock JSON respons
e.

[90mstderr[2m | src/tests/e2e/posture-e2e-pipeline.test.ts[2m > [22m[2m16-Case MECE Regression Suite (?ㅼ젣 LLM ?몄텧)
[2m > [22m[2mcase03_bundang_office: 遺꾨떦 ?꾨씪???ㅽ뵾??[income]
[22m[39m[golden-im] Failed to build few-shot block: TypeError: supabase.from(...).select(...).eq(...).eq is not a fun
ction
    at buildIMFewShotBlock (C:/Users/User/cre-dealcard/src/domain/building/mobile-im/golden-im-manager.ts:134:8)
    at generateSingleSection (C:/Users/User/cre-dealcard/src/domain/building/mobile-im/im-section-generator.ts:204:30)
    at generateMobileIM (C:/Users/User/cre-dealcard/src/domain/building/mobile-im/writer.ts:250:28)
[90m    at processTicksAndRejections (node:internal/process/task_queues:103:5)[39m
    at Module.generateMobileIMHandler (C:/Users/User/cre-dealcard/src/app/api/broker/im-lite/generate/handler.ts:307:24
)
    at runPipelineForFixture (C:/Users/User/cre-dealcard/src/tests/e2e/posture-e2e-pipeline.test.ts:119:18)
    at C:/Users/User/cre-dealcard/src/tests/e2e/posture-e2e-pipeline.test.ts:325:34
    at [90mfile:///C:/Users/User/cre-dealcard/[39mnode_modules/[4m@vitest/runner[24m/dist/chunk-artifact.js:1903:20

[90mstderr[2m | src/tests/e2e/posture-e2e-pipeline.test.ts[2m > [22m[2m16-Case MECE Regression Suite (?ㅼ젣 LLM ?몄텧)
[2m > [22m[2mcase03_bundang_office: 遺꾨떦 ?꾨씪???ㅽ뵾??[income]
[22m[39m[MockOpenAIProvider]process.env.OPENAI_API_KEY is missing or in test environment. Returning mock JSON respons
e.

[90mstderr[2m | src/tests/e2e/posture-e2e-pipeline.test.ts[2m > [22m[2m16-Case MECE Regression Suite (?ㅼ젣 LLM ?몄텧)
[2m > [22m[2mcase03_bundang_office: 遺꾨떦 ?꾨씪???ㅽ뵾??[income]
[22m[39m[terminology-normalizer] Failed to load rules from DB, using fallback: TypeError: supabase.from(...).select(.
..).eq(...).order is not a function
    at getTerminologyRules (C:/Users/User/cre-dealcard/src/domain/building/mobile-im/terminology-normalizer.ts:146:8)
    at normalizeTerminologyAsync (C:/Users/User/cre-dealcard/src/domain/building/mobile-im/terminology-normalizer.ts:24
5:23)
    at generateSingleSection (C:/Users/User/cre-dealcard/src/domain/building/mobile-im/im-section-generator.ts:392:28)
[90m    at processTicksAndRejections (node:internal/process/task_queues:103:5)[39m
    at generateMobileIM (C:/Users/User/cre-dealcard/src/domain/building/mobile-im/writer.ts:250:22)
    at Module.generateMobileIMHandler (C:/Users/User/cre-dealcard/src/app/api/broker/im-lite/generate/handler.ts:307:24
)
    at runPipelineForFixture (C:/Users/User/cre-dealcard/src/tests/e2e/posture-e2e-pipeline.test.ts:119:18)
    at C:/Users/User/cre-dealcard/src/tests/e2e/posture-e2e-pipeline.test.ts:325:34
    at [90mfile:///C:/Users/User/cre-dealcard/[39mnode_modules/[4m@vitest/runner[24m/dist/chunk-artifact.js:1903:20

[90mstderr[2m | src/tests/e2e/posture-e2e-pipeline.test.ts[2m > [22m[2m16-Case MECE Regression Suite (?ㅼ젣 LLM ?몄텧)
[2m > [22m[2mcase03_bundang_office: 遺꾨떦 ?꾨씪???ㅽ뵾??[income]
[22m[39m[MockOpenAIProvider]process.env.OPENAI_API_KEY is missing or in test environment. Returning mock JSON respons
e.

[90mstderr[2m | src/tests/e2e/posture-e2e-pipeline.test.ts[2m > [22m[2m16-Case MECE Regression Suite (?ㅼ젣 LLM ?몄텧)
[2m > [22m[2mcase03_bundang_office: 遺꾨떦 ?꾨씪???ㅽ뵾??[income]
[22m[39m[golden-im] Failed to build few-shot block: TypeError: supabase.from(...).select(...).eq(...).eq is not a fun
ction
    at buildIMFewShotBlock (C:/Users/User/cre-dealcard/src/domain/building/mobile-im/golden-im-manager.ts:134:8)
    at generateSingleSection (C:/Users/User/cre-dealcard/src/domain/building/mobile-im/im-section-generator.ts:204:30)
    at generateMobileIM (C:/Users/User/cre-dealcard/src/domain/building/mobile-im/writer.ts:250:28)
[90m    at processTicksAndRejections (node:internal/process/task_queues:103:5)[39m
    at Module.generateMobileIMHandler (C:/Users/User/cre-dealcard/src/app/api/broker/im-lite/generate/handler.ts:307:24
)
    at runPipelineForFixture (C:/Users/User/cre-dealcard/src/tests/e2e/posture-e2e-pipeline.test.ts:119:18)
    at C:/Users/User/cre-dealcard/src/tests/e2e/posture-e2e-pipeline.test.ts:325:34
    at [90mfile:///C:/Users/User/cre-dealcard/[39mnode_modules/[4m@vitest/runner[24m/dist/chunk-artifact.js:1903:20

[90mstderr[2m | src/tests/e2e/posture-e2e-pipeline.test.ts[2m > [22m[2m16-Case MECE Regression Suite (?ㅼ젣 LLM ?몄텧)
[2m > [22m[2mcase03_bundang_office: 遺꾨떦 ?꾨씪???ㅽ뵾??[income]
[22m[39m[MockOpenAIProvider]process.env.OPENAI_API_KEY is missing or in test environment. Returning mock JSON respons
e.

[90mstderr[2m | src/tests/e2e/posture-e2e-pipeline.test.ts[2m > [22m[2m16-Case MECE Regression Suite (?ㅼ젣 LLM ?몄텧)
[2m > [22m[2mcase03_bundang_office: 遺꾨떦 ?꾨씪???ㅽ뵾??[income]
[22m[39m[terminology-normalizer] Failed to load rules from DB, using fallback: TypeError: supabase.from(...).select(.
..).eq(...).order is not a function
    at getTerminologyRules (C:/Users/User/cre-dealcard/src/domain/building/mobile-im/terminology-normalizer.ts:146:8)
    at normalizeTerminologyAsync (C:/Users/User/cre-dealcard/src/domain/building/mobile-im/terminology-normalizer.ts:24
5:23)
    at generateSingleSection (C:/Users/User/cre-dealcard/src/domain/building/mobile-im/im-section-generator.ts:392:28)
[90m    at processTicksAndRejections (node:internal/process/task_queues:103:5)[39m
    at generateMobileIM (C:/Users/User/cre-dealcard/src/domain/building/mobile-im/writer.ts:250:22)
    at Module.generateMobileIMHandler (C:/Users/User/cre-dealcard/src/app/api/broker/im-lite/generate/handler.ts:307:24
)
    at runPipelineForFixture (C:/Users/User/cre-dealcard/src/tests/e2e/posture-e2e-pipeline.test.ts:119:18)
    at C:/Users/User/cre-dealcard/src/tests/e2e/posture-e2e-pipeline.test.ts:325:34
    at [90mfile:///C:/Users/User/cre-dealcard/[39mnode_modules/[4m@vitest/runner[24m/dist/chunk-artifact.js:1903:20

[90mstderr[2m | src/tests/e2e/posture-e2e-pipeline.test.ts[2m > [22m[2m16-Case MECE Regression Suite (?ㅼ젣 LLM ?몄텧)
[2m > [22m[2mcase03_bundang_office: 遺꾨떦 ?꾨씪???ㅽ뵾??[income]
[22m[39m[MockOpenAIProvider]process.env.OPENAI_API_KEY is missing or in test environment. Returning mock JSON respons
e.

[90mstderr[2m | src/tests/e2e/posture-e2e-pipeline.test.ts[2m > [22m[2m16-Case MECE Regression Suite (?ㅼ젣 LLM ?몄텧)
[2m > [22m[2mcase03_bundang_office: 遺꾨떦 ?꾨씪???ㅽ뵾??[income]
[22m[39m[golden-im] Failed to build few-shot block: TypeError: supabase.from(...).select(...).eq(...).eq is not a fun
ction
    at buildIMFewShotBlock (C:/Users/User/cre-dealcard/src/domain/building/mobile-im/golden-im-manager.ts:134:8)
    at generateSingleSection (C:/Users/User/cre-dealcard/src/domain/building/mobile-im/im-section-generator.ts:204:30)
    at generateMobileIM (C:/Users/User/cre-dealcard/src/domain/building/mobile-im/writer.ts:250:28)
[90m    at processTicksAndRejections (node:internal/process/task_queues:103:5)[39m
    at Module.generateMobileIMHandler (C:/Users/User/cre-dealcard/src/app/api/broker/im-lite/generate/handler.ts:307:24
)
    at runPipelineForFixture (C:/Users/User/cre-dealcard/src/tests/e2e/posture-e2e-pipeline.test.ts:119:18)
    at C:/Users/User/cre-dealcard/src/tests/e2e/posture-e2e-pipeline.test.ts:325:34
    at [90mfile:///C:/Users/User/cre-dealcard/[39mnode_modules/[4m@vitest/runner[24m/dist/chunk-artifact.js:1903:20

[90mstderr[2m | src/tests/e2e/real-broker-im-pipeline.test.ts[2m > [22m[2mReal Broker Commercial Income Properties
 E2E Pipeline[2m > [22m[2mG4: Physical PPTX Binary Inspection & D33/D34/D37 Rules[2m > [22m[2m[?좎궗??590][Positive
 Pair] ?뚮뜑留?諛붿씠?덈━ 臾쇰━ 臾닿껐??0 ?꾨컲 PASS ?⑥뼵
[22m[39m[deck-sequencer] goldilocks: 蹂몃Ц 21硫???16硫??덉궘 (遺濡?1硫?遺꾨━)

[90mstderr[2m | src/tests/e2e/posture-e2e-pipeline.test.ts[2m > [22m[2m16-Case MECE Regression Suite (?ㅼ젣 LLM ?몄텧)
[2m > [22m[2mcase03_bundang_office: 遺꾨떦 ?꾨씪???ㅽ뵾??[income]
[22m[39m[MockOpenAIProvider]process.env.OPENAI_API_KEY is missing or in test environment. Returning mock JSON respons
e.

[90mstderr[2m | src/tests/e2e/posture-e2e-pipeline.test.ts[2m > [22m[2m16-Case MECE Regression Suite (?ㅼ젣 LLM ?몄텧)
[2m > [22m[2mcase03_bundang_office: 遺꾨떦 ?꾨씪???ㅽ뵾??[income]
[22m[39m[terminology-normalizer] Failed to load rules from DB, using fallback: TypeError: supabase.from(...).select(.
..).eq(...).order is not a function
    at getTerminologyRules (C:/Users/User/cre-dealcard/src/domain/building/mobile-im/terminology-normalizer.ts:146:8)
    at normalizeTerminologyAsync (C:/Users/User/cre-dealcard/src/domain/building/mobile-im/terminology-normalizer.ts:24
5:23)
    at generateSingleSection (C:/Users/User/cre-dealcard/src/domain/building/mobile-im/im-section-generator.ts:392:28)
[90m    at processTicksAndRejections (node:internal/process/task_queues:103:5)[39m
    at generateMobileIM (C:/Users/User/cre-dealcard/src/domain/building/mobile-im/writer.ts:250:22)
    at Module.generateMobileIMHandler (C:/Users/User/cre-dealcard/src/app/api/broker/im-lite/generate/handler.ts:307:24
)
    at runPipelineForFixture (C:/Users/User/cre-dealcard/src/tests/e2e/posture-e2e-pipeline.test.ts:119:18)
    at C:/Users/User/cre-dealcard/src/tests/e2e/posture-e2e-pipeline.test.ts:325:34
    at [90mfile:///C:/Users/User/cre-dealcard/[39mnode_modules/[4m@vitest/runner[24m/dist/chunk-artifact.js:1903:20

[90mstderr[2m | src/tests/e2e/posture-e2e-pipeline.test.ts[2m > [22m[2m16-Case MECE Regression Suite (?ㅼ젣 LLM ?몄텧)
[2m > [22m[2mcase03_bundang_office: 遺꾨떦 ?꾨씪???ㅽ뵾??[income]
[22m[39m[MockOpenAIProvider]process.env.OPENAI_API_KEY is missing or in test environment. Returning mock JSON respons
e.

[90mstderr[2m | src/tests/e2e/posture-e2e-pipeline.test.ts[2m > [22m[2m16-Case MECE Regression Suite (?ㅼ젣 LLM ?몄텧)
[2m > [22m[2mcase03_bundang_office: 遺꾨떦 ?꾨씪???ㅽ뵾??[income]
[22m[39m[mobile-im] Publish gates blocked: [ [32m'G05'[39m, [32m'G06'[39m, [32m'G08'[39m, [32m'G20'[39m, [32
m'G24'[39m ]
[cross-validator] 援먯감 寃利?寃곌낵 ??critical: 12, warning: 0, fields: [vacancy_narrative_contradiction, vacancy_narrative_c
ontradiction, vacancy_narrative_contradiction, vacancy_narrative_contradiction, vacancy_narrative_contradiction, vacanc
y_narrative_contradiction, vacancy_narrative_contradiction, vacancy_narrative_contradiction, vacancy_narrative_contradi
ction, vacancy_narrative_contradiction, vacancy_narrative_contradiction, vacancy_narrative_contradiction]

[90mstderr[2m | src/domain/building/mobile-im/__tests__/l5-pipeline-e2e.test.ts[2m > [22m[2mL5: Full Pipeline E2E 
& System Invariants (25 cases)[2m > [22m[2mPersona Isolation Principle (AGENTS.md Rule 1)[2m > [22m[2mL5-PERSONA-
01: Generated content must never contain explicit persona labels
[22m[39m[MockOpenAIProvider]process.env.OPENAI_API_KEY is missing or in test environment. Returning mock JSON respons
e.

 [32m??[39m src/tests/e2e/l4-pptx-parser.test.ts [2m([22m[2m13 tests[22m[2m)[22m[33m 3496[2mms[22m[39m
       [33m[2m??[22m[39m v4_goldilocks.pptx瑜??뚯떛?섏뿬 ?щ씪?대뱶 援ъ“瑜?異붿텧?쒕떎 [33m 605[2mms[22m[39m
       [33m[2m??[22m[39m ?대?吏 DPI, ?щ줈?묐쪧, 醫낇슒鍮??쒓끝??怨꾩궛?쒕떎 [33m 386[2mms[22m[39m
       [33m[2m??[22m[39m v4_goldilocks?먯꽌 GateContext瑜?異붿텧?쒕떎 [33m 795[2mms[22m[39m
       [33m[2m??[22m[39m v4_goldilocks 媛먯궗 由ы룷?몄뿉???꾨컲???먯??쒕떎 [33m 402[2mms[22m[39m
       [33m[2m??[22m[39m 3醫??議곌뎔?먯꽌 ?꾨컲??1嫄??댁긽 ?먯??쒕떎 [33m 618[2mms[22m[39m
       [33m[2m??[22m[39m ?щ씪?대뱶?먯꽌 ?쒓뎅???띿뒪?몃? 異붿텧?쒕떎 [33m 307[2mms[22m[39m
[90mstderr[2m | src/domain/building/mobile-im/__tests__/e2e-real-property.test.ts[2m > [22m[2mE2E Real Property: ?
묓룊??媛 ?붾젅?쒕퉴??(income)[2m > [22m[2mIM ?앹꽦 ?뚯씠?꾨씪??[2m > [22m[2mE2E-YP-ANCHORS: ?묓룊???섏튂 ?듭빱 ???낅젰 蹂댁〈 諛??뱀뀡 援ъ“ 寃
利?[22m[39m[MockOpenAIProvider]process.env.OPENAI_API_KEY is missing or in test environment. Returning mock JSON resp
onse.

[90mstdout[2m | src/tests/e2e/posture-e2e-pipeline.test.ts[2m > [22m[2m16-Case MECE Regression Suite (?ㅼ젣 LLM ?몄텧)[2m > [22m[2mcase04_seongsu_atelier: ?깆닔 ?꾪?由ъ뿉湲??좎텞 [income]
[22m[39m[im-handler] gradeResult: B [33m73[39m directData present: [33mfalse[39m

 [32m??[39m src/tests/unit/pptx-studio/studio-interactive-editor.test.ts [2m([22m[2m14 tests[22m[2m)[22m[33m 2767[2mms[22m[39m
       [33m[2m??[22m[39m PATCH /api/broker/pptx-studio/projects/[id]/slides supports reorder, visibility, and overrides [33m 1158[2mms[22m[39m
       [33m[2m??[22m[39m Positive Pair: Sequential S60 Editorial Approval -> S70 File Approval via REST API completes publication [33m 1514[2mms[22m[39m
[90mstderr[2m | src/tests/e2e/posture-e2e-pipeline.test.ts[2m > [22m[2m16-Case MECE Regression Suite (?ㅼ젣 LLM ?몄텧)
[2m > [22m[2mcase04_seongsu_atelier: ?깆닔 ?꾪?由ъ뿉湲??좎텞 [income]
[22m[39m[terminology-normalizer] Failed to load rules from DB, using fallback: TypeError: supabase.from(...).select(.
..).eq(...).order is not a function
    at getTerminologyRules (C:/Users/User/cre-dealcard/src/domain/building/mobile-im/terminology-normalizer.ts:146:8)
    at normalizeTerminologyAsync (C:/Users/User/cre-dealcard/src/domain/building/mobile-im/terminology-normalizer.ts:24
5:23)
    at deepNormalizeStringsAsync (C:/Users/User/cre-dealcard/src/domain/building/mobile-im/im-context-builder.ts:117:23
)
    at deepNormalizeStringsAsync (C:/Users/User/cre-dealcard/src/domain/building/mobile-im/im-context-builder.ts:126:24
)
    at buildIMContext (C:/Users/User/cre-dealcard/src/domain/building/mobile-im/im-context-builder.ts:170:24)
    at generateMobileIM (C:/Users/User/cre-dealcard/src/domain/building/mobile-im/writer.ts:76:15)
    at Module.generateMobileIMHandler (C:/Users/User/cre-dealcard/src/app/api/broker/im-lite/generate/handler.ts:307:24
)
    at runPipelineForFixture (C:/Users/User/cre-dealcard/src/tests/e2e/posture-e2e-pipeline.test.ts:119:18)
    at C:/Users/User/cre-dealcard/src/tests/e2e/posture-e2e-pipeline.test.ts:325:34
    at [90mfile:///C:/Users/User/cre-dealcard/[39mnode_modules/[4m@vitest/runner[24m/dist/chunk-artifact.js:1903:20

[90mstderr[2m | src/domain/building/mobile-im/__tests__/l5-pipeline-e2e.test.ts[2m > [22m[2mL5: Full Pipeline E2E 
& System Invariants (25 cases)[2m > [22m[2mPersona Isolation Principle (AGENTS.md Rule 1)[2m > [22m[2mL5-PERSONA-
01: Generated content must never contain explicit persona labels
[22m[39m[MockOpenAIProvider]process.env.OPENAI_API_KEY is missing or in test environment. Returning mock JSON respons
e.

[90mstderr[2m | src/tests/e2e/posture-e2e-pipeline.test.ts[2m > [22m[2m16-Case MECE Regression Suite (?ㅼ젣 LLM ?몄텧)
[2m > [22m[2mcase04_seongsu_atelier: ?깆닔 ?꾪?由ъ뿉湲??좎텞 [income]
[22m[39m[im-context-builder] 怨듭떎瑜??곗씠??誘명솗蹂????щТ 異붿젙移섏뿉 怨듭떎瑜?誘몃컲??
[90mstderr[2m | src/tests/e2e/posture-e2e-pipeline.test.ts[2m > [22m[2m16-Case MECE Regression Suite (?ㅼ젣 LLM ?몄텧)
[2m > [22m[2mcase04_seongsu_atelier: ?깆닔 ?꾪?由ъ뿉湲??좎텞 [income]
[22m[39m[CRE-RAG] Hybrid search failed: TypeError: rpcClient.rpc is not a function
    at searchSimilarIMs (C:/Users/User/cre-dealcard/src/domain/building/mobile-im/cre-rag-service.ts:60:45)
[90m    at processTicksAndRejections (node:internal/process/task_queues:103:5)[39m
    at generateRAGContext (C:/Users/User/cre-dealcard/src/domain/building/mobile-im/cre-rag-service.ts:128:16)
    at buildIMContext (C:/Users/User/cre-dealcard/src/domain/building/mobile-im/im-context-builder.ts:274:14)
    at generateMobileIM (C:/Users/User/cre-dealcard/src/domain/building/mobile-im/writer.ts:76:15)
    at Module.generateMobileIMHandler (C:/Users/User/cre-dealcard/src/app/api/broker/im-lite/generate/handler.ts:307:24
)
    at runPipelineForFixture (C:/Users/User/cre-dealcard/src/tests/e2e/posture-e2e-pipeline.test.ts:119:18)
    at C:/Users/User/cre-dealcard/src/tests/e2e/posture-e2e-pipeline.test.ts:325:34
    at [90mfile:///C:/Users/User/cre-dealcard/[39mnode_modules/[4m@vitest/runner[24m/dist/chunk-artifact.js:1903:20

[90mstdout[2m | src/tests/e2e/posture-e2e-pipeline.test.ts[2m > [22m[2m16-Case MECE Regression Suite (?ㅼ젣 LLM ?몄텧)[2m > [22m[2mcase04_seongsu_atelier: ?깆닔 ?꾪?由ъ뿉湲??좎텞 [income]
[22m[39m[mobile-im-writer] Prompt variant: writer_system_v1 (v1.0), isLogistics=false, posture=income

[90mstderr[2m | src/tests/e2e/posture-e2e-pipeline.test.ts[2m > [22m[2m16-Case MECE Regression Suite (?ㅼ젣 LLM ?몄텧)
[2m > [22m[2mcase04_seongsu_atelier: ?깆닔 ?꾪?由ъ뿉湲??좎텞 [income]
[22m[39m[financials] Unknown assetType for opexRatio: "?좎텞洹쇱깮", using default 18%
[writer] Claim violations: [
  [32m"[G38] Calculation 'cb5559de-e7e8-4406-b0d1-2fb5616cfdfe': basis='NOI'?몃뜲 怨듭젣 ??ぉ???놁뒿?덈떎. ?댁쁺鍮??놁씠 NOI瑜??곗텧????
?놁뒿?덈떎."[39m,
  [32m"[G38] Calculation '518a0448-3346-4a7b-9dfe-5a8a7ed9c4c8': basis='NOI'?몃뜲 怨듭젣 ??ぉ???놁뒿?덈떎. ?댁쁺鍮??놁씠 NOI瑜??곗텧????
?놁뒿?덈떎."[39m,
  [32m"[G38] Calculation '08e6d987-4c17-46b3-b2c0-7a96c5e106dd': basis='NOI'?몃뜲 怨듭젣 ??ぉ???놁뒿?덈떎. ?댁쁺鍮??놁씠 NOI瑜??곗텧????
?놁뒿?덈떎."[39m,
  [32m"[G38] Calculation '868da912-f27f-425e-8f78-498500f7cb8f': basis='NOI'?몃뜲 怨듭젣 ??ぉ???놁뒿?덈떎. ?댁쁺鍮??놁씠 NOI瑜??곗텧????
?놁뒿?덈떎."[39m,
  [32m'G38_NOI_MISSING_OPEX: cap_rate_base requires evidenced operating expenses'[39m,
  [32m"[G38] Calculation '6815a805-a344-43f4-bd88-c3d2e0c4d825': basis='NOI'?몃뜲 怨듭젣 ??ぉ???놁뒿?덈떎. ?댁쁺鍮??놁씠 NOI瑜??곗텧????
?놁뒿?덈떎."[39m,
  [32m'G38_NOI_MISSING_OPEX: cap_rate_best requires evidenced operating expenses'[39m,
  [32m"[G38] Calculation '1662665d-3a01-4e12-8b10-bb9ac4923ed3': basis='NOI'?몃뜲 怨듭젣 ??ぉ???놁뒿?덈떎. ?댁쁺鍮??놁씠 NOI瑜??곗텧????
?놁뒿?덈떎."[39m,
  [32m'G38_NOI_MISSING_OPEX: cap_rate_worst requires evidenced operating expenses'[39m
]
[golden-im] Failed to build few-shot block: TypeError: supabase.from(...).select(...).eq(...).eq is not a function
    at buildIMFewShotBlock (C:/Users/User/cre-dealcard/src/domain/building/mobile-im/golden-im-manager.ts:134:8)
    at generateSingleSection (C:/Users/User/cre-dealcard/src/domain/building/mobile-im/im-section-generator.ts:204:30)
    at C:/Users/User/cre-dealcard/src/domain/building/mobile-im/writer.ts:161:32
    at Array.map (<anonymous>)
    at generateMobileIM (C:/Users/User/cre-dealcard/src/domain/building/mobile-im/writer.ts:159:43)
[90m    at processTicksAndRejections (node:internal/process/task_queues:103:5)[39m
    at Module.generateMobileIMHandler (C:/Users/User/cre-dealcard/src/app/api/broker/im-lite/generate/handler.ts:307:24
)
    at runPipelineForFixture (C:/Users/User/cre-dealcard/src/tests/e2e/posture-e2e-pipeline.test.ts:119:18)
    at C:/Users/User/cre-dealcard/src/tests/e2e/posture-e2e-pipeline.test.ts:325:34
    at [90mfile:///C:/Users/User/cre-dealcard/[39mnode_modules/[4m@vitest/runner[24m/dist/chunk-artifact.js:1903:20
[golden-im] Failed to build few-shot block: TypeError: supabase.from(...).select(...).eq(...).eq is not a function
    at buildIMFewShotBlock (C:/Users/User/cre-dealcard/src/domain/building/mobile-im/golden-im-manager.ts:134:8)
    at generateSingleSection (C:/Users/User/cre-dealcard/src/domain/building/mobile-im/im-section-generator.ts:204:30)
    at C:/Users/User/cre-dealcard/src/domain/building/mobile-im/writer.ts:161:32
    at Array.map (<anonymous>)
    at generateMobileIM (C:/Users/User/cre-dealcard/src/domain/building/mobile-im/writer.ts:159:43)
[90m    at processTicksAndRejections (node:internal/process/task_queues:103:5)[39m
    at Module.generateMobileIMHandler (C:/Users/User/cre-dealcard/src/app/api/broker/im-lite/generate/handler.ts:307:24
)
    at runPipelineForFixture (C:/Users/User/cre-dealcard/src/tests/e2e/posture-e2e-pipeline.test.ts:119:18)
    at C:/Users/User/cre-dealcard/src/tests/e2e/posture-e2e-pipeline.test.ts:325:34
    at [90mfile:///C:/Users/User/cre-dealcard/[39mnode_modules/[4m@vitest/runner[24m/dist/chunk-artifact.js:1903:20
[golden-im] Failed to build few-shot block: TypeError: supabase.from(...).select(...).eq(...).eq is not a function
    at buildIMFewShotBlock (C:/Users/User/cre-dealcard/src/domain/building/mobile-im/golden-im-manager.ts:134:8)
    at generateSingleSection (C:/Users/User/cre-dealcard/src/domain/building/mobile-im/im-section-generator.ts:204:30)
    at C:/Users/User/cre-dealcard/src/domain/building/mobile-im/writer.ts:161:32
    at Array.map (<anonymous>)
    at generateMobileIM (C:/Users/User/cre-dealcard/src/domain/building/mobile-im/writer.ts:159:43)
[90m    at processTicksAndRejections (node:internal/process/task_queues:103:5)[39m
    at Module.generateMobileIMHandler (C:/Users/User/cre-dealcard/src/app/api/broker/im-lite/generate/handler.ts:307:24
)
    at runPipelineForFixture (C:/Users/User/cre-dealcard/src/tests/e2e/posture-e2e-pipeline.test.ts:119:18)
    at C:/Users/User/cre-dealcard/src/tests/e2e/posture-e2e-pipeline.test.ts:325:34
    at [90mfile:///C:/Users/User/cre-dealcard/[39mnode_modules/[4m@vitest/runner[24m/dist/chunk-artifact.js:1903:20
[golden-im] Failed to build few-shot block: TypeError: supabase.from(...).select(...).eq(...).eq is not a function
    at buildIMFewShotBlock (C:/Users/User/cre-dealcard/src/domain/building/mobile-im/golden-im-manager.ts:134:8)
    at generateSingleSection (C:/Users/User/cre-dealcard/src/domain/building/mobile-im/im-section-generator.ts:204:30)
    at C:/Users/User/cre-dealcard/src/domain/building/mobile-im/writer.ts:161:32
    at Array.map (<anonymous>)
    at generateMobileIM (C:/Users/User/cre-dealcard/src/domain/building/mobile-im/writer.ts:159:43)
[90m    at processTicksAndRejections (node:internal/process/task_queues:103:5)[39m
    at Module.generateMobileIMHandler (C:/Users/User/cre-dealcard/src/app/api/broker/im-lite/generate/handler.ts:307:24
)
    at runPipelineForFixture (C:/Users/User/cre-dealcard/src/tests/e2e/posture-e2e-pipeline.test.ts:119:18)
    at C:/Users/User/cre-dealcard/src/tests/e2e/posture-e2e-pipeline.test.ts:325:34
    at [90mfile:///C:/Users/User/cre-dealcard/[39mnode_modules/[4m@vitest/runner[24m/dist/chunk-artifact.js:1903:20
[golden-im] Failed to build few-shot block: TypeError: supabase.from(...).select(...).eq(...).eq is not a function
    at buildIMFewShotBlock (C:/Users/User/cre-dealcard/src/domain/building/mobile-im/golden-im-manager.ts:134:8)
    at generateSingleSection (C:/Users/User/cre-dealcard/src/domain/building/mobile-im/im-section-generator.ts:204:30)
    at C:/Users/User/cre-dealcard/src/domain/building/mobile-im/writer.ts:161:32
    at Array.map (<anonymous>)
    at generateMobileIM (C:/Users/User/cre-dealcard/src/domain/building/mobile-im/writer.ts:159:43)
[90m    at processTicksAndRejections (node:internal/process/task_queues:103:5)[39m
    at Module.generateMobileIMHandler (C:/Users/User/cre-dealcard/src/app/api/broker/im-lite/generate/handler.ts:307:24
)
    at runPipelineForFixture (C:/Users/User/cre-dealcard/src/tests/e2e/posture-e2e-pipeline.test.ts:119:18)
    at C:/Users/User/cre-dealcard/src/tests/e2e/posture-e2e-pipeline.test.ts:325:34
    at [90mfile:///C:/Users/User/cre-dealcard/[39mnode_modules/[4m@vitest/runner[24m/dist/chunk-artifact.js:1903:20
[golden-im] Failed to build few-shot block: TypeError: supabase.from(...).select(...).eq(...).eq is not a function
    at buildIMFewShotBlock (C:/Users/User/cre-dealcard/src/domain/building/mobile-im/golden-im-manager.ts:134:8)
    at generateSingleSection (C:/Users/User/cre-dealcard/src/domain/building/mobile-im/im-section-generator.ts:204:30)
    at C:/Users/User/cre-dealcard/src/domain/building/mobile-im/writer.ts:161:32
    at Array.map (<anonymous>)
    at generateMobileIM (C:/Users/User/cre-dealcard/src/domain/building/mobile-im/writer.ts:159:43)
[90m    at processTicksAndRejections (node:internal/process/task_queues:103:5)[39m
    at Module.generateMobileIMHandler (C:/Users/User/cre-dealcard/src/app/api/broker/im-lite/generate/handler.ts:307:24
)
    at runPipelineForFixture (C:/Users/User/cre-dealcard/src/tests/e2e/posture-e2e-pipeline.test.ts:119:18)
    at C:/Users/User/cre-dealcard/src/tests/e2e/posture-e2e-pipeline.test.ts:325:34
    at [90mfile:///C:/Users/User/cre-dealcard/[39mnode_modules/[4m@vitest/runner[24m/dist/chunk-artifact.js:1903:20
[golden-im] Failed to build few-shot block: TypeError: supabase.from(...).select(...).eq(...).eq is not a function
    at buildIMFewShotBlock (C:/Users/User/cre-dealcard/src/domain/building/mobile-im/golden-im-manager.ts:134:8)
    at generateSingleSection (C:/Users/User/cre-dealcard/src/domain/building/mobile-im/im-section-generator.ts:204:30)
    at C:/Users/User/cre-dealcard/src/domain/building/mobile-im/writer.ts:161:32
    at Array.map (<anonymous>)
    at generateMobileIM (C:/Users/User/cre-dealcard/src/domain/building/mobile-im/writer.ts:159:43)
[90m    at processTicksAndRejections (node:internal/process/task_queues:103:5)[39m
    at Module.generateMobileIMHandler (C:/Users/User/cre-dealcard/src/app/api/broker/im-lite/generate/handler.ts:307:24
)
    at runPipelineForFixture (C:/Users/User/cre-dealcard/src/tests/e2e/posture-e2e-pipeline.test.ts:119:18)
    at C:/Users/User/cre-dealcard/src/tests/e2e/posture-e2e-pipeline.test.ts:325:34
    at [90mfile:///C:/Users/User/cre-dealcard/[39mnode_modules/[4m@vitest/runner[24m/dist/chunk-artifact.js:1903:20
[golden-im] Failed to build few-shot block: TypeError: supabase.from(...).select(...).eq(...).eq is not a function
    at buildIMFewShotBlock (C:/Users/User/cre-dealcard/src/domain/building/mobile-im/golden-im-manager.ts:134:8)
    at generateSingleSection (C:/Users/User/cre-dealcard/src/domain/building/mobile-im/im-section-generator.ts:204:30)
    at C:/Users/User/cre-dealcard/src/domain/building/mobile-im/writer.ts:161:32
    at Array.map (<anonymous>)
    at generateMobileIM (C:/Users/User/cre-dealcard/src/domain/building/mobile-im/writer.ts:159:43)
[90m    at processTicksAndRejections (node:internal/process/task_queues:103:5)[39m
    at Module.generateMobileIMHandler (C:/Users/User/cre-dealcard/src/app/api/broker/im-lite/generate/handler.ts:307:24
)
    at runPipelineForFixture (C:/Users/User/cre-dealcard/src/tests/e2e/posture-e2e-pipeline.test.ts:119:18)
    at C:/Users/User/cre-dealcard/src/tests/e2e/posture-e2e-pipeline.test.ts:325:34
    at [90mfile:///C:/Users/User/cre-dealcard/[39mnode_modules/[4m@vitest/runner[24m/dist/chunk-artifact.js:1903:20
[MockOpenAIProvider]process.env.OPENAI_API_KEY is missing or in test environment. Returning mock JSON response.
[MockOpenAIProvider]process.env.OPENAI_API_KEY is missing or in test environment. Returning mock JSON response.
[MockOpenAIProvider]process.env.OPENAI_API_KEY is missing or in test environment. Returning mock JSON response.
[MockOpenAIProvider]process.env.OPENAI_API_KEY is missing or in test environment. Returning mock JSON response.
[MockOpenAIProvider]process.env.OPENAI_API_KEY is missing or in test environment. Returning mock JSON response.
[MockOpenAIProvider]process.env.OPENAI_API_KEY is missing or in test environment. Returning mock JSON response.
[MockOpenAIProvider]process.env.OPENAI_API_KEY is missing or in test environment. Returning mock JSON response.
[MockOpenAIProvider]process.env.OPENAI_API_KEY is missing or in test environment. Returning mock JSON response.

[90mstderr[2m | src/tests/e2e/posture-e2e-pipeline.test.ts[2m > [22m[2m16-Case MECE Regression Suite (?ㅼ젣 LLM ?몄텧)
[2m > [22m[2mcase04_seongsu_atelier: ?깆닔 ?꾪?由ъ뿉湲??좎텞 [income]
[22m[39m[terminology-normalizer] Failed to load rules from DB, using fallback: TypeError: supabase.from(...).select(.
..).eq(...).order is not a function
    at getTerminologyRules (C:/Users/User/cre-dealcard/src/domain/building/mobile-im/terminology-normalizer.ts:146:8)
    at normalizeTerminologyAsync (C:/Users/User/cre-dealcard/src/domain/building/mobile-im/terminology-normalizer.ts:24
5:23)
    at generateSingleSection (C:/Users/User/cre-dealcard/src/domain/building/mobile-im/im-section-generator.ts:392:28)
[90m    at processTicksAndRejections (node:internal/process/task_queues:103:5)[39m
    at async Promise.allSettled (index 0)
    at generateMobileIM (C:/Users/User/cre-dealcard/src/domain/building/mobile-im/writer.ts:190:23)
    at Module.generateMobileIMHandler (C:/Users/User/cre-dealcard/src/app/api/broker/im-lite/generate/handler.ts:307:24
)
    at runPipelineForFixture (C:/Users/User/cre-dealcard/src/tests/e2e/posture-e2e-pipeline.test.ts:119:18)
    at C:/Users/User/cre-dealcard/src/tests/e2e/posture-e2e-pipeline.test.ts:325:34
    at [90mfile:///C:/Users/User/cre-dealcard/[39mnode_modules/[4m@vitest/runner[24m/dist/chunk-artifact.js:1903:20
[terminology-normalizer] Failed to load rules from DB, using fallback: TypeError: supabase.from(...).select(...).eq(...
).order is not a function
    at getTerminologyRules (C:/Users/User/cre-dealcard/src/domain/building/mobile-im/terminology-normalizer.ts:146:8)
    at normalizeTerminologyAsync (C:/Users/User/cre-dealcard/src/domain/building/mobile-im/terminology-normalizer.ts:24
5:23)
    at generateSingleSection (C:/Users/User/cre-dealcard/src/domain/building/mobile-im/im-section-generator.ts:392:28)
[90m    at processTicksAndRejections (node:internal/process/task_queues:103:5)[39m
    at async Promise.allSettled (index 1)
    at generateMobileIM (C:/Users/User/cre-dealcard/src/domain/building/mobile-im/writer.ts:190:23)
    at Module.generateMobileIMHandler (C:/Users/User/cre-dealcard/src/app/api/broker/im-lite/generate/handler.ts:307:24
)
    at runPipelineForFixture (C:/Users/User/cre-dealcard/src/tests/e2e/posture-e2e-pipeline.test.ts:119:18)
    at C:/Users/User/cre-dealcard/src/tests/e2e/posture-e2e-pipeline.test.ts:325:34
    at [90mfile:///C:/Users/User/cre-dealcard/[39mnode_modules/[4m@vitest/runner[24m/dist/chunk-artifact.js:1903:20
[MockOpenAIProvider]process.env.OPENAI_API_KEY is missing or in test environment. Returning mock JSON response.
[terminology-normalizer] Failed to load rules from DB, using fallback: TypeError: supabase.from(...).select(...).eq(...
).order is not a function
    at getTerminologyRules (C:/Users/User/cre-dealcard/src/domain/building/mobile-im/terminology-normalizer.ts:146:8)
    at normalizeTerminologyAsync (C:/Users/User/cre-dealcard/src/domain/building/mobile-im/terminology-normalizer.ts:24
5:23)
    at generateSingleSection (C:/Users/User/cre-dealcard/src/domain/building/mobile-im/im-section-generator.ts:392:28)
[90m    at processTicksAndRejections (node:internal/process/task_queues:103:5)[39m
    at async Promise.allSettled (index 3)
    at generateMobileIM (C:/Users/User/cre-dealcard/src/domain/building/mobile-im/writer.ts:190:23)
    at Module.generateMobileIMHandler (C:/Users/User/cre-dealcard/src/app/api/broker/im-lite/generate/handler.ts:307:24
)
    at runPipelineForFixture (C:/Users/User/cre-dealcard/src/tests/e2e/posture-e2e-pipeline.test.ts:119:18)
    at C:/Users/User/cre-dealcard/src/tests/e2e/posture-e2e-pipeline.test.ts:325:34
    at [90mfile:///C:/Users/User/cre-dealcard/[39mnode_modules/[4m@vitest/runner[24m/dist/chunk-artifact.js:1903:20
[MockOpenAIProvider]process.env.OPENAI_API_KEY is missing or in test environment. Returning mock JSON response.
[MockOpenAIProvider]process.env.OPENAI_API_KEY is missing or in test environment. Returning mock JSON response.
[terminology-normalizer] Failed to load rules from DB, using fallback: TypeError: supabase.from(...).select(...).eq(...
).order is not a function
    at getTerminologyRules (C:/Users/User/cre-dealcard/src/domain/building/mobile-im/terminology-normalizer.ts:146:8)
    at normalizeTerminologyAsync (C:/Users/User/cre-dealcard/src/domain/building/mobile-im/terminology-normalizer.ts:24
5:23)
    at generateSingleSection (C:/Users/User/cre-dealcard/src/domain/building/mobile-im/im-section-generator.ts:392:28)
[90m    at processTicksAndRejections (node:internal/process/task_queues:103:5)[39m
    at async Promise.allSettled (index 6)
    at generateMobileIM (C:/Users/User/cre-dealcard/src/domain/building/mobile-im/writer.ts:190:23)
    at Module.generateMobileIMHandler (C:/Users/User/cre-dealcard/src/app/api/broker/im-lite/generate/handler.ts:307:24
)
    at runPipelineForFixture (C:/Users/User/cre-dealcard/src/tests/e2e/posture-e2e-pipeline.test.ts:119:18)
    at C:/Users/User/cre-dealcard/src/tests/e2e/posture-e2e-pipeline.test.ts:325:34
    at [90mfile:///C:/Users/User/cre-dealcard/[39mnode_modules/[4m@vitest/runner[24m/dist/chunk-artifact.js:1903:20
[terminology-normalizer] Failed to load rules from DB, using fallback: TypeError: supabase.from(...).select(...).eq(...
).order is not a function
    at getTerminologyRules (C:/Users/User/cre-dealcard/src/domain/building/mobile-im/terminology-normalizer.ts:146:8)
    at normalizeTerminologyAsync (C:/Users/User/cre-dealcard/src/domain/building/mobile-im/terminology-normalizer.ts:24
5:23)
    at generateSingleSection (C:/Users/User/cre-dealcard/src/domain/building/mobile-im/im-section-generator.ts:392:28)
[90m    at processTicksAndRejections (node:internal/process/task_queues:103:5)[39m
    at async Promise.allSettled (index 7)
    at generateMobileIM (C:/Users/User/cre-dealcard/src/domain/building/mobile-im/writer.ts:190:23)
    at Module.generateMobileIMHandler (C:/Users/User/cre-dealcard/src/app/api/broker/im-lite/generate/handler.ts:307:24
)
    at runPipelineForFixture (C:/Users/User/cre-dealcard/src/tests/e2e/posture-e2e-pipeline.test.ts:119:18)
    at C:/Users/User/cre-dealcard/src/tests/e2e/posture-e2e-pipeline.test.ts:325:34
    at [90mfile:///C:/Users/User/cre-dealcard/[39mnode_modules/[4m@vitest/runner[24m/dist/chunk-artifact.js:1903:20

[90mstderr[2m | src/tests/e2e/posture-e2e-pipeline.test.ts[2m > [22m[2m16-Case MECE Regression Suite (?ㅼ젣 LLM ?몄텧)
[2m > [22m[2mcase04_seongsu_atelier: ?깆닔 ?꾪?由ъ뿉湲??좎텞 [income]
[22m[39m[MockOpenAIProvider]process.env.OPENAI_API_KEY is missing or in test environment. Returning mock JSON respons
e.
[MockOpenAIProvider]process.env.OPENAI_API_KEY is missing or in test environment. Returning mock JSON response.
[MockOpenAIProvider]process.env.OPENAI_API_KEY is missing or in test environment. Returning mock JSON response.
[MockOpenAIProvider]process.env.OPENAI_API_KEY is missing or in test environment. Returning mock JSON response.
[MockOpenAIProvider]process.env.OPENAI_API_KEY is missing or in test environment. Returning mock JSON response.
[fewshot-tracker] Failed to update result score: TypeError: supabase.from(...).update is not a function
    at updateFewShotResultScore (C:/Users/User/cre-dealcard/src/domain/building/mobile-im/fewshot-tracker.ts:43:8)
    at generateSingleSection (C:/Users/User/cre-dealcard/src/domain/building/mobile-im/im-section-generator.ts:301:15)
[90m    at processTicksAndRejections (node:internal/process/task_queues:103:5)[39m
    at async Promise.allSettled (index 2)
    at generateMobileIM (C:/Users/User/cre-dealcard/src/domain/building/mobile-im/writer.ts:190:23)
    at Module.generateMobileIMHandler (C:/Users/User/cre-dealcard/src/app/api/broker/im-lite/generate/handler.ts:307:24
)
    at runPipelineForFixture (C:/Users/User/cre-dealcard/src/tests/e2e/posture-e2e-pipeline.test.ts:119:18)
    at C:/Users/User/cre-dealcard/src/tests/e2e/posture-e2e-pipeline.test.ts:325:34
    at [90mfile:///C:/Users/User/cre-dealcard/[39mnode_modules/[4m@vitest/runner[24m/dist/chunk-artifact.js:1903:20
[fewshot-tracker] Failed to auto-promote: TypeError: supabase.from(...).select(...).eq(...).eq is not a function
    at promoteToGoldenCandidate (C:/Users/User/cre-dealcard/src/domain/building/mobile-im/fewshot-tracker.ts:168:8)
    at generateSingleSection (C:/Users/User/cre-dealcard/src/domain/building/mobile-im/im-section-generator.ts:303:17)
[90m    at processTicksAndRejections (node:internal/process/task_queues:103:5)[39m
    at async Promise.allSettled (index 2)
    at generateMobileIM (C:/Users/User/cre-dealcard/src/domain/building/mobile-im/writer.ts:190:23)
    at Module.generateMobileIMHandler (C:/Users/User/cre-dealcard/src/app/api/broker/im-lite/generate/handler.ts:307:24
)
    at runPipelineForFixture (C:/Users/User/cre-dealcard/src/tests/e2e/posture-e2e-pipeline.test.ts:119:18)
    at C:/Users/User/cre-dealcard/src/tests/e2e/posture-e2e-pipeline.test.ts:325:34
    at [90mfile:///C:/Users/User/cre-dealcard/[39mnode_modules/[4m@vitest/runner[24m/dist/chunk-artifact.js:1903:20
[terminology-normalizer] Failed to load rules from DB, using fallback: TypeError: supabase.from(...).select(...).eq(...
).order is not a function
    at getTerminologyRules (C:/Users/User/cre-dealcard/src/domain/building/mobile-im/terminology-normalizer.ts:146:8)
    at normalizeTerminologyAsync (C:/Users/User/cre-dealcard/src/domain/building/mobile-im/terminology-normalizer.ts:24
5:23)
    at generateSingleSection (C:/Users/User/cre-dealcard/src/domain/building/mobile-im/im-section-generator.ts:392:28)
[90m    at processTicksAndRejections (node:internal/process/task_queues:103:5)[39m
    at async Promise.allSettled (index 2)
    at generateMobileIM (C:/Users/User/cre-dealcard/src/domain/building/mobile-im/writer.ts:190:23)
    at Module.generateMobileIMHandler (C:/Users/User/cre-dealcard/src/app/api/broker/im-lite/generate/handler.ts:307:24
)
    at runPipelineForFixture (C:/Users/User/cre-dealcard/src/tests/e2e/posture-e2e-pipeline.test.ts:119:18)
    at C:/Users/User/cre-dealcard/src/tests/e2e/posture-e2e-pipeline.test.ts:325:34
    at [90mfile:///C:/Users/User/cre-dealcard/[39mnode_modules/[4m@vitest/runner[24m/dist/chunk-artifact.js:1903:20
[fewshot-tracker] Failed to update result score: TypeError: supabase.from(...).update is not a function
    at updateFewShotResultScore (C:/Users/User/cre-dealcard/src/domain/building/mobile-im/fewshot-tracker.ts:43:8)
    at generateSingleSection (C:/Users/User/cre-dealcard/src/domain/building/mobile-im/im-section-generator.ts:301:15)
[90m    at processTicksAndRejections (node:internal/process/task_queues:103:5)[39m
    at async Promise.allSettled (index 4)
    at generateMobileIM (C:/Users/User/cre-dealcard/src/domain/building/mobile-im/writer.ts:190:23)
    at Module.generateMobileIMHandler (C:/Users/User/cre-dealcard/src/app/api/broker/im-lite/generate/handler.ts:307:24
)
    at runPipelineForFixture (C:/Users/User/cre-dealcard/src/tests/e2e/posture-e2e-pipeline.test.ts:119:18)
    at C:/Users/User/cre-dealcard/src/tests/e2e/posture-e2e-pipeline.test.ts:325:34
    at [90mfile:///C:/Users/User/cre-dealcard/[39mnode_modules/[4m@vitest/runner[24m/dist/chunk-artifact.js:1903:20
[fewshot-tracker] Failed to auto-promote: TypeError: supabase.from(...).select(...).eq(...).eq is not a function
    at promoteToGoldenCandidate (C:/Users/User/cre-dealcard/src/domain/building/mobile-im/fewshot-tracker.ts:168:8)
    at generateSingleSection (C:/Users/User/cre-dealcard/src/domain/building/mobile-im/im-section-generator.ts:303:17)
[90m    at processTicksAndRejections (node:internal/process/task_queues:103:5)[39m
    at async Promise.allSettled (index 4)
    at generateMobileIM (C:/Users/User/cre-dealcard/src/domain/building/mobile-im/writer.ts:190:23)
    at Module.generateMobileIMHandler (C:/Users/User/cre-dealcard/src/app/api/broker/im-lite/generate/handler.ts:307:24
)
    at runPipelineForFixture (C:/Users/User/cre-dealcard/src/tests/e2e/posture-e2e-pipeline.test.ts:119:18)
    at C:/Users/User/cre-dealcard/src/tests/e2e/posture-e2e-pipeline.test.ts:325:34
    at [90mfile:///C:/Users/User/cre-dealcard/[39mnode_modules/[4m@vitest/runner[24m/dist/chunk-artifact.js:1903:20
[terminology-normalizer] Failed to load rules from DB, using fallback: TypeError: supabase.from(...).select(...).eq(...
).order is not a function
    at getTerminologyRules (C:/Users/User/cre-dealcard/src/domain/building/mobile-im/terminology-normalizer.ts:146:8)
    at normalizeTerminologyAsync (C:/Users/User/cre-dealcard/src/domain/building/mobile-im/terminology-normalizer.ts:24
5:23)
    at generateSingleSection (C:/Users/User/cre-dealcard/src/domain/building/mobile-im/im-section-generator.ts:392:28)
[90m    at processTicksAndRejections (node:internal/process/task_queues:103:5)[39m
    at async Promise.allSettled (index 4)
    at generateMobileIM (C:/Users/User/cre-dealcard/src/domain/building/mobile-im/writer.ts:190:23)
    at Module.generateMobileIMHandler (C:/Users/User/cre-dealcard/src/app/api/broker/im-lite/generate/handler.ts:307:24
)
    at runPipelineForFixture (C:/Users/User/cre-dealcard/src/tests/e2e/posture-e2e-pipeline.test.ts:119:18)
    at C:/Users/User/cre-dealcard/src/tests/e2e/posture-e2e-pipeline.test.ts:325:34
    at [90mfile:///C:/Users/User/cre-dealcard/[39mnode_modules/[4m@vitest/runner[24m/dist/chunk-artifact.js:1903:20
[fewshot-tracker] Failed to update result score: TypeError: supabase.from(...).update is not a function
    at updateFewShotResultScore (C:/Users/User/cre-dealcard/src/domain/building/mobile-im/fewshot-tracker.ts:43:8)
    at generateSingleSection (C:/Users/User/cre-dealcard/src/domain/building/mobile-im/im-section-generator.ts:301:15)
[90m    at processTicksAndRejections (node:internal/process/task_queues:103:5)[39m
    at async Promise.allSettled (index 5)
    at generateMobileIM (C:/Users/User/cre-dealcard/src/domain/building/mobile-im/writer.ts:190:23)
    at Module.generateMobileIMHandler (C:/Users/User/cre-dealcard/src/app/api/broker/im-lite/generate/handler.ts:307:24
)
    at runPipelineForFixture (C:/Users/User/cre-dealcard/src/tests/e2e/posture-e2e-pipeline.test.ts:119:18)
    at C:/Users/User/cre-dealcard/src/tests/e2e/posture-e2e-pipeline.test.ts:325:34
    at [90mfile:///C:/Users/User/cre-dealcard/[39mnode_modules/[4m@vitest/runner[24m/dist/chunk-artifact.js:1903:20
[fewshot-tracker] Failed to auto-promote: TypeError: supabase.from(...).select(...).eq(...).eq is not a function
    at promoteToGoldenCandidate (C:/Users/User/cre-dealcard/src/domain/building/mobile-im/fewshot-tracker.ts:168:8)
    at generateSingleSection (C:/Users/User/cre-dealcard/src/domain/building/mobile-im/im-section-generator.ts:303:17)
[90m    at processTicksAndRejections (node:internal/process/task_queues:103:5)[39m
    at async Promise.allSettled (index 5)
    at generateMobileIM (C:/Users/User/cre-dealcard/src/domain/building/mobile-im/writer.ts:190:23)
    at Module.generateMobileIMHandler (C:/Users/User/cre-dealcard/src/app/api/broker/im-lite/generate/handler.ts:307:24
)
    at runPipelineForFixture (C:/Users/User/cre-dealcard/src/tests/e2e/posture-e2e-pipeline.test.ts:119:18)
    at C:/Users/User/cre-dealcard/src/tests/e2e/posture-e2e-pipeline.test.ts:325:34
    at [90mfile:///C:/Users/User/cre-dealcard/[39mnode_modules/[4m@vitest/runner[24m/dist/chunk-artifact.js:1903:20
[terminology-normalizer] Failed to load rules from DB, using fallback: TypeError: supabase.from(...).select(...).eq(...
).order is not a function
 [32m??[39m src/tests/e2e/pptx-renderer-e2e.test.ts [2m([22m[2m11 tests[22m[2m)[22m[33m 5091[2mms[22m[39m
     [33m[2m??[22m[39m PR-01: income/basic ???뺤긽 踰꾪띁 + ?щ씪?대뱶 5~16??+ PPTX ???[33m 1107[2mms[22m[39m
     [33m[2m??[22m[39m PR-02: income/pro ???뺤긽 踰꾪띁 + ?щ씪?대뱶 8~14??+ PPTX ???[33m 500[2mms[22m[39m
     [33m[2m??[22m[39m PR-03: owner_occupied/basic ??vsLease ?꾩슜 ?щ씪?대뱶 + PPTX ???[33m 313[2mms[22m[39m
     [33m[2m??[22m[39m PR-06: trading/basic ??comps ?щ씪?대뱶 + PPTX ???[33m 446[2mms[22m[39m
     [33m[2m??[22m[39m PR-09: ?ъ쭊 0????媛ㅻ윭由??щ씪?대뱶 ?놁쓬 ?뺤씤 [33m 633[2mms[22m[39m
     [33m[2m??[22m[39m PR-10: ?ъ쭊 8????媛ㅻ윭由??щ씪?대뱶 2???앹꽦 ?뺤씤 [33m 1182[2mms[22m[39m
 [32m??[39m src/tests/e2e/p1-layout-parsing.test.ts [2m([22m[2m19 tests[22m[2m)[22m[33m 3707[2mms[22m[39m
       [33m[2m??[22m[39m T06-01: 200-char Korean risk description in risk section [33m 1330[2mms[22m[39m
       [33m[2m??[22m[39m T06-04: Full PPTX render with all sections having 200+ char descriptions -> no crash [33m 646[2mms[22m[39m
       [33m[2m??[22m[39m T07-01: Render PPTX with 2-stat section -> no slide text overlap [33m 445[2mms[22m[39m
       [33m[2m??[22m[39m T08-01: Basic tier PPTX -> footer text (?щ━?? present in last area of every slide [33m 343[2mms[22m[39m
    at getTerminologyRules (C:/Users/User/cre-dealcard/src/domain/building/mobile-im/terminology-normalizer.ts:146:8)
    at normalizeTerminologyAsync (C:/Users/User/cre-dealcard/src/domain/building/mobile-im/terminology-normalizer.ts:24
5:23)
    at generateSingleSection (C:/Users/User/cre-dealcard/src/domain/building/mobile-im/im-section-generator.ts:392:28)
[90m    at processTicksAndRejections (node:internal/process/task_queues:103:5)[39m
    at async Promise.allSettled (index 5)
    at generateMobileIM (C:/Users/User/cre-dealcard/src/domain/building/mobile-im/writer.ts:190:23)
    at Module.generateMobileIMHandler (C:/Users/User/cre-dealcard/src/app/api/broker/im-lite/generate/handler.ts:307:24
)
    at runPipelineForFixture (C:/Users/User/cre-dealcard/src/tests/e2e/posture-e2e-pipeline.test.ts:119:18)
    at C:/Users/User/cre-dealcard/src/tests/e2e/posture-e2e-pipeline.test.ts:325:34
    at [90mfile:///C:/Users/User/cre-dealcard/[39mnode_modules/[4m@vitest/runner[24m/dist/chunk-artifact.js:1903:20

[90mstderr[2m | src/tests/e2e/posture-e2e-pipeline.test.ts[2m > [22m[2m16-Case MECE Regression Suite (?ㅼ젣 LLM ?몄텧)
[2m > [22m[2mcase04_seongsu_atelier: ?깆닔 ?꾪?由ъ뿉湲??좎텞 [income]
[22m[39m[MockOpenAIProvider]process.env.OPENAI_API_KEY is missing or in test environment. Returning mock JSON respons
e.
[MockOpenAIProvider]process.env.OPENAI_API_KEY is missing or in test environment. Returning mock JSON response.
[MockOpenAIProvider]process.env.OPENAI_API_KEY is missing or in test environment. Returning mock JSON response.

[90mstderr[2m | src/tests/e2e/posture-e2e-pipeline.test.ts[2m > [22m[2m16-Case MECE Regression Suite (?ㅼ젣 LLM ?몄텧)
[2m > [22m[2mcase04_seongsu_atelier: ?깆닔 ?꾪?由ъ뿉湲??좎텞 [income]
[22m[39m[golden-im] Failed to build few-shot block: TypeError: supabase.from(...).select(...).eq(...).eq is not a fun
ction
    at buildIMFewShotBlock (C:/Users/User/cre-dealcard/src/domain/building/mobile-im/golden-im-manager.ts:134:8)
    at generateSingleSection (C:/Users/User/cre-dealcard/src/domain/building/mobile-im/im-section-generator.ts:204:30)
    at generateMobileIM (C:/Users/User/cre-dealcard/src/domain/building/mobile-im/writer.ts:250:28)
[90m    at processTicksAndRejections (node:internal/process/task_queues:103:5)[39m
    at Module.generateMobileIMHandler (C:/Users/User/cre-dealcard/src/app/api/broker/im-lite/generate/handler.ts:307:24
)
    at runPipelineForFixture (C:/Users/User/cre-dealcard/src/tests/e2e/posture-e2e-pipeline.test.ts:119:18)
    at C:/Users/User/cre-dealcard/src/tests/e2e/posture-e2e-pipeline.test.ts:325:34
    at [90mfile:///C:/Users/User/cre-dealcard/[39mnode_modules/[4m@vitest/runner[24m/dist/chunk-artifact.js:1903:20

[90mstderr[2m | src/tests/e2e/posture-e2e-pipeline.test.ts[2m > [22m[2m16-Case MECE Regression Suite (?ㅼ젣 LLM ?몄텧)
[2m > [22m[2mcase04_seongsu_atelier: ?깆닔 ?꾪?由ъ뿉湲??좎텞 [income]
[22m[39m[MockOpenAIProvider]process.env.OPENAI_API_KEY is missing or in test environment. Returning mock JSON respons
e.

[90mstderr[2m | src/tests/e2e/posture-e2e-pipeline.test.ts[2m > [22m[2m16-Case MECE Regression Suite (?ㅼ젣 LLM ?몄텧)
[2m > [22m[2mcase04_seongsu_atelier: ?깆닔 ?꾪?由ъ뿉湲??좎텞 [income]
[22m[39m[MockOpenAIProvider]process.env.OPENAI_API_KEY is missing or in test environment. Returning mock JSON respons
e.

[90mstderr[2m | src/tests/e2e/posture-e2e-pipeline.test.ts[2m > [22m[2m16-Case MECE Regression Suite (?ㅼ젣 LLM ?몄텧)
[2m > [22m[2mcase04_seongsu_atelier: ?깆닔 ?꾪?由ъ뿉湲??좎텞 [income]
[22m[39m[fewshot-tracker] Failed to update result score: TypeError: supabase.from(...).update is not a function
    at updateFewShotResultScore (C:/Users/User/cre-dealcard/src/domain/building/mobile-im/fewshot-tracker.ts:43:8)
    at generateSingleSection (C:/Users/User/cre-dealcard/src/domain/building/mobile-im/im-section-generator.ts:301:15)
[90m    at processTicksAndRejections (node:internal/process/task_queues:103:5)[39m
    at generateMobileIM (C:/Users/User/cre-dealcard/src/domain/building/mobile-im/writer.ts:250:22)
    at Module.generateMobileIMHandler (C:/Users/User/cre-dealcard/src/app/api/broker/im-lite/generate/handler.ts:307:24
)
    at runPipelineForFixture (C:/Users/User/cre-dealcard/src/tests/e2e/posture-e2e-pipeline.test.ts:119:18)
    at C:/Users/User/cre-dealcard/src/tests/e2e/posture-e2e-pipeline.test.ts:325:34
    at [90mfile:///C:/Users/User/cre-dealcard/[39mnode_modules/[4m@vitest/runner[24m/dist/chunk-artifact.js:1903:20
[fewshot-tracker] Failed to auto-promote: TypeError: supabase.from(...).select(...).eq(...).eq is not a function
    at promoteToGoldenCandidate (C:/Users/User/cre-dealcard/src/domain/building/mobile-im/fewshot-tracker.ts:168:8)
    at generateSingleSection (C:/Users/User/cre-dealcard/src/domain/building/mobile-im/im-section-generator.ts:303:17)
[90m    at processTicksAndRejections (node:internal/process/task_queues:103:5)[39m
    at generateMobileIM (C:/Users/User/cre-dealcard/src/domain/building/mobile-im/writer.ts:250:22)
    at Module.generateMobileIMHandler (C:/Users/User/cre-dealcard/src/app/api/broker/im-lite/generate/handler.ts:307:24
)
    at runPipelineForFixture (C:/Users/User/cre-dealcard/src/tests/e2e/posture-e2e-pipeline.test.ts:119:18)
    at C:/Users/User/cre-dealcard/src/tests/e2e/posture-e2e-pipeline.test.ts:325:34
    at [90mfile:///C:/Users/User/cre-dealcard/[39mnode_modules/[4m@vitest/runner[24m/dist/chunk-artifact.js:1903:20
[terminology-normalizer] Failed to load rules from DB, using fallback: TypeError: supabase.from(...).select(...).eq(...
).order is not a function
    at getTerminologyRules (C:/Users/User/cre-dealcard/src/domain/building/mobile-im/terminology-normalizer.ts:146:8)
    at normalizeTerminologyAsync (C:/Users/User/cre-dealcard/src/domain/building/mobile-im/terminology-normalizer.ts:24
5:23)
    at generateSingleSection (C:/Users/User/cre-dealcard/src/domain/building/mobile-im/im-section-generator.ts:392:28)
[90m    at processTicksAndRejections (node:internal/process/task_queues:103:5)[39m
    at generateMobileIM (C:/Users/User/cre-dealcard/src/domain/building/mobile-im/writer.ts:250:22)
    at Module.generateMobileIMHandler (C:/Users/User/cre-dealcard/src/app/api/broker/im-lite/generate/handler.ts:307:24
)
    at runPipelineForFixture (C:/Users/User/cre-dealcard/src/tests/e2e/posture-e2e-pipeline.test.ts:119:18)
    at C:/Users/User/cre-dealcard/src/tests/e2e/posture-e2e-pipeline.test.ts:325:34
    at [90mfile:///C:/Users/User/cre-dealcard/[39mnode_modules/[4m@vitest/runner[24m/dist/chunk-artifact.js:1903:20

[90mstderr[2m | src/tests/e2e/posture-e2e-pipeline.test.ts[2m > [22m[2m16-Case MECE Regression Suite (?ㅼ젣 LLM ?몄텧)
[2m > [22m[2mcase04_seongsu_atelier: ?깆닔 ?꾪?由ъ뿉湲??좎텞 [income]
[22m[39m[MockOpenAIProvider]process.env.OPENAI_API_KEY is missing or in test environment. Returning mock JSON respons
e.

[90mstderr[2m | src/tests/e2e/posture-e2e-pipeline.test.ts[2m > [22m[2m16-Case MECE Regression Suite (?ㅼ젣 LLM ?몄텧)
[2m > [22m[2mcase04_seongsu_atelier: ?깆닔 ?꾪?由ъ뿉湲??좎텞 [income]
[22m[39m[financials] Unknown assetType for opexRatio: "?좎텞洹쇱깮", using default 18%
[golden-im] Failed to build few-shot block: TypeError: supabase.from(...).select(...).eq(...).eq is not a function
    at buildIMFewShotBlock (C:/Users/User/cre-dealcard/src/domain/building/mobile-im/golden-im-manager.ts:134:8)
    at generateSingleSection (C:/Users/User/cre-dealcard/src/domain/building/mobile-im/im-section-generator.ts:204:30)
    at generateMobileIM (C:/Users/User/cre-dealcard/src/domain/building/mobile-im/writer.ts:250:28)
[90m    at processTicksAndRejections (node:internal/process/task_queues:103:5)[39m
    at Module.generateMobileIMHandler (C:/Users/User/cre-dealcard/src/app/api/broker/im-lite/generate/handler.ts:307:24
)
    at runPipelineForFixture (C:/Users/User/cre-dealcard/src/tests/e2e/posture-e2e-pipeline.test.ts:119:18)
    at C:/Users/User/cre-dealcard/src/tests/e2e/posture-e2e-pipeline.test.ts:325:34
    at [90mfile:///C:/Users/User/cre-dealcard/[39mnode_modules/[4m@vitest/runner[24m/dist/chunk-artifact.js:1903:20

[90mstderr[2m | src/tests/e2e/posture-e2e-pipeline.test.ts[2m > [22m[2m16-Case MECE Regression Suite (?ㅼ젣 LLM ?몄텧)
[2m > [22m[2mcase04_seongsu_atelier: ?깆닔 ?꾪?由ъ뿉湲??좎텞 [income]
[22m[39m[MockOpenAIProvider]process.env.OPENAI_API_KEY is missing or in test environment. Returning mock JSON respons
e.

[90mstderr[2m | src/tests/e2e/posture-e2e-pipeline.test.ts[2m > [22m[2m16-Case MECE Regression Suite (?ㅼ젣 LLM ?몄텧)
[2m > [22m[2mcase04_seongsu_atelier: ?깆닔 ?꾪?由ъ뿉湲??좎텞 [income]
[22m[39m[MockOpenAIProvider]process.env.OPENAI_API_KEY is missing or in test environment. Returning mock JSON respons
e.

[90mstderr[2m | src/tests/e2e/posture-e2e-pipeline.test.ts[2m > [22m[2m16-Case MECE Regression Suite (?ㅼ젣 LLM ?몄텧)
[2m > [22m[2mcase04_seongsu_atelier: ?깆닔 ?꾪?由ъ뿉湲??좎텞 [income]
[22m[39m[fewshot-tracker] Failed to update result score: TypeError: supabase.from(...).update is not a function
    at updateFewShotResultScore (C:/Users/User/cre-dealcard/src/domain/building/mobile-im/fewshot-tracker.ts:43:8)
    at generateSingleSection (C:/Users/User/cre-dealcard/src/domain/building/mobile-im/im-section-generator.ts:301:15)
[90m    at processTicksAndRejections (node:internal/process/task_queues:103:5)[39m
    at generateMobileIM (C:/Users/User/cre-dealcard/src/domain/building/mobile-im/writer.ts:250:22)
    at Module.generateMobileIMHandler (C:/Users/User/cre-dealcard/src/app/api/broker/im-lite/generate/handler.ts:307:24
)
    at runPipelineForFixture (C:/Users/User/cre-dealcard/src/tests/e2e/posture-e2e-pipeline.test.ts:119:18)
    at C:/Users/User/cre-dealcard/src/tests/e2e/posture-e2e-pipeline.test.ts:325:34
    at [90mfile:///C:/Users/User/cre-dealcard/[39mnode_modules/[4m@vitest/runner[24m/dist/chunk-artifact.js:1903:20
[fewshot-tracker] Failed to auto-promote: TypeError: supabase.from(...).select(...).eq(...).eq is not a function
    at promoteToGoldenCandidate (C:/Users/User/cre-dealcard/src/domain/building/mobile-im/fewshot-tracker.ts:168:8)
    at generateSingleSection (C:/Users/User/cre-dealcard/src/domain/building/mobile-im/im-section-generator.ts:303:17)
[90m    at processTicksAndRejections (node:internal/process/task_queues:103:5)[39m
    at generateMobileIM (C:/Users/User/cre-dealcard/src/domain/building/mobile-im/writer.ts:250:22)
    at Module.generateMobileIMHandler (C:/Users/User/cre-dealcard/src/app/api/broker/im-lite/generate/handler.ts:307:24
)
    at runPipelineForFixture (C:/Users/User/cre-dealcard/src/tests/e2e/posture-e2e-pipeline.test.ts:119:18)
    at C:/Users/User/cre-dealcard/src/tests/e2e/posture-e2e-pipeline.test.ts:325:34
    at [90mfile:///C:/Users/User/cre-dealcard/[39mnode_modules/[4m@vitest/runner[24m/dist/chunk-artifact.js:1903:20
[terminology-normalizer] Failed to load rules from DB, using fallback: TypeError: supabase.from(...).select(...).eq(...
).order is not a function
    at getTerminologyRules (C:/Users/User/cre-dealcard/src/domain/building/mobile-im/terminology-normalizer.ts:146:8)
    at normalizeTerminologyAsync (C:/Users/User/cre-dealcard/src/domain/building/mobile-im/terminology-normalizer.ts:24
5:23)
    at generateSingleSection (C:/Users/User/cre-dealcard/src/domain/building/mobile-im/im-section-generator.ts:392:28)
[90m    at processTicksAndRejections (node:internal/process/task_queues:103:5)[39m
    at generateMobileIM (C:/Users/User/cre-dealcard/src/domain/building/mobile-im/writer.ts:250:22)
    at Module.generateMobileIMHandler (C:/Users/User/cre-dealcard/src/app/api/broker/im-lite/generate/handler.ts:307:24
)
    at runPipelineForFixture (C:/Users/User/cre-dealcard/src/tests/e2e/posture-e2e-pipeline.test.ts:119:18)
    at C:/Users/User/cre-dealcard/src/tests/e2e/posture-e2e-pipeline.test.ts:325:34
    at [90mfile:///C:/Users/User/cre-dealcard/[39mnode_modules/[4m@vitest/runner[24m/dist/chunk-artifact.js:1903:20

[90mstderr[2m | src/tests/e2e/posture-e2e-pipeline.test.ts[2m > [22m[2m16-Case MECE Regression Suite (?ㅼ젣 LLM ?몄텧)
[2m > [22m[2mcase04_seongsu_atelier: ?깆닔 ?꾪?由ъ뿉湲??좎텞 [income]
[22m[39m[MockOpenAIProvider]process.env.OPENAI_API_KEY is missing or in test environment. Returning mock JSON respons
e.

[90mstderr[2m | src/tests/e2e/posture-e2e-pipeline.test.ts[2m > [22m[2m16-Case MECE Regression Suite (?ㅼ젣 LLM ?몄텧)
[2m > [22m[2mcase04_seongsu_atelier: ?깆닔 ?꾪?由ъ뿉湲??좎텞 [income]
[22m[39m[golden-im] Failed to build few-shot block: TypeError: supabase.from(...).select(...).eq(...).eq is not a fun
ction
    at buildIMFewShotBlock (C:/Users/User/cre-dealcard/src/domain/building/mobile-im/golden-im-manager.ts:134:8)
    at generateSingleSection (C:/Users/User/cre-dealcard/src/domain/building/mobile-im/im-section-generator.ts:204:30)
    at generateMobileIM (C:/Users/User/cre-dealcard/src/domain/building/mobile-im/writer.ts:250:28)
[90m    at processTicksAndRejections (node:internal/process/task_queues:103:5)[39m
    at Module.generateMobileIMHandler (C:/Users/User/cre-dealcard/src/app/api/broker/im-lite/generate/handler.ts:307:24
)
    at runPipelineForFixture (C:/Users/User/cre-dealcard/src/tests/e2e/posture-e2e-pipeline.test.ts:119:18)
    at C:/Users/User/cre-dealcard/src/tests/e2e/posture-e2e-pipeline.test.ts:325:34
    at [90mfile:///C:/Users/User/cre-dealcard/[39mnode_modules/[4m@vitest/runner[24m/dist/chunk-artifact.js:1903:20

[90mstderr[2m | src/tests/e2e/posture-e2e-pipeline.test.ts[2m > [22m[2m16-Case MECE Regression Suite (?ㅼ젣 LLM ?몄텧)
[2m > [22m[2mcase04_seongsu_atelier: ?깆닔 ?꾪?由ъ뿉湲??좎텞 [income]
[22m[39m[MockOpenAIProvider]process.env.OPENAI_API_KEY is missing or in test environment. Returning mock JSON respons
e.

[90mstderr[2m | src/tests/e2e/posture-e2e-pipeline.test.ts[2m > [22m[2m16-Case MECE Regression Suite (?ㅼ젣 LLM ?몄텧)
[2m > [22m[2mcase04_seongsu_atelier: ?깆닔 ?꾪?由ъ뿉湲??좎텞 [income]
[22m[39m[MockOpenAIProvider]process.env.OPENAI_API_KEY is missing or in test environment. Returning mock JSON respons
e.

[90mstderr[2m | src/tests/e2e/posture-e2e-pipeline.test.ts[2m > [22m[2m16-Case MECE Regression Suite (?ㅼ젣 LLM ?몄텧)
[2m > [22m[2mcase04_seongsu_atelier: ?깆닔 ?꾪?由ъ뿉湲??좎텞 [income]
[22m[39m[fewshot-tracker] Failed to update result score: TypeError: supabase.from(...).update is not a function
    at updateFewShotResultScore (C:/Users/User/cre-dealcard/src/domain/building/mobile-im/fewshot-tracker.ts:43:8)
    at generateSingleSection (C:/Users/User/cre-dealcard/src/domain/building/mobile-im/im-section-generator.ts:301:15)
[90m    at processTicksAndRejections (node:internal/process/task_queues:103:5)[39m
    at generateMobileIM (C:/Users/User/cre-dealcard/src/domain/building/mobile-im/writer.ts:250:22)
    at Module.generateMobileIMHandler (C:/Users/User/cre-dealcard/src/app/api/broker/im-lite/generate/handler.ts:307:24
)
    at runPipelineForFixture (C:/Users/User/cre-dealcard/src/tests/e2e/posture-e2e-pipeline.test.ts:119:18)
    at C:/Users/User/cre-dealcard/src/tests/e2e/posture-e2e-pipeline.test.ts:325:34
    at [90mfile:///C:/Users/User/cre-dealcard/[39mnode_modules/[4m@vitest/runner[24m/dist/chunk-artifact.js:1903:20
[fewshot-tracker] Failed to auto-promote: TypeError: supabase.from(...).select(...).eq(...).eq is not a function
    at promoteToGoldenCandidate (C:/Users/User/cre-dealcard/src/domain/building/mobile-im/fewshot-tracker.ts:168:8)
    at generateSingleSection (C:/Users/User/cre-dealcard/src/domain/building/mobile-im/im-section-generator.ts:303:17)
[90m    at processTicksAndRejections (node:internal/process/task_queues:103:5)[39m
    at generateMobileIM (C:/Users/User/cre-dealcard/src/domain/building/mobile-im/writer.ts:250:22)
    at Module.generateMobileIMHandler (C:/Users/User/cre-dealcard/src/app/api/broker/im-lite/generate/handler.ts:307:24
)
    at runPipelineForFixture (C:/Users/User/cre-dealcard/src/tests/e2e/posture-e2e-pipeline.test.ts:119:18)
    at C:/Users/User/cre-dealcard/src/tests/e2e/posture-e2e-pipeline.test.ts:325:34
    at [90mfile:///C:/Users/User/cre-dealcard/[39mnode_modules/[4m@vitest/runner[24m/dist/chunk-artifact.js:1903:20
[terminology-normalizer] Failed to load rules from DB, using fallback: TypeError: supabase.from(...).select(...).eq(...
).order is not a function
    at getTerminologyRules (C:/Users/User/cre-dealcard/src/domain/building/mobile-im/terminology-normalizer.ts:146:8)
    at normalizeTerminologyAsync (C:/Users/User/cre-dealcard/src/domain/building/mobile-im/terminology-normalizer.ts:24
5:23)
    at generateSingleSection (C:/Users/User/cre-dealcard/src/domain/building/mobile-im/im-section-generator.ts:392:28)
[90m    at processTicksAndRejections (node:internal/process/task_queues:103:5)[39m
    at generateMobileIM (C:/Users/User/cre-dealcard/src/domain/building/mobile-im/writer.ts:250:22)
    at Module.generateMobileIMHandler (C:/Users/User/cre-dealcard/src/app/api/broker/im-lite/generate/handler.ts:307:24
)
    at runPipelineForFixture (C:/Users/User/cre-dealcard/src/tests/e2e/posture-e2e-pipeline.test.ts:119:18)
    at C:/Users/User/cre-dealcard/src/tests/e2e/posture-e2e-pipeline.test.ts:325:34
    at [90mfile:///C:/Users/User/cre-dealcard/[39mnode_modules/[4m@vitest/runner[24m/dist/chunk-artifact.js:1903:20

[90mstderr[2m | src/tests/e2e/posture-e2e-pipeline.test.ts[2m > [22m[2m16-Case MECE Regression Suite (?ㅼ젣 LLM ?몄텧)
[2m > [22m[2mcase04_seongsu_atelier: ?깆닔 ?꾪?由ъ뿉湲??좎텞 [income]
[22m[39m[MockOpenAIProvider]process.env.OPENAI_API_KEY is missing or in test environment. Returning mock JSON respons
e.

[90mstderr[2m | src/tests/e2e/posture-e2e-pipeline.test.ts[2m > [22m[2m16-Case MECE Regression Suite (?ㅼ젣 LLM ?몄텧)
[2m > [22m[2mcase04_seongsu_atelier: ?깆닔 ?꾪?由ъ뿉湲??좎텞 [income]
[22m[39m[golden-im] Failed to build few-shot block: TypeError: supabase.from(...).select(...).eq(...).eq is not a fun
ction
    at buildIMFewShotBlock (C:/Users/User/cre-dealcard/src/domain/building/mobile-im/golden-im-manager.ts:134:8)
    at generateSingleSection (C:/Users/User/cre-dealcard/src/domain/building/mobile-im/im-section-generator.ts:204:30)
    at generateMobileIM (C:/Users/User/cre-dealcard/src/domain/building/mobile-im/writer.ts:250:28)
[90m    at processTicksAndRejections (node:internal/process/task_queues:103:5)[39m
    at Module.generateMobileIMHandler (C:/Users/User/cre-dealcard/src/app/api/broker/im-lite/generate/handler.ts:307:24
)
    at runPipelineForFixture (C:/Users/User/cre-dealcard/src/tests/e2e/posture-e2e-pipeline.test.ts:119:18)
    at C:/Users/User/cre-dealcard/src/tests/e2e/posture-e2e-pipeline.test.ts:325:34
    at [90mfile:///C:/Users/User/cre-dealcard/[39mnode_modules/[4m@vitest/runner[24m/dist/chunk-artifact.js:1903:20

[90mstderr[2m | src/domain/building/mobile-im/__tests__/e2e-real-property.test.ts[2m > [22m[2mE2E Real Property: ?
묓룊??媛 ?붾젅?쒕퉴??(income)[2m > [22m[2mIM ?앹꽦 ?뚯씠?꾨씪??[2m > [22m[2mE2E-YP-ANCHORS: ?묓룊???섏튂 ?듭빱 ???낅젰 蹂댁〈 諛??뱀뀡 援ъ“ 寃
利?[22m[39m[MockOpenAIProvider]process.env.OPENAI_API_KEY is missing or in test environment. Returning mock JSON resp
onse.

[90mstderr[2m | src/tests/e2e/posture-e2e-pipeline.test.ts[2m > [22m[2m16-Case MECE Regression Suite (?ㅼ젣 LLM ?몄텧)
[2m > [22m[2mcase04_seongsu_atelier: ?깆닔 ?꾪?由ъ뿉湲??좎텞 [income]
[22m[39m[MockOpenAIProvider]process.env.OPENAI_API_KEY is missing or in test environment. Returning mock JSON respons
e.

[90mstderr[2m | src/domain/building/mobile-im/__tests__/e2e-real-property.test.ts[2m > [22m[2mE2E Real Property: ?
묓룊??媛 ?붾젅?쒕퉴??(income)[2m > [22m[2mIM ?앹꽦 ?뚯씠?꾨씪??[2m > [22m[2mE2E-YP-ANCHORS: ?묓룊???섏튂 ?듭빱 ???낅젰 蹂댁〈 諛??뱀뀡 援ъ“ 寃
利?[22m[39m[MockOpenAIProvider]process.env.OPENAI_API_KEY is missing or in test environment. Returning mock JSON resp
onse.

[90mstderr[2m | src/tests/e2e/posture-e2e-pipeline.test.ts[2m > [22m[2m16-Case MECE Regression Suite (?ㅼ젣 LLM ?몄텧)
[2m > [22m[2mcase04_seongsu_atelier: ?깆닔 ?꾪?由ъ뿉湲??좎텞 [income]
[22m[39m[terminology-normalizer] Failed to load rules from DB, using fallback: TypeError: supabase.from(...).select(.
..).eq(...).order is not a function
    at getTerminologyRules (C:/Users/User/cre-dealcard/src/domain/building/mobile-im/terminology-normalizer.ts:146:8)
    at normalizeTerminologyAsync (C:/Users/User/cre-dealcard/src/domain/building/mobile-im/terminology-normalizer.ts:24
5:23)
    at generateSingleSection (C:/Users/User/cre-dealcard/src/domain/building/mobile-im/im-section-generator.ts:392:28)
[90m    at processTicksAndRejections (node:internal/process/task_queues:103:5)[39m
    at generateMobileIM (C:/Users/User/cre-dealcard/src/domain/building/mobile-im/writer.ts:250:22)
    at Module.generateMobileIMHandler (C:/Users/User/cre-dealcard/src/app/api/broker/im-lite/generate/handler.ts:307:24
)
    at runPipelineForFixture (C:/Users/User/cre-dealcard/src/tests/e2e/posture-e2e-pipeline.test.ts:119:18)
    at C:/Users/User/cre-dealcard/src/tests/e2e/posture-e2e-pipeline.test.ts:325:34
    at [90mfile:///C:/Users/User/cre-dealcard/[39mnode_modules/[4m@vitest/runner[24m/dist/chunk-artifact.js:1903:20

[90mstderr[2m | src/tests/e2e/posture-e2e-pipeline.test.ts[2m > [22m[2m16-Case MECE Regression Suite (?ㅼ젣 LLM ?몄텧)
[2m > [22m[2mcase04_seongsu_atelier: ?깆닔 ?꾪?由ъ뿉湲??좎텞 [income]
[22m[39m[MockOpenAIProvider]process.env.OPENAI_API_KEY is missing or in test environment. Returning mock JSON respons
e.

[90mstderr[2m | src/tests/e2e/posture-e2e-pipeline.test.ts[2m > [22m[2m16-Case MECE Regression Suite (?ㅼ젣 LLM ?몄텧)
[2m > [22m[2mcase04_seongsu_atelier: ?깆닔 ?꾪?由ъ뿉湲??좎텞 [income]
[22m[39m[mobile-im] Publish gates blocked: [ [32m'G05'[39m, [32m'G06'[39m, [32m'G08'[39m, [32m'G20'[39m, [32
m'G24'[39m ]
[cross-validator] 援먯감 寃利?寃곌낵 ??critical: 12, warning: 0, fields: [vacancy_narrative_contradiction, vacancy_narrative_c
ontradiction, vacancy_narrative_contradiction, vacancy_narrative_contradiction, vacancy_narrative_contradiction, vacanc
y_narrative_contradiction, vacancy_narrative_contradiction, vacancy_narrative_contradiction, vacancy_narrative_contradi
ction, vacancy_narrative_contradiction, vacancy_narrative_contradiction, vacancy_narrative_contradiction]

[90mstderr[2m | src/domain/building/mobile-im/__tests__/l5-pipeline-e2e.test.ts[2m > [22m[2mL5: Full Pipeline E2E 
& System Invariants (25 cases)[2m > [22m[2mPersona Isolation Principle (AGENTS.md Rule 1)[2m > [22m[2mL5-PERSONA-
01: Generated content must never contain explicit persona labels
[22m[39m[MockOpenAIProvider]process.env.OPENAI_API_KEY is missing or in test environment. Returning mock JSON respons
e.

[90mstderr[2m | src/tests/e2e/posture-e2e-pipeline.test.ts[2m > [22m[2m16-Case MECE Regression Suite (?ㅼ젣 LLM ?몄텧)
[2m > [22m[2mcase05_seongsu_hq: ?깆닔 IT諛몃━ ?듭궗??[owner_occupied]
[22m[39m[terminology-normalizer] Failed to load rules from DB, using fallback: TypeError: supabase.from(...).select(.
..).eq(...).order is not a function
    at getTerminologyRules (C:/Users/User/cre-dealcard/src/domain/building/mobile-im/terminology-normalizer.ts:146:8)
 [32m??[39m src/tests/e2e/p0-graceful-degradation.test.ts [2m([22m[2m15 tests[22m[2m)[22m[33m 2407[2mms[22m[39m
     [33m[2m??[22m[39m T01-01: 5 sections with empty markdown + valid section_type -> no blank slides, only cover/summary/closing survive [33m 1397[2mms[22m[39m
     [33m[2m??[22m[39m T01-05: Section with markdown containing only bold key-value pairs but no table -> should still render [33m 372[2mms[22m[39m
[90mstdout[2m | src/tests/e2e/posture-e2e-pipeline.test.ts[2m > [22m[2m16-Case MECE Regression Suite (?ㅼ젣 LLM ?몄텧)[2m > [22m[2mcase05_seongsu_hq: ?깆닔 IT諛몃━ ?듭궗??[owner_occupied]
[22m[39m[im-handler] gradeResult: B [33m61[39m directData present: [33mfalse[39m

 [32m??[39m src/tests/e2e/p2-accessibility.test.ts [2m([22m[2m11 tests[22m[2m)[22m[33m 2310[2mms[22m[39m
    at normalizeTerminologyAsync (C:/Users/User/cre-dealcard/src/domain/building/mobile-im/terminology-normalizer.ts:24
5:23)
    at deepNormalizeStringsAsync (C:/Users/User/cre-dealcard/src/domain/building/mobile-im/im-context-builder.ts:117:23
)
    at deepNormalizeStringsAsync (C:/Users/User/cre-dealcard/src/domain/building/mobile-im/im-context-builder.ts:126:24
)
    at buildIMContext (C:/Users/User/cre-dealcard/src/domain/building/mobile-im/im-context-builder.ts:170:24)
    at generateMobileIM (C:/Users/User/cre-dealcard/src/domain/building/mobile-im/writer.ts:76:15)
    at Module.generateMobileIMHandler (C:/Users/User/cre-dealcard/src/app/api/broker/im-lite/generate/handler.ts:307:24
)
    at runPipelineForFixture (C:/Users/User/cre-dealcard/src/tests/e2e/posture-e2e-pipeline.test.ts:119:18)
    at C:/Users/User/cre-dealcard/src/tests/e2e/posture-e2e-pipeline.test.ts:325:34
    at [90mfile:///C:/Users/User/cre-dealcard/[39mnode_modules/[4m@vitest/runner[24m/dist/chunk-artifact.js:1903:20

[90mstderr[2m | src/domain/building/mobile-im/__tests__/e2e-real-property.test.ts[2m > [22m[2mE2E Real Property: ?
묓룊??媛 ?붾젅?쒕퉴??(income)[2m > [22m[2mIM ?앹꽦 ?뚯씠?꾨씪??[2m > [22m[2mE2E-YP-ANCHORS: ?묓룊???섏튂 ?듭빱 ???낅젰 蹂댁〈 諛??뱀뀡 援ъ“ 寃
利?[22m[39m[MockOpenAIProvider]process.env.OPENAI_API_KEY is missing or in test environment. Returning mock JSON resp
onse.

[90mstderr[2m | src/domain/building/mobile-im/__tests__/l5-pipeline-e2e.test.ts[2m > [22m[2mL5: Full Pipeline E2E 
& System Invariants (25 cases)[2m > [22m[2mPersona Isolation Principle (AGENTS.md Rule 1)[2m > [22m[2mL5-PERSONA-
01: Generated content must never contain explicit persona labels
[22m[39m[MockOpenAIProvider]process.env.OPENAI_API_KEY is missing or in test environment. Returning mock JSON respons
e.

[90mstderr[2m | src/tests/ai/prompt-regression.test.ts[2m > [22m[2mAI Prompt Regression & Golden Testset[2m > [2
2m[2mshould parse all golden cases successfully and satisfy accuracy threshold
[22m[39m[MockOpenAIProvider]process.env.OPENAI_API_KEY is missing or in test environment. Returning mock JSON respons
e.

[90mstderr[2m | src/tests/e2e/posture-e2e-pipeline.test.ts[2m > [22m[2m16-Case MECE Regression Suite (?ㅼ젣 LLM ?몄텧)
[2m > [22m[2mcase05_seongsu_hq: ?깆닔 IT諛몃━ ?듭궗??[owner_occupied]
[22m[39m[CRE-RAG] Hybrid search failed: TypeError: rpcClient.rpc is not a function
    at searchSimilarIMs (C:/Users/User/cre-dealcard/src/domain/building/mobile-im/cre-rag-service.ts:60:45)
[90m    at processTicksAndRejections (node:internal/process/task_queues:103:5)[39m
    at generateRAGContext (C:/Users/User/cre-dealcard/src/domain/building/mobile-im/cre-rag-service.ts:128:16)
    at buildIMContext (C:/Users/User/cre-dealcard/src/domain/building/mobile-im/im-context-builder.ts:274:14)
    at generateMobileIM (C:/Users/User/cre-dealcard/src/domain/building/mobile-im/writer.ts:76:15)
    at Module.generateMobileIMHandler (C:/Users/User/cre-dealcard/src/app/api/broker/im-lite/generate/handler.ts:307:24
)
    at runPipelineForFixture (C:/Users/User/cre-dealcard/src/tests/e2e/posture-e2e-pipeline.test.ts:119:18)
    at C:/Users/User/cre-dealcard/src/tests/e2e/posture-e2e-pipeline.test.ts:325:34
    at [90mfile:///C:/Users/User/cre-dealcard/[39mnode_modules/[4m@vitest/runner[24m/dist/chunk-artifact.js:1903:20

[90mstdout[2m | src/tests/e2e/posture-e2e-pipeline.test.ts[2m > [22m[2m16-Case MECE Regression Suite (?ㅼ젣 LLM ?몄텧)[2m > [22m[2mcase05_seongsu_hq: ?깆닔 IT諛몃━ ?듭궗??[owner_occupied]
[22m[39m[mobile-im-writer] Prompt variant: writer_system_v2 (v2.0), isLogistics=false, posture=owner_occupied

[90mstderr[2m | src/tests/e2e/posture-e2e-pipeline.test.ts[2m > [22m[2m16-Case MECE Regression Suite (?ㅼ젣 LLM ?몄텧)
[2m > [22m[2mcase05_seongsu_hq: ?깆닔 IT諛몃━ ?듭궗??[owner_occupied]
[22m[39m[writer] Claim violations: [
  [32m"[G38] Calculation '9a181827-e9de-477b-acf5-b3292a411cff': basis='NOI'?몃뜲 怨듭젣 ??ぉ???놁뒿?덈떎. ?댁쁺鍮??놁씠 NOI瑜??곗텧????
?놁뒿?덈떎."[39m,
  [32m"[G38] Calculation 'f2d36599-86b1-4d78-a1d2-43c609e38f62': basis='NOI'?몃뜲 怨듭젣 ??ぉ???놁뒿?덈떎. ?댁쁺鍮??놁씠 NOI瑜??곗텧????
?놁뒿?덈떎."[39m,
  [32m"[G38] Calculation '1110f5e2-6246-41a8-8734-3a74285f3aa7': basis='NOI'?몃뜲 怨듭젣 ??ぉ???놁뒿?덈떎. ?댁쁺鍮??놁씠 NOI瑜??곗텧????
?놁뒿?덈떎."[39m
]
[golden-im] Failed to build few-shot block: TypeError: supabase.from(...).select(...).eq(...).eq is not a function
    at buildIMFewShotBlock (C:/Users/User/cre-dealcard/src/domain/building/mobile-im/golden-im-manager.ts:134:8)
    at generateSingleSection (C:/Users/User/cre-dealcard/src/domain/building/mobile-im/im-section-generator.ts:204:30)
    at C:/Users/User/cre-dealcard/src/domain/building/mobile-im/writer.ts:161:32
    at Array.map (<anonymous>)
    at generateMobileIM (C:/Users/User/cre-dealcard/src/domain/building/mobile-im/writer.ts:159:43)
[90m    at processTicksAndRejections (node:internal/process/task_queues:103:5)[39m
    at Module.generateMobileIMHandler (C:/Users/User/cre-dealcard/src/app/api/broker/im-lite/generate/handler.ts:307:24
)
    at runPipelineForFixture (C:/Users/User/cre-dealcard/src/tests/e2e/posture-e2e-pipeline.test.ts:119:18)
    at C:/Users/User/cre-dealcard/src/tests/e2e/posture-e2e-pipeline.test.ts:325:34
    at [90mfile:///C:/Users/User/cre-dealcard/[39mnode_modules/[4m@vitest/runner[24m/dist/chunk-artifact.js:1903:20
[golden-im] Failed to build few-shot block: TypeError: supabase.from(...).select(...).eq(...).eq is not a function
    at buildIMFewShotBlock (C:/Users/User/cre-dealcard/src/domain/building/mobile-im/golden-im-manager.ts:134:8)
    at generateSingleSection (C:/Users/User/cre-dealcard/src/domain/building/mobile-im/im-section-generator.ts:204:30)
    at C:/Users/User/cre-dealcard/src/domain/building/mobile-im/writer.ts:161:32
    at Array.map (<anonymous>)
    at generateMobileIM (C:/Users/User/cre-dealcard/src/domain/building/mobile-im/writer.ts:159:43)
[90m    at processTicksAndRejections (node:internal/process/task_queues:103:5)[39m
    at Module.generateMobileIMHandler (C:/Users/User/cre-dealcard/src/app/api/broker/im-lite/generate/handler.ts:307:24
)
    at runPipelineForFixture (C:/Users/User/cre-dealcard/src/tests/e2e/posture-e2e-pipeline.test.ts:119:18)
    at C:/Users/User/cre-dealcard/src/tests/e2e/posture-e2e-pipeline.test.ts:325:34
    at [90mfile:///C:/Users/User/cre-dealcard/[39mnode_modules/[4m@vitest/runner[24m/dist/chunk-artifact.js:1903:20
[golden-im] Failed to build few-shot block: TypeError: supabase.from(...).select(...).eq(...).eq is not a function
    at buildIMFewShotBlock (C:/Users/User/cre-dealcard/src/domain/building/mobile-im/golden-im-manager.ts:134:8)
    at generateSingleSection (C:/Users/User/cre-dealcard/src/domain/building/mobile-im/im-section-generator.ts:204:30)
    at C:/Users/User/cre-dealcard/src/domain/building/mobile-im/writer.ts:161:32
    at Array.map (<anonymous>)
    at generateMobileIM (C:/Users/User/cre-dealcard/src/domain/building/mobile-im/writer.ts:159:43)
[90m    at processTicksAndRejections (node:internal/process/task_queues:103:5)[39m
    at Module.generateMobileIMHandler (C:/Users/User/cre-dealcard/src/app/api/broker/im-lite/generate/handler.ts:307:24
)
    at runPipelineForFixture (C:/Users/User/cre-dealcard/src/tests/e2e/posture-e2e-pipeline.test.ts:119:18)
    at C:/Users/User/cre-dealcard/src/tests/e2e/posture-e2e-pipeline.test.ts:325:34
    at [90mfile:///C:/Users/User/cre-dealcard/[39mnode_modules/[4m@vitest/runner[24m/dist/chunk-artifact.js:1903:20
[golden-im] Failed to build few-shot block: TypeError: supabase.from(...).select(...).eq(...).eq is not a function
    at buildIMFewShotBlock (C:/Users/User/cre-dealcard/src/domain/building/mobile-im/golden-im-manager.ts:134:8)
    at generateSingleSection (C:/Users/User/cre-dealcard/src/domain/building/mobile-im/im-section-generator.ts:204:30)
    at C:/Users/User/cre-dealcard/src/domain/building/mobile-im/writer.ts:161:32
    at Array.map (<anonymous>)
    at generateMobileIM (C:/Users/User/cre-dealcard/src/domain/building/mobile-im/writer.ts:159:43)
[90m    at processTicksAndRejections (node:internal/process/task_queues:103:5)[39m
    at Module.generateMobileIMHandler (C:/Users/User/cre-dealcard/src/app/api/broker/im-lite/generate/handler.ts:307:24
)
    at runPipelineForFixture (C:/Users/User/cre-dealcard/src/tests/e2e/posture-e2e-pipeline.test.ts:119:18)
    at C:/Users/User/cre-dealcard/src/tests/e2e/posture-e2e-pipeline.test.ts:325:34
    at [90mfile:///C:/Users/User/cre-dealcard/[39mnode_modules/[4m@vitest/runner[24m/dist/chunk-artifact.js:1903:20
[golden-im] Failed to build few-shot block: TypeError: supabase.from(...).select(...).eq(...).eq is not a function
    at buildIMFewShotBlock (C:/Users/User/cre-dealcard/src/domain/building/mobile-im/golden-im-manager.ts:134:8)
    at generateSingleSection (C:/Users/User/cre-dealcard/src/domain/building/mobile-im/im-section-generator.ts:204:30)
    at C:/Users/User/cre-dealcard/src/domain/building/mobile-im/writer.ts:161:32
    at Array.map (<anonymous>)
    at generateMobileIM (C:/Users/User/cre-dealcard/src/domain/building/mobile-im/writer.ts:159:43)
[90m    at processTicksAndRejections (node:internal/process/task_queues:103:5)[39m
    at Module.generateMobileIMHandler (C:/Users/User/cre-dealcard/src/app/api/broker/im-lite/generate/handler.ts:307:24
)
    at runPipelineForFixture (C:/Users/User/cre-dealcard/src/tests/e2e/posture-e2e-pipeline.test.ts:119:18)
    at C:/Users/User/cre-dealcard/src/tests/e2e/posture-e2e-pipeline.test.ts:325:34
    at [90mfile:///C:/Users/User/cre-dealcard/[39mnode_modules/[4m@vitest/runner[24m/dist/chunk-artifact.js:1903:20
[MockOpenAIProvider]process.env.OPENAI_API_KEY is missing or in test environment. Returning mock JSON response.
[MockOpenAIProvider]process.env.OPENAI_API_KEY is missing or in test environment. Returning mock JSON response.
[MockOpenAIProvider]process.env.OPENAI_API_KEY is missing or in test environment. Returning mock JSON response.
[MockOpenAIProvider]process.env.OPENAI_API_KEY is missing or in test environment. Returning mock JSON response.
[MockOpenAIProvider]process.env.OPENAI_API_KEY is missing or in test environment. Returning mock JSON response.

[90mstderr[2m | src/tests/e2e/posture-e2e-pipeline.test.ts[2m > [22m[2m16-Case MECE Regression Suite (?ㅼ젣 LLM ?몄텧)
[2m > [22m[2mcase05_seongsu_hq: ?깆닔 IT諛몃━ ?듭궗??[owner_occupied]
[22m[39m[terminology-normalizer] Failed to load rules from DB, using fallback: TypeError: supabase.from(...).select(.
..).eq(...).order is not a function
    at getTerminologyRules (C:/Users/User/cre-dealcard/src/domain/building/mobile-im/terminology-normalizer.ts:146:8)
    at normalizeTerminologyAsync (C:/Users/User/cre-dealcard/src/domain/building/mobile-im/terminology-normalizer.ts:24
5:23)
    at generateSingleSection (C:/Users/User/cre-dealcard/src/domain/building/mobile-im/im-section-generator.ts:392:28)
[90m    at processTicksAndRejections (node:internal/process/task_queues:103:5)[39m
    at async Promise.allSettled (index 0)
    at generateMobileIM (C:/Users/User/cre-dealcard/src/domain/building/mobile-im/writer.ts:190:23)
    at Module.generateMobileIMHandler (C:/Users/User/cre-dealcard/src/app/api/broker/im-lite/generate/handler.ts:307:24
)
    at runPipelineForFixture (C:/Users/User/cre-dealcard/src/tests/e2e/posture-e2e-pipeline.test.ts:119:18)
    at C:/Users/User/cre-dealcard/src/tests/e2e/posture-e2e-pipeline.test.ts:325:34
    at [90mfile:///C:/Users/User/cre-dealcard/[39mnode_modules/[4m@vitest/runner[24m/dist/chunk-artifact.js:1903:20
[terminology-normalizer] Failed to load rules from DB, using fallback: TypeError: supabase.from(...).select(...).eq(...
).order is not a function
    at getTerminologyRules (C:/Users/User/cre-dealcard/src/domain/building/mobile-im/terminology-normalizer.ts:146:8)
    at normalizeTerminologyAsync (C:/Users/User/cre-dealcard/src/domain/building/mobile-im/terminology-normalizer.ts:24
5:23)
    at generateSingleSection (C:/Users/User/cre-dealcard/src/domain/building/mobile-im/im-section-generator.ts:392:28)
[90m    at processTicksAndRejections (node:internal/process/task_queues:103:5)[39m
    at async Promise.allSettled (index 1)
    at generateMobileIM (C:/Users/User/cre-dealcard/src/domain/building/mobile-im/writer.ts:190:23)
    at Module.generateMobileIMHandler (C:/Users/User/cre-dealcard/src/app/api/broker/im-lite/generate/handler.ts:307:24
)
    at runPipelineForFixture (C:/Users/User/cre-dealcard/src/tests/e2e/posture-e2e-pipeline.test.ts:119:18)
    at C:/Users/User/cre-dealcard/src/tests/e2e/posture-e2e-pipeline.test.ts:325:34
    at [90mfile:///C:/Users/User/cre-dealcard/[39mnode_modules/[4m@vitest/runner[24m/dist/chunk-artifact.js:1903:20
[terminology-normalizer] Failed to load rules from DB, using fallback: TypeError: supabase.from(...).select(...).eq(...
).order is not a function
    at getTerminologyRules (C:/Users/User/cre-dealcard/src/domain/building/mobile-im/terminology-normalizer.ts:146:8)
    at normalizeTerminologyAsync (C:/Users/User/cre-dealcard/src/domain/building/mobile-im/terminology-normalizer.ts:24
5:23)
    at generateSingleSection (C:/Users/User/cre-dealcard/src/domain/building/mobile-im/im-section-generator.ts:392:28)
[90m    at processTicksAndRejections (node:internal/process/task_queues:103:5)[39m
    at async Promise.allSettled (index 2)
    at generateMobileIM (C:/Users/User/cre-dealcard/src/domain/building/mobile-im/writer.ts:190:23)
    at Module.generateMobileIMHandler (C:/Users/User/cre-dealcard/src/app/api/broker/im-lite/generate/handler.ts:307:24
)
    at runPipelineForFixture (C:/Users/User/cre-dealcard/src/tests/e2e/posture-e2e-pipeline.test.ts:119:18)
    at C:/Users/User/cre-dealcard/src/tests/e2e/posture-e2e-pipeline.test.ts:325:34
    at [90mfile:///C:/Users/User/cre-dealcard/[39mnode_modules/[4m@vitest/runner[24m/dist/chunk-artifact.js:1903:20
[terminology-normalizer] Failed to load rules from DB, using fallback: TypeError: supabase.from(...).select(...).eq(...
).order is not a function
    at getTerminologyRules (C:/Users/User/cre-dealcard/src/domain/building/mobile-im/terminology-normalizer.ts:146:8)
    at normalizeTerminologyAsync (C:/Users/User/cre-dealcard/src/domain/building/mobile-im/terminology-normalizer.ts:24
5:23)
    at generateSingleSection (C:/Users/User/cre-dealcard/src/domain/building/mobile-im/im-section-generator.ts:392:28)
[90m    at processTicksAndRejections (node:internal/process/task_queues:103:5)[39m
    at async Promise.allSettled (index 3)
    at generateMobileIM (C:/Users/User/cre-dealcard/src/domain/building/mobile-im/writer.ts:190:23)
    at Module.generateMobileIMHandler (C:/Users/User/cre-dealcard/src/app/api/broker/im-lite/generate/handler.ts:307:24
)
    at runPipelineForFixture (C:/Users/User/cre-dealcard/src/tests/e2e/posture-e2e-pipeline.test.ts:119:18)
    at C:/Users/User/cre-dealcard/src/tests/e2e/posture-e2e-pipeline.test.ts:325:34
    at [90mfile:///C:/Users/User/cre-dealcard/[39mnode_modules/[4m@vitest/runner[24m/dist/chunk-artifact.js:1903:20
[terminology-normalizer] Failed to load rules from DB, using fallback: TypeError: supabase.from(...).select(...).eq(...
).order is not a function
    at getTerminologyRules (C:/Users/User/cre-dealcard/src/domain/building/mobile-im/terminology-normalizer.ts:146:8)
    at normalizeTerminologyAsync (C:/Users/User/cre-dealcard/src/domain/building/mobile-im/terminology-normalizer.ts:24
5:23)
    at generateSingleSection (C:/Users/User/cre-dealcard/src/domain/building/mobile-im/im-section-generator.ts:392:28)
[90m    at processTicksAndRejections (node:internal/process/task_queues:103:5)[39m
    at async Promise.allSettled (index 4)
    at generateMobileIM (C:/Users/User/cre-dealcard/src/domain/building/mobile-im/writer.ts:190:23)
    at Module.generateMobileIMHandler (C:/Users/User/cre-dealcard/src/app/api/broker/im-lite/generate/handler.ts:307:24
)
    at runPipelineForFixture (C:/Users/User/cre-dealcard/src/tests/e2e/posture-e2e-pipeline.test.ts:119:18)
    at C:/Users/User/cre-dealcard/src/tests/e2e/posture-e2e-pipeline.test.ts:325:34
    at [90mfile:///C:/Users/User/cre-dealcard/[39mnode_modules/[4m@vitest/runner[24m/dist/chunk-artifact.js:1903:20

[90mstderr[2m | src/tests/e2e/posture-e2e-pipeline.test.ts[2m > [22m[2m16-Case MECE Regression Suite (?ㅼ젣 LLM ?몄텧)
[2m > [22m[2mcase05_seongsu_hq: ?깆닔 IT諛몃━ ?듭궗??[owner_occupied]
[22m[39m[MockOpenAIProvider]process.env.OPENAI_API_KEY is missing or in test environment. Returning mock JSON respons
e.
[MockOpenAIProvider]process.env.OPENAI_API_KEY is missing or in test environment. Returning mock JSON response.
[MockOpenAIProvider]process.env.OPENAI_API_KEY is missing or in test environment. Returning mock JSON response.
[MockOpenAIProvider]process.env.OPENAI_API_KEY is missing or in test environment. Returning mock JSON response.
[MockOpenAIProvider]process.env.OPENAI_API_KEY is missing or in test environment. Returning mock JSON response.

[90mstderr[2m | src/tests/e2e/posture-e2e-pipeline.test.ts[2m > [22m[2m16-Case MECE Regression Suite (?ㅼ젣 LLM ?몄텧)
[2m > [22m[2mcase05_seongsu_hq: ?깆닔 IT諛몃━ ?듭궗??[owner_occupied]
[22m[39m[golden-im] Failed to build few-shot block: TypeError: supabase.from(...).select(...).eq(...).eq is not a fun
ction
    at buildIMFewShotBlock (C:/Users/User/cre-dealcard/src/domain/building/mobile-im/golden-im-manager.ts:134:8)
    at generateSingleSection (C:/Users/User/cre-dealcard/src/domain/building/mobile-im/im-section-generator.ts:204:30)
    at generateMobileIM (C:/Users/User/cre-dealcard/src/domain/building/mobile-im/writer.ts:250:28)
[90m    at processTicksAndRejections (node:internal/process/task_queues:103:5)[39m
    at Module.generateMobileIMHandler (C:/Users/User/cre-dealcard/src/app/api/broker/im-lite/generate/handler.ts:307:24
)
    at runPipelineForFixture (C:/Users/User/cre-dealcard/src/tests/e2e/posture-e2e-pipeline.test.ts:119:18)
    at C:/Users/User/cre-dealcard/src/tests/e2e/posture-e2e-pipeline.test.ts:325:34
    at [90mfile:///C:/Users/User/cre-dealcard/[39mnode_modules/[4m@vitest/runner[24m/dist/chunk-artifact.js:1903:20

[90mstderr[2m | src/tests/e2e/posture-e2e-pipeline.test.ts[2m > [22m[2m16-Case MECE Regression Suite (?ㅼ젣 LLM ?몄텧)
[2m > [22m[2mcase05_seongsu_hq: ?깆닔 IT諛몃━ ?듭궗??[owner_occupied]
[22m[39m[MockOpenAIProvider]process.env.OPENAI_API_KEY is missing or in test environment. Returning mock JSON respons
e.

[90mstderr[2m | src/tests/e2e/posture-e2e-pipeline.test.ts[2m > [22m[2m16-Case MECE Regression Suite (?ㅼ젣 LLM ?몄텧)
[2m > [22m[2mcase05_seongsu_hq: ?깆닔 IT諛몃━ ?듭궗??[owner_occupied]
[22m[39m[terminology-normalizer] Failed to load rules from DB, using fallback: TypeError: supabase.from(...).select(.
..).eq(...).order is not a function
    at getTerminologyRules (C:/Users/User/cre-dealcard/src/domain/building/mobile-im/terminology-normalizer.ts:146:8)
    at normalizeTerminologyAsync (C:/Users/User/cre-dealcard/src/domain/building/mobile-im/terminology-normalizer.ts:24
5:23)
    at generateSingleSection (C:/Users/User/cre-dealcard/src/domain/building/mobile-im/im-section-generator.ts:392:28)
[90m    at processTicksAndRejections (node:internal/process/task_queues:103:5)[39m
    at generateMobileIM (C:/Users/User/cre-dealcard/src/domain/building/mobile-im/writer.ts:250:22)
    at Module.generateMobileIMHandler (C:/Users/User/cre-dealcard/src/app/api/broker/im-lite/generate/handler.ts:307:24
)
    at runPipelineForFixture (C:/Users/User/cre-dealcard/src/tests/e2e/posture-e2e-pipeline.test.ts:119:18)
    at C:/Users/User/cre-dealcard/src/tests/e2e/posture-e2e-pipeline.test.ts:325:34
    at [90mfile:///C:/Users/User/cre-dealcard/[39mnode_modules/[4m@vitest/runner[24m/dist/chunk-artifact.js:1903:20

[90mstderr[2m | src/tests/e2e/posture-e2e-pipeline.test.ts[2m > [22m[2m16-Case MECE Regression Suite (?ㅼ젣 LLM ?몄텧)
[2m > [22m[2mcase05_seongsu_hq: ?깆닔 IT諛몃━ ?듭궗??[owner_occupied]
[22m[39m[MockOpenAIProvider]process.env.OPENAI_API_KEY is missing or in test environment. Returning mock JSON respons
e.

[90mstderr[2m | src/tests/e2e/posture-e2e-pipeline.test.ts[2m > [22m[2m16-Case MECE Regression Suite (?ㅼ젣 LLM ?몄텧)
[2m > [22m[2mcase05_seongsu_hq: ?깆닔 IT諛몃━ ?듭궗??[owner_occupied]
[22m[39m[golden-im] Failed to build few-shot block: TypeError: supabase.from(...).select(...).eq(...).eq is not a fun
ction
    at buildIMFewShotBlock (C:/Users/User/cre-dealcard/src/domain/building/mobile-im/golden-im-manager.ts:134:8)
    at generateSingleSection (C:/Users/User/cre-dealcard/src/domain/building/mobile-im/im-section-generator.ts:204:30)
    at generateMobileIM (C:/Users/User/cre-dealcard/src/domain/building/mobile-im/writer.ts:250:28)
[90m    at processTicksAndRejections (node:internal/process/task_queues:103:5)[39m
    at Module.generateMobileIMHandler (C:/Users/User/cre-dealcard/src/app/api/broker/im-lite/generate/handler.ts:307:24
)
    at runPipelineForFixture (C:/Users/User/cre-dealcard/src/tests/e2e/posture-e2e-pipeline.test.ts:119:18)
    at C:/Users/User/cre-dealcard/src/tests/e2e/posture-e2e-pipeline.test.ts:325:34
    at [90mfile:///C:/Users/User/cre-dealcard/[39mnode_modules/[4m@vitest/runner[24m/dist/chunk-artifact.js:1903:20

[90mstderr[2m | src/tests/e2e/posture-e2e-pipeline.test.ts[2m > [22m[2m16-Case MECE Regression Suite (?ㅼ젣 LLM ?몄텧)
[2m > [22m[2mcase05_seongsu_hq: ?깆닔 IT諛몃━ ?듭궗??[owner_occupied]
[22m[39m[MockOpenAIProvider]process.env.OPENAI_API_KEY is missing or in test environment. Returning mock JSON respons
e.

[90mstderr[2m | src/tests/e2e/posture-e2e-pipeline.test.ts[2m > [22m[2m16-Case MECE Regression Suite (?ㅼ젣 LLM ?몄텧)
[2m > [22m[2mcase05_seongsu_hq: ?깆닔 IT諛몃━ ?듭궗??[owner_occupied]
[90mstdout[2m | src/domain/building/mobile-im/__tests__/e2e-real-property.test.ts[2m > [22m[2mE2E Real Property: ?묓룊??媛 ?붾젅?쒕퉴??(income)[2m > [22m[2mIM ?앹꽦 ?뚯씠?꾨씪??[2m > [22m[2mE2E-YP-ANCHORS: ?묓룊???섏튂 ?듭빱 ???낅젰 蹂댁〈 諛??뱀뀡 援ъ“ 寃利?[22m[39m[fewshot-tracker] Golden candidate registered (pending approval): risk_check of doc gen_lw3pi723jp_1788689495828 (Score: 5)

[22m[39m[MockOpenAIProvider]process.env.OPENAI_API_KEY is missing or in test environment. Returning mock JSON respons
e.

[90mstderr[2m | src/tests/e2e/posture-e2e-pipeline.test.ts[2m > [22m[2m16-Case MECE Regression Suite (?ㅼ젣 LLM ?몄텧)
[2m > [22m[2mcase05_seongsu_hq: ?깆닔 IT諛몃━ ?듭궗??[owner_occupied]
[22m[39m[fewshot-tracker] Failed to update result score: TypeError: supabase.from(...).update is not a function
    at updateFewShotResultScore (C:/Users/User/cre-dealcard/src/domain/building/mobile-im/fewshot-tracker.ts:43:8)
    at generateSingleSection (C:/Users/User/cre-dealcard/src/domain/building/mobile-im/im-section-generator.ts:301:15)
[90m    at processTicksAndRejections (node:internal/process/task_queues:103:5)[39m
    at generateMobileIM (C:/Users/User/cre-dealcard/src/domain/building/mobile-im/writer.ts:250:22)
    at Module.generateMobileIMHandler (C:/Users/User/cre-dealcard/src/app/api/broker/im-lite/generate/handler.ts:307:24
)
    at runPipelineForFixture (C:/Users/User/cre-dealcard/src/tests/e2e/posture-e2e-pipeline.test.ts:119:18)
    at C:/Users/User/cre-dealcard/src/tests/e2e/posture-e2e-pipeline.test.ts:325:34
    at [90mfile:///C:/Users/User/cre-dealcard/[39mnode_modules/[4m@vitest/runner[24m/dist/chunk-artifact.js:1903:20
[fewshot-tracker] Failed to auto-promote: TypeError: supabase.from(...).select(...).eq(...).eq is not a function
    at promoteToGoldenCandidate (C:/Users/User/cre-dealcard/src/domain/building/mobile-im/fewshot-tracker.ts:168:8)
    at generateSingleSection (C:/Users/User/cre-dealcard/src/domain/building/mobile-im/im-section-generator.ts:303:17)
[90m    at processTicksAndRejections (node:internal/process/task_queues:103:5)[39m
    at generateMobileIM (C:/Users/User/cre-dealcard/src/domain/building/mobile-im/writer.ts:250:22)
    at Module.generateMobileIMHandler (C:/Users/User/cre-dealcard/src/app/api/broker/im-lite/generate/handler.ts:307:24
)
    at runPipelineForFixture (C:/Users/User/cre-dealcard/src/tests/e2e/posture-e2e-pipeline.test.ts:119:18)
    at C:/Users/User/cre-dealcard/src/tests/e2e/posture-e2e-pipeline.test.ts:325:34
    at [90mfile:///C:/Users/User/cre-dealcard/[39mnode_modules/[4m@vitest/runner[24m/dist/chunk-artifact.js:1903:20
[terminology-normalizer] Failed to load rules from DB, using fallback: TypeError: supabase.from(...).select(...).eq(...
).order is not a function
    at getTerminologyRules (C:/Users/User/cre-dealcard/src/domain/building/mobile-im/terminology-normalizer.ts:146:8)
    at normalizeTerminologyAsync (C:/Users/User/cre-dealcard/src/domain/building/mobile-im/terminology-normalizer.ts:24
5:23)
    at generateSingleSection (C:/Users/User/cre-dealcard/src/domain/building/mobile-im/im-section-generator.ts:392:28)
[90m    at processTicksAndRejections (node:internal/process/task_queues:103:5)[39m
    at generateMobileIM (C:/Users/User/cre-dealcard/src/domain/building/mobile-im/writer.ts:250:22)
    at Module.generateMobileIMHandler (C:/Users/User/cre-dealcard/src/app/api/broker/im-lite/generate/handler.ts:307:24
)
    at runPipelineForFixture (C:/Users/User/cre-dealcard/src/tests/e2e/posture-e2e-pipeline.test.ts:119:18)
    at C:/Users/User/cre-dealcard/src/tests/e2e/posture-e2e-pipeline.test.ts:325:34
    at [90mfile:///C:/Users/User/cre-dealcard/[39mnode_modules/[4m@vitest/runner[24m/dist/chunk-artifact.js:1903:20

[90mstderr[2m | src/tests/e2e/posture-e2e-pipeline.test.ts[2m > [22m[2m16-Case MECE Regression Suite (?ㅼ젣 LLM ?몄텧)
[2m > [22m[2mcase05_seongsu_hq: ?깆닔 IT諛몃━ ?듭궗??[owner_occupied]
[22m[39m[MockOpenAIProvider]process.env.OPENAI_API_KEY is missing or in test environment. Returning mock JSON respons
e.

[90mstderr[2m | src/tests/e2e/posture-e2e-pipeline.test.ts[2m > [22m[2m16-Case MECE Regression Suite (?ㅼ젣 LLM ?몄텧)
[2m > [22m[2mcase05_seongsu_hq: ?깆닔 IT諛몃━ ?듭궗??[owner_occupied]
[22m[39m[golden-im] Failed to build few-shot block: TypeError: supabase.from(...).select(...).eq(...).eq is not a fun
ction
    at buildIMFewShotBlock (C:/Users/User/cre-dealcard/src/domain/building/mobile-im/golden-im-manager.ts:134:8)
    at generateSingleSection (C:/Users/User/cre-dealcard/src/domain/building/mobile-im/im-section-generator.ts:204:30)
    at generateMobileIM (C:/Users/User/cre-dealcard/src/domain/building/mobile-im/writer.ts:250:28)
[90m    at processTicksAndRejections (node:internal/process/task_queues:103:5)[39m
    at Module.generateMobileIMHandler (C:/Users/User/cre-dealcard/src/app/api/broker/im-lite/generate/handler.ts:307:24
)
    at runPipelineForFixture (C:/Users/User/cre-dealcard/src/tests/e2e/posture-e2e-pipeline.test.ts:119:18)
    at C:/Users/User/cre-dealcard/src/tests/e2e/posture-e2e-pipeline.test.ts:325:34
    at [90mfile:///C:/Users/User/cre-dealcard/[39mnode_modules/[4m@vitest/runner[24m/dist/chunk-artifact.js:1903:20

[90mstderr[2m | src/tests/e2e/posture-e2e-pipeline.test.ts[2m > [22m[2m16-Case MECE Regression Suite (?ㅼ젣 LLM ?몄텧)
[2m > [22m[2mcase05_seongsu_hq: ?깆닔 IT諛몃━ ?듭궗??[owner_occupied]
[22m[39m[MockOpenAIProvider]process.env.OPENAI_API_KEY is missing or in test environment. Returning mock JSON respons
e.

[90mstderr[2m | src/tests/e2e/posture-e2e-pipeline.test.ts[2m > [22m[2m16-Case MECE Regression Suite (?ㅼ젣 LLM ?몄텧)
[2m > [22m[2mcase05_seongsu_hq: ?깆닔 IT諛몃━ ?듭궗??[owner_occupied]
[22m[39m[MockOpenAIProvider]process.env.OPENAI_API_KEY is missing or in test environment. Returning mock JSON respons
e.

[90mstderr[2m | src/tests/e2e/posture-e2e-pipeline.test.ts[2m > [22m[2m16-Case MECE Regression Suite (?ㅼ젣 LLM ?몄텧)
[2m > [22m[2mcase05_seongsu_hq: ?깆닔 IT諛몃━ ?듭궗??[owner_occupied]
[22m[39m[fewshot-tracker] Failed to update result score: TypeError: supabase.from(...).update is not a function
    at updateFewShotResultScore (C:/Users/User/cre-dealcard/src/domain/building/mobile-im/fewshot-tracker.ts:43:8)
    at generateSingleSection (C:/Users/User/cre-dealcard/src/domain/building/mobile-im/im-section-generator.ts:301:15)
[90m    at processTicksAndRejections (node:internal/process/task_queues:103:5)[39m
    at generateMobileIM (C:/Users/User/cre-dealcard/src/domain/building/mobile-im/writer.ts:250:22)
    at Module.generateMobileIMHandler (C:/Users/User/cre-dealcard/src/app/api/broker/im-lite/generate/handler.ts:307:24
)
    at runPipelineForFixture (C:/Users/User/cre-dealcard/src/tests/e2e/posture-e2e-pipeline.test.ts:119:18)
    at C:/Users/User/cre-dealcard/src/tests/e2e/posture-e2e-pipeline.test.ts:325:34
    at [90mfile:///C:/Users/User/cre-dealcard/[39mnode_modules/[4m@vitest/runner[24m/dist/chunk-artifact.js:1903:20
[fewshot-tracker] Failed to auto-promote: TypeError: supabase.from(...).select(...).eq(...).eq is not a function
    at promoteToGoldenCandidate (C:/Users/User/cre-dealcard/src/domain/building/mobile-im/fewshot-tracker.ts:168:8)
    at generateSingleSection (C:/Users/User/cre-dealcard/src/domain/building/mobile-im/im-section-generator.ts:303:17)
[90m    at processTicksAndRejections (node:internal/process/task_queues:103:5)[39m
    at generateMobileIM (C:/Users/User/cre-dealcard/src/domain/building/mobile-im/writer.ts:250:22)
    at Module.generateMobileIMHandler (C:/Users/User/cre-dealcard/src/app/api/broker/im-lite/generate/handler.ts:307:24
)
    at runPipelineForFixture (C:/Users/User/cre-dealcard/src/tests/e2e/posture-e2e-pipeline.test.ts:119:18)
    at C:/Users/User/cre-dealcard/src/tests/e2e/posture-e2e-pipeline.test.ts:325:34
    at [90mfile:///C:/Users/User/cre-dealcard/[39mnode_modules/[4m@vitest/runner[24m/dist/chunk-artifact.js:1903:20
[terminology-normalizer] Failed to load rules from DB, using fallback: TypeError: supabase.from(...).select(...).eq(...
).order is not a function
    at getTerminologyRules (C:/Users/User/cre-dealcard/src/domain/building/mobile-im/terminology-normalizer.ts:146:8)
    at normalizeTerminologyAsync (C:/Users/User/cre-dealcard/src/domain/building/mobile-im/terminology-normalizer.ts:24
5:23)
    at generateSingleSection (C:/Users/User/cre-dealcard/src/domain/building/mobile-im/im-section-generator.ts:392:28)
[90m    at processTicksAndRejections (node:internal/process/task_queues:103:5)[39m
    at generateMobileIM (C:/Users/User/cre-dealcard/src/domain/building/mobile-im/writer.ts:250:22)
    at Module.generateMobileIMHandler (C:/Users/User/cre-dealcard/src/app/api/broker/im-lite/generate/handler.ts:307:24
)
    at runPipelineForFixture (C:/Users/User/cre-dealcard/src/tests/e2e/posture-e2e-pipeline.test.ts:119:18)
    at C:/Users/User/cre-dealcard/src/tests/e2e/posture-e2e-pipeline.test.ts:325:34
    at [90mfile:///C:/Users/User/cre-dealcard/[39mnode_modules/[4m@vitest/runner[24m/dist/chunk-artifact.js:1903:20

[90mstderr[2m | src/tests/e2e/posture-e2e-pipeline.test.ts[2m > [22m[2m16-Case MECE Regression Suite (?ㅼ젣 LLM ?몄텧)
[2m > [22m[2mcase05_seongsu_hq: ?깆닔 IT諛몃━ ?듭궗??[owner_occupied]
[22m[39m[MockOpenAIProvider]process.env.OPENAI_API_KEY is missing or in test environment. Returning mock JSON respons
e.

[90mstderr[2m | src/tests/e2e/posture-e2e-pipeline.test.ts[2m > [22m[2m16-Case MECE Regression Suite (?ㅼ젣 LLM ?몄텧)
[2m > [22m[2mcase05_seongsu_hq: ?깆닔 IT諛몃━ ?듭궗??[owner_occupied]
[22m[39m[golden-im] Failed to build few-shot block: TypeError: supabase.from(...).select(...).eq(...).eq is not a fun
ction
    at buildIMFewShotBlock (C:/Users/User/cre-dealcard/src/domain/building/mobile-im/golden-im-manager.ts:134:8)
    at generateSingleSection (C:/Users/User/cre-dealcard/src/domain/building/mobile-im/im-section-generator.ts:204:30)
    at generateMobileIM (C:/Users/User/cre-dealcard/src/domain/building/mobile-im/writer.ts:250:28)
[90m    at processTicksAndRejections (node:internal/process/task_queues:103:5)[39m
    at Module.generateMobileIMHandler (C:/Users/User/cre-dealcard/src/app/api/broker/im-lite/generate/handler.ts:307:24
)
    at runPipelineForFixture (C:/Users/User/cre-dealcard/src/tests/e2e/posture-e2e-pipeline.test.ts:119:18)
    at C:/Users/User/cre-dealcard/src/tests/e2e/posture-e2e-pipeline.test.ts:325:34
    at [90mfile:///C:/Users/User/cre-dealcard/[39mnode_modules/[4m@vitest/runner[24m/dist/chunk-artifact.js:1903:20

[90mstderr[2m | src/tests/e2e/posture-e2e-pipeline.test.ts[2m > [22m[2m16-Case MECE Regression Suite (?ㅼ젣 LLM ?몄텧)
[2m > [22m[2mcase05_seongsu_hq: ?깆닔 IT諛몃━ ?듭궗??[owner_occupied]
[22m[39m[MockOpenAIProvider]process.env.OPENAI_API_KEY is missing or in test environment. Returning mock JSON respons
e.

[90mstderr[2m | src/tests/e2e/posture-e2e-pipeline.test.ts[2m > [22m[2m16-Case MECE Regression Suite (?ㅼ젣 LLM ?몄텧)
[2m > [22m[2mcase05_seongsu_hq: ?깆닔 IT諛몃━ ?듭궗??[owner_occupied]
[22m[39m[terminology-normalizer] Failed to load rules from DB, using fallback: TypeError: supabase.from(...).select(.
..).eq(...).order is not a function
    at getTerminologyRules (C:/Users/User/cre-dealcard/src/domain/building/mobile-im/terminology-normalizer.ts:146:8)
    at normalizeTerminologyAsync (C:/Users/User/cre-dealcard/src/domain/building/mobile-im/terminology-normalizer.ts:24
5:23)
    at generateSingleSection (C:/Users/User/cre-dealcard/src/domain/building/mobile-im/im-section-generator.ts:392:28)
[90m    at processTicksAndRejections (node:internal/process/task_queues:103:5)[39m
    at generateMobileIM (C:/Users/User/cre-dealcard/src/domain/building/mobile-im/writer.ts:250:22)
    at Module.generateMobileIMHandler (C:/Users/User/cre-dealcard/src/app/api/broker/im-lite/generate/handler.ts:307:24
)
    at runPipelineForFixture (C:/Users/User/cre-dealcard/src/tests/e2e/posture-e2e-pipeline.test.ts:119:18)
    at C:/Users/User/cre-dealcard/src/tests/e2e/posture-e2e-pipeline.test.ts:325:34
    at [90mfile:///C:/Users/User/cre-dealcard/[39mnode_modules/[4m@vitest/runner[24m/dist/chunk-artifact.js:1903:20

[90mstderr[2m | src/tests/e2e/posture-e2e-pipeline.test.ts[2m > [22m[2m16-Case MECE Regression Suite (?ㅼ젣 LLM ?몄텧)
[2m > [22m[2mcase05_seongsu_hq: ?깆닔 IT諛몃━ ?듭궗??[owner_occupied]
[22m[39m[MockOpenAIProvider]process.env.OPENAI_API_KEY is missing or in test environment. Returning mock JSON respons
e.

[90mstderr[2m | src/tests/e2e/posture-e2e-pipeline.test.ts[2m > [22m[2m16-Case MECE Regression Suite (?ㅼ젣 LLM ?몄텧)
[2m > [22m[2mcase05_seongsu_hq: ?깆닔 IT諛몃━ ?듭궗??[owner_occupied]
[22m[39m[mobile-im] Publish gates blocked: [ [32m'G05'[39m, [32m'G08'[39m, [32m'G20'[39m, [32m'G24'[39m ]

[90mstderr[2m | src/tests/e2e/posture-e2e-pipeline.test.ts[2m > [22m[2m16-Case MECE Regression Suite (?ㅼ젣 LLM ?몄텧)
[2m > [22m[2mcase05_seongsu_hq: ?깆닔 IT諛몃━ ?듭궗??[owner_occupied]
[22m[39m[BL-5] ?대갚 諛쒕룞: A08 ?щ씪?대뱶 #6 ???꾪궎??낆씠 蹂몃Ц???뚮뜑留곹븯吏 紐삵빐 留덊겕?ㅼ슫 ?대갚 ?ъ슜

[90mstderr[2m | src/tests/e2e/p2-gallery-photos.test.ts[2m > [22m[2mT19: Gallery Slides 0~12 Photos[2m > [22m[2
mT19-08: Full PPTX render with 4 photos -> PPTX has gallery slide, buffer valid
[22m[39m[deck-sequencer] goldilocks: 蹂몃Ц 17硫???16硫??덉궘 (遺濡?0硫?遺꾨━)

[90mstderr[2m | src/tests/e2e/cross-validation-negative.test.ts[2m > [22m[2mCross-Validation Negative Cases[2m > 
[22m[2mCV-01: income - rent roll sum ??reported monthly rent (>10% gap) ??warning
[22m[39m[cross-validator] 援먯감 寃利?寃곌낵 ??critical: 0, warning: 1, fields: [monthly_rent_krw]

[90mstderr[2m | src/tests/e2e/cross-validation-negative.test.ts[2m > [22m[2mCross-Validation Negative Cases[2m > 
[22m[2mCV-02: development - landCost + constructionCost ??totalProjectCost ??warning (critical)
[22m[39m[cross-validator] 援먯감 寃利?寃곌낵 ??critical: 1, warning: 0, fields: [total_project_cost]

[90mstderr[2m | src/tests/e2e/cross-validation-negative.test.ts[2m > [22m[2mCross-Validation Negative Cases[2m > 
[22m[2mCV-03: operating - ADR 횞 OCC% ??RevPAR (>20% gap) ??warning (critical)
[22m[39m[cross-validator] 援먯감 寃利?寃곌낵 ??critical: 1, warning: 0, fields: [revpar]

[90mstderr[2m | src/tests/e2e/cross-validation-negative.test.ts[2m > [22m[2mCross-Validation Negative Cases[2m > 
[22m[2mCV-04: trading - pricePerPyeong ??askingPrice/pyeong ??warning
[22m[39m[cross-validator] 援먯감 寃利?寃곌낵 ??critical: 0, warning: 1, fields: [price_per_pyeong]

[90mstdout[2m | src/tests/e2e/cross-validation-negative.test.ts[2m > [22m[2mCross-Validation Negative Cases[2m > [22m[2mCV-05: income - Cap Rate < 2% (abnormally low) ??financialWarning
[22m[39m[im-handler] gradeResult: B [33m73[39m directData present: [33mfalse[39m

 [32m??[39m src/tests/db/migrations-p1.test.ts [2m([22m[2m3 tests[22m[2m)[22m[33m 1144[2mms[22m[39m
     [33m[2m??[22m[39m DC-L1-05: buyer_intent_lite cluster columns exist [33m 651[2mms[22m[39m
     [33m[2m??[22m[39m DC-L1-07: knowledge_edges unique index [33m 307[2mms[22m[39m
[90mstderr[2m | src/tests/e2e/cross-validation-negative.test.ts[2m > [22m[2mCross-Validation Negative Cases[2m > 
[22m[2mCV-05: income - Cap Rate < 2% (abnormally low) ??financialWarning
[22m[39m[terminology-normalizer] Failed to load rules from DB, using fallback: TypeError: supabase.from(...).select(.
..).eq(...).order is not a function
    at getTerminologyRules (C:/Users/User/cre-dealcard/src/domain/building/mobile-im/terminology-normalizer.ts:146:8)
    at normalizeTerminologyAsync (C:/Users/User/cre-dealcard/src/domain/building/mobile-im/terminology-normalizer.ts:24
5:23)
    at deepNormalizeStringsAsync (C:/Users/User/cre-dealcard/src/domain/building/mobile-im/im-context-builder.ts:117:23
)
    at deepNormalizeStringsAsync (C:/Users/User/cre-dealcard/src/domain/building/mobile-im/im-context-builder.ts:126:24
)
    at buildIMContext (C:/Users/User/cre-dealcard/src/domain/building/mobile-im/im-context-builder.ts:170:30)
    at generateMobileIM (C:/Users/User/cre-dealcard/src/domain/building/mobile-im/writer.ts:76:21)
    at Module.generateMobileIMHandler (C:/Users/User/cre-dealcard/src/app/api/broker/im-lite/generate/handler.ts:307:30
)
[90m    at processTicksAndRejections (node:internal/process/task_queues:103:5)[39m
    at C:/Users/User/cre-dealcard/src/tests/e2e/cross-validation-negative.test.ts:124:17
    at [90mfile:///C:/Users/User/cre-dealcard/[39mnode_modules/[4m@vitest/runner[24m/dist/chunk-artifact.js:1903:20

[90mstdout[2m | src/tests/e2e/posture-e2e-pipeline.test.ts[2m > [22m[2m16-Case MECE Regression Suite (?ㅼ젣 LLM ?몄텧)[2m > [22m[2mcase06_nonhyeon_creative: ?쇳쁽???щ━?먯씠?곕툕 ?ъ삦 [owner_occupied]
[22m[39m[im-handler] gradeResult: B [33m61[39m directData present: [33mfalse[39m

[90mstderr[2m | src/tests/e2e/posture-e2e-pipeline.test.ts[2m > [22m[2m16-Case MECE Regression Suite (?ㅼ젣 LLM ?몄텧)
[2m > [22m[2mcase06_nonhyeon_creative: ?쇳쁽???щ━?먯씠?곕툕 ?ъ삦 [owner_occupied]
[22m[39m[terminology-normalizer] Failed to load rules from DB, using fallback: TypeError: supabase.from(...).select(.
..).eq(...).order is not a function
    at getTerminologyRules (C:/Users/User/cre-dealcard/src/domain/building/mobile-im/terminology-normalizer.ts:146:8)
    at normalizeTerminologyAsync (C:/Users/User/cre-dealcard/src/domain/building/mobile-im/terminology-normalizer.ts:24
5:23)
    at deepNormalizeStringsAsync (C:/Users/User/cre-dealcard/src/domain/building/mobile-im/im-context-builder.ts:117:23
)
    at deepNormalizeStringsAsync (C:/Users/User/cre-dealcard/src/domain/building/mobile-im/im-context-builder.ts:126:24
)
    at buildIMContext (C:/Users/User/cre-dealcard/src/domain/building/mobile-im/im-context-builder.ts:170:24)
    at generateMobileIM (C:/Users/User/cre-dealcard/src/domain/building/mobile-im/writer.ts:76:15)
    at Module.generateMobileIMHandler (C:/Users/User/cre-dealcard/src/app/api/broker/im-lite/generate/handler.ts:307:24
)
    at runPipelineForFixture (C:/Users/User/cre-dealcard/src/tests/e2e/posture-e2e-pipeline.test.ts:119:18)
    at C:/Users/User/cre-dealcard/src/tests/e2e/posture-e2e-pipeline.test.ts:325:34
    at [90mfile:///C:/Users/User/cre-dealcard/[39mnode_modules/[4m@vitest/runner[24m/dist/chunk-artifact.js:1903:20

[90mstderr[2m | src/tests/e2e/cross-validation-negative.test.ts[2m > [22m[2mCross-Validation Negative Cases[2m > 
[22m[2mCV-05: income - Cap Rate < 2% (abnormally low) ??financialWarning
[22m[39m[im-context-builder] 怨듭떎瑜??곗씠??誘명솗蹂????щТ 異붿젙移섏뿉 怨듭떎瑜?誘몃컲??
[90mstderr[2m | src/tests/ai/prompt-regression.test.ts[2m > [22m[2mAI Prompt Regression & Golden Testset[2m > [2
2m[2mshould parse all golden cases successfully and satisfy accuracy threshold
[22m[39m[MockOpenAIProvider]process.env.OPENAI_API_KEY is missing or in test environment. Returning mock JSON respons
e.

[90mstderr[2m | src/tests/e2e/posture-e2e-pipeline.test.ts[2m > [22m[2m16-Case MECE Regression Suite (?ㅼ젣 LLM ?몄텧)
[2m > [22m[2mcase06_nonhyeon_creative: ?쇳쁽???щ━?먯씠?곕툕 ?ъ삦 [owner_occupied]
[22m[39m[CRE-RAG] Hybrid search failed: TypeError: rpcClient.rpc is not a function
    at searchSimilarIMs (C:/Users/User/cre-dealcard/src/domain/building/mobile-im/cre-rag-service.ts:60:45)
[90m    at processTicksAndRejections (node:internal/process/task_queues:103:5)[39m
    at generateRAGContext (C:/Users/User/cre-dealcard/src/domain/building/mobile-im/cre-rag-service.ts:128:16)
    at buildIMContext (C:/Users/User/cre-dealcard/src/domain/building/mobile-im/im-context-builder.ts:274:14)
    at generateMobileIM (C:/Users/User/cre-dealcard/src/domain/building/mobile-im/writer.ts:76:15)
    at Module.generateMobileIMHandler (C:/Users/User/cre-dealcard/src/app/api/broker/im-lite/generate/handler.ts:307:24
)
    at runPipelineForFixture (C:/Users/User/cre-dealcard/src/tests/e2e/posture-e2e-pipeline.test.ts:119:18)
    at C:/Users/User/cre-dealcard/src/tests/e2e/posture-e2e-pipeline.test.ts:325:34
    at [90mfile:///C:/Users/User/cre-dealcard/[39mnode_modules/[4m@vitest/runner[24m/dist/chunk-artifact.js:1903:20

[90mstderr[2m | src/tests/ai/prompt-regression.test.ts[2m > [22m[2mAI Prompt Regression & Golden Testset[2m > [2
2m[2mshould parse all golden cases successfully and satisfy accuracy threshold
[22m[39m[MockOpenAIProvider]process.env.OPENAI_API_KEY is missing or in test environment. Returning mock JSON respons
e.

[90mstdout[2m | src/tests/e2e/posture-e2e-pipeline.test.ts[2m > [22m[2m16-Case MECE Regression Suite (?ㅼ젣 LLM ?몄텧)[2m > [22m[2mcase06_nonhyeon_creative: ?쇳쁽???щ━?먯씠?곕툕 ?ъ삦 [owner_occupied]
[22m[39m[mobile-im-writer] Prompt variant: writer_system_v1 (v1.0), isLogistics=false, posture=owner_occupied

[90mstderr[2m | src/tests/ai/prompt-regression.test.ts[2m > [22m[2mAI Prompt Regression & Golden Testset[2m > [2
2m[2mshould parse all golden cases successfully and satisfy accuracy threshold
[22m[39m[MockOpenAIProvider]process.env.OPENAI_API_KEY is missing or in test environment. Returning mock JSON respons
e.

[90mstderr[2m | src/tests/e2e/posture-e2e-pipeline.test.ts[2m > [22m[2m16-Case MECE Regression Suite (?ㅼ젣 LLM ?몄텧)
[2m > [22m[2mcase06_nonhyeon_creative: ?쇳쁽???щ━?먯씠?곕툕 ?ъ삦 [owner_occupied]
[22m[39m[writer] Claim violations: [
  [32m"[G38] Calculation '32576455-89e9-406e-9c7f-40ca419fb984': basis='NOI'?몃뜲 怨듭젣 ??ぉ???놁뒿?덈떎. ?댁쁺鍮??놁씠 NOI瑜??곗텧????
?놁뒿?덈떎."[39m,
  [32m"[G38] Calculation '96dea88a-e764-4c48-8e90-81be0e917b39': basis='NOI'?몃뜲 怨듭젣 ??ぉ???놁뒿?덈떎. ?댁쁺鍮??놁씠 NOI瑜??곗텧????
?놁뒿?덈떎."[39m,
  [32m"[G38] Calculation '64874512-9f92-43b7-9bbd-294d0b895d37': basis='NOI'?몃뜲 怨듭젣 ??ぉ???놁뒿?덈떎. ?댁쁺鍮??놁씠 NOI瑜??곗텧????
?놁뒿?덈떎."[39m
]
[golden-im] Failed to build few-shot block: TypeError: supabase.from(...).select(...).eq(...).eq is not a function
    at buildIMFewShotBlock (C:/Users/User/cre-dealcard/src/domain/building/mobile-im/golden-im-manager.ts:134:8)
    at generateSingleSection (C:/Users/User/cre-dealcard/src/domain/building/mobile-im/im-section-generator.ts:204:30)
    at C:/Users/User/cre-dealcard/src/domain/building/mobile-im/writer.ts:161:32
    at Array.map (<anonymous>)
    at generateMobileIM (C:/Users/User/cre-dealcard/src/domain/building/mobile-im/writer.ts:159:43)
[90m    at processTicksAndRejections (node:internal/process/task_queues:103:5)[39m
    at Module.generateMobileIMHandler (C:/Users/User/cre-dealcard/src/app/api/broker/im-lite/generate/handler.ts:307:24
)
    at runPipelineForFixture (C:/Users/User/cre-dealcard/src/tests/e2e/posture-e2e-pipeline.test.ts:119:18)
    at C:/Users/User/cre-dealcard/src/tests/e2e/posture-e2e-pipeline.test.ts:325:34
    at [90mfile:///C:/Users/User/cre-dealcard/[39mnode_modules/[4m@vitest/runner[24m/dist/chunk-artifact.js:1903:20
[golden-im] Failed to build few-shot block: TypeError: supabase.from(...).select(...).eq(...).eq is not a function
    at buildIMFewShotBlock (C:/Users/User/cre-dealcard/src/domain/building/mobile-im/golden-im-manager.ts:134:8)
    at generateSingleSection (C:/Users/User/cre-dealcard/src/domain/building/mobile-im/im-section-generator.ts:204:30)
    at C:/Users/User/cre-dealcard/src/domain/building/mobile-im/writer.ts:161:32
    at Array.map (<anonymous>)
    at generateMobileIM (C:/Users/User/cre-dealcard/src/domain/building/mobile-im/writer.ts:159:43)
[90m    at processTicksAndRejections (node:internal/process/task_queues:103:5)[39m
    at Module.generateMobileIMHandler (C:/Users/User/cre-dealcard/src/app/api/broker/im-lite/generate/handler.ts:307:24
)
    at runPipelineForFixture (C:/Users/User/cre-dealcard/src/tests/e2e/posture-e2e-pipeline.test.ts:119:18)
    at C:/Users/User/cre-dealcard/src/tests/e2e/posture-e2e-pipeline.test.ts:325:34
    at [90mfile:///C:/Users/User/cre-dealcard/[39mnode_modules/[4m@vitest/runner[24m/dist/chunk-artifact.js:1903:20
[golden-im] Failed to build few-shot block: TypeError: supabase.from(...).select(...).eq(...).eq is not a function
    at buildIMFewShotBlock (C:/Users/User/cre-dealcard/src/domain/building/mobile-im/golden-im-manager.ts:134:8)
    at generateSingleSection (C:/Users/User/cre-dealcard/src/domain/building/mobile-im/im-section-generator.ts:204:30)
    at C:/Users/User/cre-dealcard/src/domain/building/mobile-im/writer.ts:161:32
    at Array.map (<anonymous>)
    at generateMobileIM (C:/Users/User/cre-dealcard/src/domain/building/mobile-im/writer.ts:159:43)
[90m    at processTicksAndRejections (node:internal/process/task_queues:103:5)[39m
    at Module.generateMobileIMHandler (C:/Users/User/cre-dealcard/src/app/api/broker/im-lite/generate/handler.ts:307:24
)
    at runPipelineForFixture (C:/Users/User/cre-dealcard/src/tests/e2e/posture-e2e-pipeline.test.ts:119:18)
    at C:/Users/User/cre-dealcard/src/tests/e2e/posture-e2e-pipeline.test.ts:325:34
    at [90mfile:///C:/Users/User/cre-dealcard/[39mnode_modules/[4m@vitest/runner[24m/dist/chunk-artifact.js:1903:20
[golden-im] Failed to build few-shot block: TypeError: supabase.from(...).select(...).eq(...).eq is not a function
    at buildIMFewShotBlock (C:/Users/User/cre-dealcard/src/domain/building/mobile-im/golden-im-manager.ts:134:8)
    at generateSingleSection (C:/Users/User/cre-dealcard/src/domain/building/mobile-im/im-section-generator.ts:204:30)
    at C:/Users/User/cre-dealcard/src/domain/building/mobile-im/writer.ts:161:32
    at Array.map (<anonymous>)
    at generateMobileIM (C:/Users/User/cre-dealcard/src/domain/building/mobile-im/writer.ts:159:43)
[90m    at processTicksAndRejections (node:internal/process/task_queues:103:5)[39m
    at Module.generateMobileIMHandler (C:/Users/User/cre-dealcard/src/app/api/broker/im-lite/generate/handler.ts:307:24
)
    at runPipelineForFixture (C:/Users/User/cre-dealcard/src/tests/e2e/posture-e2e-pipeline.test.ts:119:18)
    at C:/Users/User/cre-dealcard/src/tests/e2e/posture-e2e-pipeline.test.ts:325:34
    at [90mfile:///C:/Users/User/cre-dealcard/[39mnode_modules/[4m@vitest/runner[24m/dist/chunk-artifact.js:1903:20
[golden-im] Failed to build few-shot block: TypeError: supabase.from(...).select(...).eq(...).eq is not a function
    at buildIMFewShotBlock (C:/Users/User/cre-dealcard/src/domain/building/mobile-im/golden-im-manager.ts:134:8)
    at generateSingleSection (C:/Users/User/cre-dealcard/src/domain/building/mobile-im/im-section-generator.ts:204:30)
    at C:/Users/User/cre-dealcard/src/domain/building/mobile-im/writer.ts:161:32
    at Array.map (<anonymous>)
    at generateMobileIM (C:/Users/User/cre-dealcard/src/domain/building/mobile-im/writer.ts:159:43)
[90m    at processTicksAndRejections (node:internal/process/task_queues:103:5)[39m
    at Module.generateMobileIMHandler (C:/Users/User/cre-dealcard/src/app/api/broker/im-lite/generate/handler.ts:307:24
)
    at runPipelineForFixture (C:/Users/User/cre-dealcard/src/tests/e2e/posture-e2e-pipeline.test.ts:119:18)
    at C:/Users/User/cre-dealcard/src/tests/e2e/posture-e2e-pipeline.test.ts:325:34
    at [90mfile:///C:/Users/User/cre-dealcard/[39mnode_modules/[4m@vitest/runner[24m/dist/chunk-artifact.js:1903:20
[MockOpenAIProvider]process.env.OPENAI_API_KEY is missing or in test environment. Returning mock JSON response.
[MockOpenAIProvider]process.env.OPENAI_API_KEY is missing or in test environment. Returning mock JSON response.
[MockOpenAIProvider]process.env.OPENAI_API_KEY is missing or in test environment. Returning mock JSON response.
[MockOpenAIProvider]process.env.OPENAI_API_KEY is missing or in test environment. Returning mock JSON response.
[MockOpenAIProvider]process.env.OPENAI_API_KEY is missing or in test environment. Returning mock JSON response.

 [31m??[39m src/tests/domain/gov-premium-apis.test.ts [2m([22m[2m1 test[22m[2m | [22m[31m1 failed[39m[2m)[22m[33m 15025[2mms[22m[39m
[31m     [31m횞[31m GET /api/public/gov-data?action=verify triggers all government endpoints[39m[33m 15022[2mms[22m[39m
[90mstderr[2m | src/tests/e2e/posture-e2e-pipeline.test.ts[2m > [22m[2m16-Case MECE Regression Suite (?ㅼ젣 LLM ?몄텧)
[2m > [22m[2mcase06_nonhyeon_creative: ?쇳쁽???щ━?먯씠?곕툕 ?ъ삦 [owner_occupied]
[22m[39m[terminology-normalizer] Failed to load rules from DB, using fallback: TypeError: supabase.from(...).select(.
..).eq(...).order is not a function
    at getTerminologyRules (C:/Users/User/cre-dealcard/src/domain/building/mobile-im/terminology-normalizer.ts:146:8)
    at normalizeTerminologyAsync (C:/Users/User/cre-dealcard/src/domain/building/mobile-im/terminology-normalizer.ts:24
5:23)
    at generateSingleSection (C:/Users/User/cre-dealcard/src/domain/building/mobile-im/im-section-generator.ts:392:28)
[90m    at processTicksAndRejections (node:internal/process/task_queues:103:5)[39m
    at async Promise.allSettled (index 0)
    at generateMobileIM (C:/Users/User/cre-dealcard/src/domain/building/mobile-im/writer.ts:190:23)
    at Module.generateMobileIMHandler (C:/Users/User/cre-dealcard/src/app/api/broker/im-lite/generate/handler.ts:307:24
)
    at runPipelineForFixture (C:/Users/User/cre-dealcard/src/tests/e2e/posture-e2e-pipeline.test.ts:119:18)
    at C:/Users/User/cre-dealcard/src/tests/e2e/posture-e2e-pipeline.test.ts:325:34
    at [90mfile:///C:/Users/User/cre-dealcard/[39mnode_modules/[4m@vitest/runner[24m/dist/chunk-artifact.js:1903:20
[terminology-normalizer] Failed to load rules from DB, using fallback: TypeError: supabase.from(...).select(...).eq(...
).order is not a function
    at getTerminologyRules (C:/Users/User/cre-dealcard/src/domain/building/mobile-im/terminology-normalizer.ts:146:8)
    at normalizeTerminologyAsync (C:/Users/User/cre-dealcard/src/domain/building/mobile-im/terminology-normalizer.ts:24
5:23)
    at generateSingleSection (C:/Users/User/cre-dealcard/src/domain/building/mobile-im/im-section-generator.ts:392:28)
[90m    at processTicksAndRejections (node:internal/process/task_queues:103:5)[39m
    at async Promise.allSettled (index 1)
    at generateMobileIM (C:/Users/User/cre-dealcard/src/domain/building/mobile-im/writer.ts:190:23)
    at Module.generateMobileIMHandler (C:/Users/User/cre-dealcard/src/app/api/broker/im-lite/generate/handler.ts:307:24
)
    at runPipelineForFixture (C:/Users/User/cre-dealcard/src/tests/e2e/posture-e2e-pipeline.test.ts:119:18)
    at C:/Users/User/cre-dealcard/src/tests/e2e/posture-e2e-pipeline.test.ts:325:34
    at [90mfile:///C:/Users/User/cre-dealcard/[39mnode_modules/[4m@vitest/runner[24m/dist/chunk-artifact.js:1903:20
[terminology-normalizer] Failed to load rules from DB, using fallback: TypeError: supabase.from(...).select(...).eq(...
).order is not a function
    at getTerminologyRules (C:/Users/User/cre-dealcard/src/domain/building/mobile-im/terminology-normalizer.ts:146:8)
    at normalizeTerminologyAsync (C:/Users/User/cre-dealcard/src/domain/building/mobile-im/terminology-normalizer.ts:24
5:23)
    at generateSingleSection (C:/Users/User/cre-dealcard/src/domain/building/mobile-im/im-section-generator.ts:392:28)
[90m    at processTicksAndRejections (node:internal/process/task_queues:103:5)[39m
    at async Promise.allSettled (index 2)
    at generateMobileIM (C:/Users/User/cre-dealcard/src/domain/building/mobile-im/writer.ts:190:23)
    at Module.generateMobileIMHandler (C:/Users/User/cre-dealcard/src/app/api/broker/im-lite/generate/handler.ts:307:24
)
    at runPipelineForFixture (C:/Users/User/cre-dealcard/src/tests/e2e/posture-e2e-pipeline.test.ts:119:18)
    at C:/Users/User/cre-dealcard/src/tests/e2e/posture-e2e-pipeline.test.ts:325:34
    at [90mfile:///C:/Users/User/cre-dealcard/[39mnode_modules/[4m@vitest/runner[24m/dist/chunk-artifact.js:1903:20
[terminology-normalizer] Failed to load rules from DB, using fallback: TypeError: supabase.from(...).select(...).eq(...
).order is not a function
    at getTerminologyRules (C:/Users/User/cre-dealcard/src/domain/building/mobile-im/terminology-normalizer.ts:146:8)
    at normalizeTerminologyAsync (C:/Users/User/cre-dealcard/src/domain/building/mobile-im/terminology-normalizer.ts:24
5:23)
    at generateSingleSection (C:/Users/User/cre-dealcard/src/domain/building/mobile-im/im-section-generator.ts:392:28)
[90m    at processTicksAndRejections (node:internal/process/task_queues:103:5)[39m
    at async Promise.allSettled (index 3)
    at generateMobileIM (C:/Users/User/cre-dealcard/src/domain/building/mobile-im/writer.ts:190:23)
    at Module.generateMobileIMHandler (C:/Users/User/cre-dealcard/src/app/api/broker/im-lite/generate/handler.ts:307:24
)
    at runPipelineForFixture (C:/Users/User/cre-dealcard/src/tests/e2e/posture-e2e-pipeline.test.ts:119:18)
    at C:/Users/User/cre-dealcard/src/tests/e2e/posture-e2e-pipeline.test.ts:325:34
    at [90mfile:///C:/Users/User/cre-dealcard/[39mnode_modules/[4m@vitest/runner[24m/dist/chunk-artifact.js:1903:20
[MockOpenAIProvider]process.env.OPENAI_API_KEY is missing or in test environment. Returning mock JSON response.

[90mstderr[2m | src/tests/e2e/posture-e2e-pipeline.test.ts[2m > [22m[2m16-Case MECE Regression Suite (?ㅼ젣 LLM ?몄텧)
[2m > [22m[2mcase06_nonhyeon_creative: ?쇳쁽???щ━?먯씠?곕툕 ?ъ삦 [owner_occupied]
[22m[39m[MockOpenAIProvider]process.env.OPENAI_API_KEY is missing or in test environment. Returning mock JSON respons
e.
[MockOpenAIProvider]process.env.OPENAI_API_KEY is missing or in test environment. Returning mock JSON response.
[MockOpenAIProvider]process.env.OPENAI_API_KEY is missing or in test environment. Returning mock JSON response.
[MockOpenAIProvider]process.env.OPENAI_API_KEY is missing or in test environment. Returning mock JSON response.

[90mstderr[2m | src/tests/e2e/posture-e2e-pipeline.test.ts[2m > [22m[2m16-Case MECE Regression Suite (?ㅼ젣 LLM ?몄텧)
[2m > [22m[2mcase06_nonhyeon_creative: ?쇳쁽???щ━?먯씠?곕툕 ?ъ삦 [owner_occupied]
[22m[39m[fewshot-tracker] Failed to update result score: TypeError: supabase.from(...).update is not a function
    at updateFewShotResultScore (C:/Users/User/cre-dealcard/src/domain/building/mobile-im/fewshot-tracker.ts:43:8)
    at generateSingleSection (C:/Users/User/cre-dealcard/src/domain/building/mobile-im/im-section-generator.ts:301:15)
[90m    at processTicksAndRejections (node:internal/process/task_queues:103:5)[39m
    at async Promise.allSettled (index 4)
    at generateMobileIM (C:/Users/User/cre-dealcard/src/domain/building/mobile-im/writer.ts:190:23)
    at Module.generateMobileIMHandler (C:/Users/User/cre-dealcard/src/app/api/broker/im-lite/generate/handler.ts:307:24
)
    at runPipelineForFixture (C:/Users/User/cre-dealcard/src/tests/e2e/posture-e2e-pipeline.test.ts:119:18)
    at C:/Users/User/cre-dealcard/src/tests/e2e/posture-e2e-pipeline.test.ts:325:34
    at [90mfile:///C:/Users/User/cre-dealcard/[39mnode_modules/[4m@vitest/runner[24m/dist/chunk-artifact.js:1903:20
[fewshot-tracker] Failed to auto-promote: TypeError: supabase.from(...).select(...).eq(...).eq is not a function
    at promoteToGoldenCandidate (C:/Users/User/cre-dealcard/src/domain/building/mobile-im/fewshot-tracker.ts:168:8)
    at generateSingleSection (C:/Users/User/cre-dealcard/src/domain/building/mobile-im/im-section-generator.ts:303:17)
[90m    at processTicksAndRejections (node:internal/process/task_queues:103:5)[39m
    at async Promise.allSettled (index 4)
    at generateMobileIM (C:/Users/User/cre-dealcard/src/domain/building/mobile-im/writer.ts:190:23)
    at Module.generateMobileIMHandler (C:/Users/User/cre-dealcard/src/app/api/broker/im-lite/generate/handler.ts:307:24
)
    at runPipelineForFixture (C:/Users/User/cre-dealcard/src/tests/e2e/posture-e2e-pipeline.test.ts:119:18)
    at C:/Users/User/cre-dealcard/src/tests/e2e/posture-e2e-pipeline.test.ts:325:34
    at [90mfile:///C:/Users/User/cre-dealcard/[39mnode_modules/[4m@vitest/runner[24m/dist/chunk-artifact.js:1903:20
[terminology-normalizer] Failed to load rules from DB, using fallback: TypeError: supabase.from(...).select(...).eq(...
).order is not a function
    at getTerminologyRules (C:/Users/User/cre-dealcard/src/domain/building/mobile-im/terminology-normalizer.ts:146:8)
    at normalizeTerminologyAsync (C:/Users/User/cre-dealcard/src/domain/building/mobile-im/terminology-normalizer.ts:24
5:23)
    at generateSingleSection (C:/Users/User/cre-dealcard/src/domain/building/mobile-im/im-section-generator.ts:392:28)
[90m    at processTicksAndRejections (node:internal/process/task_queues:103:5)[39m
    at async Promise.allSettled (index 4)
    at generateMobileIM (C:/Users/User/cre-dealcard/src/domain/building/mobile-im/writer.ts:190:23)
    at Module.generateMobileIMHandler (C:/Users/User/cre-dealcard/src/app/api/broker/im-lite/generate/handler.ts:307:24
)
    at runPipelineForFixture (C:/Users/User/cre-dealcard/src/tests/e2e/posture-e2e-pipeline.test.ts:119:18)
    at C:/Users/User/cre-dealcard/src/tests/e2e/posture-e2e-pipeline.test.ts:325:34
    at [90mfile:///C:/Users/User/cre-dealcard/[39mnode_modules/[4m@vitest/runner[24m/dist/chunk-artifact.js:1903:20

[90mstderr[2m | src/tests/e2e/p2-gallery-photos.test.ts[2m > [22m[2mT19: Gallery Slides 0~12 Photos[2m > [22m[2
mT19-09: Gallery slides only in Pro tier (verify basic also)
[22m[39m[deck-sequencer] goldilocks: 蹂몃Ц 17硫???16硫??덉궘 (遺濡?0硫?遺꾨━)

[90mstderr[2m | src/tests/e2e/posture-e2e-pipeline.test.ts[2m > [22m[2m16-Case MECE Regression Suite (?ㅼ젣 LLM ?몄텧)
[2m > [22m[2mcase06_nonhyeon_creative: ?쇳쁽???щ━?먯씠?곕툕 ?ъ삦 [owner_occupied]
[22m[39m[MockOpenAIProvider]process.env.OPENAI_API_KEY is missing or in test environment. Returning mock JSON respons
e.

[90mstderr[2m | src/tests/e2e/posture-e2e-pipeline.test.ts[2m > [22m[2m16-Case MECE Regression Suite (?ㅼ젣 LLM ?몄텧)
[2m > [22m[2mcase06_nonhyeon_creative: ?쇳쁽???щ━?먯씠?곕툕 ?ъ삦 [owner_occupied]
[22m[39m[golden-im] Failed to build few-shot block: TypeError: supabase.from(...).select(...).eq(...).eq is not a fun
ction
    at buildIMFewShotBlock (C:/Users/User/cre-dealcard/src/domain/building/mobile-im/golden-im-manager.ts:134:8)
    at generateSingleSection (C:/Users/User/cre-dealcard/src/domain/building/mobile-im/im-section-generator.ts:204:30)
    at generateMobileIM (C:/Users/User/cre-dealcard/src/domain/building/mobile-im/writer.ts:250:28)
[90m    at processTicksAndRejections (node:internal/process/task_queues:103:5)[39m
    at Module.generateMobileIMHandler (C:/Users/User/cre-dealcard/src/app/api/broker/im-lite/generate/handler.ts:307:24
)
    at runPipelineForFixture (C:/Users/User/cre-dealcard/src/tests/e2e/posture-e2e-pipeline.test.ts:119:18)
    at C:/Users/User/cre-dealcard/src/tests/e2e/posture-e2e-pipeline.test.ts:325:34
    at [90mfile:///C:/Users/User/cre-dealcard/[39mnode_modules/[4m@vitest/runner[24m/dist/chunk-artifact.js:1903:20

[90mstderr[2m | src/tests/e2e/posture-e2e-pipeline.test.ts[2m > [22m[2m16-Case MECE Regression Suite (?ㅼ젣 LLM ?몄텧)
[2m > [22m[2mcase06_nonhyeon_creative: ?쇳쁽???щ━?먯씠?곕툕 ?ъ삦 [owner_occupied]
[22m[39m[MockOpenAIProvider]process.env.OPENAI_API_KEY is missing or in test environment. Returning mock JSON respons
e.

[90mstderr[2m | src/tests/e2e/posture-e2e-pipeline.test.ts[2m > [22m[2m16-Case MECE Regression Suite (?ㅼ젣 LLM ?몄텧)
[2m > [22m[2mcase06_nonhyeon_creative: ?쇳쁽???щ━?먯씠?곕툕 ?ъ삦 [owner_occupied]
[22m[39m[terminology-normalizer] Failed to load rules from DB, using fallback: TypeError: supabase.from(...).select(.
..).eq(...).order is not a function
    at getTerminologyRules (C:/Users/User/cre-dealcard/src/domain/building/mobile-im/terminology-normalizer.ts:146:8)
    at normalizeTerminologyAsync (C:/Users/User/cre-dealcard/src/domain/building/mobile-im/terminology-normalizer.ts:24
5:23)
    at generateSingleSection (C:/Users/User/cre-dealcard/src/domain/building/mobile-im/im-section-generator.ts:392:28)
[90m    at processTicksAndRejections (node:internal/process/task_queues:103:5)[39m
    at generateMobileIM (C:/Users/User/cre-dealcard/src/domain/building/mobile-im/writer.ts:250:22)
    at Module.generateMobileIMHandler (C:/Users/User/cre-dealcard/src/app/api/broker/im-lite/generate/handler.ts:307:24
)
    at runPipelineForFixture (C:/Users/User/cre-dealcard/src/tests/e2e/posture-e2e-pipeline.test.ts:119:18)
    at C:/Users/User/cre-dealcard/src/tests/e2e/posture-e2e-pipeline.test.ts:325:34
    at [90mfile:///C:/Users/User/cre-dealcard/[39mnode_modules/[4m@vitest/runner[24m/dist/chunk-artifact.js:1903:20

[90mstderr[2m | src/tests/e2e/posture-e2e-pipeline.test.ts[2m > [22m[2m16-Case MECE Regression Suite (?ㅼ젣 LLM ?몄텧)
[2m > [22m[2mcase06_nonhyeon_creative: ?쇳쁽???щ━?먯씠?곕툕 ?ъ삦 [owner_occupied]
[22m[39m[MockOpenAIProvider]process.env.OPENAI_API_KEY is missing or in test environment. Returning mock JSON respons
e.

[90mstderr[2m | src/tests/e2e/posture-e2e-pipeline.test.ts[2m > [22m[2m16-Case MECE Regression Suite (?ㅼ젣 LLM ?몄텧)
[2m > [22m[2mcase06_nonhyeon_creative: ?쇳쁽???щ━?먯씠?곕툕 ?ъ삦 [owner_occupied]
[22m[39m[golden-im] Failed to build few-shot block: TypeError: supabase.from(...).select(...).eq(...).eq is not a fun
ction
    at buildIMFewShotBlock (C:/Users/User/cre-dealcard/src/domain/building/mobile-im/golden-im-manager.ts:134:8)
    at generateSingleSection (C:/Users/User/cre-dealcard/src/domain/building/mobile-im/im-section-generator.ts:204:30)
    at generateMobileIM (C:/Users/User/cre-dealcard/src/domain/building/mobile-im/writer.ts:250:28)
[90m    at processTicksAndRejections (node:internal/process/task_queues:103:5)[39m
    at Module.generateMobileIMHandler (C:/Users/User/cre-dealcard/src/app/api/broker/im-lite/generate/handler.ts:307:24
)
    at runPipelineForFixture (C:/Users/User/cre-dealcard/src/tests/e2e/posture-e2e-pipeline.test.ts:119:18)
    at C:/Users/User/cre-dealcard/src/tests/e2e/posture-e2e-pipeline.test.ts:325:34
    at [90mfile:///C:/Users/User/cre-dealcard/[39mnode_modules/[4m@vitest/runner[24m/dist/chunk-artifact.js:1903:20

[90mstderr[2m | src/tests/e2e/posture-e2e-pipeline.test.ts[2m > [22m[2m16-Case MECE Regression Suite (?ㅼ젣 LLM ?몄텧)
[2m > [22m[2mcase06_nonhyeon_creative: ?쇳쁽???щ━?먯씠?곕툕 ?ъ삦 [owner_occupied]
[22m[39m[MockOpenAIProvider]process.env.OPENAI_API_KEY is missing or in test environment. Returning mock JSON respons
e.

[90mstderr[2m | src/tests/e2e/posture-e2e-pipeline.test.ts[2m > [22m[2m16-Case MECE Regression Suite (?ㅼ젣 LLM ?몄텧)
[2m > [22m[2mcase06_nonhyeon_creative: ?쇳쁽???щ━?먯씠?곕툕 ?ъ삦 [owner_occupied]
[22m[39m[MockOpenAIProvider]process.env.OPENAI_API_KEY is missing or in test environment. Returning mock JSON respons
e.

[90mstderr[2m | src/tests/e2e/posture-e2e-pipeline.test.ts[2m > [22m[2m16-Case MECE Regression Suite (?ㅼ젣 LLM ?몄텧)
[2m > [22m[2mcase06_nonhyeon_creative: ?쇳쁽???щ━?먯씠?곕툕 ?ъ삦 [owner_occupied]
[22m[39m[fewshot-tracker] Failed to update result score: TypeError: supabase.from(...).update is not a function
    at updateFewShotResultScore (C:/Users/User/cre-dealcard/src/domain/building/mobile-im/fewshot-tracker.ts:43:8)
    at generateSingleSection (C:/Users/User/cre-dealcard/src/domain/building/mobile-im/im-section-generator.ts:301:15)
[90m    at processTicksAndRejections (node:internal/process/task_queues:103:5)[39m
    at generateMobileIM (C:/Users/User/cre-dealcard/src/domain/building/mobile-im/writer.ts:250:22)
    at Module.generateMobileIMHandler (C:/Users/User/cre-dealcard/src/app/api/broker/im-lite/generate/handler.ts:307:24
)
    at runPipelineForFixture (C:/Users/User/cre-dealcard/src/tests/e2e/posture-e2e-pipeline.test.ts:119:18)
    at C:/Users/User/cre-dealcard/src/tests/e2e/posture-e2e-pipeline.test.ts:325:34
    at [90mfile:///C:/Users/User/cre-dealcard/[39mnode_modules/[4m@vitest/runner[24m/dist/chunk-artifact.js:1903:20
[fewshot-tracker] Failed to auto-promote: TypeError: supabase.from(...).select(...).eq(...).eq is not a function
    at promoteToGoldenCandidate (C:/Users/User/cre-dealcard/src/domain/building/mobile-im/fewshot-tracker.ts:168:8)
    at generateSingleSection (C:/Users/User/cre-dealcard/src/domain/building/mobile-im/im-section-generator.ts:303:17)
[90m    at processTicksAndRejections (node:internal/process/task_queues:103:5)[39m
    at generateMobileIM (C:/Users/User/cre-dealcard/src/domain/building/mobile-im/writer.ts:250:22)
    at Module.generateMobileIMHandler (C:/Users/User/cre-dealcard/src/app/api/broker/im-lite/generate/handler.ts:307:24
)
    at runPipelineForFixture (C:/Users/User/cre-dealcard/src/tests/e2e/posture-e2e-pipeline.test.ts:119:18)
    at C:/Users/User/cre-dealcard/src/tests/e2e/posture-e2e-pipeline.test.ts:325:34
    at [90mfile:///C:/Users/User/cre-dealcard/[39mnode_modules/[4m@vitest/runner[24m/dist/chunk-artifact.js:1903:20
[terminology-normalizer] Failed to load rules from DB, using fallback: TypeError: supabase.from(...).select(...).eq(...
).order is not a function
    at getTerminologyRules (C:/Users/User/cre-dealcard/src/domain/building/mobile-im/terminology-normalizer.ts:146:8)
    at normalizeTerminologyAsync (C:/Users/User/cre-dealcard/src/domain/building/mobile-im/terminology-normalizer.ts:24
5:23)
    at generateSingleSection (C:/Users/User/cre-dealcard/src/domain/building/mobile-im/im-section-generator.ts:392:28)
[90m    at processTicksAndRejections (node:internal/process/task_queues:103:5)[39m
    at generateMobileIM (C:/Users/User/cre-dealcard/src/domain/building/mobile-im/writer.ts:250:22)
    at Module.generateMobileIMHandler (C:/Users/User/cre-dealcard/src/app/api/broker/im-lite/generate/handler.ts:307:24
)
    at runPipelineForFixture (C:/Users/User/cre-dealcard/src/tests/e2e/posture-e2e-pipeline.test.ts:119:18)
    at C:/Users/User/cre-dealcard/src/tests/e2e/posture-e2e-pipeline.test.ts:325:34
    at [90mfile:///C:/Users/User/cre-dealcard/[39mnode_modules/[4m@vitest/runner[24m/dist/chunk-artifact.js:1903:20

[90mstderr[2m | src/tests/e2e/posture-e2e-pipeline.test.ts[2m > [22m[2m16-Case MECE Regression Suite (?ㅼ젣 LLM ?몄텧)
[2m > [22m[2mcase06_nonhyeon_creative: ?쇳쁽???щ━?먯씠?곕툕 ?ъ삦 [owner_occupied]
[22m[39m[MockOpenAIProvider]process.env.OPENAI_API_KEY is missing or in test environment. Returning mock JSON respons
e.

[90mstderr[2m | src/tests/e2e/posture-e2e-pipeline.test.ts[2m > [22m[2m16-Case MECE Regression Suite (?ㅼ젣 LLM ?몄텧)
[2m > [22m[2mcase06_nonhyeon_creative: ?쇳쁽???щ━?먯씠?곕툕 ?ъ삦 [owner_occupied]
[22m[39m[golden-im] Failed to build few-shot block: TypeError: supabase.from(...).select(...).eq(...).eq is not a fun
ction
    at buildIMFewShotBlock (C:/Users/User/cre-dealcard/src/domain/building/mobile-im/golden-im-manager.ts:134:8)
    at generateSingleSection (C:/Users/User/cre-dealcard/src/domain/building/mobile-im/im-section-generator.ts:204:30)
    at generateMobileIM (C:/Users/User/cre-dealcard/src/domain/building/mobile-im/writer.ts:250:28)
[90m    at processTicksAndRejections (node:internal/process/task_queues:103:5)[39m
    at Module.generateMobileIMHandler (C:/Users/User/cre-dealcard/src/app/api/broker/im-lite/generate/handler.ts:307:24
)
    at runPipelineForFixture (C:/Users/User/cre-dealcard/src/tests/e2e/posture-e2e-pipeline.test.ts:119:18)
    at C:/Users/User/cre-dealcard/src/tests/e2e/posture-e2e-pipeline.test.ts:325:34
    at [90mfile:///C:/Users/User/cre-dealcard/[39mnode_modules/[4m@vitest/runner[24m/dist/chunk-artifact.js:1903:20

[90mstderr[2m | src/tests/e2e/posture-e2e-pipeline.test.ts[2m > [22m[2m16-Case MECE Regression Suite (?ㅼ젣 LLM ?몄텧)
[2m > [22m[2mcase06_nonhyeon_creative: ?쇳쁽???щ━?먯씠?곕툕 ?ъ삦 [owner_occupied]
[22m[39m[MockOpenAIProvider]process.env.OPENAI_API_KEY is missing or in test environment. Returning mock JSON respons
e.

[90mstderr[2m | src/tests/e2e/posture-e2e-pipeline.test.ts[2m > [22m[2m16-Case MECE Regression Suite (?ㅼ젣 LLM ?몄텧)
[2m > [22m[2mcase06_nonhyeon_creative: ?쇳쁽???щ━?먯씠?곕툕 ?ъ삦 [owner_occupied]
[22m[39m[terminology-normalizer] Failed to load rules from DB, using fallback: TypeError: supabase.from(...).select(.
..).eq(...).order is not a function
    at getTerminologyRules (C:/Users/User/cre-dealcard/src/domain/building/mobile-im/terminology-normalizer.ts:146:8)
    at normalizeTerminologyAsync (C:/Users/User/cre-dealcard/src/domain/building/mobile-im/terminology-normalizer.ts:24
5:23)
    at generateSingleSection (C:/Users/User/cre-dealcard/src/domain/building/mobile-im/im-section-generator.ts:392:28)
[90m    at processTicksAndRejections (node:internal/process/task_queues:103:5)[39m
    at generateMobileIM (C:/Users/User/cre-dealcard/src/domain/building/mobile-im/writer.ts:250:22)
    at Module.generateMobileIMHandler (C:/Users/User/cre-dealcard/src/app/api/broker/im-lite/generate/handler.ts:307:24
)
    at runPipelineForFixture (C:/Users/User/cre-dealcard/src/tests/e2e/posture-e2e-pipeline.test.ts:119:18)
    at C:/Users/User/cre-dealcard/src/tests/e2e/posture-e2e-pipeline.test.ts:325:34
    at [90mfile:///C:/Users/User/cre-dealcard/[39mnode_modules/[4m@vitest/runner[24m/dist/chunk-artifact.js:1903:20

[90mstderr[2m | src/tests/e2e/posture-e2e-pipeline.test.ts[2m > [22m[2m16-Case MECE Regression Suite (?ㅼ젣 LLM ?몄텧)
[2m > [22m[2mcase06_nonhyeon_creative: ?쇳쁽???щ━?먯씠?곕툕 ?ъ삦 [owner_occupied]
[22m[39m[MockOpenAIProvider]process.env.OPENAI_API_KEY is missing or in test environment. Returning mock JSON respons
e.

[90mstderr[2m | src/tests/e2e/posture-e2e-pipeline.test.ts[2m > [22m[2m16-Case MECE Regression Suite (?ㅼ젣 LLM ?몄텧)
[2m > [22m[2mcase06_nonhyeon_creative: ?쇳쁽???щ━?먯씠?곕툕 ?ъ삦 [owner_occupied]
[22m[39m[golden-im] Failed to build few-shot block: TypeError: supabase.from(...).select(...).eq(...).eq is not a fun
ction
    at buildIMFewShotBlock (C:/Users/User/cre-dealcard/src/domain/building/mobile-im/golden-im-manager.ts:134:8)
    at generateSingleSection (C:/Users/User/cre-dealcard/src/domain/building/mobile-im/im-section-generator.ts:204:30)
    at generateMobileIM (C:/Users/User/cre-dealcard/src/domain/building/mobile-im/writer.ts:250:28)
[90m    at processTicksAndRejections (node:internal/process/task_queues:103:5)[39m
    at Module.generateMobileIMHandler (C:/Users/User/cre-dealcard/src/app/api/broker/im-lite/generate/handler.ts:307:24
)
    at runPipelineForFixture (C:/Users/User/cre-dealcard/src/tests/e2e/posture-e2e-pipeline.test.ts:119:18)
    at C:/Users/User/cre-dealcard/src/tests/e2e/posture-e2e-pipeline.test.ts:325:34
    at [90mfile:///C:/Users/User/cre-dealcard/[39mnode_modules/[4m@vitest/runner[24m/dist/chunk-artifact.js:1903:20

[90mstderr[2m | src/tests/e2e/posture-e2e-pipeline.test.ts[2m > [22m[2m16-Case MECE Regression Suite (?ㅼ젣 LLM ?몄텧)
[2m > [22m[2mcase06_nonhyeon_creative: ?쇳쁽???щ━?먯씠?곕툕 ?ъ삦 [owner_occupied]
[22m[39m[MockOpenAIProvider]process.env.OPENAI_API_KEY is missing or in test environment. Returning mock JSON respons
e.

[90mstderr[2m | src/tests/e2e/posture-e2e-pipeline.test.ts[2m > [22m[2m16-Case MECE Regression Suite (?ㅼ젣 LLM ?몄텧)
[2m > [22m[2mcase06_nonhyeon_creative: ?쇳쁽???щ━?먯씠?곕툕 ?ъ삦 [owner_occupied]
[22m[39m[terminology-normalizer] Failed to load rules from DB, using fallback: TypeError: supabase.from(...).select(.
..).eq(...).order is not a function
    at getTerminologyRules (C:/Users/User/cre-dealcard/src/domain/building/mobile-im/terminology-normalizer.ts:146:8)
    at normalizeTerminologyAsync (C:/Users/User/cre-dealcard/src/domain/building/mobile-im/terminology-normalizer.ts:24
5:23)
    at generateSingleSection (C:/Users/User/cre-dealcard/src/domain/building/mobile-im/im-section-generator.ts:392:28)
[90m    at processTicksAndRejections (node:internal/process/task_queues:103:5)[39m
    at generateMobileIM (C:/Users/User/cre-dealcard/src/domain/building/mobile-im/writer.ts:250:22)
    at Module.generateMobileIMHandler (C:/Users/User/cre-dealcard/src/app/api/broker/im-lite/generate/handler.ts:307:24
)
    at runPipelineForFixture (C:/Users/User/cre-dealcard/src/tests/e2e/posture-e2e-pipeline.test.ts:119:18)
    at C:/Users/User/cre-dealcard/src/tests/e2e/posture-e2e-pipeline.test.ts:325:34
    at [90mfile:///C:/Users/User/cre-dealcard/[39mnode_modules/[4m@vitest/runner[24m/dist/chunk-artifact.js:1903:20

[90mstderr[2m | src/tests/e2e/posture-e2e-pipeline.test.ts[2m > [22m[2m16-Case MECE Regression Suite (?ㅼ젣 LLM ?몄텧)
[2m > [22m[2mcase06_nonhyeon_creative: ?쇳쁽???щ━?먯씠?곕툕 ?ъ삦 [owner_occupied]
[22m[39m[MockOpenAIProvider]process.env.OPENAI_API_KEY is missing or in test environment. Returning mock JSON respons
e.

[90mstderr[2m | src/tests/e2e/posture-e2e-pipeline.test.ts[2m > [22m[2m16-Case MECE Regression Suite (?ㅼ젣 LLM ?몄텧)
[2m > [22m[2mcase06_nonhyeon_creative: ?쇳쁽???щ━?먯씠?곕툕 ?ъ삦 [owner_occupied]
[22m[39m[mobile-im] Publish gates blocked: [ [32m'G05'[39m, [32m'G08'[39m, [32m'G20'[39m, [32m'G24'[39m ]

[90mstderr[2m | src/tests/e2e/posture-e2e-pipeline.test.ts[2m > [22m[2m16-Case MECE Regression Suite (?ㅼ젣 LLM ?몄텧)
[2m > [22m[2mcase06_nonhyeon_creative: ?쇳쁽???щ━?먯씠?곕툕 ?ъ삦 [owner_occupied]
[22m[39m[BL-5] ?대갚 諛쒕룞: A08 ?щ씪?대뱶 #6 ???꾪궎??낆씠 蹂몃Ц???뚮뜑留곹븯吏 紐삵빐 留덊겕?ㅼ슫 ?대갚 ?ъ슜

[90mstderr[2m | src/domain/building/mobile-im/__tests__/e2e-real-property.test.ts[2m > [22m[2mE2E Real Property: ?
묓룊??媛 ?붾젅?쒕퉴??(income)[2m > [22m[2mIM ?앹꽦 ?뚯씠?꾨씪??[2m > [22m[2mE2E-YP-ANCHORS: ?묓룊???섏튂 ?듭빱 ???낅젰 蹂댁〈 諛??뱀뀡 援ъ“ 寃
利?[22m[39m[MockOpenAIProvider]process.env.OPENAI_API_KEY is missing or in test environment. Returning mock JSON resp
onse.

[90mstderr[2m | src/domain/building/mobile-im/__tests__/l5-pipeline-e2e.test.ts[2m > [22m[2mL5: Full Pipeline E2E 
& System Invariants (25 cases)[2m > [22m[2mPersona Isolation Principle (AGENTS.md Rule 1)[2m > [22m[2mL5-PERSONA-
01: Generated content must never contain explicit persona labels
[22m[39m[MockOpenAIProvider]process.env.OPENAI_API_KEY is missing or in test environment. Returning mock JSON respons
e.

[90mstderr[2m | src/tests/ai/prompt-regression.test.ts[2m > [22m[2mAI Prompt Regression & Golden Testset[2m > [2
2m[2mshould parse all golden cases successfully and satisfy accuracy threshold
[22m[39m[MockOpenAIProvider]process.env.OPENAI_API_KEY is missing or in test environment. Returning mock JSON respons
e.

[90mstderr[2m | src/tests/ai/prompt-regression.test.ts[2m > [22m[2mAI Prompt Regression & Golden Testset[2m > [2
2m[2mshould parse all golden cases successfully and satisfy accuracy threshold
[22m[39m[MockOpenAIProvider]process.env.OPENAI_API_KEY is missing or in test environment. Returning mock JSON respons
e.

[90mstderr[2m | src/tests/ai/prompt-regression.test.ts[2m > [22m[2mAI Prompt Regression & Golden Testset[2m > [2
2m[2mshould parse all golden cases successfully and satisfy accuracy threshold
[22m[39m[Regression Warning] TestCase GT-002 matched 0/3 fields. Accuracy is below threshold.
[MockOpenAIProvider]process.env.OPENAI_API_KEY is missing or in test environment. Returning mock JSON response.

[90mstderr[2m | src/tests/e2e/p2-gallery-photos.test.ts[2m > [22m[2mT27: 12 Photos Simultaneous Embedding[2m > [
22m[2mT27-04: Full PPTX render with 12 mock photos -> buffer > 5KB, no corruption
[22m[39m[deck-sequencer] goldilocks: 蹂몃Ц 20硫???16硫??덉궘 (遺濡?0硫?遺꾨━)

 [31m??[39m src/tests/domain/market-crawlers.test.ts [2m([22m[2m2 tests[22m[2m | [22m[31m1 failed[39m[2m)[22m[33m 15027[2mms[22m[39m
[31m     [31m횞[31m GET /api/public/market-intelligence?action=crawl triggers crawlers and returns statistics[39m[33m 15020[2mms[22m[39m
     [32m??[39m GET /api/public/market-intelligence returns consolidated view[32m 4[2mms[22m[39m
[90mstderr[2m | src/domain/building/mobile-im/__tests__/e2e-real-property.test.ts[2m > [22m[2mE2E Real Property: ?
묓룊??媛 ?붾젅?쒕퉴??(income)[2m > [22m[2mIM ?앹꽦 ?뚯씠?꾨씪??[2m > [22m[2mE2E-YP-ANCHORS: ?묓룊???섏튂 ?듭빱 ???낅젰 蹂댁〈 諛??뱀뀡 援ъ“ 寃
利?[22m[39m[MockOpenAIProvider]process.env.OPENAI_API_KEY is missing or in test environment. Returning mock JSON resp
onse.

[90mstderr[2m | src/domain/building/mobile-im/__tests__/l5-pipeline-e2e.test.ts[2m > [22m[2mL5: Full Pipeline E2E 
& System Invariants (25 cases)[2m > [22m[2mPersona Isolation Principle (AGENTS.md Rule 1)[2m > [22m[2mL5-PERSONA-
01: Generated content must never contain explicit persona labels
[22m[39m[MockOpenAIProvider]process.env.OPENAI_API_KEY is missing or in test environment. Returning mock JSON respons
e.

[90mstderr[2m | src/tests/e2e/cross-validation-negative.test.ts[2m > [22m[2mCross-Validation Negative Cases[2m > 
[22m[2mCV-05: income - Cap Rate < 2% (abnormally low) ??financialWarning
[22m[39m[CRE-RAG] Hybrid search failed: TypeError: rpcClient.rpc is not a function
    at searchSimilarIMs (C:/Users/User/cre-dealcard/src/domain/building/mobile-im/cre-rag-service.ts:60:45)
[90m    at processTicksAndRejections (node:internal/process/task_queues:103:5)[39m
    at generateRAGContext (C:/Users/User/cre-dealcard/src/domain/building/mobile-im/cre-rag-service.ts:128:16)
    at buildIMContext (C:/Users/User/cre-dealcard/src/domain/building/mobile-im/im-context-builder.ts:274:14)
    at generateMobileIM (C:/Users/User/cre-dealcard/src/domain/building/mobile-im/writer.ts:76:15)
    at Module.generateMobileIMHandler (C:/Users/User/cre-dealcard/src/app/api/broker/im-lite/generate/handler.ts:307:24
)
    at C:/Users/User/cre-dealcard/src/tests/e2e/cross-validation-negative.test.ts:124:17
    at [90mfile:///C:/Users/User/cre-dealcard/[39mnode_modules/[4m@vitest/runner[24m/dist/chunk-artifact.js:1903:20

[90mstderr[2m | src/domain/building/mobile-im/__tests__/e2e-real-property.test.ts[2m > [22m[2mE2E Real Property: ?
묓룊??媛 ?붾젅?쒕퉴??(income)[2m > [22m[2mIM ?앹꽦 ?뚯씠?꾨씪??[2m > [22m[2mE2E-YP-ANCHORS: ?묓룊???섏튂 ?듭빱 ???낅젰 蹂댁〈 諛??뱀뀡 援ъ“ 寃
利?[22m[39m[mobile-im] Publish gates blocked: [ [32m'G02'[39m, [32m'G05'[39m, [32m'G06'[39m, [32m'G08'[39m, 
[32m'G20'[39m, [32m'G24'[39m ]
[cross-validator] 援먯감 寃利?寃곌낵 ??critical: 12, warning: 0, fields: [vacancy_narrative_contradiction, vacancy_narrative_c
ontradiction, vacancy_narrative_contradiction, vacancy_narrative_contradiction, vacancy_narrative_contradiction, vacanc
y_narrative_contradiction, vacancy_narrative_contradiction, vacancy_narrative_contradiction, vacancy_narrative_contradi
ction, vacancy_narrative_contradiction, vacancy_narrative_contradiction, vacancy_narrative_contradiction]

[90mstderr[2m | src/domain/building/mobile-im/__tests__/l5-pipeline-e2e.test.ts[2m > [22m[2mL5: Full Pipeline E2E 
& System Invariants (25 cases)[2m > [22m[2mPersona Isolation Principle (AGENTS.md Rule 1)[2m > [22m[2mL5-PERSONA-
01: Generated content must never contain explicit persona labels
[22m[39m[mobile-im] Publish gates blocked: [
  [32m'G02'[39m, [32m'G05'[39m,
  [32m'G06'[39m, [32m'G08'[39m,
  [32m'G10'[39m, [32m'G20'[39m,
  [32m'G24'[39m
]
[cross-validator] 援먯감 寃利?寃곌낵 ??critical: 12, warning: 0, fields: [vacancy_narrative_contradiction, vacancy_narrative_c
ontradiction, vacancy_narrative_contradiction, vacancy_narrative_contradiction, vacancy_narrative_contradiction, vacanc
y_narrative_contradiction, vacancy_narrative_contradiction, vacancy_narrative_contradiction, vacancy_narrative_contradi
ction, vacancy_narrative_contradiction, vacancy_narrative_contradiction, vacancy_narrative_contradiction]

[90mstdout[2m | src/tests/e2e/posture-e2e-pipeline.test.ts[2m > [22m[2m16-Case MECE Regression Suite (?ㅼ젣 LLM ?몄텧)[2m > [22m[2mcase07_yeouido_corp: ?ъ쓽???꾨Ц吏?踰뺤씤?ъ삦 [owner_occupied]
[22m[39m[im-handler] gradeResult: B [33m61[39m directData present: [33mfalse[39m

[90mstdout[2m | src/tests/e2e/cross-validation-negative.test.ts[2m > [22m[2mCross-Validation Negative Cases[2m > [22m[2mCV-05: income - Cap Rate < 2% (abnormally low) ??financialWarning
[22m[39m[mobile-im-writer] Prompt variant: writer_system_v1 (v1.0), isLogistics=false, posture=income

[90mstderr[2m | src/tests/e2e/posture-e2e-pipeline.test.ts[2m > [22m[2m16-Case MECE Regression Suite (?ㅼ젣 LLM ?몄텧)
[2m > [22m[2mcase07_yeouido_corp: ?ъ쓽???꾨Ц吏?踰뺤씤?ъ삦 [owner_occupied]
[22m[39m[terminology-normalizer] Failed to load rules from DB, using fallback: TypeError: supabase.from(...).select(.
..).eq(...).order is not a function
    at getTerminologyRules (C:/Users/User/cre-dealcard/src/domain/building/mobile-im/terminology-normalizer.ts:146:8)
    at normalizeTerminologyAsync (C:/Users/User/cre-dealcard/src/domain/building/mobile-im/terminology-normalizer.ts:24
5:23)
    at deepNormalizeStringsAsync (C:/Users/User/cre-dealcard/src/domain/building/mobile-im/im-context-builder.ts:117:23
)
    at deepNormalizeStringsAsync (C:/Users/User/cre-dealcard/src/domain/building/mobile-im/im-context-builder.ts:126:24
)
    at buildIMContext (C:/Users/User/cre-dealcard/src/domain/building/mobile-im/im-context-builder.ts:170:24)
    at generateMobileIM (C:/Users/User/cre-dealcard/src/domain/building/mobile-im/writer.ts:76:15)
    at Module.generateMobileIMHandler (C:/Users/User/cre-dealcard/src/app/api/broker/im-lite/generate/handler.ts:307:24
)
    at runPipelineForFixture (C:/Users/User/cre-dealcard/src/tests/e2e/posture-e2e-pipeline.test.ts:119:18)
    at C:/Users/User/cre-dealcard/src/tests/e2e/posture-e2e-pipeline.test.ts:325:34
    at [90mfile:///C:/Users/User/cre-dealcard/[39mnode_modules/[4m@vitest/runner[24m/dist/chunk-artifact.js:1903:20

[90mstderr[2m | src/tests/e2e/cross-validation-negative.test.ts[2m > [22m[2mCross-Validation Negative Cases[2m > 
[22m[2mCV-05: income - Cap Rate < 2% (abnormally low) ??financialWarning
[22m[39m[writer] Claim violations: [
  [32m"[G38] Calculation 'e17cbd73-76b5-4c8d-b8a2-2956f796276f': basis='NOI'?몃뜲 怨듭젣 ??ぉ???놁뒿?덈떎. ?댁쁺鍮??놁씠 NOI瑜??곗텧????
?놁뒿?덈떎."[39m,
  [32m"[G38] Calculation 'c754046a-0346-46d5-b2c9-1ae9718b7309': basis='NOI'?몃뜲 怨듭젣 ??ぉ???놁뒿?덈떎. ?댁쁺鍮??놁씠 NOI瑜??곗텧????
?놁뒿?덈떎."[39m,
  [32m"[G38] Calculation 'fad934b6-3c78-42df-a1f1-b067c441e457': basis='NOI'?몃뜲 怨듭젣 ??ぉ???놁뒿?덈떎. ?댁쁺鍮??놁씠 NOI瑜??곗텧????
?놁뒿?덈떎."[39m,
  [32m"[G38] Calculation '707b8675-a21e-4b1f-8a4d-25d995dbffa5': basis='NOI'?몃뜲 怨듭젣 ??ぉ???놁뒿?덈떎. ?댁쁺鍮??놁씠 NOI瑜??곗텧????
?놁뒿?덈떎."[39m,
  [32m'G38_NOI_MISSING_OPEX: cap_rate_base requires evidenced operating expenses'[39m,
  [32m"[G38] Calculation '2ac5ca4b-e06f-4587-9f9b-ba32ed7c8509': basis='NOI'?몃뜲 怨듭젣 ??ぉ???놁뒿?덈떎. ?댁쁺鍮??놁씠 NOI瑜??곗텧????
?놁뒿?덈떎."[39m,
  [32m'G38_NOI_MISSING_OPEX: cap_rate_best requires evidenced operating expenses'[39m,
  [32m"[G38] Calculation '40a32b0c-7d1a-4055-8bad-785e12444bb1': basis='NOI'?몃뜲 怨듭젣 ??ぉ???놁뒿?덈떎. ?댁쁺鍮??놁씠 NOI瑜??곗텧????
?놁뒿?덈떎."[39m,
  [32m'G38_NOI_MISSING_OPEX: cap_rate_worst requires evidenced operating expenses'[39m
]
[golden-im] Failed to build few-shot block: TypeError: supabase.from(...).select(...).eq(...).eq is not a function
    at buildIMFewShotBlock (C:/Users/User/cre-dealcard/src/domain/building/mobile-im/golden-im-manager.ts:134:8)
    at generateSingleSection (C:/Users/User/cre-dealcard/src/domain/building/mobile-im/im-section-generator.ts:204:30)
    at C:/Users/User/cre-dealcard/src/domain/building/mobile-im/writer.ts:161:32
    at Array.map (<anonymous>)
    at generateMobileIM (C:/Users/User/cre-dealcard/src/domain/building/mobile-im/writer.ts:159:43)
[90m    at processTicksAndRejections (node:internal/process/task_queues:103:5)[39m
    at Module.generateMobileIMHandler (C:/Users/User/cre-dealcard/src/app/api/broker/im-lite/generate/handler.ts:307:24
)
    at C:/Users/User/cre-dealcard/src/tests/e2e/cross-validation-negative.test.ts:124:17
    at [90mfile:///C:/Users/User/cre-dealcard/[39mnode_modules/[4m@vitest/runner[24m/dist/chunk-artifact.js:1903:20
[golden-im] Failed to build few-shot block: TypeError: supabase.from(...).select(...).eq(...).eq is not a function
    at buildIMFewShotBlock (C:/Users/User/cre-dealcard/src/domain/building/mobile-im/golden-im-manager.ts:134:8)
    at generateSingleSection (C:/Users/User/cre-dealcard/src/domain/building/mobile-im/im-section-generator.ts:204:30)
    at C:/Users/User/cre-dealcard/src/domain/building/mobile-im/writer.ts:161:32
    at Array.map (<anonymous>)
    at generateMobileIM (C:/Users/User/cre-dealcard/src/domain/building/mobile-im/writer.ts:159:43)
[90m    at processTicksAndRejections (node:internal/process/task_queues:103:5)[39m
    at Module.generateMobileIMHandler (C:/Users/User/cre-dealcard/src/app/api/broker/im-lite/generate/handler.ts:307:24
)
    at C:/Users/User/cre-dealcard/src/tests/e2e/cross-validation-negative.test.ts:124:17
    at [90mfile:///C:/Users/User/cre-dealcard/[39mnode_modules/[4m@vitest/runner[24m/dist/chunk-artifact.js:1903:20
[golden-im] Failed to build few-shot block: TypeError: supabase.from(...).select(...).eq(...).eq is not a function
    at buildIMFewShotBlock (C:/Users/User/cre-dealcard/src/domain/building/mobile-im/golden-im-manager.ts:134:8)
    at generateSingleSection (C:/Users/User/cre-dealcard/src/domain/building/mobile-im/im-section-generator.ts:204:30)
    at C:/Users/User/cre-dealcard/src/domain/building/mobile-im/writer.ts:161:32
    at Array.map (<anonymous>)
    at generateMobileIM (C:/Users/User/cre-dealcard/src/domain/building/mobile-im/writer.ts:159:43)
[90m    at processTicksAndRejections (node:internal/process/task_queues:103:5)[39m
    at Module.generateMobileIMHandler (C:/Users/User/cre-dealcard/src/app/api/broker/im-lite/generate/handler.ts:307:24
)
    at C:/Users/User/cre-dealcard/src/tests/e2e/cross-validation-negative.test.ts:124:17
    at [90mfile:///C:/Users/User/cre-dealcard/[39mnode_modules/[4m@vitest/runner[24m/dist/chunk-artifact.js:1903:20
[golden-im] Failed to build few-shot block: TypeError: supabase.from(...).select(...).eq(...).eq is not a function
    at buildIMFewShotBlock (C:/Users/User/cre-dealcard/src/domain/building/mobile-im/golden-im-manager.ts:134:8)
    at generateSingleSection (C:/Users/User/cre-dealcard/src/domain/building/mobile-im/im-section-generator.ts:204:30)
    at C:/Users/User/cre-dealcard/src/domain/building/mobile-im/writer.ts:161:32
    at Array.map (<anonymous>)
    at generateMobileIM (C:/Users/User/cre-dealcard/src/domain/building/mobile-im/writer.ts:159:43)
[90m    at processTicksAndRejections (node:internal/process/task_queues:103:5)[39m
    at Module.generateMobileIMHandler (C:/Users/User/cre-dealcard/src/app/api/broker/im-lite/generate/handler.ts:307:24
)
    at C:/Users/User/cre-dealcard/src/tests/e2e/cross-validation-negative.test.ts:124:17
    at [90mfile:///C:/Users/User/cre-dealcard/[39mnode_modules/[4m@vitest/runner[24m/dist/chunk-artifact.js:1903:20
[golden-im] Failed to build few-shot block: TypeError: supabase.from(...).select(...).eq(...).eq is not a function
    at buildIMFewShotBlock (C:/Users/User/cre-dealcard/src/domain/building/mobile-im/golden-im-manager.ts:134:8)
    at generateSingleSection (C:/Users/User/cre-dealcard/src/domain/building/mobile-im/im-section-generator.ts:204:30)
    at C:/Users/User/cre-dealcard/src/domain/building/mobile-im/writer.ts:161:32
    at Array.map (<anonymous>)
    at generateMobileIM (C:/Users/User/cre-dealcard/src/domain/building/mobile-im/writer.ts:159:43)
[90m    at processTicksAndRejections (node:internal/process/task_queues:103:5)[39m
    at Module.generateMobileIMHandler (C:/Users/User/cre-dealcard/src/app/api/broker/im-lite/generate/handler.ts:307:24
)
    at C:/Users/User/cre-dealcard/src/tests/e2e/cross-validation-negative.test.ts:124:17
    at [90mfile:///C:/Users/User/cre-dealcard/[39mnode_modules/[4m@vitest/runner[24m/dist/chunk-artifact.js:1903:20
[golden-im] Failed to build few-shot block: TypeError: supabase.from(...).select(...).eq(...).eq is not a function
    at buildIMFewShotBlock (C:/Users/User/cre-dealcard/src/domain/building/mobile-im/golden-im-manager.ts:134:8)
    at generateSingleSection (C:/Users/User/cre-dealcard/src/domain/building/mobile-im/im-section-generator.ts:204:30)
    at C:/Users/User/cre-dealcard/src/domain/building/mobile-im/writer.ts:161:32
    at Array.map (<anonymous>)
    at generateMobileIM (C:/Users/User/cre-dealcard/src/domain/building/mobile-im/writer.ts:159:43)
[90m    at processTicksAndRejections (node:internal/process/task_queues:103:5)[39m
    at Module.generateMobileIMHandler (C:/Users/User/cre-dealcard/src/app/api/broker/im-lite/generate/handler.ts:307:24
)
    at C:/Users/User/cre-dealcard/src/tests/e2e/cross-validation-negative.test.ts:124:17
    at [90mfile:///C:/Users/User/cre-dealcard/[39mnode_modules/[4m@vitest/runner[24m/dist/chunk-artifact.js:1903:20
[golden-im] Failed to build few-shot block: TypeError: supabase.from(...).select(...).eq(...).eq is not a function
    at buildIMFewShotBlock (C:/Users/User/cre-dealcard/src/domain/building/mobile-im/golden-im-manager.ts:134:8)
    at generateSingleSection (C:/Users/User/cre-dealcard/src/domain/building/mobile-im/im-section-generator.ts:204:30)
    at C:/Users/User/cre-dealcard/src/domain/building/mobile-im/writer.ts:161:32
    at Array.map (<anonymous>)
    at generateMobileIM (C:/Users/User/cre-dealcard/src/domain/building/mobile-im/writer.ts:159:43)
[90m    at processTicksAndRejections (node:internal/process/task_queues:103:5)[39m
    at Module.generateMobileIMHandler (C:/Users/User/cre-dealcard/src/app/api/broker/im-lite/generate/handler.ts:307:24
)
    at C:/Users/User/cre-dealcard/src/tests/e2e/cross-validation-negative.test.ts:124:17
    at [90mfile:///C:/Users/User/cre-dealcard/[39mnode_modules/[4m@vitest/runner[24m/dist/chunk-artifact.js:1903:20
[golden-im] Failed to build few-shot block: TypeError: supabase.from(...).select(...).eq(...).eq is not a function
    at buildIMFewShotBlock (C:/Users/User/cre-dealcard/src/domain/building/mobile-im/golden-im-manager.ts:134:8)
    at generateSingleSection (C:/Users/User/cre-dealcard/src/domain/building/mobile-im/im-section-generator.ts:204:30)
    at C:/Users/User/cre-dealcard/src/domain/building/mobile-im/writer.ts:161:32
    at Array.map (<anonymous>)
    at generateMobileIM (C:/Users/User/cre-dealcard/src/domain/building/mobile-im/writer.ts:159:43)
[90m    at processTicksAndRejections (node:internal/process/task_queues:103:5)[39m
    at Module.generateMobileIMHandler (C:/Users/User/cre-dealcard/src/app/api/broker/im-lite/generate/handler.ts:307:24
)
    at C:/Users/User/cre-dealcard/src/tests/e2e/cross-validation-negative.test.ts:124:17
    at [90mfile:///C:/Users/User/cre-dealcard/[39mnode_modules/[4m@vitest/runner[24m/dist/chunk-artifact.js:1903:20

[90mstderr[2m | src/tests/e2e/cross-validation-negative.test.ts[2m > [22m[2mCross-Validation Negative Cases[2m > 
[22m[2mCV-05: income - Cap Rate < 2% (abnormally low) ??financialWarning
[22m[39m[writer] Stage 1 section property_overview failed, skipping (no fallback): Error: [P0-6] AI ?앹꽦 ?ㅽ뙣: property
_overview. ?대갚 湲덉? ???곗씠??遺議???硫??먯껜瑜??쒖쇅?댁빞 ?⑸땲??
    at generateSingleSection (C:/Users/User/cre-dealcard/src/domain/building/mobile-im/im-section-generator.ts:336:11)
[90m    at processTicksAndRejections (node:internal/process/task_queues:103:5)[39m
    at async Promise.allSettled (index 0)
    at generateMobileIM (C:/Users/User/cre-dealcard/src/domain/building/mobile-im/writer.ts:190:23)
    at Module.generateMobileIMHandler (C:/Users/User/cre-dealcard/src/app/api/broker/im-lite/generate/handler.ts:307:24
)
    at C:/Users/User/cre-dealcard/src/tests/e2e/cross-validation-negative.test.ts:124:17
    at [90mfile:///C:/Users/User/cre-dealcard/[39mnode_modules/[4m@vitest/runner[24m/dist/chunk-artifact.js:1903:20
[writer] Stage 1 section location_access failed, skipping (no fallback): Error: [P0-6] AI ?앹꽦 ?ㅽ뙣: location_access. ?대갚
 湲덉? ???곗씠??遺議???硫??먯껜瑜??쒖쇅?댁빞 ?⑸땲??
    at generateSingleSection (C:/Users/User/cre-dealcard/src/domain/building/mobile-im/im-section-generator.ts:336:11)
[90m    at processTicksAndRejections (node:internal/process/task_queues:103:5)[39m
    at async Promise.allSettled (index 1)
    at generateMobileIM (C:/Users/User/cre-dealcard/src/domain/building/mobile-im/writer.ts:190:23)
    at Module.generateMobileIMHandler (C:/Users/User/cre-dealcard/src/app/api/broker/im-lite/generate/handler.ts:307:24
)
    at C:/Users/User/cre-dealcard/src/tests/e2e/cross-validation-negative.test.ts:124:17
    at [90mfile:///C:/Users/User/cre-dealcard/[39mnode_modules/[4m@vitest/runner[24m/dist/chunk-artifact.js:1903:20
[writer] Stage 1 section next_steps failed, skipping (no fallback): Error: [P0-6] AI ?앹꽦 ?ㅽ뙣: next_steps. ?대갚 湲덉? ???곗씠
??遺議???硫??먯껜瑜??쒖쇅?댁빞 ?⑸땲??
    at generateSingleSection (C:/Users/User/cre-dealcard/src/domain/building/mobile-im/im-section-generator.ts:336:11)
[90m    at processTicksAndRejections (node:internal/process/task_queues:103:5)[39m
    at async Promise.allSettled (index 2)
    at generateMobileIM (C:/Users/User/cre-dealcard/src/domain/building/mobile-im/writer.ts:190:23)
    at Module.generateMobileIMHandler (C:/Users/User/cre-dealcard/src/app/api/broker/im-lite/generate/handler.ts:307:24
)
    at C:/Users/User/cre-dealcard/src/tests/e2e/cross-validation-negative.test.ts:124:17
    at [90mfile:///C:/Users/User/cre-dealcard/[39mnode_modules/[4m@vitest/runner[24m/dist/chunk-artifact.js:1903:20
[writer] Stage 1 section title_rights failed, skipping (no fallback): Error: [P0-6] AI ?앹꽦 ?ㅽ뙣: title_rights. ?대갚 湲덉? ?
??곗씠??遺議???硫??먯껜瑜??쒖쇅?댁빞 ?⑸땲??
    at generateSingleSection (C:/Users/User/cre-dealcard/src/domain/building/mobile-im/im-section-generator.ts:336:11)
[90m    at processTicksAndRejections (node:internal/process/task_queues:103:5)[39m
    at async Promise.allSettled (index 3)
    at generateMobileIM (C:/Users/User/cre-dealcard/src/domain/building/mobile-im/writer.ts:190:23)
    at Module.generateMobileIMHandler (C:/Users/User/cre-dealcard/src/app/api/broker/im-lite/generate/handler.ts:307:24
)
    at C:/Users/User/cre-dealcard/src/tests/e2e/cross-validation-negative.test.ts:124:17
    at [90mfile:///C:/Users/User/cre-dealcard/[39mnode_modules/[4m@vitest/runner[24m/dist/chunk-artifact.js:1903:20
[writer] Stage 1 section land_detail failed, skipping (no fallback): Error: [P0-6] AI ?앹꽦 ?ㅽ뙣: land_detail. ?대갚 湲덉? ???
곗씠??遺議???硫??먯껜瑜??쒖쇅?댁빞 ?⑸땲??
    at generateSingleSection (C:/Users/User/cre-dealcard/src/domain/building/mobile-im/im-section-generator.ts:336:11)
[90m    at processTicksAndRejections (node:internal/process/task_queues:103:5)[39m
    at async Promise.allSettled (index 4)
    at generateMobileIM (C:/Users/User/cre-dealcard/src/domain/building/mobile-im/writer.ts:190:23)
    at Module.generateMobileIMHandler (C:/Users/User/cre-dealcard/src/app/api/broker/im-lite/generate/handler.ts:307:24
)
    at C:/Users/User/cre-dealcard/src/tests/e2e/cross-validation-negative.test.ts:124:17
    at [90mfile:///C:/Users/User/cre-dealcard/[39mnode_modules/[4m@vitest/runner[24m/dist/chunk-artifact.js:1903:20
[writer] Stage 1 section comparables failed, skipping (no fallback): Error: [P0-6] AI ?앹꽦 ?ㅽ뙣: comparables. ?대갚 湲덉? ???
곗씠??遺議???硫??먯껜瑜??쒖쇅?댁빞 ?⑸땲??
    at generateSingleSection (C:/Users/User/cre-dealcard/src/domain/building/mobile-im/im-section-generator.ts:336:11)
[90m    at processTicksAndRejections (node:internal/process/task_queues:103:5)[39m
    at async Promise.allSettled (index 5)
    at generateMobileIM (C:/Users/User/cre-dealcard/src/domain/building/mobile-im/writer.ts:190:23)
    at Module.generateMobileIMHandler (C:/Users/User/cre-dealcard/src/app/api/broker/im-lite/generate/handler.ts:307:24
)
    at C:/Users/User/cre-dealcard/src/tests/e2e/cross-validation-negative.test.ts:124:17
    at [90mfile:///C:/Users/User/cre-dealcard/[39mnode_modules/[4m@vitest/runner[24m/dist/chunk-artifact.js:1903:20
[writer] Stage 1 section checklist failed, skipping (no fallback): Error: [P0-6] AI ?앹꽦 ?ㅽ뙣: checklist. ?대갚 湲덉? ???곗씠??
遺議???硫??먯껜瑜??쒖쇅?댁빞 ?⑸땲??
    at generateSingleSection (C:/Users/User/cre-dealcard/src/domain/building/mobile-im/im-section-generator.ts:336:11)
[90m    at processTicksAndRejections (node:internal/process/task_queues:103:5)[39m
    at async Promise.allSettled (index 6)
    at generateMobileIM (C:/Users/User/cre-dealcard/src/domain/building/mobile-im/writer.ts:190:23)
    at Module.generateMobileIMHandler (C:/Users/User/cre-dealcard/src/app/api/broker/im-lite/generate/handler.ts:307:24
)
    at C:/Users/User/cre-dealcard/src/tests/e2e/cross-validation-negative.test.ts:124:17
    at [90mfile:///C:/Users/User/cre-dealcard/[39mnode_modules/[4m@vitest/runner[24m/dist/chunk-artifact.js:1903:20
[writer] Stage 1 section closing failed, skipping (no fallback): Error: [P0-6] AI ?앹꽦 ?ㅽ뙣: closing. ?대갚 湲덉? ???곗씠??遺議?
??硫??먯껜瑜??쒖쇅?댁빞 ?⑸땲??
    at generateSingleSection (C:/Users/User/cre-dealcard/src/domain/building/mobile-im/im-section-generator.ts:336:11)
[90m    at processTicksAndRejections (node:internal/process/task_queues:103:5)[39m
    at async Promise.allSettled (index 7)
    at generateMobileIM (C:/Users/User/cre-dealcard/src/domain/building/mobile-im/writer.ts:190:23)
    at Module.generateMobileIMHandler (C:/Users/User/cre-dealcard/src/app/api/broker/im-lite/generate/handler.ts:307:24
)
    at C:/Users/User/cre-dealcard/src/tests/e2e/cross-validation-negative.test.ts:124:17
    at [90mfile:///C:/Users/User/cre-dealcard/[39mnode_modules/[4m@vitest/runner[24m/dist/chunk-artifact.js:1903:20
[golden-im] Failed to build few-shot block: TypeError: supabase.from(...).select(...).eq(...).eq is not a function
    at buildIMFewShotBlock (C:/Users/User/cre-dealcard/src/domain/building/mobile-im/golden-im-manager.ts:134:8)
    at generateSingleSection (C:/Users/User/cre-dealcard/src/domain/building/mobile-im/im-section-generator.ts:204:30)
    at generateMobileIM (C:/Users/User/cre-dealcard/src/domain/building/mobile-im/writer.ts:250:28)
[90m    at processTicksAndRejections (node:internal/process/task_queues:103:5)[39m
    at Module.generateMobileIMHandler (C:/Users/User/cre-dealcard/src/app/api/broker/im-lite/generate/handler.ts:307:24
)
    at C:/Users/User/cre-dealcard/src/tests/e2e/cross-validation-negative.test.ts:124:17
    at [90mfile:///C:/Users/User/cre-dealcard/[39mnode_modules/[4m@vitest/runner[24m/dist/chunk-artifact.js:1903:20

[90mstderr[2m | src/tests/e2e/cross-validation-negative.test.ts[2m > [22m[2mCross-Validation Negative Cases[2m > 
[22m[2mCV-05: income - Cap Rate < 2% (abnormally low) ??financialWarning
[22m[39m[writer] M-8: lease_status ?ъ떆??1/2: [P0-6] AI ?앹꽦 ?ㅽ뙣: lease_status. ?대갚 湲덉? ???곗씠??遺議???硫??먯껜瑜??쒖쇅?댁빞 ?⑸땲?
?
[golden-im] Failed to build few-shot block: TypeError: supabase.from(...).select(...).eq(...).eq is not a function
    at buildIMFewShotBlock (C:/Users/User/cre-dealcard/src/domain/building/mobile-im/golden-im-manager.ts:134:8)
    at generateSingleSection (C:/Users/User/cre-dealcard/src/domain/building/mobile-im/im-section-generator.ts:204:30)
    at generateMobileIM (C:/Users/User/cre-dealcard/src/domain/building/mobile-im/writer.ts:250:28)
[90m    at processTicksAndRejections (node:internal/process/task_queues:103:5)[39m
    at Module.generateMobileIMHandler (C:/Users/User/cre-dealcard/src/app/api/broker/im-lite/generate/handler.ts:307:24
)
    at C:/Users/User/cre-dealcard/src/tests/e2e/cross-validation-negative.test.ts:124:17
    at [90mfile:///C:/Users/User/cre-dealcard/[39mnode_modules/[4m@vitest/runner[24m/dist/chunk-artifact.js:1903:20

[90mstderr[2m | src/tests/e2e/cross-validation-negative.test.ts[2m > [22m[2mCross-Validation Negative Cases[2m > 
[22m[2mCV-05: income - Cap Rate < 2% (abnormally low) ??financialWarning
[22m[39m[writer] M-8: lease_status ?ъ떆??2/2: [P0-6] AI ?앹꽦 ?ㅽ뙣: lease_status. ?대갚 湲덉? ???곗씠??遺議???硫??먯껜瑜??쒖쇅?댁빞 ?⑸땲?
?
[golden-im] Failed to build few-shot block: TypeError: supabase.from(...).select(...).eq(...).eq is not a function
    at buildIMFewShotBlock (C:/Users/User/cre-dealcard/src/domain/building/mobile-im/golden-im-manager.ts:134:8)
    at generateSingleSection (C:/Users/User/cre-dealcard/src/domain/building/mobile-im/im-section-generator.ts:204:30)
    at generateMobileIM (C:/Users/User/cre-dealcard/src/domain/building/mobile-im/writer.ts:250:28)
[90m    at processTicksAndRejections (node:internal/process/task_queues:103:5)[39m
    at Module.generateMobileIMHandler (C:/Users/User/cre-dealcard/src/app/api/broker/im-lite/generate/handler.ts:307:24
)
    at C:/Users/User/cre-dealcard/src/tests/e2e/cross-validation-negative.test.ts:124:17
    at [90mfile:///C:/Users/User/cre-dealcard/[39mnode_modules/[4m@vitest/runner[24m/dist/chunk-artifact.js:1903:20

[90mstderr[2m | src/tests/e2e/cross-validation-negative.test.ts[2m > [22m[2mCross-Validation Negative Cases[2m > 
[22m[2mCV-05: income - Cap Rate < 2% (abnormally low) ??financialWarning
[22m[39m[writer] M-8: lease_status ?ъ떆???뚯쭊: [P0-6] AI ?앹꽦 ?ㅽ뙣: lease_status. ?대갚 湲덉? ???곗씠??遺議???硫??먯껜瑜??쒖쇅?댁빞 ?⑸땲?
?
[golden-im] Failed to build few-shot block: TypeError: supabase.from(...).select(...).eq(...).eq is not a function
    at buildIMFewShotBlock (C:/Users/User/cre-dealcard/src/domain/building/mobile-im/golden-im-manager.ts:134:8)
    at generateSingleSection (C:/Users/User/cre-dealcard/src/domain/building/mobile-im/im-section-generator.ts:204:30)
    at generateMobileIM (C:/Users/User/cre-dealcard/src/domain/building/mobile-im/writer.ts:250:28)
[90m    at processTicksAndRejections (node:internal/process/task_queues:103:5)[39m
    at Module.generateMobileIMHandler (C:/Users/User/cre-dealcard/src/app/api/broker/im-lite/generate/handler.ts:307:24
)
    at C:/Users/User/cre-dealcard/src/tests/e2e/cross-validation-negative.test.ts:124:17
    at [90mfile:///C:/Users/User/cre-dealcard/[39mnode_modules/[4m@vitest/runner[24m/dist/chunk-artifact.js:1903:20

[90mstderr[2m | src/tests/e2e/cross-validation-negative.test.ts[2m > [22m[2mCross-Validation Negative Cases[2m > 
[22m[2mCV-05: income - Cap Rate < 2% (abnormally low) ??financialWarning
[22m[39m[writer] M-8: income_analysis ?ъ떆??1/2: [P0-6] AI ?앹꽦 ?ㅽ뙣: income_analysis. ?대갚 湲덉? ???곗씠??遺議???硫??먯껜瑜??쒖쇅?댁
빞 ?⑸땲??
[golden-im] Failed to build few-shot block: TypeError: supabase.from(...).select(...).eq(...).eq is not a function
    at buildIMFewShotBlock (C:/Users/User/cre-dealcard/src/domain/building/mobile-im/golden-im-manager.ts:134:8)
    at generateSingleSection (C:/Users/User/cre-dealcard/src/domain/building/mobile-im/im-section-generator.ts:204:30)
    at generateMobileIM (C:/Users/User/cre-dealcard/src/domain/building/mobile-im/writer.ts:250:28)
[90m    at processTicksAndRejections (node:internal/process/task_queues:103:5)[39m
    at Module.generateMobileIMHandler (C:/Users/User/cre-dealcard/src/app/api/broker/im-lite/generate/handler.ts:307:24
)
    at C:/Users/User/cre-dealcard/src/tests/e2e/cross-validation-negative.test.ts:124:17
    at [90mfile:///C:/Users/User/cre-dealcard/[39mnode_modules/[4m@vitest/runner[24m/dist/chunk-artifact.js:1903:20

[90mstderr[2m | src/tests/ai/prompt-regression.test.ts[2m > [22m[2mAI Prompt Regression & Golden Testset[2m > [2
2m[2mshould parse all golden cases successfully and satisfy accuracy threshold
[22m[39m[MockOpenAIProvider]process.env.OPENAI_API_KEY is missing or in test environment. Returning mock JSON respons
e.

[90mstderr[2m | src/tests/e2e/cross-validation-negative.test.ts[2m > [22m[2mCross-Validation Negative Cases[2m > 
[22m[2mCV-05: income - Cap Rate < 2% (abnormally low) ??financialWarning
[22m[39m[writer] M-8: income_analysis ?ъ떆??2/2: [P0-6] AI ?앹꽦 ?ㅽ뙣: income_analysis. ?대갚 湲덉? ???곗씠??遺議???硫??먯껜瑜??쒖쇅?댁
빞 ?⑸땲??
[golden-im] Failed to build few-shot block: TypeError: supabase.from(...).select(...).eq(...).eq is not a function
    at buildIMFewShotBlock (C:/Users/User/cre-dealcard/src/domain/building/mobile-im/golden-im-manager.ts:134:8)
    at generateSingleSection (C:/Users/User/cre-dealcard/src/domain/building/mobile-im/im-section-generator.ts:204:30)
    at generateMobileIM (C:/Users/User/cre-dealcard/src/domain/building/mobile-im/writer.ts:250:28)
[90m    at processTicksAndRejections (node:internal/process/task_queues:103:5)[39m
    at Module.generateMobileIMHandler (C:/Users/User/cre-dealcard/src/app/api/broker/im-lite/generate/handler.ts:307:24
)
    at C:/Users/User/cre-dealcard/src/tests/e2e/cross-validation-negative.test.ts:124:17
    at [90mfile:///C:/Users/User/cre-dealcard/[39mnode_modules/[4m@vitest/runner[24m/dist/chunk-artifact.js:1903:20

[90mstderr[2m | src/tests/ai/prompt-regression.test.ts[2m > [22m[2mAI Prompt Regression & Golden Testset[2m > [2
2m[2mshould parse all golden cases successfully and satisfy accuracy threshold
[22m[39m[MockOpenAIProvider]process.env.OPENAI_API_KEY is missing or in test environment. Returning mock JSON respons
e.

[90mstderr[2m | src/tests/e2e/cross-validation-negative.test.ts[2m > [22m[2mCross-Validation Negative Cases[2m > 
[22m[2mCV-05: income - Cap Rate < 2% (abnormally low) ??financialWarning
[22m[39m[writer] M-8: income_analysis ?ъ떆???뚯쭊: [P0-6] AI ?앹꽦 ?ㅽ뙣: income_analysis. ?대갚 湲덉? ???곗씠??遺議???硫??먯껜瑜??쒖쇅?댁
빞 ?⑸땲??
[golden-im] Failed to build few-shot block: TypeError: supabase.from(...).select(...).eq(...).eq is not a function
    at buildIMFewShotBlock (C:/Users/User/cre-dealcard/src/domain/building/mobile-im/golden-im-manager.ts:134:8)
    at generateSingleSection (C:/Users/User/cre-dealcard/src/domain/building/mobile-im/im-section-generator.ts:204:30)
    at generateMobileIM (C:/Users/User/cre-dealcard/src/domain/building/mobile-im/writer.ts:250:28)
[90m    at processTicksAndRejections (node:internal/process/task_queues:103:5)[39m
    at Module.generateMobileIMHandler (C:/Users/User/cre-dealcard/src/app/api/broker/im-lite/generate/handler.ts:307:24
)
    at C:/Users/User/cre-dealcard/src/tests/e2e/cross-validation-negative.test.ts:124:17
    at [90mfile:///C:/Users/User/cre-dealcard/[39mnode_modules/[4m@vitest/runner[24m/dist/chunk-artifact.js:1903:20

[90mstderr[2m | src/tests/ai/prompt-regression.test.ts[2m > [22m[2mAI Prompt Regression & Golden Testset[2m > [2
2m[2mshould parse all golden cases successfully and satisfy accuracy threshold
[22m[39m[Regression Warning] TestCase GT-003 matched 0/3 fields. Accuracy is below threshold.
[MockOpenAIProvider]process.env.OPENAI_API_KEY is missing or in test environment. Returning mock JSON response.

[90mstderr[2m | src/tests/e2e/cross-validation-negative.test.ts[2m > [22m[2mCross-Validation Negative Cases[2m > 
[22m[2mCV-05: income - Cap Rate < 2% (abnormally low) ??financialWarning
[22m[39m[writer] M-8: risk_check ?ъ떆??1/2: [P0-6] AI ?앹꽦 ?ㅽ뙣: risk_check. ?대갚 湲덉? ???곗씠??遺議???硫??먯껜瑜??쒖쇅?댁빞 ?⑸땲??
[golden-im] Failed to build few-shot block: TypeError: supabase.from(...).select(...).eq(...).eq is not a function
    at buildIMFewShotBlock (C:/Users/User/cre-dealcard/src/domain/building/mobile-im/golden-im-manager.ts:134:8)
    at generateSingleSection (C:/Users/User/cre-dealcard/src/domain/building/mobile-im/im-section-generator.ts:204:30)
    at generateMobileIM (C:/Users/User/cre-dealcard/src/domain/building/mobile-im/writer.ts:250:28)
[90m    at processTicksAndRejections (node:internal/process/task_queues:103:5)[39m
    at Module.generateMobileIMHandler (C:/Users/User/cre-dealcard/src/app/api/broker/im-lite/generate/handler.ts:307:24
)
    at C:/Users/User/cre-dealcard/src/tests/e2e/cross-validation-negative.test.ts:124:17
    at [90mfile:///C:/Users/User/cre-dealcard/[39mnode_modules/[4m@vitest/runner[24m/dist/chunk-artifact.js:1903:20

 [32m??[39m src/tests/e2e/p2-gallery-photos.test.ts [2m([22m[2m13 tests[22m[2m)[22m[33m 891[2mms[22m[39m
     [33m[2m??[22m[39m T19-08: Full PPTX render with 4 photos -> PPTX has gallery slide, buffer valid [33m 573[2mms[22m[39m
[90mstderr[2m | src/tests/e2e/cross-validation-negative.test.ts[2m > [22m[2mCross-Validation Negative Cases[2m > 
[22m[2mCV-05: income - Cap Rate < 2% (abnormally low) ??financialWarning
[22m[39m[writer] M-8: risk_check ?ъ떆??2/2: [P0-6] AI ?앹꽦 ?ㅽ뙣: risk_check. ?대갚 湲덉? ???곗씠??遺議???硫??먯껜瑜??쒖쇅?댁빞 ?⑸땲??
[golden-im] Failed to build few-shot block: TypeError: supabase.from(...).select(...).eq(...).eq is not a function
    at buildIMFewShotBlock (C:/Users/User/cre-dealcard/src/domain/building/mobile-im/golden-im-manager.ts:134:8)
    at generateSingleSection (C:/Users/User/cre-dealcard/src/domain/building/mobile-im/im-section-generator.ts:204:30)
    at generateMobileIM (C:/Users/User/cre-dealcard/src/domain/building/mobile-im/writer.ts:250:28)
[90m    at processTicksAndRejections (node:internal/process/task_queues:103:5)[39m
    at Module.generateMobileIMHandler (C:/Users/User/cre-dealcard/src/app/api/broker/im-lite/generate/handler.ts:307:24
)
    at C:/Users/User/cre-dealcard/src/tests/e2e/cross-validation-negative.test.ts:124:17
    at [90mfile:///C:/Users/User/cre-dealcard/[39mnode_modules/[4m@vitest/runner[24m/dist/chunk-artifact.js:1903:20

[90mstderr[2m | src/tests/e2e/cross-validation-negative.test.ts[2m > [22m[2mCross-Validation Negative Cases[2m > 
[22m[2mCV-05: income - Cap Rate < 2% (abnormally low) ??financialWarning
[22m[39m[writer] M-8: risk_check ?ъ떆???뚯쭊: [P0-6] AI ?앹꽦 ?ㅽ뙣: risk_check. ?대갚 湲덉? ???곗씠??遺議???硫??먯껜瑜??쒖쇅?댁빞 ?⑸땲??
[golden-im] Failed to build few-shot block: TypeError: supabase.from(...).select(...).eq(...).eq is not a function
    at buildIMFewShotBlock (C:/Users/User/cre-dealcard/src/domain/building/mobile-im/golden-im-manager.ts:134:8)
    at generateSingleSection (C:/Users/User/cre-dealcard/src/domain/building/mobile-im/im-section-generator.ts:204:30)
    at generateMobileIM (C:/Users/User/cre-dealcard/src/domain/building/mobile-im/writer.ts:250:28)
[90m    at processTicksAndRejections (node:internal/process/task_queues:103:5)[39m
    at Module.generateMobileIMHandler (C:/Users/User/cre-dealcard/src/app/api/broker/im-lite/generate/handler.ts:307:24
)
    at C:/Users/User/cre-dealcard/src/tests/e2e/cross-validation-negative.test.ts:124:17
    at [90mfile:///C:/Users/User/cre-dealcard/[39mnode_modules/[4m@vitest/runner[24m/dist/chunk-artifact.js:1903:20

[90mstderr[2m | src/tests/e2e/cross-validation-negative.test.ts[2m > [22m[2mCross-Validation Negative Cases[2m > 
[22m[2mCV-05: income - Cap Rate < 2% (abnormally low) ??financialWarning
[22m[39m[writer] M-8: investment_thesis ?ъ떆??1/2: [P0-6] AI ?앹꽦 ?ㅽ뙣: investment_thesis. ?대갚 湲덉? ???곗씠??遺議???硫??먯껜瑜??
쒖쇅?댁빞 ?⑸땲??
[golden-im] Failed to build few-shot block: TypeError: supabase.from(...).select(...).eq(...).eq is not a function
    at buildIMFewShotBlock (C:/Users/User/cre-dealcard/src/domain/building/mobile-im/golden-im-manager.ts:134:8)
    at generateSingleSection (C:/Users/User/cre-dealcard/src/domain/building/mobile-im/im-section-generator.ts:204:30)
    at generateMobileIM (C:/Users/User/cre-dealcard/src/domain/building/mobile-im/writer.ts:250:28)
[90m    at processTicksAndRejections (node:internal/process/task_queues:103:5)[39m
    at Module.generateMobileIMHandler (C:/Users/User/cre-dealcard/src/app/api/broker/im-lite/generate/handler.ts:307:24
)
    at C:/Users/User/cre-dealcard/src/tests/e2e/cross-validation-negative.test.ts:124:17
    at [90mfile:///C:/Users/User/cre-dealcard/[39mnode_modules/[4m@vitest/runner[24m/dist/chunk-artifact.js:1903:20

[90mstderr[2m | src/tests/e2e/cross-validation-negative.test.ts[2m > [22m[2mCross-Validation Negative Cases[2m > 
[22m[2mCV-05: income - Cap Rate < 2% (abnormally low) ??financialWarning
[22m[39m[writer] M-8: investment_thesis ?ъ떆??2/2: [P0-6] AI ?앹꽦 ?ㅽ뙣: investment_thesis. ?대갚 湲덉? ???곗씠??遺議???硫??먯껜瑜??
쒖쇅?댁빞 ?⑸땲??
[golden-im] Failed to build few-shot block: TypeError: supabase.from(...).select(...).eq(...).eq is not a function
    at buildIMFewShotBlock (C:/Users/User/cre-dealcard/src/domain/building/mobile-im/golden-im-manager.ts:134:8)
    at generateSingleSection (C:/Users/User/cre-dealcard/src/domain/building/mobile-im/im-section-generator.ts:204:30)
    at generateMobileIM (C:/Users/User/cre-dealcard/src/domain/building/mobile-im/writer.ts:250:28)
[90m    at processTicksAndRejections (node:internal/process/task_queues:103:5)[39m
    at Module.generateMobileIMHandler (C:/Users/User/cre-dealcard/src/app/api/broker/im-lite/generate/handler.ts:307:24
)
    at C:/Users/User/cre-dealcard/src/tests/e2e/cross-validation-negative.test.ts:124:17
    at [90mfile:///C:/Users/User/cre-dealcard/[39mnode_modules/[4m@vitest/runner[24m/dist/chunk-artifact.js:1903:20

[90mstderr[2m | src/tests/e2e/cross-validation-negative.test.ts[2m > [22m[2mCross-Validation Negative Cases[2m > 
[22m[2mCV-05: income - Cap Rate < 2% (abnormally low) ??financialWarning
[22m[39m[writer] M-8: investment_thesis ?ъ떆???뚯쭊: [P0-6] AI ?앹꽦 ?ㅽ뙣: investment_thesis. ?대갚 湲덉? ???곗씠??遺議???硫??먯껜瑜??
쒖쇅?댁빞 ?⑸땲??
[mobile-im] Publish gates blocked: [ [32m'G05'[39m, [32m'G06'[39m, [32m'G08'[39m, [32m'G20'[39m, [32m'G24'[39
m ]

[90mstderr[2m | src/tests/e2e/cross-validation-negative.test.ts[2m > [22m[2mCross-Validation Negative Cases[2m > 
[22m[2mCV-06: income - Cap Rate > 15% (abnormally high) ??financialWarning
[22m[39m[terminology-normalizer] Failed to load rules from DB, using fallback: TypeError: supabase.from(...).select(.
..).eq(...).order is not a function
    at getTerminologyRules (C:/Users/User/cre-dealcard/src/domain/building/mobile-im/terminology-normalizer.ts:146:8)
    at normalizeTerminologyAsync (C:/Users/User/cre-dealcard/src/domain/building/mobile-im/terminology-normalizer.ts:24
5:23)
    at deepNormalizeStringsAsync (C:/Users/User/cre-dealcard/src/domain/building/mobile-im/im-context-builder.ts:117:23
)
    at deepNormalizeStringsAsync (C:/Users/User/cre-dealcard/src/domain/building/mobile-im/im-context-builder.ts:126:24
)
    at buildIMContext (C:/Users/User/cre-dealcard/src/domain/building/mobile-im/im-context-builder.ts:170:30)
    at generateMobileIM (C:/Users/User/cre-dealcard/src/domain/building/mobile-im/writer.ts:76:21)
    at Module.generateMobileIMHandler (C:/Users/User/cre-dealcard/src/app/api/broker/im-lite/generate/handler.ts:307:30
)
[90m    at processTicksAndRejections (node:internal/process/task_queues:103:5)[39m
    at C:/Users/User/cre-dealcard/src/tests/e2e/cross-validation-negative.test.ts:140:17
    at [90mfile:///C:/Users/User/cre-dealcard/[39mnode_modules/[4m@vitest/runner[24m/dist/chunk-artifact.js:1903:20

[90mstderr[2m | src/tests/e2e/cross-validation-negative.test.ts[2m > [22m[2mCross-Validation Negative Cases[2m > 
[22m[2mCV-06: income - Cap Rate > 15% (abnormally high) ??financialWarning
[22m[39m[im-context-builder] 怨듭떎瑜??곗씠??誘명솗蹂????щТ 異붿젙移섏뿉 怨듭떎瑜?誘몃컲??
[90mstdout[2m | src/tests/e2e/cross-validation-negative.test.ts[2m > [22m[2mCross-Validation Negative Cases[2m > [22m[2mCV-06: income - Cap Rate > 15% (abnormally high) ??financialWarning
[22m[39m[im-handler] gradeResult: B [33m73[39m directData present: [33mfalse[39m

[90mstderr[2m | src/tests/ai/prompt-regression.test.ts[2m > [22m[2mAI Prompt Regression & Golden Testset[2m > [2
2m[2mshould parse all golden cases successfully and satisfy accuracy threshold
[22m[39m[MockOpenAIProvider]process.env.OPENAI_API_KEY is missing or in test environment. Returning mock JSON respons
e.

[90mstderr[2m | src/tests/ai/prompt-regression.test.ts[2m > [22m[2mAI Prompt Regression & Golden Testset[2m > [2
2m[2mshould parse all golden cases successfully and satisfy accuracy threshold
[22m[39m[MockOpenAIProvider]process.env.OPENAI_API_KEY is missing or in test environment. Returning mock JSON respons
e.

[90mstderr[2m | src/tests/ai/prompt-regression.test.ts[2m > [22m[2mAI Prompt Regression & Golden Testset[2m > [2
2m[2mshould parse all golden cases successfully and satisfy accuracy threshold
[22m[39m[Regression Warning] TestCase GT-004 matched 0/3 fields. Accuracy is below threshold.
[MockOpenAIProvider]process.env.OPENAI_API_KEY is missing or in test environment. Returning mock JSON response.

[90mstderr[2m | src/tests/e2e/posture-e2e-pipeline.test.ts[2m > [22m[2m16-Case MECE Regression Suite (?ㅼ젣 LLM ?몄텧)
[2m > [22m[2mcase07_yeouido_corp: ?ъ쓽???꾨Ц吏?踰뺤씤?ъ삦 [owner_occupied]
[22m[39m[CRE-RAG] Hybrid search failed: TypeError: rpcClient.rpc is not a function
    at searchSimilarIMs (C:/Users/User/cre-dealcard/src/domain/building/mobile-im/cre-rag-service.ts:60:45)
[90m    at processTicksAndRejections (node:internal/process/task_queues:103:5)[39m
    at generateRAGContext (C:/Users/User/cre-dealcard/src/domain/building/mobile-im/cre-rag-service.ts:128:16)
    at buildIMContext (C:/Users/User/cre-dealcard/src/domain/building/mobile-im/im-context-builder.ts:274:14)
    at generateMobileIM (C:/Users/User/cre-dealcard/src/domain/building/mobile-im/writer.ts:76:15)
    at Module.generateMobileIMHandler (C:/Users/User/cre-dealcard/src/app/api/broker/im-lite/generate/handler.ts:307:24
)
    at runPipelineForFixture (C:/Users/User/cre-dealcard/src/tests/e2e/posture-e2e-pipeline.test.ts:119:18)
    at C:/Users/User/cre-dealcard/src/tests/e2e/posture-e2e-pipeline.test.ts:325:34
    at [90mfile:///C:/Users/User/cre-dealcard/[39mnode_modules/[4m@vitest/runner[24m/dist/chunk-artifact.js:1903:20

[90mstdout[2m | src/tests/e2e/posture-e2e-pipeline.test.ts[2m > [22m[2m16-Case MECE Regression Suite (?ㅼ젣 LLM ?몄텧)[2m > [22m[2mcase07_yeouido_corp: ?ъ쓽???꾨Ц吏?踰뺤씤?ъ삦 [owner_occupied]
[22m[39m[mobile-im-writer] Prompt variant: writer_system_v2 (v2.0), isLogistics=false, posture=owner_occupied

[90mstderr[2m | src/tests/e2e/posture-e2e-pipeline.test.ts[2m > [22m[2m16-Case MECE Regression Suite (?ㅼ젣 LLM ?몄텧)
[2m > [22m[2mcase07_yeouido_corp: ?ъ쓽???꾨Ц吏?踰뺤씤?ъ삦 [owner_occupied]
[22m[39m[writer] Claim violations: [
  [32m"[G38] Calculation 'a989274e-38ee-4158-90a4-900f7f7fc323': basis='NOI'?몃뜲 怨듭젣 ??ぉ???놁뒿?덈떎. ?댁쁺鍮??놁씠 NOI瑜??곗텧????
?놁뒿?덈떎."[39m,
  [32m"[G38] Calculation '398c9c8d-5d9e-4b43-b23c-8b6541c9047c': basis='NOI'?몃뜲 怨듭젣 ??ぉ???놁뒿?덈떎. ?댁쁺鍮??놁씠 NOI瑜??곗텧????
?놁뒿?덈떎."[39m,
  [32m"[G38] Calculation 'f07e6916-1345-46f5-a7a7-c69f9fc4c637': basis='NOI'?몃뜲 怨듭젣 ??ぉ???놁뒿?덈떎. ?댁쁺鍮??놁씠 NOI瑜??곗텧????
?놁뒿?덈떎."[39m
]
[golden-im] Failed to build few-shot block: TypeError: supabase.from(...).select(...).eq(...).eq is not a function
    at buildIMFewShotBlock (C:/Users/User/cre-dealcard/src/domain/building/mobile-im/golden-im-manager.ts:134:8)
    at generateSingleSection (C:/Users/User/cre-dealcard/src/domain/building/mobile-im/im-section-generator.ts:204:30)
    at C:/Users/User/cre-dealcard/src/domain/building/mobile-im/writer.ts:161:32
    at Array.map (<anonymous>)
    at generateMobileIM (C:/Users/User/cre-dealcard/src/domain/building/mobile-im/writer.ts:159:43)
[90m    at processTicksAndRejections (node:internal/process/task_queues:103:5)[39m
    at Module.generateMobileIMHandler (C:/Users/User/cre-dealcard/src/app/api/broker/im-lite/generate/handler.ts:307:24
)
    at runPipelineForFixture (C:/Users/User/cre-dealcard/src/tests/e2e/posture-e2e-pipeline.test.ts:119:18)
    at C:/Users/User/cre-dealcard/src/tests/e2e/posture-e2e-pipeline.test.ts:325:34
    at [90mfile:///C:/Users/User/cre-dealcard/[39mnode_modules/[4m@vitest/runner[24m/dist/chunk-artifact.js:1903:20
[golden-im] Failed to build few-shot block: TypeError: supabase.from(...).select(...).eq(...).eq is not a function
    at buildIMFewShotBlock (C:/Users/User/cre-dealcard/src/domain/building/mobile-im/golden-im-manager.ts:134:8)
    at generateSingleSection (C:/Users/User/cre-dealcard/src/domain/building/mobile-im/im-section-generator.ts:204:30)
    at C:/Users/User/cre-dealcard/src/domain/building/mobile-im/writer.ts:161:32
    at Array.map (<anonymous>)
    at generateMobileIM (C:/Users/User/cre-dealcard/src/domain/building/mobile-im/writer.ts:159:43)
[90m    at processTicksAndRejections (node:internal/process/task_queues:103:5)[39m
    at Module.generateMobileIMHandler (C:/Users/User/cre-dealcard/src/app/api/broker/im-lite/generate/handler.ts:307:24
)
    at runPipelineForFixture (C:/Users/User/cre-dealcard/src/tests/e2e/posture-e2e-pipeline.test.ts:119:18)
    at C:/Users/User/cre-dealcard/src/tests/e2e/posture-e2e-pipeline.test.ts:325:34
    at [90mfile:///C:/Users/User/cre-dealcard/[39mnode_modules/[4m@vitest/runner[24m/dist/chunk-artifact.js:1903:20
[golden-im] Failed to build few-shot block: TypeError: supabase.from(...).select(...).eq(...).eq is not a function
    at buildIMFewShotBlock (C:/Users/User/cre-dealcard/src/domain/building/mobile-im/golden-im-manager.ts:134:8)
    at generateSingleSection (C:/Users/User/cre-dealcard/src/domain/building/mobile-im/im-section-generator.ts:204:30)
    at C:/Users/User/cre-dealcard/src/domain/building/mobile-im/writer.ts:161:32
    at Array.map (<anonymous>)
    at generateMobileIM (C:/Users/User/cre-dealcard/src/domain/building/mobile-im/writer.ts:159:43)
[90m    at processTicksAndRejections (node:internal/process/task_queues:103:5)[39m
    at Module.generateMobileIMHandler (C:/Users/User/cre-dealcard/src/app/api/broker/im-lite/generate/handler.ts:307:24
)
    at runPipelineForFixture (C:/Users/User/cre-dealcard/src/tests/e2e/posture-e2e-pipeline.test.ts:119:18)
    at C:/Users/User/cre-dealcard/src/tests/e2e/posture-e2e-pipeline.test.ts:325:34
    at [90mfile:///C:/Users/User/cre-dealcard/[39mnode_modules/[4m@vitest/runner[24m/dist/chunk-artifact.js:1903:20
[golden-im] Failed to build few-shot block: TypeError: supabase.from(...).select(...).eq(...).eq is not a function
    at buildIMFewShotBlock (C:/Users/User/cre-dealcard/src/domain/building/mobile-im/golden-im-manager.ts:134:8)
    at generateSingleSection (C:/Users/User/cre-dealcard/src/domain/building/mobile-im/im-section-generator.ts:204:30)
    at C:/Users/User/cre-dealcard/src/domain/building/mobile-im/writer.ts:161:32
    at Array.map (<anonymous>)
    at generateMobileIM (C:/Users/User/cre-dealcard/src/domain/building/mobile-im/writer.ts:159:43)
[90m    at processTicksAndRejections (node:internal/process/task_queues:103:5)[39m
    at Module.generateMobileIMHandler (C:/Users/User/cre-dealcard/src/app/api/broker/im-lite/generate/handler.ts:307:24
)
    at runPipelineForFixture (C:/Users/User/cre-dealcard/src/tests/e2e/posture-e2e-pipeline.test.ts:119:18)
    at C:/Users/User/cre-dealcard/src/tests/e2e/posture-e2e-pipeline.test.ts:325:34
    at [90mfile:///C:/Users/User/cre-dealcard/[39mnode_modules/[4m@vitest/runner[24m/dist/chunk-artifact.js:1903:20
[golden-im] Failed to build few-shot block: TypeError: supabase.from(...).select(...).eq(...).eq is not a function
    at buildIMFewShotBlock (C:/Users/User/cre-dealcard/src/domain/building/mobile-im/golden-im-manager.ts:134:8)
    at generateSingleSection (C:/Users/User/cre-dealcard/src/domain/building/mobile-im/im-section-generator.ts:204:30)
    at C:/Users/User/cre-dealcard/src/domain/building/mobile-im/writer.ts:161:32
    at Array.map (<anonymous>)
    at generateMobileIM (C:/Users/User/cre-dealcard/src/domain/building/mobile-im/writer.ts:159:43)
[90m    at processTicksAndRejections (node:internal/process/task_queues:103:5)[39m
    at Module.generateMobileIMHandler (C:/Users/User/cre-dealcard/src/app/api/broker/im-lite/generate/handler.ts:307:24
)
    at runPipelineForFixture (C:/Users/User/cre-dealcard/src/tests/e2e/posture-e2e-pipeline.test.ts:119:18)
    at C:/Users/User/cre-dealcard/src/tests/e2e/posture-e2e-pipeline.test.ts:325:34
    at [90mfile:///C:/Users/User/cre-dealcard/[39mnode_modules/[4m@vitest/runner[24m/dist/chunk-artifact.js:1903:20
[MockOpenAIProvider]process.env.OPENAI_API_KEY is missing or in test environment. Returning mock JSON response.
[MockOpenAIProvider]process.env.OPENAI_API_KEY is missing or in test environment. Returning mock JSON response.
[MockOpenAIProvider]process.env.OPENAI_API_KEY is missing or in test environment. Returning mock JSON response.
[MockOpenAIProvider]process.env.OPENAI_API_KEY is missing or in test environment. Returning mock JSON response.
[MockOpenAIProvider]process.env.OPENAI_API_KEY is missing or in test environment. Returning mock JSON response.

[90mstderr[2m | src/tests/e2e/posture-e2e-pipeline.test.ts[2m > [22m[2m16-Case MECE Regression Suite (?ㅼ젣 LLM ?몄텧)
[2m > [22m[2mcase07_yeouido_corp: ?ъ쓽???꾨Ц吏?踰뺤씤?ъ삦 [owner_occupied]
[22m[39m[terminology-normalizer] Failed to load rules from DB, using fallback: TypeError: supabase.from(...).select(.
..).eq(...).order is not a function
    at getTerminologyRules (C:/Users/User/cre-dealcard/src/domain/building/mobile-im/terminology-normalizer.ts:146:8)
    at normalizeTerminologyAsync (C:/Users/User/cre-dealcard/src/domain/building/mobile-im/terminology-normalizer.ts:24
5:23)
    at generateSingleSection (C:/Users/User/cre-dealcard/src/domain/building/mobile-im/im-section-generator.ts:392:28)
[90m    at processTicksAndRejections (node:internal/process/task_queues:103:5)[39m
    at async Promise.allSettled (index 0)
    at generateMobileIM (C:/Users/User/cre-dealcard/src/domain/building/mobile-im/writer.ts:190:23)
    at Module.generateMobileIMHandler (C:/Users/User/cre-dealcard/src/app/api/broker/im-lite/generate/handler.ts:307:24
)
    at runPipelineForFixture (C:/Users/User/cre-dealcard/src/tests/e2e/posture-e2e-pipeline.test.ts:119:18)
    at C:/Users/User/cre-dealcard/src/tests/e2e/posture-e2e-pipeline.test.ts:325:34
    at [90mfile:///C:/Users/User/cre-dealcard/[39mnode_modules/[4m@vitest/runner[24m/dist/chunk-artifact.js:1903:20
[terminology-normalizer] Failed to load rules from DB, using fallback: TypeError: supabase.from(...).select(...).eq(...
).order is not a function
    at getTerminologyRules (C:/Users/User/cre-dealcard/src/domain/building/mobile-im/terminology-normalizer.ts:146:8)
    at normalizeTerminologyAsync (C:/Users/User/cre-dealcard/src/domain/building/mobile-im/terminology-normalizer.ts:24
5:23)
    at generateSingleSection (C:/Users/User/cre-dealcard/src/domain/building/mobile-im/im-section-generator.ts:392:28)
[90m    at processTicksAndRejections (node:internal/process/task_queues:103:5)[39m
    at async Promise.allSettled (index 1)
    at generateMobileIM (C:/Users/User/cre-dealcard/src/domain/building/mobile-im/writer.ts:190:23)
    at Module.generateMobileIMHandler (C:/Users/User/cre-dealcard/src/app/api/broker/im-lite/generate/handler.ts:307:24
)
    at runPipelineForFixture (C:/Users/User/cre-dealcard/src/tests/e2e/posture-e2e-pipeline.test.ts:119:18)
    at C:/Users/User/cre-dealcard/src/tests/e2e/posture-e2e-pipeline.test.ts:325:34
    at [90mfile:///C:/Users/User/cre-dealcard/[39mnode_modules/[4m@vitest/runner[24m/dist/chunk-artifact.js:1903:20
[terminology-normalizer] Failed to load rules from DB, using fallback: TypeError: supabase.from(...).select(...).eq(...
).order is not a function
    at getTerminologyRules (C:/Users/User/cre-dealcard/src/domain/building/mobile-im/terminology-normalizer.ts:146:8)
    at normalizeTerminologyAsync (C:/Users/User/cre-dealcard/src/domain/building/mobile-im/terminology-normalizer.ts:24
5:23)
    at generateSingleSection (C:/Users/User/cre-dealcard/src/domain/building/mobile-im/im-section-generator.ts:392:28)
[90m    at processTicksAndRejections (node:internal/process/task_queues:103:5)[39m
    at async Promise.allSettled (index 2)
    at generateMobileIM (C:/Users/User/cre-dealcard/src/domain/building/mobile-im/writer.ts:190:23)
    at Module.generateMobileIMHandler (C:/Users/User/cre-dealcard/src/app/api/broker/im-lite/generate/handler.ts:307:24
)
    at runPipelineForFixture (C:/Users/User/cre-dealcard/src/tests/e2e/posture-e2e-pipeline.test.ts:119:18)
    at C:/Users/User/cre-dealcard/src/tests/e2e/posture-e2e-pipeline.test.ts:325:34
    at [90mfile:///C:/Users/User/cre-dealcard/[39mnode_modules/[4m@vitest/runner[24m/dist/chunk-artifact.js:1903:20
[terminology-normalizer] Failed to load rules from DB, using fallback: TypeError: supabase.from(...).select(...).eq(...
).order is not a function
    at getTerminologyRules (C:/Users/User/cre-dealcard/src/domain/building/mobile-im/terminology-normalizer.ts:146:8)
    at normalizeTerminologyAsync (C:/Users/User/cre-dealcard/src/domain/building/mobile-im/terminology-normalizer.ts:24
5:23)
    at generateSingleSection (C:/Users/User/cre-dealcard/src/domain/building/mobile-im/im-section-generator.ts:392:28)
[90m    at processTicksAndRejections (node:internal/process/task_queues:103:5)[39m
    at async Promise.allSettled (index 3)
    at generateMobileIM (C:/Users/User/cre-dealcard/src/domain/building/mobile-im/writer.ts:190:23)
    at Module.generateMobileIMHandler (C:/Users/User/cre-dealcard/src/app/api/broker/im-lite/generate/handler.ts:307:24
)
    at runPipelineForFixture (C:/Users/User/cre-dealcard/src/tests/e2e/posture-e2e-pipeline.test.ts:119:18)
    at C:/Users/User/cre-dealcard/src/tests/e2e/posture-e2e-pipeline.test.ts:325:34
    at [90mfile:///C:/Users/User/cre-dealcard/[39mnode_modules/[4m@vitest/runner[24m/dist/chunk-artifact.js:1903:20
[terminology-normalizer] Failed to load rules from DB, using fallback: TypeError: supabase.from(...).select(...).eq(...
).order is not a function
    at getTerminologyRules (C:/Users/User/cre-dealcard/src/domain/building/mobile-im/terminology-normalizer.ts:146:8)
    at normalizeTerminologyAsync (C:/Users/User/cre-dealcard/src/domain/building/mobile-im/terminology-normalizer.ts:24
5:23)
    at generateSingleSection (C:/Users/User/cre-dealcard/src/domain/building/mobile-im/im-section-generator.ts:392:28)
[90m    at processTicksAndRejections (node:internal/process/task_queues:103:5)[39m
    at async Promise.allSettled (index 4)
    at generateMobileIM (C:/Users/User/cre-dealcard/src/domain/building/mobile-im/writer.ts:190:23)
    at Module.generateMobileIMHandler (C:/Users/User/cre-dealcard/src/app/api/broker/im-lite/generate/handler.ts:307:24
)
    at runPipelineForFixture (C:/Users/User/cre-dealcard/src/tests/e2e/posture-e2e-pipeline.test.ts:119:18)
    at C:/Users/User/cre-dealcard/src/tests/e2e/posture-e2e-pipeline.test.ts:325:34
    at [90mfile:///C:/Users/User/cre-dealcard/[39mnode_modules/[4m@vitest/runner[24m/dist/chunk-artifact.js:1903:20

[90mstderr[2m | src/tests/e2e/posture-e2e-pipeline.test.ts[2m > [22m[2m16-Case MECE Regression Suite (?ㅼ젣 LLM ?몄텧)
[2m > [22m[2mcase07_yeouido_corp: ?ъ쓽???꾨Ц吏?踰뺤씤?ъ삦 [owner_occupied]
[22m[39m[MockOpenAIProvider]process.env.OPENAI_API_KEY is missing or in test environment. Returning mock JSON respons
e.
[MockOpenAIProvider]process.env.OPENAI_API_KEY is missing or in test environment. Returning mock JSON response.
[MockOpenAIProvider]process.env.OPENAI_API_KEY is missing or in test environment. Returning mock JSON response.
[MockOpenAIProvider]process.env.OPENAI_API_KEY is missing or in test environment. Returning mock JSON response.
[MockOpenAIProvider]process.env.OPENAI_API_KEY is missing or in test environment. Returning mock JSON response.

[90mstderr[2m | src/tests/e2e/posture-e2e-pipeline.test.ts[2m > [22m[2m16-Case MECE Regression Suite (?ㅼ젣 LLM ?몄텧)
[2m > [22m[2mcase07_yeouido_corp: ?ъ쓽???꾨Ц吏?踰뺤씤?ъ삦 [owner_occupied]
[22m[39m[golden-im] Failed to build few-shot block: TypeError: supabase.from(...).select(...).eq(...).eq is not a fun
ction
    at buildIMFewShotBlock (C:/Users/User/cre-dealcard/src/domain/building/mobile-im/golden-im-manager.ts:134:8)
    at generateSingleSection (C:/Users/User/cre-dealcard/src/domain/building/mobile-im/im-section-generator.ts:204:30)
    at generateMobileIM (C:/Users/User/cre-dealcard/src/domain/building/mobile-im/writer.ts:250:28)
[90m    at processTicksAndRejections (node:internal/process/task_queues:103:5)[39m
    at Module.generateMobileIMHandler (C:/Users/User/cre-dealcard/src/app/api/broker/im-lite/generate/handler.ts:307:24
)
    at runPipelineForFixture (C:/Users/User/cre-dealcard/src/tests/e2e/posture-e2e-pipeline.test.ts:119:18)
    at C:/Users/User/cre-dealcard/src/tests/e2e/posture-e2e-pipeline.test.ts:325:34
    at [90mfile:///C:/Users/User/cre-dealcard/[39mnode_modules/[4m@vitest/runner[24m/dist/chunk-artifact.js:1903:20

[90mstderr[2m | src/tests/e2e/posture-e2e-pipeline.test.ts[2m > [22m[2m16-Case MECE Regression Suite (?ㅼ젣 LLM ?몄텧)
[2m > [22m[2mcase07_yeouido_corp: ?ъ쓽???꾨Ц吏?踰뺤씤?ъ삦 [owner_occupied]
[22m[39m[MockOpenAIProvider]process.env.OPENAI_API_KEY is missing or in test environment. Returning mock JSON respons
e.

[90mstderr[2m | src/tests/e2e/posture-e2e-pipeline.test.ts[2m > [22m[2m16-Case MECE Regression Suite (?ㅼ젣 LLM ?몄텧)
[2m > [22m[2mcase07_yeouido_corp: ?ъ쓽???꾨Ц吏?踰뺤씤?ъ삦 [owner_occupied]
[22m[39m[terminology-normalizer] Failed to load rules from DB, using fallback: TypeError: supabase.from(...).select(.
..).eq(...).order is not a function
    at getTerminologyRules (C:/Users/User/cre-dealcard/src/domain/building/mobile-im/terminology-normalizer.ts:146:8)
    at normalizeTerminologyAsync (C:/Users/User/cre-dealcard/src/domain/building/mobile-im/terminology-normalizer.ts:24
5:23)
    at generateSingleSection (C:/Users/User/cre-dealcard/src/domain/building/mobile-im/im-section-generator.ts:392:28)
[90m    at processTicksAndRejections (node:internal/process/task_queues:103:5)[39m
    at generateMobileIM (C:/Users/User/cre-dealcard/src/domain/building/mobile-im/writer.ts:250:22)
    at Module.generateMobileIMHandler (C:/Users/User/cre-dealcard/src/app/api/broker/im-lite/generate/handler.ts:307:24
)
    at runPipelineForFixture (C:/Users/User/cre-dealcard/src/tests/e2e/posture-e2e-pipeline.test.ts:119:18)
    at C:/Users/User/cre-dealcard/src/tests/e2e/posture-e2e-pipeline.test.ts:325:34
    at [90mfile:///C:/Users/User/cre-dealcard/[39mnode_modules/[4m@vitest/runner[24m/dist/chunk-artifact.js:1903:20

[90mstderr[2m | src/tests/e2e/posture-e2e-pipeline.test.ts[2m > [22m[2m16-Case MECE Regression Suite (?ㅼ젣 LLM ?몄텧)
[2m > [22m[2mcase07_yeouido_corp: ?ъ쓽???꾨Ц吏?踰뺤씤?ъ삦 [owner_occupied]
[22m[39m[MockOpenAIProvider]process.env.OPENAI_API_KEY is missing or in test environment. Returning mock JSON respons
e.

[90mstderr[2m | src/tests/e2e/posture-e2e-pipeline.test.ts[2m > [22m[2m16-Case MECE Regression Suite (?ㅼ젣 LLM ?몄텧)
[2m > [22m[2mcase07_yeouido_corp: ?ъ쓽???꾨Ц吏?踰뺤씤?ъ삦 [owner_occupied]
[22m[39m[golden-im] Failed to build few-shot block: TypeError: supabase.from(...).select(...).eq(...).eq is not a fun
ction
    at buildIMFewShotBlock (C:/Users/User/cre-dealcard/src/domain/building/mobile-im/golden-im-manager.ts:134:8)
    at generateSingleSection (C:/Users/User/cre-dealcard/src/domain/building/mobile-im/im-section-generator.ts:204:30)
    at generateMobileIM (C:/Users/User/cre-dealcard/src/domain/building/mobile-im/writer.ts:250:28)
[90m    at processTicksAndRejections (node:internal/process/task_queues:103:5)[39m
    at Module.generateMobileIMHandler (C:/Users/User/cre-dealcard/src/app/api/broker/im-lite/generate/handler.ts:307:24
)
    at runPipelineForFixture (C:/Users/User/cre-dealcard/src/tests/e2e/posture-e2e-pipeline.test.ts:119:18)
    at C:/Users/User/cre-dealcard/src/tests/e2e/posture-e2e-pipeline.test.ts:325:34
    at [90mfile:///C:/Users/User/cre-dealcard/[39mnode_modules/[4m@vitest/runner[24m/dist/chunk-artifact.js:1903:20

[90mstderr[2m | src/tests/e2e/posture-e2e-pipeline.test.ts[2m > [22m[2m16-Case MECE Regression Suite (?ㅼ젣 LLM ?몄텧)
[2m > [22m[2mcase07_yeouido_corp: ?ъ쓽???꾨Ц吏?踰뺤씤?ъ삦 [owner_occupied]
[22m[39m[MockOpenAIProvider]process.env.OPENAI_API_KEY is missing or in test environment. Returning mock JSON respons
e.

[90mstderr[2m | src/tests/e2e/posture-e2e-pipeline.test.ts[2m > [22m[2m16-Case MECE Regression Suite (?ㅼ젣 LLM ?몄텧)
[2m > [22m[2mcase07_yeouido_corp: ?ъ쓽???꾨Ц吏?踰뺤씤?ъ삦 [owner_occupied]
[22m[39m[MockOpenAIProvider]process.env.OPENAI_API_KEY is missing or in test environment. Returning mock JSON respons
e.

[90mstderr[2m | src/tests/e2e/posture-e2e-pipeline.test.ts[2m > [22m[2m16-Case MECE Regression Suite (?ㅼ젣 LLM ?몄텧)
[2m > [22m[2mcase07_yeouido_corp: ?ъ쓽???꾨Ц吏?踰뺤씤?ъ삦 [owner_occupied]
[22m[39m[fewshot-tracker] Failed to update result score: TypeError: supabase.from(...).update is not a function
    at updateFewShotResultScore (C:/Users/User/cre-dealcard/src/domain/building/mobile-im/fewshot-tracker.ts:43:8)
    at generateSingleSection (C:/Users/User/cre-dealcard/src/domain/building/mobile-im/im-section-generator.ts:301:15)
[90m    at processTicksAndRejections (node:internal/process/task_queues:103:5)[39m
    at generateMobileIM (C:/Users/User/cre-dealcard/src/domain/building/mobile-im/writer.ts:250:22)
    at Module.generateMobileIMHandler (C:/Users/User/cre-dealcard/src/app/api/broker/im-lite/generate/handler.ts:307:24
)
    at runPipelineForFixture (C:/Users/User/cre-dealcard/src/tests/e2e/posture-e2e-pipeline.test.ts:119:18)
    at C:/Users/User/cre-dealcard/src/tests/e2e/posture-e2e-pipeline.test.ts:325:34
    at [90mfile:///C:/Users/User/cre-dealcard/[39mnode_modules/[4m@vitest/runner[24m/dist/chunk-artifact.js:1903:20
[fewshot-tracker] Failed to auto-promote: TypeError: supabase.from(...).select(...).eq(...).eq is not a function
    at promoteToGoldenCandidate (C:/Users/User/cre-dealcard/src/domain/building/mobile-im/fewshot-tracker.ts:168:8)
    at generateSingleSection (C:/Users/User/cre-dealcard/src/domain/building/mobile-im/im-section-generator.ts:303:17)
[90m    at processTicksAndRejections (node:internal/process/task_queues:103:5)[39m
    at generateMobileIM (C:/Users/User/cre-dealcard/src/domain/building/mobile-im/writer.ts:250:22)
    at Module.generateMobileIMHandler (C:/Users/User/cre-dealcard/src/app/api/broker/im-lite/generate/handler.ts:307:24
)
    at runPipelineForFixture (C:/Users/User/cre-dealcard/src/tests/e2e/posture-e2e-pipeline.test.ts:119:18)
    at C:/Users/User/cre-dealcard/src/tests/e2e/posture-e2e-pipeline.test.ts:325:34
    at [90mfile:///C:/Users/User/cre-dealcard/[39mnode_modules/[4m@vitest/runner[24m/dist/chunk-artifact.js:1903:20
[terminology-normalizer] Failed to load rules from DB, using fallback: TypeError: supabase.from(...).select(...).eq(...
).order is not a function
    at getTerminologyRules (C:/Users/User/cre-dealcard/src/domain/building/mobile-im/terminology-normalizer.ts:146:8)
    at normalizeTerminologyAsync (C:/Users/User/cre-dealcard/src/domain/building/mobile-im/terminology-normalizer.ts:24
5:23)
    at generateSingleSection (C:/Users/User/cre-dealcard/src/domain/building/mobile-im/im-section-generator.ts:392:28)
[90m    at processTicksAndRejections (node:internal/process/task_queues:103:5)[39m
    at generateMobileIM (C:/Users/User/cre-dealcard/src/domain/building/mobile-im/writer.ts:250:22)
    at Module.generateMobileIMHandler (C:/Users/User/cre-dealcard/src/app/api/broker/im-lite/generate/handler.ts:307:24
)
    at runPipelineForFixture (C:/Users/User/cre-dealcard/src/tests/e2e/posture-e2e-pipeline.test.ts:119:18)
    at C:/Users/User/cre-dealcard/src/tests/e2e/posture-e2e-pipeline.test.ts:325:34
    at [90mfile:///C:/Users/User/cre-dealcard/[39mnode_modules/[4m@vitest/runner[24m/dist/chunk-artifact.js:1903:20

[90mstderr[2m | src/tests/e2e/posture-e2e-pipeline.test.ts[2m > [22m[2m16-Case MECE Regression Suite (?ㅼ젣 LLM ?몄텧)
[2m > [22m[2mcase07_yeouido_corp: ?ъ쓽???꾨Ц吏?踰뺤씤?ъ삦 [owner_occupied]
[22m[39m[MockOpenAIProvider]process.env.OPENAI_API_KEY is missing or in test environment. Returning mock JSON respons
e.

[90mstderr[2m | src/tests/e2e/posture-e2e-pipeline.test.ts[2m > [22m[2m16-Case MECE Regression Suite (?ㅼ젣 LLM ?몄텧)
[2m > [22m[2mcase07_yeouido_corp: ?ъ쓽???꾨Ц吏?踰뺤씤?ъ삦 [owner_occupied]
[22m[39m[golden-im] Failed to build few-shot block: TypeError: supabase.from(...).select(...).eq(...).eq is not a fun
ction
    at buildIMFewShotBlock (C:/Users/User/cre-dealcard/src/domain/building/mobile-im/golden-im-manager.ts:134:8)
    at generateSingleSection (C:/Users/User/cre-dealcard/src/domain/building/mobile-im/im-section-generator.ts:204:30)
    at generateMobileIM (C:/Users/User/cre-dealcard/src/domain/building/mobile-im/writer.ts:250:28)
[90m    at processTicksAndRejections (node:internal/process/task_queues:103:5)[39m
    at Module.generateMobileIMHandler (C:/Users/User/cre-dealcard/src/app/api/broker/im-lite/generate/handler.ts:307:24
)
    at runPipelineForFixture (C:/Users/User/cre-dealcard/src/tests/e2e/posture-e2e-pipeline.test.ts:119:18)
    at C:/Users/User/cre-dealcard/src/tests/e2e/posture-e2e-pipeline.test.ts:325:34
    at [90mfile:///C:/Users/User/cre-dealcard/[39mnode_modules/[4m@vitest/runner[24m/dist/chunk-artifact.js:1903:20

[90mstderr[2m | src/tests/e2e/posture-e2e-pipeline.test.ts[2m > [22m[2m16-Case MECE Regression Suite (?ㅼ젣 LLM ?몄텧)
[2m > [22m[2mcase07_yeouido_corp: ?ъ쓽???꾨Ц吏?踰뺤씤?ъ삦 [owner_occupied]
[22m[39m[MockOpenAIProvider]process.env.OPENAI_API_KEY is missing or in test environment. Returning mock JSON respons
e.

[90mstderr[2m | src/tests/e2e/cross-validation-negative.test.ts[2m > [22m[2mCross-Validation Negative Cases[2m > 
[22m[2mCV-06: income - Cap Rate > 15% (abnormally high) ??financialWarning
[22m[39m[CRE-RAG] Hybrid search failed: TypeError: rpcClient.rpc is not a function
    at searchSimilarIMs (C:/Users/User/cre-dealcard/src/domain/building/mobile-im/cre-rag-service.ts:60:45)
[90m    at processTicksAndRejections (node:internal/process/task_queues:103:5)[39m
    at generateRAGContext (C:/Users/User/cre-dealcard/src/domain/building/mobile-im/cre-rag-service.ts:128:16)
    at buildIMContext (C:/Users/User/cre-dealcard/src/domain/building/mobile-im/im-context-builder.ts:274:14)
    at generateMobileIM (C:/Users/User/cre-dealcard/src/domain/building/mobile-im/writer.ts:76:15)
    at Module.generateMobileIMHandler (C:/Users/User/cre-dealcard/src/app/api/broker/im-lite/generate/handler.ts:307:24
)
    at C:/Users/User/cre-dealcard/src/tests/e2e/cross-validation-negative.test.ts:140:17
    at [90mfile:///C:/Users/User/cre-dealcard/[39mnode_modules/[4m@vitest/runner[24m/dist/chunk-artifact.js:1903:20

[90mstderr[2m | src/tests/e2e/posture-e2e-pipeline.test.ts[2m > [22m[2m16-Case MECE Regression Suite (?ㅼ젣 LLM ?몄텧)
[2m > [22m[2mcase07_yeouido_corp: ?ъ쓽???꾨Ц吏?踰뺤씤?ъ삦 [owner_occupied]
[22m[39m[terminology-normalizer] Failed to load rules from DB, using fallback: TypeError: supabase.from(...).select(.
..).eq(...).order is not a function
    at getTerminologyRules (C:/Users/User/cre-dealcard/src/domain/building/mobile-im/terminology-normalizer.ts:146:8)
    at normalizeTerminologyAsync (C:/Users/User/cre-dealcard/src/domain/building/mobile-im/terminology-normalizer.ts:24
5:23)
    at generateSingleSection (C:/Users/User/cre-dealcard/src/domain/building/mobile-im/im-section-generator.ts:392:28)
[90m    at processTicksAndRejections (node:internal/process/task_queues:103:5)[39m
    at generateMobileIM (C:/Users/User/cre-dealcard/src/domain/building/mobile-im/writer.ts:250:22)
    at Module.generateMobileIMHandler (C:/Users/User/cre-dealcard/src/app/api/broker/im-lite/generate/handler.ts:307:24
)
    at runPipelineForFixture (C:/Users/User/cre-dealcard/src/tests/e2e/posture-e2e-pipeline.test.ts:119:18)
    at C:/Users/User/cre-dealcard/src/tests/e2e/posture-e2e-pipeline.test.ts:325:34
    at [90mfile:///C:/Users/User/cre-dealcard/[39mnode_modules/[4m@vitest/runner[24m/dist/chunk-artifact.js:1903:20

[90mstderr[2m | src/tests/e2e/posture-e2e-pipeline.test.ts[2m > [22m[2m16-Case MECE Regression Suite (?ㅼ젣 LLM ?몄텧)
[2m > [22m[2mcase07_yeouido_corp: ?ъ쓽???꾨Ц吏?踰뺤씤?ъ삦 [owner_occupied]
[22m[39m[MockOpenAIProvider]process.env.OPENAI_API_KEY is missing or in test environment. Returning mock JSON respons
e.

[90mstderr[2m | src/tests/e2e/posture-e2e-pipeline.test.ts[2m > [22m[2m16-Case MECE Regression Suite (?ㅼ젣 LLM ?몄텧)
[2m > [22m[2mcase07_yeouido_corp: ?ъ쓽???꾨Ц吏?踰뺤씤?ъ삦 [owner_occupied]
[22m[39m[golden-im] Failed to build few-shot block: TypeError: supabase.from(...).select(...).eq(...).eq is not a fun
ction
    at buildIMFewShotBlock (C:/Users/User/cre-dealcard/src/domain/building/mobile-im/golden-im-manager.ts:134:8)
    at generateSingleSection (C:/Users/User/cre-dealcard/src/domain/building/mobile-im/im-section-generator.ts:204:30)
    at generateMobileIM (C:/Users/User/cre-dealcard/src/domain/building/mobile-im/writer.ts:250:28)
[90m    at processTicksAndRejections (node:internal/process/task_queues:103:5)[39m
    at Module.generateMobileIMHandler (C:/Users/User/cre-dealcard/src/app/api/broker/im-lite/generate/handler.ts:307:24
)
    at runPipelineForFixture (C:/Users/User/cre-dealcard/src/tests/e2e/posture-e2e-pipeline.test.ts:119:18)
    at C:/Users/User/cre-dealcard/src/tests/e2e/posture-e2e-pipeline.test.ts:325:34
    at [90mfile:///C:/Users/User/cre-dealcard/[39mnode_modules/[4m@vitest/runner[24m/dist/chunk-artifact.js:1903:20

[90mstderr[2m | src/tests/e2e/cross-validation-negative.test.ts[2m > [22m[2mCross-Validation Negative Cases[2m > 
[22m[2mCV-06: income - Cap Rate > 15% (abnormally high) ??financialWarning
[22m[39m[writer] Claim violations: [
  [32m"[G38] Calculation '50d382d0-ce44-4d95-bce7-3ed3bd478418': basis='NOI'?몃뜲 怨듭젣 ??ぉ???놁뒿?덈떎. ?댁쁺鍮??놁씠 NOI瑜??곗텧????
?놁뒿?덈떎."[39m,
[90mstdout[2m | src/tests/e2e/cross-validation-negative.test.ts[2m > [22m[2mCross-Validation Negative Cases[2m > [22m[2mCV-06: income - Cap Rate > 15% (abnormally high) ??financialWarning
[22m[39m[mobile-im-writer] Prompt variant: writer_system_v1 (v1.0), isLogistics=false, posture=income

  [32m"[G38] Calculation '7e878b3c-ab13-4d4a-857c-493f8384e59e': basis='NOI'?몃뜲 怨듭젣 ??ぉ???놁뒿?덈떎. ?댁쁺鍮??놁씠 NOI瑜??곗텧????
?놁뒿?덈떎."[39m,
  [32m"[G38] Calculation '6719aaf9-b10d-4637-8db4-57c24ef6d37b': basis='NOI'?몃뜲 怨듭젣 ??ぉ???놁뒿?덈떎. ?댁쁺鍮??놁씠 NOI瑜??곗텧????
?놁뒿?덈떎."[39m,
  [32m"[G38] Calculation '8a9e2655-4feb-4743-8dd8-439aeb68acc1': basis='NOI'?몃뜲 怨듭젣 ??ぉ???놁뒿?덈떎. ?댁쁺鍮??놁씠 NOI瑜??곗텧????
?놁뒿?덈떎."[39m,
  [32m'G38_NOI_MISSING_OPEX: cap_rate_base requires evidenced operating expenses'[39m,
  [32m"[G38] Calculation '3e08fbb2-df49-411b-8f0c-d2b22d48ab35': basis='NOI'?몃뜲 怨듭젣 ??ぉ???놁뒿?덈떎. ?댁쁺鍮??놁씠 NOI瑜??곗텧????
?놁뒿?덈떎."[39m,
  [32m'G38_NOI_MISSING_OPEX: cap_rate_best requires evidenced operating expenses'[39m,
  [32m"[G38] Calculation '5f76c047-dcb0-4180-974d-6303e0550e4a': basis='NOI'?몃뜲 怨듭젣 ??ぉ???놁뒿?덈떎. ?댁쁺鍮??놁씠 NOI瑜??곗텧????
?놁뒿?덈떎."[39m,
  [32m'G38_NOI_MISSING_OPEX: cap_rate_worst requires evidenced operating expenses'[39m
]
[golden-im] Failed to build few-shot block: TypeError: supabase.from(...).select(...).eq(...).eq is not a function
    at buildIMFewShotBlock (C:/Users/User/cre-dealcard/src/domain/building/mobile-im/golden-im-manager.ts:134:8)
    at generateSingleSection (C:/Users/User/cre-dealcard/src/domain/building/mobile-im/im-section-generator.ts:204:30)
    at C:/Users/User/cre-dealcard/src/domain/building/mobile-im/writer.ts:161:32
    at Array.map (<anonymous>)
    at generateMobileIM (C:/Users/User/cre-dealcard/src/domain/building/mobile-im/writer.ts:159:43)
[90m    at processTicksAndRejections (node:internal/process/task_queues:103:5)[39m
    at Module.generateMobileIMHandler (C:/Users/User/cre-dealcard/src/app/api/broker/im-lite/generate/handler.ts:307:24
)
    at C:/Users/User/cre-dealcard/src/tests/e2e/cross-validation-negative.test.ts:140:17
    at [90mfile:///C:/Users/User/cre-dealcard/[39mnode_modules/[4m@vitest/runner[24m/dist/chunk-artifact.js:1903:20
[golden-im] Failed to build few-shot block: TypeError: supabase.from(...).select(...).eq(...).eq is not a function
    at buildIMFewShotBlock (C:/Users/User/cre-dealcard/src/domain/building/mobile-im/golden-im-manager.ts:134:8)
    at generateSingleSection (C:/Users/User/cre-dealcard/src/domain/building/mobile-im/im-section-generator.ts:204:30)
    at C:/Users/User/cre-dealcard/src/domain/building/mobile-im/writer.ts:161:32
    at Array.map (<anonymous>)
    at generateMobileIM (C:/Users/User/cre-dealcard/src/domain/building/mobile-im/writer.ts:159:43)
[90m    at processTicksAndRejections (node:internal/process/task_queues:103:5)[39m
    at Module.generateMobileIMHandler (C:/Users/User/cre-dealcard/src/app/api/broker/im-lite/generate/handler.ts:307:24
)
    at C:/Users/User/cre-dealcard/src/tests/e2e/cross-validation-negative.test.ts:140:17
    at [90mfile:///C:/Users/User/cre-dealcard/[39mnode_modules/[4m@vitest/runner[24m/dist/chunk-artifact.js:1903:20
[golden-im] Failed to build few-shot block: TypeError: supabase.from(...).select(...).eq(...).eq is not a function
    at buildIMFewShotBlock (C:/Users/User/cre-dealcard/src/domain/building/mobile-im/golden-im-manager.ts:134:8)
    at generateSingleSection (C:/Users/User/cre-dealcard/src/domain/building/mobile-im/im-section-generator.ts:204:30)
    at C:/Users/User/cre-dealcard/src/domain/building/mobile-im/writer.ts:161:32
    at Array.map (<anonymous>)
    at generateMobileIM (C:/Users/User/cre-dealcard/src/domain/building/mobile-im/writer.ts:159:43)
[90m    at processTicksAndRejections (node:internal/process/task_queues:103:5)[39m
    at Module.generateMobileIMHandler (C:/Users/User/cre-dealcard/src/app/api/broker/im-lite/generate/handler.ts:307:24
)
    at C:/Users/User/cre-dealcard/src/tests/e2e/cross-validation-negative.test.ts:140:17
    at [90mfile:///C:/Users/User/cre-dealcard/[39mnode_modules/[4m@vitest/runner[24m/dist/chunk-artifact.js:1903:20
[golden-im] Failed to build few-shot block: TypeError: supabase.from(...).select(...).eq(...).eq is not a function
    at buildIMFewShotBlock (C:/Users/User/cre-dealcard/src/domain/building/mobile-im/golden-im-manager.ts:134:8)
    at generateSingleSection (C:/Users/User/cre-dealcard/src/domain/building/mobile-im/im-section-generator.ts:204:30)
    at C:/Users/User/cre-dealcard/src/domain/building/mobile-im/writer.ts:161:32
    at Array.map (<anonymous>)
    at generateMobileIM (C:/Users/User/cre-dealcard/src/domain/building/mobile-im/writer.ts:159:43)
[90m    at processTicksAndRejections (node:internal/process/task_queues:103:5)[39m
    at Module.generateMobileIMHandler (C:/Users/User/cre-dealcard/src/app/api/broker/im-lite/generate/handler.ts:307:24
)
    at C:/Users/User/cre-dealcard/src/tests/e2e/cross-validation-negative.test.ts:140:17
    at [90mfile:///C:/Users/User/cre-dealcard/[39mnode_modules/[4m@vitest/runner[24m/dist/chunk-artifact.js:1903:20
[golden-im] Failed to build few-shot block: TypeError: supabase.from(...).select(...).eq(...).eq is not a function
    at buildIMFewShotBlock (C:/Users/User/cre-dealcard/src/domain/building/mobile-im/golden-im-manager.ts:134:8)
    at generateSingleSection (C:/Users/User/cre-dealcard/src/domain/building/mobile-im/im-section-generator.ts:204:30)
    at C:/Users/User/cre-dealcard/src/domain/building/mobile-im/writer.ts:161:32
    at Array.map (<anonymous>)
    at generateMobileIM (C:/Users/User/cre-dealcard/src/domain/building/mobile-im/writer.ts:159:43)
[90m    at processTicksAndRejections (node:internal/process/task_queues:103:5)[39m
    at Module.generateMobileIMHandler (C:/Users/User/cre-dealcard/src/app/api/broker/im-lite/generate/handler.ts:307:24
)
    at C:/Users/User/cre-dealcard/src/tests/e2e/cross-validation-negative.test.ts:140:17
    at [90mfile:///C:/Users/User/cre-dealcard/[39mnode_modules/[4m@vitest/runner[24m/dist/chunk-artifact.js:1903:20
[golden-im] Failed to build few-shot block: TypeError: supabase.from(...).select(...).eq(...).eq is not a function
    at buildIMFewShotBlock (C:/Users/User/cre-dealcard/src/domain/building/mobile-im/golden-im-manager.ts:134:8)
    at generateSingleSection (C:/Users/User/cre-dealcard/src/domain/building/mobile-im/im-section-generator.ts:204:30)
    at C:/Users/User/cre-dealcard/src/domain/building/mobile-im/writer.ts:161:32
    at Array.map (<anonymous>)
    at generateMobileIM (C:/Users/User/cre-dealcard/src/domain/building/mobile-im/writer.ts:159:43)
[90m    at processTicksAndRejections (node:internal/process/task_queues:103:5)[39m
    at Module.generateMobileIMHandler (C:/Users/User/cre-dealcard/src/app/api/broker/im-lite/generate/handler.ts:307:24
)
    at C:/Users/User/cre-dealcard/src/tests/e2e/cross-validation-negative.test.ts:140:17
    at [90mfile:///C:/Users/User/cre-dealcard/[39mnode_modules/[4m@vitest/runner[24m/dist/chunk-artifact.js:1903:20
[golden-im] Failed to build few-shot block: TypeError: supabase.from(...).select(...).eq(...).eq is not a function
    at buildIMFewShotBlock (C:/Users/User/cre-dealcard/src/domain/building/mobile-im/golden-im-manager.ts:134:8)
    at generateSingleSection (C:/Users/User/cre-dealcard/src/domain/building/mobile-im/im-section-generator.ts:204:30)
    at C:/Users/User/cre-dealcard/src/domain/building/mobile-im/writer.ts:161:32
    at Array.map (<anonymous>)
    at generateMobileIM (C:/Users/User/cre-dealcard/src/domain/building/mobile-im/writer.ts:159:43)
[90m    at processTicksAndRejections (node:internal/process/task_queues:103:5)[39m
    at Module.generateMobileIMHandler (C:/Users/User/cre-dealcard/src/app/api/broker/im-lite/generate/handler.ts:307:24
)
    at C:/Users/User/cre-dealcard/src/tests/e2e/cross-validation-negative.test.ts:140:17
    at [90mfile:///C:/Users/User/cre-dealcard/[39mnode_modules/[4m@vitest/runner[24m/dist/chunk-artifact.js:1903:20
[golden-im] Failed to build few-shot block: TypeError: supabase.from(...).select(...).eq(...).eq is not a function
    at buildIMFewShotBlock (C:/Users/User/cre-dealcard/src/domain/building/mobile-im/golden-im-manager.ts:134:8)
    at generateSingleSection (C:/Users/User/cre-dealcard/src/domain/building/mobile-im/im-section-generator.ts:204:30)
    at C:/Users/User/cre-dealcard/src/domain/building/mobile-im/writer.ts:161:32
    at Array.map (<anonymous>)
    at generateMobileIM (C:/Users/User/cre-dealcard/src/domain/building/mobile-im/writer.ts:159:43)
[90m    at processTicksAndRejections (node:internal/process/task_queues:103:5)[39m
    at Module.generateMobileIMHandler (C:/Users/User/cre-dealcard/src/app/api/broker/im-lite/generate/handler.ts:307:24
)
    at C:/Users/User/cre-dealcard/src/tests/e2e/cross-validation-negative.test.ts:140:17
    at [90mfile:///C:/Users/User/cre-dealcard/[39mnode_modules/[4m@vitest/runner[24m/dist/chunk-artifact.js:1903:20

[90mstderr[2m | src/tests/e2e/posture-e2e-pipeline.test.ts[2m > [22m[2m16-Case MECE Regression Suite (?ㅼ젣 LLM ?몄텧)
[2m > [22m[2mcase07_yeouido_corp: ?ъ쓽???꾨Ц吏?踰뺤씤?ъ삦 [owner_occupied]
[22m[39m[MockOpenAIProvider]process.env.OPENAI_API_KEY is missing or in test environment. Returning mock JSON respons
e.

[90mstderr[2m | src/tests/ai/prompt-regression.test.ts[2m > [22m[2mAI Prompt Regression & Golden Testset[2m > [2
2m[2mshould parse all golden cases successfully and satisfy accuracy threshold
[22m[39m[MockOpenAIProvider]process.env.OPENAI_API_KEY is missing or in test environment. Returning mock JSON respons
e.

[90mstderr[2m | src/tests/e2e/cross-validation-negative.test.ts[2m > [22m[2mCross-Validation Negative Cases[2m > 
[22m[2mCV-06: income - Cap Rate > 15% (abnormally high) ??financialWarning
[22m[39m[writer] Stage 1 section property_overview failed, skipping (no fallback): Error: [P0-6] AI ?앹꽦 ?ㅽ뙣: property
_overview. ?대갚 湲덉? ???곗씠??遺議???硫??먯껜瑜??쒖쇅?댁빞 ?⑸땲??
    at generateSingleSection (C:/Users/User/cre-dealcard/src/domain/building/mobile-im/im-section-generator.ts:336:11)
[90m    at processTicksAndRejections (node:internal/process/task_queues:103:5)[39m
    at async Promise.allSettled (index 0)
    at generateMobileIM (C:/Users/User/cre-dealcard/src/domain/building/mobile-im/writer.ts:190:23)
    at Module.generateMobileIMHandler (C:/Users/User/cre-dealcard/src/app/api/broker/im-lite/generate/handler.ts:307:24
)
    at C:/Users/User/cre-dealcard/src/tests/e2e/cross-validation-negative.test.ts:140:17
    at [90mfile:///C:/Users/User/cre-dealcard/[39mnode_modules/[4m@vitest/runner[24m/dist/chunk-artifact.js:1903:20
[writer] Stage 1 section location_access failed, skipping (no fallback): Error: [P0-6] AI ?앹꽦 ?ㅽ뙣: location_access. ?대갚
 湲덉? ???곗씠??遺議???硫??먯껜瑜??쒖쇅?댁빞 ?⑸땲??
    at generateSingleSection (C:/Users/User/cre-dealcard/src/domain/building/mobile-im/im-section-generator.ts:336:11)
[90m    at processTicksAndRejections (node:internal/process/task_queues:103:5)[39m
    at async Promise.allSettled (index 1)
    at generateMobileIM (C:/Users/User/cre-dealcard/src/domain/building/mobile-im/writer.ts:190:23)
    at Module.generateMobileIMHandler (C:/Users/User/cre-dealcard/src/app/api/broker/im-lite/generate/handler.ts:307:24
)
    at C:/Users/User/cre-dealcard/src/tests/e2e/cross-validation-negative.test.ts:140:17
    at [90mfile:///C:/Users/User/cre-dealcard/[39mnode_modules/[4m@vitest/runner[24m/dist/chunk-artifact.js:1903:20
[writer] Stage 1 section next_steps failed, skipping (no fallback): Error: [P0-6] AI ?앹꽦 ?ㅽ뙣: next_steps. ?대갚 湲덉? ???곗씠
??遺議???硫??먯껜瑜??쒖쇅?댁빞 ?⑸땲??
    at generateSingleSection (C:/Users/User/cre-dealcard/src/domain/building/mobile-im/im-section-generator.ts:336:11)
[90m    at processTicksAndRejections (node:internal/process/task_queues:103:5)[39m
    at async Promise.allSettled (index 2)
    at generateMobileIM (C:/Users/User/cre-dealcard/src/domain/building/mobile-im/writer.ts:190:23)
    at Module.generateMobileIMHandler (C:/Users/User/cre-dealcard/src/app/api/broker/im-lite/generate/handler.ts:307:24
)
    at C:/Users/User/cre-dealcard/src/tests/e2e/cross-validation-negative.test.ts:140:17
    at [90mfile:///C:/Users/User/cre-dealcard/[39mnode_modules/[4m@vitest/runner[24m/dist/chunk-artifact.js:1903:20
[writer] Stage 1 section title_rights failed, skipping (no fallback): Error: [P0-6] AI ?앹꽦 ?ㅽ뙣: title_rights. ?대갚 湲덉? ?
??곗씠??遺議???硫??먯껜瑜??쒖쇅?댁빞 ?⑸땲??
    at generateSingleSection (C:/Users/User/cre-dealcard/src/domain/building/mobile-im/im-section-generator.ts:336:11)
[90m    at processTicksAndRejections (node:internal/process/task_queues:103:5)[39m
    at async Promise.allSettled (index 3)
    at generateMobileIM (C:/Users/User/cre-dealcard/src/domain/building/mobile-im/writer.ts:190:23)
    at Module.generateMobileIMHandler (C:/Users/User/cre-dealcard/src/app/api/broker/im-lite/generate/handler.ts:307:24
)
    at C:/Users/User/cre-dealcard/src/tests/e2e/cross-validation-negative.test.ts:140:17
    at [90mfile:///C:/Users/User/cre-dealcard/[39mnode_modules/[4m@vitest/runner[24m/dist/chunk-artifact.js:1903:20
[writer] Stage 1 section land_detail failed, skipping (no fallback): Error: [P0-6] AI ?앹꽦 ?ㅽ뙣: land_detail. ?대갚 湲덉? ???
곗씠??遺議???硫??먯껜瑜??쒖쇅?댁빞 ?⑸땲??
    at generateSingleSection (C:/Users/User/cre-dealcard/src/domain/building/mobile-im/im-section-generator.ts:336:11)
[90m    at processTicksAndRejections (node:internal/process/task_queues:103:5)[39m
    at async Promise.allSettled (index 4)
    at generateMobileIM (C:/Users/User/cre-dealcard/src/domain/building/mobile-im/writer.ts:190:23)
    at Module.generateMobileIMHandler (C:/Users/User/cre-dealcard/src/app/api/broker/im-lite/generate/handler.ts:307:24
)
    at C:/Users/User/cre-dealcard/src/tests/e2e/cross-validation-negative.test.ts:140:17
    at [90mfile:///C:/Users/User/cre-dealcard/[39mnode_modules/[4m@vitest/runner[24m/dist/chunk-artifact.js:1903:20
[writer] Stage 1 section comparables failed, skipping (no fallback): Error: [P0-6] AI ?앹꽦 ?ㅽ뙣: comparables. ?대갚 湲덉? ???
곗씠??遺議???硫??먯껜瑜??쒖쇅?댁빞 ?⑸땲??
    at generateSingleSection (C:/Users/User/cre-dealcard/src/domain/building/mobile-im/im-section-generator.ts:336:11)
[90m    at processTicksAndRejections (node:internal/process/task_queues:103:5)[39m
    at async Promise.allSettled (index 5)
    at generateMobileIM (C:/Users/User/cre-dealcard/src/domain/building/mobile-im/writer.ts:190:23)
    at Module.generateMobileIMHandler (C:/Users/User/cre-dealcard/src/app/api/broker/im-lite/generate/handler.ts:307:24
)
    at C:/Users/User/cre-dealcard/src/tests/e2e/cross-validation-negative.test.ts:140:17
    at [90mfile:///C:/Users/User/cre-dealcard/[39mnode_modules/[4m@vitest/runner[24m/dist/chunk-artifact.js:1903:20
[writer] Stage 1 section checklist failed, skipping (no fallback): Error: [P0-6] AI ?앹꽦 ?ㅽ뙣: checklist. ?대갚 湲덉? ???곗씠??
遺議???硫??먯껜瑜??쒖쇅?댁빞 ?⑸땲??
    at generateSingleSection (C:/Users/User/cre-dealcard/src/domain/building/mobile-im/im-section-generator.ts:336:11)
[90m    at processTicksAndRejections (node:internal/process/task_queues:103:5)[39m
    at async Promise.allSettled (index 6)
    at generateMobileIM (C:/Users/User/cre-dealcard/src/domain/building/mobile-im/writer.ts:190:23)
    at Module.generateMobileIMHandler (C:/Users/User/cre-dealcard/src/app/api/broker/im-lite/generate/handler.ts:307:24
)
    at C:/Users/User/cre-dealcard/src/tests/e2e/cross-validation-negative.test.ts:140:17
    at [90mfile:///C:/Users/User/cre-dealcard/[39mnode_modules/[4m@vitest/runner[24m/dist/chunk-artifact.js:1903:20
[writer] Stage 1 section closing failed, skipping (no fallback): Error: [P0-6] AI ?앹꽦 ?ㅽ뙣: closing. ?대갚 湲덉? ???곗씠??遺議?
??硫??먯껜瑜??쒖쇅?댁빞 ?⑸땲??
    at generateSingleSection (C:/Users/User/cre-dealcard/src/domain/building/mobile-im/im-section-generator.ts:336:11)
[90m    at processTicksAndRejections (node:internal/process/task_queues:103:5)[39m
    at async Promise.allSettled (index 7)
    at generateMobileIM (C:/Users/User/cre-dealcard/src/domain/building/mobile-im/writer.ts:190:23)
    at Module.generateMobileIMHandler (C:/Users/User/cre-dealcard/src/app/api/broker/im-lite/generate/handler.ts:307:24
)
    at C:/Users/User/cre-dealcard/src/tests/e2e/cross-validation-negative.test.ts:140:17
    at [90mfile:///C:/Users/User/cre-dealcard/[39mnode_modules/[4m@vitest/runner[24m/dist/chunk-artifact.js:1903:20
[golden-im] Failed to build few-shot block: TypeError: supabase.from(...).select(...).eq(...).eq is not a function
    at buildIMFewShotBlock (C:/Users/User/cre-dealcard/src/domain/building/mobile-im/golden-im-manager.ts:134:8)
    at generateSingleSection (C:/Users/User/cre-dealcard/src/domain/building/mobile-im/im-section-generator.ts:204:30)
    at generateMobileIM (C:/Users/User/cre-dealcard/src/domain/building/mobile-im/writer.ts:250:28)
[90m    at processTicksAndRejections (node:internal/process/task_queues:103:5)[39m
    at Module.generateMobileIMHandler (C:/Users/User/cre-dealcard/src/app/api/broker/im-lite/generate/handler.ts:307:24
)
    at C:/Users/User/cre-dealcard/src/tests/e2e/cross-validation-negative.test.ts:140:17
    at [90mfile:///C:/Users/User/cre-dealcard/[39mnode_modules/[4m@vitest/runner[24m/dist/chunk-artifact.js:1903:20

[90mstderr[2m | src/tests/e2e/posture-e2e-pipeline.test.ts[2m > [22m[2m16-Case MECE Regression Suite (?ㅼ젣 LLM ?몄텧)
[2m > [22m[2mcase07_yeouido_corp: ?ъ쓽???꾨Ц吏?踰뺤씤?ъ삦 [owner_occupied]
[22m[39m[terminology-normalizer] Failed to load rules from DB, using fallback: TypeError: supabase.from(...).select(.
..).eq(...).order is not a function
    at getTerminologyRules (C:/Users/User/cre-dealcard/src/domain/building/mobile-im/terminology-normalizer.ts:146:8)
    at normalizeTerminologyAsync (C:/Users/User/cre-dealcard/src/domain/building/mobile-im/terminology-normalizer.ts:24
5:23)
    at generateSingleSection (C:/Users/User/cre-dealcard/src/domain/building/mobile-im/im-section-generator.ts:392:28)
[90m    at processTicksAndRejections (node:internal/process/task_queues:103:5)[39m
    at generateMobileIM (C:/Users/User/cre-dealcard/src/domain/building/mobile-im/writer.ts:250:22)
    at Module.generateMobileIMHandler (C:/Users/User/cre-dealcard/src/app/api/broker/im-lite/generate/handler.ts:307:24
)
    at runPipelineForFixture (C:/Users/User/cre-dealcard/src/tests/e2e/posture-e2e-pipeline.test.ts:119:18)
    at C:/Users/User/cre-dealcard/src/tests/e2e/posture-e2e-pipeline.test.ts:325:34
    at [90mfile:///C:/Users/User/cre-dealcard/[39mnode_modules/[4m@vitest/runner[24m/dist/chunk-artifact.js:1903:20

[90mstderr[2m | src/tests/ai/prompt-regression.test.ts[2m > [22m[2mAI Prompt Regression & Golden Testset[2m > [2
2m[2mshould parse all golden cases successfully and satisfy accuracy threshold
[22m[39m[MockOpenAIProvider]process.env.OPENAI_API_KEY is missing or in test environment. Returning mock JSON respons
e.

[90mstderr[2m | src/tests/e2e/cross-validation-negative.test.ts[2m > [22m[2mCross-Validation Negative Cases[2m > 
[22m[2mCV-06: income - Cap Rate > 15% (abnormally high) ??financialWarning
[22m[39m[writer] M-8: lease_status ?ъ떆??1/2: [P0-6] AI ?앹꽦 ?ㅽ뙣: lease_status. ?대갚 湲덉? ???곗씠??遺議???硫??먯껜瑜??쒖쇅?댁빞 ?⑸땲?
?
[golden-im] Failed to build few-shot block: TypeError: supabase.from(...).select(...).eq(...).eq is not a function
    at buildIMFewShotBlock (C:/Users/User/cre-dealcard/src/domain/building/mobile-im/golden-im-manager.ts:134:8)
    at generateSingleSection (C:/Users/User/cre-dealcard/src/domain/building/mobile-im/im-section-generator.ts:204:30)
    at generateMobileIM (C:/Users/User/cre-dealcard/src/domain/building/mobile-im/writer.ts:250:28)
[90m    at processTicksAndRejections (node:internal/process/task_queues:103:5)[39m
    at Module.generateMobileIMHandler (C:/Users/User/cre-dealcard/src/app/api/broker/im-lite/generate/handler.ts:307:24
)
    at C:/Users/User/cre-dealcard/src/tests/e2e/cross-validation-negative.test.ts:140:17
    at [90mfile:///C:/Users/User/cre-dealcard/[39mnode_modules/[4m@vitest/runner[24m/dist/chunk-artifact.js:1903:20

[90mstderr[2m | src/tests/e2e/posture-e2e-pipeline.test.ts[2m > [22m[2m16-Case MECE Regression Suite (?ㅼ젣 LLM ?몄텧)
[2m > [22m[2mcase07_yeouido_corp: ?ъ쓽???꾨Ц吏?踰뺤씤?ъ삦 [owner_occupied]
[22m[39m[MockOpenAIProvider]process.env.OPENAI_API_KEY is missing or in test environment. Returning mock JSON respons
e.

[90mstderr[2m | src/tests/ai/prompt-regression.test.ts[2m > [22m[2mAI Prompt Regression & Golden Testset[2m > [2
2m[2mshould parse all golden cases successfully and satisfy accuracy threshold
[22m[39m[Regression Warning] TestCase GT-005 matched 1/3 fields. Accuracy is below threshold.
[MockOpenAIProvider]process.env.OPENAI_API_KEY is missing or in test environment. Returning mock JSON response.

[90mstderr[2m | src/tests/e2e/cross-validation-negative.test.ts[2m > [22m[2mCross-Validation Negative Cases[2m > 
[22m[2mCV-06: income - Cap Rate > 15% (abnormally high) ??financialWarning
[22m[39m[writer] M-8: lease_status ?ъ떆??2/2: [P0-6] AI ?앹꽦 ?ㅽ뙣: lease_status. ?대갚 湲덉? ???곗씠??遺議???硫??먯껜瑜??쒖쇅?댁빞 ?⑸땲?
?
[golden-im] Failed to build few-shot block: TypeError: supabase.from(...).select(...).eq(...).eq is not a function
    at buildIMFewShotBlock (C:/Users/User/cre-dealcard/src/domain/building/mobile-im/golden-im-manager.ts:134:8)
    at generateSingleSection (C:/Users/User/cre-dealcard/src/domain/building/mobile-im/im-section-generator.ts:204:30)
    at generateMobileIM (C:/Users/User/cre-dealcard/src/domain/building/mobile-im/writer.ts:250:28)
[90m    at processTicksAndRejections (node:internal/process/task_queues:103:5)[39m
    at Module.generateMobileIMHandler (C:/Users/User/cre-dealcard/src/app/api/broker/im-lite/generate/handler.ts:307:24
)
    at C:/Users/User/cre-dealcard/src/tests/e2e/cross-validation-negative.test.ts:140:17
    at [90mfile:///C:/Users/User/cre-dealcard/[39mnode_modules/[4m@vitest/runner[24m/dist/chunk-artifact.js:1903:20

[90mstderr[2m | src/tests/e2e/posture-e2e-pipeline.test.ts[2m > [22m[2m16-Case MECE Regression Suite (?ㅼ젣 LLM ?몄텧)
[2m > [22m[2mcase07_yeouido_corp: ?ъ쓽???꾨Ц吏?踰뺤씤?ъ삦 [owner_occupied]
[22m[39m[mobile-im] Publish gates blocked: [ [32m'G05'[39m, [32m'G08'[39m, [32m'G20'[39m, [32m'G24'[39m ]

[90mstderr[2m | src/tests/e2e/cross-validation-negative.test.ts[2m > [22m[2mCross-Validation Negative Cases[2m > 
[22m[2mCV-06: income - Cap Rate > 15% (abnormally high) ??financialWarning
[22m[39m[writer] M-8: lease_status ?ъ떆???뚯쭊: [P0-6] AI ?앹꽦 ?ㅽ뙣: lease_status. ?대갚 湲덉? ???곗씠??遺議???硫??먯껜瑜??쒖쇅?댁빞 ?⑸땲?
?
[golden-im] Failed to build few-shot block: TypeError: supabase.from(...).select(...).eq(...).eq is not a function
[90mstdout[2m | src/tests/e2e/posture-e2e-pipeline.test.ts[2m > [22m[2m16-Case MECE Regression Suite (?ㅼ젣 LLM ?몄텧)[2m > [22m[2mcase08_hannam_flagship: ?쒕궓???뚮옒洹몄떗 ?ъ삦 [owner_occupied]
[22m[39m[im-handler] gradeResult: B [33m61[39m directData present: [33mfalse[39m

    at buildIMFewShotBlock (C:/Users/User/cre-dealcard/src/domain/building/mobile-im/golden-im-manager.ts:134:8)
    at generateSingleSection (C:/Users/User/cre-dealcard/src/domain/building/mobile-im/im-section-generator.ts:204:30)
    at generateMobileIM (C:/Users/User/cre-dealcard/src/domain/building/mobile-im/writer.ts:250:28)
[90m    at processTicksAndRejections (node:internal/process/task_queues:103:5)[39m
    at Module.generateMobileIMHandler (C:/Users/User/cre-dealcard/src/app/api/broker/im-lite/generate/handler.ts:307:24
)
    at C:/Users/User/cre-dealcard/src/tests/e2e/cross-validation-negative.test.ts:140:17
    at [90mfile:///C:/Users/User/cre-dealcard/[39mnode_modules/[4m@vitest/runner[24m/dist/chunk-artifact.js:1903:20

[90mstderr[2m | src/tests/e2e/posture-e2e-pipeline.test.ts[2m > [22m[2m16-Case MECE Regression Suite (?ㅼ젣 LLM ?몄텧)
[2m > [22m[2mcase07_yeouido_corp: ?ъ쓽???꾨Ц吏?踰뺤씤?ъ삦 [owner_occupied]
[22m[39m[BL-5] ?대갚 諛쒕룞: A08 ?щ씪?대뱶 #6 ???꾪궎??낆씠 蹂몃Ц???뚮뜑留곹븯吏 紐삵빐 留덊겕?ㅼ슫 ?대갚 ?ъ슜

[90mstderr[2m | src/tests/e2e/cross-validation-negative.test.ts[2m > [22m[2mCross-Validation Negative Cases[2m > 
[22m[2mCV-06: income - Cap Rate > 15% (abnormally high) ??financialWarning
[22m[39m[writer] M-8: income_analysis ?ъ떆??1/2: [P0-6] AI ?앹꽦 ?ㅽ뙣: income_analysis. ?대갚 湲덉? ???곗씠??遺議???硫??먯껜瑜??쒖쇅?댁
빞 ?⑸땲??
[golden-im] Failed to build few-shot block: TypeError: supabase.from(...).select(...).eq(...).eq is not a function
    at buildIMFewShotBlock (C:/Users/User/cre-dealcard/src/domain/building/mobile-im/golden-im-manager.ts:134:8)
    at generateSingleSection (C:/Users/User/cre-dealcard/src/domain/building/mobile-im/im-section-generator.ts:204:30)
    at generateMobileIM (C:/Users/User/cre-dealcard/src/domain/building/mobile-im/writer.ts:250:28)
[90m    at processTicksAndRejections (node:internal/process/task_queues:103:5)[39m
    at Module.generateMobileIMHandler (C:/Users/User/cre-dealcard/src/app/api/broker/im-lite/generate/handler.ts:307:24
)
    at C:/Users/User/cre-dealcard/src/tests/e2e/cross-validation-negative.test.ts:140:17
    at [90mfile:///C:/Users/User/cre-dealcard/[39mnode_modules/[4m@vitest/runner[24m/dist/chunk-artifact.js:1903:20

[90mstderr[2m | src/tests/e2e/cross-validation-negative.test.ts[2m > [22m[2mCross-Validation Negative Cases[2m > 
[22m[2mCV-06: income - Cap Rate > 15% (abnormally high) ??financialWarning
[22m[39m[writer] M-8: income_analysis ?ъ떆??2/2: [P0-6] AI ?앹꽦 ?ㅽ뙣: income_analysis. ?대갚 湲덉? ???곗씠??遺議???硫??먯껜瑜??쒖쇅?댁
빞 ?⑸땲??
[golden-im] Failed to build few-shot block: TypeError: supabase.from(...).select(...).eq(...).eq is not a function
    at buildIMFewShotBlock (C:/Users/User/cre-dealcard/src/domain/building/mobile-im/golden-im-manager.ts:134:8)
    at generateSingleSection (C:/Users/User/cre-dealcard/src/domain/building/mobile-im/im-section-generator.ts:204:30)
    at generateMobileIM (C:/Users/User/cre-dealcard/src/domain/building/mobile-im/writer.ts:250:28)
[90m    at processTicksAndRejections (node:internal/process/task_queues:103:5)[39m
    at Module.generateMobileIMHandler (C:/Users/User/cre-dealcard/src/app/api/broker/im-lite/generate/handler.ts:307:24
)
    at C:/Users/User/cre-dealcard/src/tests/e2e/cross-validation-negative.test.ts:140:17
    at [90mfile:///C:/Users/User/cre-dealcard/[39mnode_modules/[4m@vitest/runner[24m/dist/chunk-artifact.js:1903:20

[90mstderr[2m | src/tests/e2e/cross-validation-negative.test.ts[2m > [22m[2mCross-Validation Negative Cases[2m > 
[22m[2mCV-06: income - Cap Rate > 15% (abnormally high) ??financialWarning
[22m[39m[writer] M-8: income_analysis ?ъ떆???뚯쭊: [P0-6] AI ?앹꽦 ?ㅽ뙣: income_analysis. ?대갚 湲덉? ???곗씠??遺議???硫??먯껜瑜??쒖쇅?댁
빞 ?⑸땲??
[golden-im] Failed to build few-shot block: TypeError: supabase.from(...).select(...).eq(...).eq is not a function
    at buildIMFewShotBlock (C:/Users/User/cre-dealcard/src/domain/building/mobile-im/golden-im-manager.ts:134:8)
    at generateSingleSection (C:/Users/User/cre-dealcard/src/domain/building/mobile-im/im-section-generator.ts:204:30)
    at generateMobileIM (C:/Users/User/cre-dealcard/src/domain/building/mobile-im/writer.ts:250:28)
[90m    at processTicksAndRejections (node:internal/process/task_queues:103:5)[39m
    at Module.generateMobileIMHandler (C:/Users/User/cre-dealcard/src/app/api/broker/im-lite/generate/handler.ts:307:24
)
    at C:/Users/User/cre-dealcard/src/tests/e2e/cross-validation-negative.test.ts:140:17
    at [90mfile:///C:/Users/User/cre-dealcard/[39mnode_modules/[4m@vitest/runner[24m/dist/chunk-artifact.js:1903:20

[90mstderr[2m | src/tests/e2e/posture-e2e-pipeline.test.ts[2m > [22m[2m16-Case MECE Regression Suite (?ㅼ젣 LLM ?몄텧)
[2m > [22m[2mcase08_hannam_flagship: ?쒕궓???뚮옒洹몄떗 ?ъ삦 [owner_occupied]
[22m[39m[terminology-normalizer] Failed to load rules from DB, using fallback: TypeError: supabase.from(...).select(.
..).eq(...).order is not a function
    at getTerminologyRules (C:/Users/User/cre-dealcard/src/domain/building/mobile-im/terminology-normalizer.ts:146:8)
    at normalizeTerminologyAsync (C:/Users/User/cre-dealcard/src/domain/building/mobile-im/terminology-normalizer.ts:24
5:23)
    at deepNormalizeStringsAsync (C:/Users/User/cre-dealcard/src/domain/building/mobile-im/im-context-builder.ts:117:23
)
    at deepNormalizeStringsAsync (C:/Users/User/cre-dealcard/src/domain/building/mobile-im/im-context-builder.ts:126:24
)
    at buildIMContext (C:/Users/User/cre-dealcard/src/domain/building/mobile-im/im-context-builder.ts:170:24)
    at generateMobileIM (C:/Users/User/cre-dealcard/src/domain/building/mobile-im/writer.ts:76:15)
    at Module.generateMobileIMHandler (C:/Users/User/cre-dealcard/src/app/api/broker/im-lite/generate/handler.ts:307:24
)
    at runPipelineForFixture (C:/Users/User/cre-dealcard/src/tests/e2e/posture-e2e-pipeline.test.ts:119:18)
    at C:/Users/User/cre-dealcard/src/tests/e2e/posture-e2e-pipeline.test.ts:325:34
    at [90mfile:///C:/Users/User/cre-dealcard/[39mnode_modules/[4m@vitest/runner[24m/dist/chunk-artifact.js:1903:20

[90mstderr[2m | src/tests/ai/prompt-regression.test.ts[2m > [22m[2mAI Prompt Regression & Golden Testset[2m > [2
2m[2mshould parse all golden cases successfully and satisfy accuracy threshold
[22m[39m[MockOpenAIProvider]process.env.OPENAI_API_KEY is missing or in test environment. Returning mock JSON respons
e.

[90mstderr[2m | src/domain/building/mobile-im/__tests__/e2e-real-property.test.ts[2m > [22m[2mE2E Real Property: ?
묓룊??媛 ?붾젅?쒕퉴??(income)[2m > [22m[2mIM ?앹꽦 ?뚯씠?꾨씪??[2m > [22m[2mE2E-YP-ANCHORS: ?묓룊???섏튂 ?듭빱 ???낅젰 蹂댁〈 諛??뱀뀡 援ъ“ 寃
利?[22m[39m[im-embedding-indexer] Failed to index IM: {
  code: [32m'PGRST205'[39m,
  details: [1mnull[22m,
  hint: [32m"Perhaps you meant the table 'public.im_pro_grants'"[39m,
  message: [32m"Could not find the table 'public.im_documents' in the schema cache"[39m
}

[90mstderr[2m | src/domain/building/mobile-im/__tests__/l5-pipeline-e2e.test.ts[2m > [22m[2mL5: Full Pipeline E2E 
& System Invariants (25 cases)[2m > [22m[2mPersona Isolation Principle (AGENTS.md Rule 1)[2m > [22m[2mL5-PERSONA-
01: Generated content must never contain explicit persona labels
[22m[39m[im-embedding-indexer] Failed to index IM: {
  code: [32m'PGRST205'[39m,
  details: [1mnull[22m,
  hint: [32m"Perhaps you meant the table 'public.im_pro_grants'"[39m,
  message: [32m"Could not find the table 'public.im_documents' in the schema cache"[39m
}

[90mstderr[2m | src/tests/e2e/cross-validation-negative.test.ts[2m > [22m[2mCross-Validation Negative Cases[2m > 
[22m[2mCV-06: income - Cap Rate > 15% (abnormally high) ??financialWarning
[22m[39m[writer] M-8: risk_check ?ъ떆??1/2: [P0-6] AI ?앹꽦 ?ㅽ뙣: risk_check. ?대갚 湲덉? ???곗씠??遺議???硫??먯껜瑜??쒖쇅?댁빞 ?⑸땲??
[golden-im] Failed to build few-shot block: TypeError: supabase.from(...).select(...).eq(...).eq is not a function
    at buildIMFewShotBlock (C:/Users/User/cre-dealcard/src/domain/building/mobile-im/golden-im-manager.ts:134:8)
    at generateSingleSection (C:/Users/User/cre-dealcard/src/domain/building/mobile-im/im-section-generator.ts:204:30)
    at generateMobileIM (C:/Users/User/cre-dealcard/src/domain/building/mobile-im/writer.ts:250:28)
[90m    at processTicksAndRejections (node:internal/process/task_queues:103:5)[39m
    at Module.generateMobileIMHandler (C:/Users/User/cre-dealcard/src/app/api/broker/im-lite/generate/handler.ts:307:24
)
    at C:/Users/User/cre-dealcard/src/tests/e2e/cross-validation-negative.test.ts:140:17
    at [90mfile:///C:/Users/User/cre-dealcard/[39mnode_modules/[4m@vitest/runner[24m/dist/chunk-artifact.js:1903:20

[90mstderr[2m | src/tests/ai/prompt-regression.test.ts[2m > [22m[2mAI Prompt Regression & Golden Testset[2m > [2
2m[2mshould parse all golden cases successfully and satisfy accuracy threshold
[22m[39m[MockOpenAIProvider]process.env.OPENAI_API_KEY is missing or in test environment. Returning mock JSON respons
e.

[90mstderr[2m | src/tests/e2e/cross-validation-negative.test.ts[2m > [22m[2mCross-Validation Negative Cases[2m > 
[22m[2mCV-06: income - Cap Rate > 15% (abnormally high) ??financialWarning
[22m[39m[writer] M-8: risk_check ?ъ떆??2/2: [P0-6] AI ?앹꽦 ?ㅽ뙣: risk_check. ?대갚 湲덉? ???곗씠??遺議???硫??먯껜瑜??쒖쇅?댁빞 ?⑸땲??
[golden-im] Failed to build few-shot block: TypeError: supabase.from(...).select(...).eq(...).eq is not a function
    at buildIMFewShotBlock (C:/Users/User/cre-dealcard/src/domain/building/mobile-im/golden-im-manager.ts:134:8)
    at generateSingleSection (C:/Users/User/cre-dealcard/src/domain/building/mobile-im/im-section-generator.ts:204:30)
    at generateMobileIM (C:/Users/User/cre-dealcard/src/domain/building/mobile-im/writer.ts:250:28)
[90m    at processTicksAndRejections (node:internal/process/task_queues:103:5)[39m
    at Module.generateMobileIMHandler (C:/Users/User/cre-dealcard/src/app/api/broker/im-lite/generate/handler.ts:307:24
)
    at C:/Users/User/cre-dealcard/src/tests/e2e/cross-validation-negative.test.ts:140:17
    at [90mfile:///C:/Users/User/cre-dealcard/[39mnode_modules/[4m@vitest/runner[24m/dist/chunk-artifact.js:1903:20

[90mstderr[2m | src/tests/ai/prompt-regression.test.ts[2m > [22m[2mAI Prompt Regression & Golden Testset[2m > [2
2m[2mshould parse all golden cases successfully and satisfy accuracy threshold
[22m[39m[Regression Warning] TestCase GT-006 matched 0/3 fields. Accuracy is below threshold.
[MockOpenAIProvider]process.env.OPENAI_API_KEY is missing or in test environment. Returning mock JSON response.

[90mstderr[2m | src/tests/e2e/cross-validation-negative.test.ts[2m > [22m[2mCross-Validation Negative Cases[2m > 
[22m[2mCV-06: income - Cap Rate > 15% (abnormally high) ??financialWarning
[22m[39m[writer] M-8: risk_check ?ъ떆???뚯쭊: [P0-6] AI ?앹꽦 ?ㅽ뙣: risk_check. ?대갚 湲덉? ???곗씠??遺議???硫??먯껜瑜??쒖쇅?댁빞 ?⑸땲??
[golden-im] Failed to build few-shot block: TypeError: supabase.from(...).select(...).eq(...).eq is not a function
    at buildIMFewShotBlock (C:/Users/User/cre-dealcard/src/domain/building/mobile-im/golden-im-manager.ts:134:8)
    at generateSingleSection (C:/Users/User/cre-dealcard/src/domain/building/mobile-im/im-section-generator.ts:204:30)
    at generateMobileIM (C:/Users/User/cre-dealcard/src/domain/building/mobile-im/writer.ts:250:28)
[90m    at processTicksAndRejections (node:internal/process/task_queues:103:5)[39m
    at Module.generateMobileIMHandler (C:/Users/User/cre-dealcard/src/app/api/broker/im-lite/generate/handler.ts:307:24
)
    at C:/Users/User/cre-dealcard/src/tests/e2e/cross-validation-negative.test.ts:140:17
    at [90mfile:///C:/Users/User/cre-dealcard/[39mnode_modules/[4m@vitest/runner[24m/dist/chunk-artifact.js:1903:20

[90mstderr[2m | src/domain/building/mobile-im/__tests__/l5-pipeline-e2e.test.ts[2m > [22m[2mL5: Full Pipeline E2E 
& System Invariants (25 cases)[2m > [22m[2mCRE Lexicon Standards (AGENTS.md Rule 2)[2m > [22m[2mL5-LEX-01: Must u
se standard Korean CRE terms instead of literal translations
[22m[39m[im-context-builder] 怨듭떎瑜??곗씠??誘명솗蹂????щТ 異붿젙移섏뿉 怨듭떎瑜?誘몃컲??[im-context-builder] ?곕㈃???곗씠??誘명솗蹂???value-add 異붿
젙 ?뺥솗?????
[90mstderr[2m | src/tests/e2e/cross-validation-negative.test.ts[2m > [22m[2mCross-Validation Negative Cases[2m > 
[22m[2mCV-06: income - Cap Rate > 15% (abnormally high) ??financialWarning
[22m[39m[writer] M-8: investment_thesis ?ъ떆??1/2: [P0-6] AI ?앹꽦 ?ㅽ뙣: investment_thesis. ?대갚 湲덉? ???곗씠??遺議???硫??먯껜瑜??
쒖쇅?댁빞 ?⑸땲??
[golden-im] Failed to build few-shot block: TypeError: supabase.from(...).select(...).eq(...).eq is not a function
    at buildIMFewShotBlock (C:/Users/User/cre-dealcard/src/domain/building/mobile-im/golden-im-manager.ts:134:8)
    at generateSingleSection (C:/Users/User/cre-dealcard/src/domain/building/mobile-im/im-section-generator.ts:204:30)
    at generateMobileIM (C:/Users/User/cre-dealcard/src/domain/building/mobile-im/writer.ts:250:28)
[90m    at processTicksAndRejections (node:internal/process/task_queues:103:5)[39m
    at Module.generateMobileIMHandler (C:/Users/User/cre-dealcard/src/app/api/broker/im-lite/generate/handler.ts:307:24
)
    at C:/Users/User/cre-dealcard/src/tests/e2e/cross-validation-negative.test.ts:140:17
    at [90mfile:///C:/Users/User/cre-dealcard/[39mnode_modules/[4m@vitest/runner[24m/dist/chunk-artifact.js:1903:20

[90mstderr[2m | src/tests/ai/prompt-regression.test.ts[2m > [22m[2mAI Prompt Regression & Golden Testset[2m > [2
2m[2mshould parse all golden cases successfully and satisfy accuracy threshold
[22m[39m[MockOpenAIProvider]process.env.OPENAI_API_KEY is missing or in test environment. Returning mock JSON respons
e.

[90mstderr[2m | src/tests/e2e/cross-validation-negative.test.ts[2m > [22m[2mCross-Validation Negative Cases[2m > 
[22m[2mCV-06: income - Cap Rate > 15% (abnormally high) ??financialWarning
[22m[39m[writer] M-8: investment_thesis ?ъ떆??2/2: [P0-6] AI ?앹꽦 ?ㅽ뙣: investment_thesis. ?대갚 湲덉? ???곗씠??遺議???硫??먯껜瑜??
쒖쇅?댁빞 ?⑸땲??
[golden-im] Failed to build few-shot block: TypeError: supabase.from(...).select(...).eq(...).eq is not a function
    at buildIMFewShotBlock (C:/Users/User/cre-dealcard/src/domain/building/mobile-im/golden-im-manager.ts:134:8)
    at generateSingleSection (C:/Users/User/cre-dealcard/src/domain/building/mobile-im/im-section-generator.ts:204:30)
    at generateMobileIM (C:/Users/User/cre-dealcard/src/domain/building/mobile-im/writer.ts:250:28)
[90m    at processTicksAndRejections (node:internal/process/task_queues:103:5)[39m
    at Module.generateMobileIMHandler (C:/Users/User/cre-dealcard/src/app/api/broker/im-lite/generate/handler.ts:307:24
)
    at C:/Users/User/cre-dealcard/src/tests/e2e/cross-validation-negative.test.ts:140:17
    at [90mfile:///C:/Users/User/cre-dealcard/[39mnode_modules/[4m@vitest/runner[24m/dist/chunk-artifact.js:1903:20

[90mstderr[2m | src/tests/ai/prompt-regression.test.ts[2m > [22m[2mAI Prompt Regression & Golden Testset[2m > [2
2m[2mshould parse all golden cases successfully and satisfy accuracy threshold
[22m[39m[MockOpenAIProvider]process.env.OPENAI_API_KEY is missing or in test environment. Returning mock JSON respons
e.

[90mstderr[2m | src/tests/e2e/cross-validation-negative.test.ts[2m > [22m[2mCross-Validation Negative Cases[2m > 
[22m[2mCV-06: income - Cap Rate > 15% (abnormally high) ??financialWarning
[22m[39m[writer] M-8: investment_thesis ?ъ떆???뚯쭊: [P0-6] AI ?앹꽦 ?ㅽ뙣: investment_thesis. ?대갚 湲덉? ???곗씠??遺議???硫??먯껜瑜??
쒖쇅?댁빞 ?⑸땲??
[mobile-im] Publish gates blocked: [ [32m'G05'[39m, [32m'G06'[39m, [32m'G08'[39m, [32m'G20'[39m, [32m'G24'[39
m ]

[90mstderr[2m | src/tests/ai/prompt-regression.test.ts[2m > [22m[2mAI Prompt Regression & Golden Testset[2m > [2
2m[2mshould parse all golden cases successfully and satisfy accuracy threshold
[22m[39m[Regression Warning] TestCase GT-007 matched 1/3 fields. Accuracy is below threshold.
[MockOpenAIProvider]process.env.OPENAI_API_KEY is missing or in test environment. Returning mock JSON response.

 [32m??[39m src/tests/e2e/cross-validation-negative.test.ts [2m([22m[2m6 tests[22m[2m)[22m[33m 1200[2mms[22m[39m
     [33m[2m??[22m[39m CV-05: income - Cap Rate < 2% (abnormally low) ??financialWarning [33m 874[2mms[22m[39m
[90mstderr[2m | src/tests/e2e/posture-e2e-pipeline.test.ts[2m > [22m[2m16-Case MECE Regression Suite (?ㅼ젣 LLM ?몄텧)
[2m > [22m[2mcase08_hannam_flagship: ?쒕궓???뚮옒洹몄떗 ?ъ삦 [owner_occupied]
[22m[39m[terminology-normalizer] Failed to flush rule hits: TypeError: supabase.rpc is not a function
    at Timeout.flushRuleHits [as _onTimeout] (C:/Users/User/cre-dealcard/src/domain/building/mobile-im/terminology-norm
alizer.ts:213:59)
[90m    at listOnTimeout (node:internal/timers:605:17)[39m
[90m    at processTimers (node:internal/timers:541:7)[39m

[90mstderr[2m | src/domain/building/mobile-im/__tests__/e2e-real-property.test.ts[2m > [22m[2mE2E Real Property: ?
묓룊??媛 ?붾젅?쒕퉴??(income)[2m > [22m[2mIM ?앹꽦 ?뚯씠?꾨씪??[2m > [22m[2mE2E-YP-NO-FORBIDDEN: ?묓룊??湲덉? 異쒕젰 諛곗젣
[22m[39m[im-context-builder] 怨듭떎瑜??곗씠??誘명솗蹂????щТ 異붿젙移섏뿉 怨듭떎瑜?誘몃컲??[im-context-builder] ?곕㈃???곗씠??誘명솗蹂???value-add 異붿
젙 ?뺥솗?????
[90mstderr[2m | src/tests/e2e/posture-e2e-pipeline.test.ts[2m > [22m[2m16-Case MECE Regression Suite (?ㅼ젣 LLM ?몄텧)
[2m > [22m[2mcase08_hannam_flagship: ?쒕궓???뚮옒洹몄떗 ?ъ삦 [owner_occupied]
[22m[39m[CRE-RAG] Hybrid search failed: TypeError: rpcClient.rpc is not a function
    at searchSimilarIMs (C:/Users/User/cre-dealcard/src/domain/building/mobile-im/cre-rag-service.ts:60:45)
[90m    at processTicksAndRejections (node:internal/process/task_queues:103:5)[39m
    at generateRAGContext (C:/Users/User/cre-dealcard/src/domain/building/mobile-im/cre-rag-service.ts:128:16)
    at buildIMContext (C:/Users/User/cre-dealcard/src/domain/building/mobile-im/im-context-builder.ts:274:14)
    at generateMobileIM (C:/Users/User/cre-dealcard/src/domain/building/mobile-im/writer.ts:76:15)
    at Module.generateMobileIMHandler (C:/Users/User/cre-dealcard/src/app/api/broker/im-lite/generate/handler.ts:307:24
)
    at runPipelineForFixture (C:/Users/User/cre-dealcard/src/tests/e2e/posture-e2e-pipeline.test.ts:119:18)
    at C:/Users/User/cre-dealcard/src/tests/e2e/posture-e2e-pipeline.test.ts:325:34
    at [90mfile:///C:/Users/User/cre-dealcard/[39mnode_modules/[4m@vitest/runner[24m/dist/chunk-artifact.js:1903:20

[90mstdout[2m | src/tests/e2e/posture-e2e-pipeline.test.ts[2m > [22m[2m16-Case MECE Regression Suite (?ㅼ젣 LLM ?몄텧)[2m > [22m[2mcase08_hannam_flagship: ?쒕궓???뚮옒洹몄떗 ?ъ삦 [owner_occupied]
[22m[39m[mobile-im-writer] Prompt variant: writer_system_v2 (v2.0), isLogistics=false, posture=owner_occupied

[90mstderr[2m | src/tests/e2e/posture-e2e-pipeline.test.ts[2m > [22m[2m16-Case MECE Regression Suite (?ㅼ젣 LLM ?몄텧)
[2m > [22m[2mcase08_hannam_flagship: ?쒕궓???뚮옒洹몄떗 ?ъ삦 [owner_occupied]
[22m[39m[writer] Claim violations: [
  [32m"[G38] Calculation 'b149accb-d8da-4d08-bbd3-320fc008e890': basis='NOI'?몃뜲 怨듭젣 ??ぉ???놁뒿?덈떎. ?댁쁺鍮??놁씠 NOI瑜??곗텧????
?놁뒿?덈떎."[39m,
  [32m"[G38] Calculation 'f757e62e-50c7-4f25-821a-a5481a40cb14': basis='NOI'?몃뜲 怨듭젣 ??ぉ???놁뒿?덈떎. ?댁쁺鍮??놁씠 NOI瑜??곗텧????
?놁뒿?덈떎."[39m,
  [32m"[G38] Calculation 'fafc6442-04a3-473f-a6fa-d6833e7047fd': basis='NOI'?몃뜲 怨듭젣 ??ぉ???놁뒿?덈떎. ?댁쁺鍮??놁씠 NOI瑜??곗텧????
?놁뒿?덈떎."[39m
]
[golden-im] Failed to build few-shot block: TypeError: supabase.from(...).select(...).eq(...).eq is not a function
    at buildIMFewShotBlock (C:/Users/User/cre-dealcard/src/domain/building/mobile-im/golden-im-manager.ts:134:8)
    at generateSingleSection (C:/Users/User/cre-dealcard/src/domain/building/mobile-im/im-section-generator.ts:204:30)
    at C:/Users/User/cre-dealcard/src/domain/building/mobile-im/writer.ts:161:32
    at Array.map (<anonymous>)
    at generateMobileIM (C:/Users/User/cre-dealcard/src/domain/building/mobile-im/writer.ts:159:43)
[90m    at processTicksAndRejections (node:internal/process/task_queues:103:5)[39m
    at Module.generateMobileIMHandler (C:/Users/User/cre-dealcard/src/app/api/broker/im-lite/generate/handler.ts:307:24
)
    at runPipelineForFixture (C:/Users/User/cre-dealcard/src/tests/e2e/posture-e2e-pipeline.test.ts:119:18)
    at C:/Users/User/cre-dealcard/src/tests/e2e/posture-e2e-pipeline.test.ts:325:34
    at [90mfile:///C:/Users/User/cre-dealcard/[39mnode_modules/[4m@vitest/runner[24m/dist/chunk-artifact.js:1903:20
[golden-im] Failed to build few-shot block: TypeError: supabase.from(...).select(...).eq(...).eq is not a function
    at buildIMFewShotBlock (C:/Users/User/cre-dealcard/src/domain/building/mobile-im/golden-im-manager.ts:134:8)
    at generateSingleSection (C:/Users/User/cre-dealcard/src/domain/building/mobile-im/im-section-generator.ts:204:30)
    at C:/Users/User/cre-dealcard/src/domain/building/mobile-im/writer.ts:161:32
    at Array.map (<anonymous>)
    at generateMobileIM (C:/Users/User/cre-dealcard/src/domain/building/mobile-im/writer.ts:159:43)
[90m    at processTicksAndRejections (node:internal/process/task_queues:103:5)[39m
    at Module.generateMobileIMHandler (C:/Users/User/cre-dealcard/src/app/api/broker/im-lite/generate/handler.ts:307:24
)
    at runPipelineForFixture (C:/Users/User/cre-dealcard/src/tests/e2e/posture-e2e-pipeline.test.ts:119:18)
    at C:/Users/User/cre-dealcard/src/tests/e2e/posture-e2e-pipeline.test.ts:325:34
    at [90mfile:///C:/Users/User/cre-dealcard/[39mnode_modules/[4m@vitest/runner[24m/dist/chunk-artifact.js:1903:20
[golden-im] Failed to build few-shot block: TypeError: supabase.from(...).select(...).eq(...).eq is not a function
    at buildIMFewShotBlock (C:/Users/User/cre-dealcard/src/domain/building/mobile-im/golden-im-manager.ts:134:8)
    at generateSingleSection (C:/Users/User/cre-dealcard/src/domain/building/mobile-im/im-section-generator.ts:204:30)
    at C:/Users/User/cre-dealcard/src/domain/building/mobile-im/writer.ts:161:32
    at Array.map (<anonymous>)
    at generateMobileIM (C:/Users/User/cre-dealcard/src/domain/building/mobile-im/writer.ts:159:43)
[90m    at processTicksAndRejections (node:internal/process/task_queues:103:5)[39m
    at Module.generateMobileIMHandler (C:/Users/User/cre-dealcard/src/app/api/broker/im-lite/generate/handler.ts:307:24
)
    at runPipelineForFixture (C:/Users/User/cre-dealcard/src/tests/e2e/posture-e2e-pipeline.test.ts:119:18)
    at C:/Users/User/cre-dealcard/src/tests/e2e/posture-e2e-pipeline.test.ts:325:34
    at [90mfile:///C:/Users/User/cre-dealcard/[39mnode_modules/[4m@vitest/runner[24m/dist/chunk-artifact.js:1903:20
[golden-im] Failed to build few-shot block: TypeError: supabase.from(...).select(...).eq(...).eq is not a function
    at buildIMFewShotBlock (C:/Users/User/cre-dealcard/src/domain/building/mobile-im/golden-im-manager.ts:134:8)
    at generateSingleSection (C:/Users/User/cre-dealcard/src/domain/building/mobile-im/im-section-generator.ts:204:30)
    at C:/Users/User/cre-dealcard/src/domain/building/mobile-im/writer.ts:161:32
    at Array.map (<anonymous>)
    at generateMobileIM (C:/Users/User/cre-dealcard/src/domain/building/mobile-im/writer.ts:159:43)
[90m    at processTicksAndRejections (node:internal/process/task_queues:103:5)[39m
    at Module.generateMobileIMHandler (C:/Users/User/cre-dealcard/src/app/api/broker/im-lite/generate/handler.ts:307:24
)
    at runPipelineForFixture (C:/Users/User/cre-dealcard/src/tests/e2e/posture-e2e-pipeline.test.ts:119:18)
    at C:/Users/User/cre-dealcard/src/tests/e2e/posture-e2e-pipeline.test.ts:325:34
    at [90mfile:///C:/Users/User/cre-dealcard/[39mnode_modules/[4m@vitest/runner[24m/dist/chunk-artifact.js:1903:20
[golden-im] Failed to build few-shot block: TypeError: supabase.from(...).select(...).eq(...).eq is not a function
    at buildIMFewShotBlock (C:/Users/User/cre-dealcard/src/domain/building/mobile-im/golden-im-manager.ts:134:8)
    at generateSingleSection (C:/Users/User/cre-dealcard/src/domain/building/mobile-im/im-section-generator.ts:204:30)
    at C:/Users/User/cre-dealcard/src/domain/building/mobile-im/writer.ts:161:32
    at Array.map (<anonymous>)
    at generateMobileIM (C:/Users/User/cre-dealcard/src/domain/building/mobile-im/writer.ts:159:43)
[90m    at processTicksAndRejections (node:internal/process/task_queues:103:5)[39m
    at Module.generateMobileIMHandler (C:/Users/User/cre-dealcard/src/app/api/broker/im-lite/generate/handler.ts:307:24
)
    at runPipelineForFixture (C:/Users/User/cre-dealcard/src/tests/e2e/posture-e2e-pipeline.test.ts:119:18)
    at C:/Users/User/cre-dealcard/src/tests/e2e/posture-e2e-pipeline.test.ts:325:34
    at [90mfile:///C:/Users/User/cre-dealcard/[39mnode_modules/[4m@vitest/runner[24m/dist/chunk-artifact.js:1903:20
[MockOpenAIProvider]process.env.OPENAI_API_KEY is missing or in test environment. Returning mock JSON response.
[MockOpenAIProvider]process.env.OPENAI_API_KEY is missing or in test environment. Returning mock JSON response.
[MockOpenAIProvider]process.env.OPENAI_API_KEY is missing or in test environment. Returning mock JSON response.
[MockOpenAIProvider]process.env.OPENAI_API_KEY is missing or in test environment. Returning mock JSON response.
[MockOpenAIProvider]process.env.OPENAI_API_KEY is missing or in test environment. Returning mock JSON response.

[90mstderr[2m | src/tests/e2e/posture-e2e-pipeline.test.ts[2m > [22m[2m16-Case MECE Regression Suite (?ㅼ젣 LLM ?몄텧)
[2m > [22m[2mcase08_hannam_flagship: ?쒕궓???뚮옒洹몄떗 ?ъ삦 [owner_occupied]
[22m[39m[terminology-normalizer] Failed to load rules from DB, using fallback: TypeError: supabase.from(...).select(.
..).eq(...).order is not a function
    at getTerminologyRules (C:/Users/User/cre-dealcard/src/domain/building/mobile-im/terminology-normalizer.ts:146:8)
    at normalizeTerminologyAsync (C:/Users/User/cre-dealcard/src/domain/building/mobile-im/terminology-normalizer.ts:24
5:23)
    at generateSingleSection (C:/Users/User/cre-dealcard/src/domain/building/mobile-im/im-section-generator.ts:392:28)
[90m    at processTicksAndRejections (node:internal/process/task_queues:103:5)[39m
    at async Promise.allSettled (index 0)
    at generateMobileIM (C:/Users/User/cre-dealcard/src/domain/building/mobile-im/writer.ts:190:23)
    at Module.generateMobileIMHandler (C:/Users/User/cre-dealcard/src/app/api/broker/im-lite/generate/handler.ts:307:24
)
    at runPipelineForFixture (C:/Users/User/cre-dealcard/src/tests/e2e/posture-e2e-pipeline.test.ts:119:18)
    at C:/Users/User/cre-dealcard/src/tests/e2e/posture-e2e-pipeline.test.ts:325:34
    at [90mfile:///C:/Users/User/cre-dealcard/[39mnode_modules/[4m@vitest/runner[24m/dist/chunk-artifact.js:1903:20
[terminology-normalizer] Failed to load rules from DB, using fallback: TypeError: supabase.from(...).select(...).eq(...
).order is not a function
    at getTerminologyRules (C:/Users/User/cre-dealcard/src/domain/building/mobile-im/terminology-normalizer.ts:146:8)
    at normalizeTerminologyAsync (C:/Users/User/cre-dealcard/src/domain/building/mobile-im/terminology-normalizer.ts:24
5:23)
    at generateSingleSection (C:/Users/User/cre-dealcard/src/domain/building/mobile-im/im-section-generator.ts:392:28)
[90m    at processTicksAndRejections (node:internal/process/task_queues:103:5)[39m
    at async Promise.allSettled (index 1)
    at generateMobileIM (C:/Users/User/cre-dealcard/src/domain/building/mobile-im/writer.ts:190:23)
    at Module.generateMobileIMHandler (C:/Users/User/cre-dealcard/src/app/api/broker/im-lite/generate/handler.ts:307:24
)
    at runPipelineForFixture (C:/Users/User/cre-dealcard/src/tests/e2e/posture-e2e-pipeline.test.ts:119:18)
    at C:/Users/User/cre-dealcard/src/tests/e2e/posture-e2e-pipeline.test.ts:325:34
    at [90mfile:///C:/Users/User/cre-dealcard/[39mnode_modules/[4m@vitest/runner[24m/dist/chunk-artifact.js:1903:20
[terminology-normalizer] Failed to load rules from DB, using fallback: TypeError: supabase.from(...).select(...).eq(...
).order is not a function
    at getTerminologyRules (C:/Users/User/cre-dealcard/src/domain/building/mobile-im/terminology-normalizer.ts:146:8)
    at normalizeTerminologyAsync (C:/Users/User/cre-dealcard/src/domain/building/mobile-im/terminology-normalizer.ts:24
5:23)
    at generateSingleSection (C:/Users/User/cre-dealcard/src/domain/building/mobile-im/im-section-generator.ts:392:28)
[90m    at processTicksAndRejections (node:internal/process/task_queues:103:5)[39m
    at async Promise.allSettled (index 2)
    at generateMobileIM (C:/Users/User/cre-dealcard/src/domain/building/mobile-im/writer.ts:190:23)
    at Module.generateMobileIMHandler (C:/Users/User/cre-dealcard/src/app/api/broker/im-lite/generate/handler.ts:307:24
)
    at runPipelineForFixture (C:/Users/User/cre-dealcard/src/tests/e2e/posture-e2e-pipeline.test.ts:119:18)
    at C:/Users/User/cre-dealcard/src/tests/e2e/posture-e2e-pipeline.test.ts:325:34
    at [90mfile:///C:/Users/User/cre-dealcard/[39mnode_modules/[4m@vitest/runner[24m/dist/chunk-artifact.js:1903:20
[MockOpenAIProvider]process.env.OPENAI_API_KEY is missing or in test environment. Returning mock JSON response.
[terminology-normalizer] Failed to load rules from DB, using fallback: TypeError: supabase.from(...).select(...).eq(...
).order is not a function
    at getTerminologyRules (C:/Users/User/cre-dealcard/src/domain/building/mobile-im/terminology-normalizer.ts:146:8)
    at normalizeTerminologyAsync (C:/Users/User/cre-dealcard/src/domain/building/mobile-im/terminology-normalizer.ts:24
5:23)
    at generateSingleSection (C:/Users/User/cre-dealcard/src/domain/building/mobile-im/im-section-generator.ts:392:28)
[90m    at processTicksAndRejections (node:internal/process/task_queues:103:5)[39m
    at async Promise.allSettled (index 4)
    at generateMobileIM (C:/Users/User/cre-dealcard/src/domain/building/mobile-im/writer.ts:190:23)
    at Module.generateMobileIMHandler (C:/Users/User/cre-dealcard/src/app/api/broker/im-lite/generate/handler.ts:307:24
)
    at runPipelineForFixture (C:/Users/User/cre-dealcard/src/tests/e2e/posture-e2e-pipeline.test.ts:119:18)
    at C:/Users/User/cre-dealcard/src/tests/e2e/posture-e2e-pipeline.test.ts:325:34
    at [90mfile:///C:/Users/User/cre-dealcard/[39mnode_modules/[4m@vitest/runner[24m/dist/chunk-artifact.js:1903:20

[90mstderr[2m | src/tests/e2e/posture-e2e-pipeline.test.ts[2m > [22m[2m16-Case MECE Regression Suite (?ㅼ젣 LLM ?몄텧)
[2m > [22m[2mcase08_hannam_flagship: ?쒕궓???뚮옒洹몄떗 ?ъ삦 [owner_occupied]
[22m[39m[MockOpenAIProvider]process.env.OPENAI_API_KEY is missing or in test environment. Returning mock JSON respons
e.
[MockOpenAIProvider]process.env.OPENAI_API_KEY is missing or in test environment. Returning mock JSON response.
[MockOpenAIProvider]process.env.OPENAI_API_KEY is missing or in test environment. Returning mock JSON response.
[MockOpenAIProvider]process.env.OPENAI_API_KEY is missing or in test environment. Returning mock JSON response.
[fewshot-tracker] Failed to update result score: TypeError: supabase.from(...).update is not a function
    at updateFewShotResultScore (C:/Users/User/cre-dealcard/src/domain/building/mobile-im/fewshot-tracker.ts:43:8)
    at generateSingleSection (C:/Users/User/cre-dealcard/src/domain/building/mobile-im/im-section-generator.ts:301:15)
[90m    at processTicksAndRejections (node:internal/process/task_queues:103:5)[39m
    at async Promise.allSettled (index 3)
    at generateMobileIM (C:/Users/User/cre-dealcard/src/domain/building/mobile-im/writer.ts:190:23)
    at Module.generateMobileIMHandler (C:/Users/User/cre-dealcard/src/app/api/broker/im-lite/generate/handler.ts:307:24
)
    at runPipelineForFixture (C:/Users/User/cre-dealcard/src/tests/e2e/posture-e2e-pipeline.test.ts:119:18)
    at C:/Users/User/cre-dealcard/src/tests/e2e/posture-e2e-pipeline.test.ts:325:34
    at [90mfile:///C:/Users/User/cre-dealcard/[39mnode_modules/[4m@vitest/runner[24m/dist/chunk-artifact.js:1903:20
[fewshot-tracker] Failed to auto-promote: TypeError: supabase.from(...).select(...).eq(...).eq is not a function
    at promoteToGoldenCandidate (C:/Users/User/cre-dealcard/src/domain/building/mobile-im/fewshot-tracker.ts:168:8)
    at generateSingleSection (C:/Users/User/cre-dealcard/src/domain/building/mobile-im/im-section-generator.ts:303:17)
[90m    at processTicksAndRejections (node:internal/process/task_queues:103:5)[39m
    at async Promise.allSettled (index 3)
    at generateMobileIM (C:/Users/User/cre-dealcard/src/domain/building/mobile-im/writer.ts:190:23)
    at Module.generateMobileIMHandler (C:/Users/User/cre-dealcard/src/app/api/broker/im-lite/generate/handler.ts:307:24
)
    at runPipelineForFixture (C:/Users/User/cre-dealcard/src/tests/e2e/posture-e2e-pipeline.test.ts:119:18)
    at C:/Users/User/cre-dealcard/src/tests/e2e/posture-e2e-pipeline.test.ts:325:34
    at [90mfile:///C:/Users/User/cre-dealcard/[39mnode_modules/[4m@vitest/runner[24m/dist/chunk-artifact.js:1903:20
[terminology-normalizer] Failed to load rules from DB, using fallback: TypeError: supabase.from(...).select(...).eq(...
).order is not a function
    at getTerminologyRules (C:/Users/User/cre-dealcard/src/domain/building/mobile-im/terminology-normalizer.ts:146:8)
    at normalizeTerminologyAsync (C:/Users/User/cre-dealcard/src/domain/building/mobile-im/terminology-normalizer.ts:24
5:23)
    at generateSingleSection (C:/Users/User/cre-dealcard/src/domain/building/mobile-im/im-section-generator.ts:392:28)
[90m    at processTicksAndRejections (node:internal/process/task_queues:103:5)[39m
    at async Promise.allSettled (index 3)
    at generateMobileIM (C:/Users/User/cre-dealcard/src/domain/building/mobile-im/writer.ts:190:23)
    at Module.generateMobileIMHandler (C:/Users/User/cre-dealcard/src/app/api/broker/im-lite/generate/handler.ts:307:24
)
    at runPipelineForFixture (C:/Users/User/cre-dealcard/src/tests/e2e/posture-e2e-pipeline.test.ts:119:18)
    at C:/Users/User/cre-dealcard/src/tests/e2e/posture-e2e-pipeline.test.ts:325:34
    at [90mfile:///C:/Users/User/cre-dealcard/[39mnode_modules/[4m@vitest/runner[24m/dist/chunk-artifact.js:1903:20

[90mstderr[2m | src/tests/e2e/posture-e2e-pipeline.test.ts[2m > [22m[2m16-Case MECE Regression Suite (?ㅼ젣 LLM ?몄텧)
[2m > [22m[2mcase08_hannam_flagship: ?쒕궓???뚮옒洹몄떗 ?ъ삦 [owner_occupied]
[22m[39m[MockOpenAIProvider]process.env.OPENAI_API_KEY is missing or in test environment. Returning mock JSON respons
e.

[90mstderr[2m | src/tests/e2e/posture-e2e-pipeline.test.ts[2m > [22m[2m16-Case MECE Regression Suite (?ㅼ젣 LLM ?몄텧)
[2m > [22m[2mcase08_hannam_flagship: ?쒕궓???뚮옒洹몄떗 ?ъ삦 [owner_occupied]
[22m[39m[golden-im] Failed to build few-shot block: TypeError: supabase.from(...).select(...).eq(...).eq is not a fun
ction
    at buildIMFewShotBlock (C:/Users/User/cre-dealcard/src/domain/building/mobile-im/golden-im-manager.ts:134:8)
    at generateSingleSection (C:/Users/User/cre-dealcard/src/domain/building/mobile-im/im-section-generator.ts:204:30)
    at generateMobileIM (C:/Users/User/cre-dealcard/src/domain/building/mobile-im/writer.ts:250:28)
[90m    at processTicksAndRejections (node:internal/process/task_queues:103:5)[39m
    at Module.generateMobileIMHandler (C:/Users/User/cre-dealcard/src/app/api/broker/im-lite/generate/handler.ts:307:24
)
    at runPipelineForFixture (C:/Users/User/cre-dealcard/src/tests/e2e/posture-e2e-pipeline.test.ts:119:18)
    at C:/Users/User/cre-dealcard/src/tests/e2e/posture-e2e-pipeline.test.ts:325:34
    at [90mfile:///C:/Users/User/cre-dealcard/[39mnode_modules/[4m@vitest/runner[24m/dist/chunk-artifact.js:1903:20

[90mstderr[2m | src/tests/e2e/posture-e2e-pipeline.test.ts[2m > [22m[2m16-Case MECE Regression Suite (?ㅼ젣 LLM ?몄텧)
[2m > [22m[2mcase08_hannam_flagship: ?쒕궓???뚮옒洹몄떗 ?ъ삦 [owner_occupied]
[22m[39m[MockOpenAIProvider]process.env.OPENAI_API_KEY is missing or in test environment. Returning mock JSON respons
e.

[90mstderr[2m | src/tests/e2e/posture-e2e-pipeline.test.ts[2m > [22m[2m16-Case MECE Regression Suite (?ㅼ젣 LLM ?몄텧)
[2m > [22m[2mcase08_hannam_flagship: ?쒕궓???뚮옒洹몄떗 ?ъ삦 [owner_occupied]
[22m[39m[MockOpenAIProvider]process.env.OPENAI_API_KEY is missing or in test environment. Returning mock JSON respons
e.

[90mstderr[2m | src/tests/e2e/posture-e2e-pipeline.test.ts[2m > [22m[2m16-Case MECE Regression Suite (?ㅼ젣 LLM ?몄텧)
[2m > [22m[2mcase08_hannam_flagship: ?쒕궓???뚮옒洹몄떗 ?ъ삦 [owner_occupied]
[22m[39m[fewshot-tracker] Failed to update result score: TypeError: supabase.from(...).update is not a function
    at updateFewShotResultScore (C:/Users/User/cre-dealcard/src/domain/building/mobile-im/fewshot-tracker.ts:43:8)
    at generateSingleSection (C:/Users/User/cre-dealcard/src/domain/building/mobile-im/im-section-generator.ts:301:15)
[90m    at processTicksAndRejections (node:internal/process/task_queues:103:5)[39m
    at generateMobileIM (C:/Users/User/cre-dealcard/src/domain/building/mobile-im/writer.ts:250:22)
    at Module.generateMobileIMHandler (C:/Users/User/cre-dealcard/src/app/api/broker/im-lite/generate/handler.ts:307:24
)
    at runPipelineForFixture (C:/Users/User/cre-dealcard/src/tests/e2e/posture-e2e-pipeline.test.ts:119:18)
    at C:/Users/User/cre-dealcard/src/tests/e2e/posture-e2e-pipeline.test.ts:325:34
    at [90mfile:///C:/Users/User/cre-dealcard/[39mnode_modules/[4m@vitest/runner[24m/dist/chunk-artifact.js:1903:20
[fewshot-tracker] Failed to auto-promote: TypeError: supabase.from(...).select(...).eq(...).eq is not a function
    at promoteToGoldenCandidate (C:/Users/User/cre-dealcard/src/domain/building/mobile-im/fewshot-tracker.ts:168:8)
    at generateSingleSection (C:/Users/User/cre-dealcard/src/domain/building/mobile-im/im-section-generator.ts:303:17)
[90m    at processTicksAndRejections (node:internal/process/task_queues:103:5)[39m
    at generateMobileIM (C:/Users/User/cre-dealcard/src/domain/building/mobile-im/writer.ts:250:22)
    at Module.generateMobileIMHandler (C:/Users/User/cre-dealcard/src/app/api/broker/im-lite/generate/handler.ts:307:24
)
    at runPipelineForFixture (C:/Users/User/cre-dealcard/src/tests/e2e/posture-e2e-pipeline.test.ts:119:18)
    at C:/Users/User/cre-dealcard/src/tests/e2e/posture-e2e-pipeline.test.ts:325:34
    at [90mfile:///C:/Users/User/cre-dealcard/[39mnode_modules/[4m@vitest/runner[24m/dist/chunk-artifact.js:1903:20
[terminology-normalizer] Failed to load rules from DB, using fallback: TypeError: supabase.from(...).select(...).eq(...
).order is not a function
    at getTerminologyRules (C:/Users/User/cre-dealcard/src/domain/building/mobile-im/terminology-normalizer.ts:146:8)
    at normalizeTerminologyAsync (C:/Users/User/cre-dealcard/src/domain/building/mobile-im/terminology-normalizer.ts:24
5:23)
    at generateSingleSection (C:/Users/User/cre-dealcard/src/domain/building/mobile-im/im-section-generator.ts:392:28)
[90m    at processTicksAndRejections (node:internal/process/task_queues:103:5)[39m
    at generateMobileIM (C:/Users/User/cre-dealcard/src/domain/building/mobile-im/writer.ts:250:22)
    at Module.generateMobileIMHandler (C:/Users/User/cre-dealcard/src/app/api/broker/im-lite/generate/handler.ts:307:24
)
    at runPipelineForFixture (C:/Users/User/cre-dealcard/src/tests/e2e/posture-e2e-pipeline.test.ts:119:18)
    at C:/Users/User/cre-dealcard/src/tests/e2e/posture-e2e-pipeline.test.ts:325:34
    at [90mfile:///C:/Users/User/cre-dealcard/[39mnode_modules/[4m@vitest/runner[24m/dist/chunk-artifact.js:1903:20

[90mstderr[2m | src/tests/e2e/posture-e2e-pipeline.test.ts[2m > [22m[2m16-Case MECE Regression Suite (?ㅼ젣 LLM ?몄텧)
[2m > [22m[2mcase08_hannam_flagship: ?쒕궓???뚮옒洹몄떗 ?ъ삦 [owner_occupied]
[22m[39m[MockOpenAIProvider]process.env.OPENAI_API_KEY is missing or in test environment. Returning mock JSON respons
e.

[90mstderr[2m | src/tests/e2e/posture-e2e-pipeline.test.ts[2m > [22m[2m16-Case MECE Regression Suite (?ㅼ젣 LLM ?몄텧)
[2m > [22m[2mcase08_hannam_flagship: ?쒕궓???뚮옒洹몄떗 ?ъ삦 [owner_occupied]
[22m[39m[golden-im] Failed to build few-shot block: TypeError: supabase.from(...).select(...).eq(...).eq is not a fun
ction
    at buildIMFewShotBlock (C:/Users/User/cre-dealcard/src/domain/building/mobile-im/golden-im-manager.ts:134:8)
    at generateSingleSection (C:/Users/User/cre-dealcard/src/domain/building/mobile-im/im-section-generator.ts:204:30)
    at generateMobileIM (C:/Users/User/cre-dealcard/src/domain/building/mobile-im/writer.ts:250:28)
[90m    at processTicksAndRejections (node:internal/process/task_queues:103:5)[39m
    at Module.generateMobileIMHandler (C:/Users/User/cre-dealcard/src/app/api/broker/im-lite/generate/handler.ts:307:24
)
    at runPipelineForFixture (C:/Users/User/cre-dealcard/src/tests/e2e/posture-e2e-pipeline.test.ts:119:18)
    at C:/Users/User/cre-dealcard/src/tests/e2e/posture-e2e-pipeline.test.ts:325:34
    at [90mfile:///C:/Users/User/cre-dealcard/[39mnode_modules/[4m@vitest/runner[24m/dist/chunk-artifact.js:1903:20

[90mstderr[2m | src/tests/e2e/posture-e2e-pipeline.test.ts[2m > [22m[2m16-Case MECE Regression Suite (?ㅼ젣 LLM ?몄텧)
[2m > [22m[2mcase08_hannam_flagship: ?쒕궓???뚮옒洹몄떗 ?ъ삦 [owner_occupied]
[22m[39m[MockOpenAIProvider]process.env.OPENAI_API_KEY is missing or in test environment. Returning mock JSON respons
e.

[90mstderr[2m | src/tests/e2e/posture-e2e-pipeline.test.ts[2m > [22m[2m16-Case MECE Regression Suite (?ㅼ젣 LLM ?몄텧)
[2m > [22m[2mcase08_hannam_flagship: ?쒕궓???뚮옒洹몄떗 ?ъ삦 [owner_occupied]
[22m[39m[terminology-normalizer] Failed to load rules from DB, using fallback: TypeError: supabase.from(...).select(.
..).eq(...).order is not a function
    at getTerminologyRules (C:/Users/User/cre-dealcard/src/domain/building/mobile-im/terminology-normalizer.ts:146:8)
    at normalizeTerminologyAsync (C:/Users/User/cre-dealcard/src/domain/building/mobile-im/terminology-normalizer.ts:24
5:23)
    at generateSingleSection (C:/Users/User/cre-dealcard/src/domain/building/mobile-im/im-section-generator.ts:392:28)
[90m    at processTicksAndRejections (node:internal/process/task_queues:103:5)[39m
    at generateMobileIM (C:/Users/User/cre-dealcard/src/domain/building/mobile-im/writer.ts:250:22)
    at Module.generateMobileIMHandler (C:/Users/User/cre-dealcard/src/app/api/broker/im-lite/generate/handler.ts:307:24
)
    at runPipelineForFixture (C:/Users/User/cre-dealcard/src/tests/e2e/posture-e2e-pipeline.test.ts:119:18)
    at C:/Users/User/cre-dealcard/src/tests/e2e/posture-e2e-pipeline.test.ts:325:34
    at [90mfile:///C:/Users/User/cre-dealcard/[39mnode_modules/[4m@vitest/runner[24m/dist/chunk-artifact.js:1903:20

[90mstderr[2m | src/tests/e2e/posture-e2e-pipeline.test.ts[2m > [22m[2m16-Case MECE Regression Suite (?ㅼ젣 LLM ?몄텧)
[2m > [22m[2mcase08_hannam_flagship: ?쒕궓???뚮옒洹몄떗 ?ъ삦 [owner_occupied]
[22m[39m[MockOpenAIProvider]process.env.OPENAI_API_KEY is missing or in test environment. Returning mock JSON respons
e.

[90mstderr[2m | src/tests/e2e/posture-e2e-pipeline.test.ts[2m > [22m[2m16-Case MECE Regression Suite (?ㅼ젣 LLM ?몄텧)
[2m > [22m[2mcase08_hannam_flagship: ?쒕궓???뚮옒洹몄떗 ?ъ삦 [owner_occupied]
[22m[39m[golden-im] Failed to build few-shot block: TypeError: supabase.from(...).select(...).eq(...).eq is not a fun
ction
    at buildIMFewShotBlock (C:/Users/User/cre-dealcard/src/domain/building/mobile-im/golden-im-manager.ts:134:8)
    at generateSingleSection (C:/Users/User/cre-dealcard/src/domain/building/mobile-im/im-section-generator.ts:204:30)
    at generateMobileIM (C:/Users/User/cre-dealcard/src/domain/building/mobile-im/writer.ts:250:28)
[90m    at processTicksAndRejections (node:internal/process/task_queues:103:5)[39m
    at Module.generateMobileIMHandler (C:/Users/User/cre-dealcard/src/app/api/broker/im-lite/generate/handler.ts:307:24
)
    at runPipelineForFixture (C:/Users/User/cre-dealcard/src/tests/e2e/posture-e2e-pipeline.test.ts:119:18)
    at C:/Users/User/cre-dealcard/src/tests/e2e/posture-e2e-pipeline.test.ts:325:34
    at [90mfile:///C:/Users/User/cre-dealcard/[39mnode_modules/[4m@vitest/runner[24m/dist/chunk-artifact.js:1903:20

[90mstderr[2m | src/tests/e2e/posture-e2e-pipeline.test.ts[2m > [22m[2m16-Case MECE Regression Suite (?ㅼ젣 LLM ?몄텧)
[2m > [22m[2mcase08_hannam_flagship: ?쒕궓???뚮옒洹몄떗 ?ъ삦 [owner_occupied]
[22m[39m[MockOpenAIProvider]process.env.OPENAI_API_KEY is missing or in test environment. Returning mock JSON respons
e.

[90mstderr[2m | src/tests/e2e/posture-e2e-pipeline.test.ts[2m > [22m[2m16-Case MECE Regression Suite (?ㅼ젣 LLM ?몄텧)
[2m > [22m[2mcase08_hannam_flagship: ?쒕궓???뚮옒洹몄떗 ?ъ삦 [owner_occupied]
[22m[39m[MockOpenAIProvider]process.env.OPENAI_API_KEY is missing or in test environment. Returning mock JSON respons
e.

[90mstderr[2m | src/tests/e2e/posture-e2e-pipeline.test.ts[2m > [22m[2m16-Case MECE Regression Suite (?ㅼ젣 LLM ?몄텧)
[2m > [22m[2mcase08_hannam_flagship: ?쒕궓???뚮옒洹몄떗 ?ъ삦 [owner_occupied]
[22m[39m[fewshot-tracker] Failed to update result score: TypeError: supabase.from(...).update is not a function
    at updateFewShotResultScore (C:/Users/User/cre-dealcard/src/domain/building/mobile-im/fewshot-tracker.ts:43:8)
    at generateSingleSection (C:/Users/User/cre-dealcard/src/domain/building/mobile-im/im-section-generator.ts:301:15)
[90m    at processTicksAndRejections (node:internal/process/task_queues:103:5)[39m
    at generateMobileIM (C:/Users/User/cre-dealcard/src/domain/building/mobile-im/writer.ts:250:22)
    at Module.generateMobileIMHandler (C:/Users/User/cre-dealcard/src/app/api/broker/im-lite/generate/handler.ts:307:24
)
    at runPipelineForFixture (C:/Users/User/cre-dealcard/src/tests/e2e/posture-e2e-pipeline.test.ts:119:18)
    at C:/Users/User/cre-dealcard/src/tests/e2e/posture-e2e-pipeline.test.ts:325:34
    at [90mfile:///C:/Users/User/cre-dealcard/[39mnode_modules/[4m@vitest/runner[24m/dist/chunk-artifact.js:1903:20
[fewshot-tracker] Failed to auto-promote: TypeError: supabase.from(...).select(...).eq(...).eq is not a function
    at promoteToGoldenCandidate (C:/Users/User/cre-dealcard/src/domain/building/mobile-im/fewshot-tracker.ts:168:8)
    at generateSingleSection (C:/Users/User/cre-dealcard/src/domain/building/mobile-im/im-section-generator.ts:303:17)
[90m    at processTicksAndRejections (node:internal/process/task_queues:103:5)[39m
    at generateMobileIM (C:/Users/User/cre-dealcard/src/domain/building/mobile-im/writer.ts:250:22)
    at Module.generateMobileIMHandler (C:/Users/User/cre-dealcard/src/app/api/broker/im-lite/generate/handler.ts:307:24
)
    at runPipelineForFixture (C:/Users/User/cre-dealcard/src/tests/e2e/posture-e2e-pipeline.test.ts:119:18)
    at C:/Users/User/cre-dealcard/src/tests/e2e/posture-e2e-pipeline.test.ts:325:34
    at [90mfile:///C:/Users/User/cre-dealcard/[39mnode_modules/[4m@vitest/runner[24m/dist/chunk-artifact.js:1903:20
[terminology-normalizer] Failed to load rules from DB, using fallback: TypeError: supabase.from(...).select(...).eq(...
).order is not a function
    at getTerminologyRules (C:/Users/User/cre-dealcard/src/domain/building/mobile-im/terminology-normalizer.ts:146:8)
    at normalizeTerminologyAsync (C:/Users/User/cre-dealcard/src/domain/building/mobile-im/terminology-normalizer.ts:24
5:23)
    at generateSingleSection (C:/Users/User/cre-dealcard/src/domain/building/mobile-im/im-section-generator.ts:392:28)
[90m    at processTicksAndRejections (node:internal/process/task_queues:103:5)[39m
    at generateMobileIM (C:/Users/User/cre-dealcard/src/domain/building/mobile-im/writer.ts:250:22)
    at Module.generateMobileIMHandler (C:/Users/User/cre-dealcard/src/app/api/broker/im-lite/generate/handler.ts:307:24
)
    at runPipelineForFixture (C:/Users/User/cre-dealcard/src/tests/e2e/posture-e2e-pipeline.test.ts:119:18)
    at C:/Users/User/cre-dealcard/src/tests/e2e/posture-e2e-pipeline.test.ts:325:34
    at [90mfile:///C:/Users/User/cre-dealcard/[39mnode_modules/[4m@vitest/runner[24m/dist/chunk-artifact.js:1903:20

[90mstderr[2m | src/tests/e2e/posture-e2e-pipeline.test.ts[2m > [22m[2m16-Case MECE Regression Suite (?ㅼ젣 LLM ?몄텧)
[2m > [22m[2mcase08_hannam_flagship: ?쒕궓???뚮옒洹몄떗 ?ъ삦 [owner_occupied]
[22m[39m[MockOpenAIProvider]process.env.OPENAI_API_KEY is missing or in test environment. Returning mock JSON respons
e.

[90mstderr[2m | src/tests/e2e/posture-e2e-pipeline.test.ts[2m > [22m[2m16-Case MECE Regression Suite (?ㅼ젣 LLM ?몄텧)
[2m > [22m[2mcase08_hannam_flagship: ?쒕궓???뚮옒洹몄떗 ?ъ삦 [owner_occupied]
[22m[39m[golden-im] Failed to build few-shot block: TypeError: supabase.from(...).select(...).eq(...).eq is not a fun
ction
    at buildIMFewShotBlock (C:/Users/User/cre-dealcard/src/domain/building/mobile-im/golden-im-manager.ts:134:8)
    at generateSingleSection (C:/Users/User/cre-dealcard/src/domain/building/mobile-im/im-section-generator.ts:204:30)
    at generateMobileIM (C:/Users/User/cre-dealcard/src/domain/building/mobile-im/writer.ts:250:28)
[90m    at processTicksAndRejections (node:internal/process/task_queues:103:5)[39m
    at Module.generateMobileIMHandler (C:/Users/User/cre-dealcard/src/app/api/broker/im-lite/generate/handler.ts:307:24
)
    at runPipelineForFixture (C:/Users/User/cre-dealcard/src/tests/e2e/posture-e2e-pipeline.test.ts:119:18)
    at C:/Users/User/cre-dealcard/src/tests/e2e/posture-e2e-pipeline.test.ts:325:34
    at [90mfile:///C:/Users/User/cre-dealcard/[39mnode_modules/[4m@vitest/runner[24m/dist/chunk-artifact.js:1903:20

[90mstderr[2m | src/tests/e2e/posture-e2e-pipeline.test.ts[2m > [22m[2m16-Case MECE Regression Suite (?ㅼ젣 LLM ?몄텧)
[2m > [22m[2mcase08_hannam_flagship: ?쒕궓???뚮옒洹몄떗 ?ъ삦 [owner_occupied]
[22m[39m[MockOpenAIProvider]process.env.OPENAI_API_KEY is missing or in test environment. Returning mock JSON respons
e.

[90mstderr[2m | src/tests/e2e/posture-e2e-pipeline.test.ts[2m > [22m[2m16-Case MECE Regression Suite (?ㅼ젣 LLM ?몄텧)
[2m > [22m[2mcase08_hannam_flagship: ?쒕궓???뚮옒洹몄떗 ?ъ삦 [owner_occupied]
[22m[39m[MockOpenAIProvider]process.env.OPENAI_API_KEY is missing or in test environment. Returning mock JSON respons
e.

[90mstderr[2m | src/tests/e2e/posture-e2e-pipeline.test.ts[2m > [22m[2m16-Case MECE Regression Suite (?ㅼ젣 LLM ?몄텧)
[2m > [22m[2mcase08_hannam_flagship: ?쒕궓???뚮옒洹몄떗 ?ъ삦 [owner_occupied]
[22m[39m[fewshot-tracker] Failed to update result score: TypeError: supabase.from(...).update is not a function
    at updateFewShotResultScore (C:/Users/User/cre-dealcard/src/domain/building/mobile-im/fewshot-tracker.ts:43:8)
    at generateSingleSection (C:/Users/User/cre-dealcard/src/domain/building/mobile-im/im-section-generator.ts:301:15)
[90m    at processTicksAndRejections (node:internal/process/task_queues:103:5)[39m
    at generateMobileIM (C:/Users/User/cre-dealcard/src/domain/building/mobile-im/writer.ts:250:22)
    at Module.generateMobileIMHandler (C:/Users/User/cre-dealcard/src/app/api/broker/im-lite/generate/handler.ts:307:24
)
    at runPipelineForFixture (C:/Users/User/cre-dealcard/src/tests/e2e/posture-e2e-pipeline.test.ts:119:18)
    at C:/Users/User/cre-dealcard/src/tests/e2e/posture-e2e-pipeline.test.ts:325:34
    at [90mfile:///C:/Users/User/cre-dealcard/[39mnode_modules/[4m@vitest/runner[24m/dist/chunk-artifact.js:1903:20
[fewshot-tracker] Failed to auto-promote: TypeError: supabase.from(...).select(...).eq(...).eq is not a function
    at promoteToGoldenCandidate (C:/Users/User/cre-dealcard/src/domain/building/mobile-im/fewshot-tracker.ts:168:8)
    at generateSingleSection (C:/Users/User/cre-dealcard/src/domain/building/mobile-im/im-section-generator.ts:303:17)
[90m    at processTicksAndRejections (node:internal/process/task_queues:103:5)[39m
    at generateMobileIM (C:/Users/User/cre-dealcard/src/domain/building/mobile-im/writer.ts:250:22)
    at Module.generateMobileIMHandler (C:/Users/User/cre-dealcard/src/app/api/broker/im-lite/generate/handler.ts:307:24
)
    at runPipelineForFixture (C:/Users/User/cre-dealcard/src/tests/e2e/posture-e2e-pipeline.test.ts:119:18)
    at C:/Users/User/cre-dealcard/src/tests/e2e/posture-e2e-pipeline.test.ts:325:34
    at [90mfile:///C:/Users/User/cre-dealcard/[39mnode_modules/[4m@vitest/runner[24m/dist/chunk-artifact.js:1903:20
[terminology-normalizer] Failed to load rules from DB, using fallback: TypeError: supabase.from(...).select(...).eq(...
).order is not a function
    at getTerminologyRules (C:/Users/User/cre-dealcard/src/domain/building/mobile-im/terminology-normalizer.ts:146:8)
    at normalizeTerminologyAsync (C:/Users/User/cre-dealcard/src/domain/building/mobile-im/terminology-normalizer.ts:24
5:23)
    at generateSingleSection (C:/Users/User/cre-dealcard/src/domain/building/mobile-im/im-section-generator.ts:392:28)
[90m    at processTicksAndRejections (node:internal/process/task_queues:103:5)[39m
    at generateMobileIM (C:/Users/User/cre-dealcard/src/domain/building/mobile-im/writer.ts:250:22)
    at Module.generateMobileIMHandler (C:/Users/User/cre-dealcard/src/app/api/broker/im-lite/generate/handler.ts:307:24
)
    at runPipelineForFixture (C:/Users/User/cre-dealcard/src/tests/e2e/posture-e2e-pipeline.test.ts:119:18)
    at C:/Users/User/cre-dealcard/src/tests/e2e/posture-e2e-pipeline.test.ts:325:34
    at [90mfile:///C:/Users/User/cre-dealcard/[39mnode_modules/[4m@vitest/runner[24m/dist/chunk-artifact.js:1903:20

[90mstderr[2m | src/tests/ai/prompt-regression.test.ts[2m > [22m[2mAI Prompt Regression & Golden Testset[2m > [2
2m[2mshould parse all golden cases successfully and satisfy accuracy threshold
[22m[39m[MockOpenAIProvider]process.env.OPENAI_API_KEY is missing or in test environment. Returning mock JSON respons
e.

[90mstderr[2m | src/tests/e2e/posture-e2e-pipeline.test.ts[2m > [22m[2m16-Case MECE Regression Suite (?ㅼ젣 LLM ?몄텧)
[2m > [22m[2mcase08_hannam_flagship: ?쒕궓???뚮옒洹몄떗 ?ъ삦 [owner_occupied]
[22m[39m[MockOpenAIProvider]process.env.OPENAI_API_KEY is missing or in test environment. Returning mock JSON respons
e.

[90mstderr[2m | src/tests/ai/prompt-regression.test.ts[2m > [22m[2mAI Prompt Regression & Golden Testset[2m > [2
2m[2mshould parse all golden cases successfully and satisfy accuracy threshold
[22m[39m[MockOpenAIProvider]process.env.OPENAI_API_KEY is missing or in test environment. Returning mock JSON respons
e.

[90mstderr[2m | src/tests/e2e/posture-e2e-pipeline.test.ts[2m > [22m[2m16-Case MECE Regression Suite (?ㅼ젣 LLM ?몄텧)
[2m > [22m[2mcase08_hannam_flagship: ?쒕궓???뚮옒洹몄떗 ?ъ삦 [owner_occupied]
[22m[39m[mobile-im] Publish gates blocked: [ [32m'G05'[39m, [32m'G08'[39m, [32m'G20'[39m, [32m'G24'[39m ]

[90mstderr[2m | src/tests/ai/prompt-regression.test.ts[2m > [22m[2mAI Prompt Regression & Golden Testset[2m > [2
2m[2mshould parse all golden cases successfully and satisfy accuracy threshold
[22m[39m[Regression Warning] TestCase GT-008 matched 0/3 fields. Accuracy is below threshold.
[MockOpenAIProvider]process.env.OPENAI_API_KEY is missing or in test environment. Returning mock JSON response.

[90mstderr[2m | src/tests/e2e/posture-e2e-pipeline.test.ts[2m > [22m[2m16-Case MECE Regression Suite (?ㅼ젣 LLM ?몄텧)
[2m > [22m[2mcase08_hannam_flagship: ?쒕궓???뚮옒洹몄떗 ?ъ삦 [owner_occupied]
[22m[39m[BL-5] ?대갚 諛쒕룞: A08 ?щ씪?대뱶 #6 ???꾪궎??낆씠 蹂몃Ц???뚮뜑留곹븯吏 紐삵빐 留덊겕?ㅼ슫 ?대갚 ?ъ슜

[90mstderr[2m | src/domain/building/mobile-im/__tests__/l5-pipeline-e2e.test.ts[2m > [22m[2mL5: Full Pipeline E2E 
& System Invariants (25 cases)[2m > [22m[2mCRE Lexicon Standards (AGENTS.md Rule 2)[2m > [22m[2mL5-LEX-01: Must u
se standard Korean CRE terms instead of literal translations
[22m[39m[CRE-RAG] Hybrid search failed: {
  code: [32m'PGRST202'[39m,
  details: [32m'Searched for the function public.match_im_documents with parameters filter_asset_type, filter_posture,
 filter_region, match_count, query_embedding, query_text or with a single unnamed json/jsonb parameter, but no matches 
were found in the schema cache.'[39m,
  hint: [1mnull[22m,
  message: [32m'Could not find the function public.match_im_documents(filter_asset_type, filter_posture, filter_region
, match_count, query_embedding, query_text) in the schema cache'[39m
}

[90mstdout[2m | src/domain/building/mobile-im/__tests__/l5-pipeline-e2e.test.ts[2m > [22m[2mL5: Full Pipeline E2E & System Invariants (25 cases)[2m > [22m[2mCRE Lexicon Standards (AGENTS.md Rule 2)[2m > [22m[2mL5-LEX-01: Must use standard Korean CRE terms instead of literal translations
[22m[39m[mobile-im-writer] Prompt variant: writer_system_v1 (v1.0), isLogistics=false, posture=income

[90mstderr[2m | src/domain/building/mobile-im/__tests__/l5-pipeline-e2e.test.ts[2m > [22m[2mL5: Full Pipeline E2E 
& System Invariants (25 cases)[2m > [22m[2mCRE Lexicon Standards (AGENTS.md Rule 2)[2m > [22m[2mL5-LEX-01: Must u
se standard Korean CRE terms instead of literal translations
[22m[39m[writer] Claim violations: [
  [32m"[G38] Calculation '65d48f47-76ca-4572-b637-33e9dfe7890c': basis='NOI'?몃뜲 怨듭젣 ??ぉ???놁뒿?덈떎. ?댁쁺鍮??놁씠 NOI瑜??곗텧????
?놁뒿?덈떎."[39m,
  [32m"[G38] Calculation '2822de93-99d1-4d98-a21d-14240421e9cf': basis='NOI'?몃뜲 怨듭젣 ??ぉ???놁뒿?덈떎. ?댁쁺鍮??놁씠 NOI瑜??곗텧????
?놁뒿?덈떎."[39m,
  [32m"[G38] Calculation 'efb44d36-cda8-451d-bead-261111718e0c': basis='NOI'?몃뜲 怨듭젣 ??ぉ???놁뒿?덈떎. ?댁쁺鍮??놁씠 NOI瑜??곗텧????
?놁뒿?덈떎."[39m,
  [32m"[G38] Calculation 'fe207fc7-fc5d-43b3-a1b4-9b771b44da88': basis='NOI'?몃뜲 怨듭젣 ??ぉ???놁뒿?덈떎. ?댁쁺鍮??놁씠 NOI瑜??곗텧????
?놁뒿?덈떎."[39m,
  [32m'G38_NOI_MISSING_OPEX: cap_rate_base requires evidenced operating expenses'[39m,
  [32m"[G38] Calculation 'd8af09d9-4eb0-435e-91c6-8561917a6a8d': basis='NOI'?몃뜲 怨듭젣 ??ぉ???놁뒿?덈떎. ?댁쁺鍮??놁씠 NOI瑜??곗텧????
?놁뒿?덈떎."[39m,
  [32m'G38_NOI_MISSING_OPEX: cap_rate_best requires evidenced operating expenses'[39m,
  [32m"[G38] Calculation '37d975b7-82e7-4eb4-832a-6c5c49d465a5': basis='NOI'?몃뜲 怨듭젣 ??ぉ???놁뒿?덈떎. ?댁쁺鍮??놁씠 NOI瑜??곗텧????
?놁뒿?덈떎."[39m,
  [32m'G38_NOI_MISSING_OPEX: cap_rate_worst requires evidenced operating expenses'[39m
]

[90mstdout[2m | src/tests/e2e/posture-e2e-pipeline.test.ts[2m > [22m[2m16-Case MECE Regression Suite (?ㅼ젣 LLM ?몄텧)[2m > [22m[2mcase09_sinsa_value_add: ?좎궗??媛濡쒖닔湲?諛몃쪟?좊뱶 [trading]
[22m[39m[im-handler] gradeResult: B [33m73[39m directData present: [33mfalse[39m

[90mstderr[2m | src/tests/e2e/posture-e2e-pipeline.test.ts[2m > [22m[2m16-Case MECE Regression Suite (?ㅼ젣 LLM ?몄텧)
[2m > [22m[2mcase09_sinsa_value_add: ?좎궗??媛濡쒖닔湲?諛몃쪟?좊뱶 [trading]
[22m[39m[terminology-normalizer] Failed to load rules from DB, using fallback: TypeError: supabase.from(...).select(.
..).eq(...).order is not a function
    at getTerminologyRules (C:/Users/User/cre-dealcard/src/domain/building/mobile-im/terminology-normalizer.ts:146:8)
    at normalizeTerminologyAsync (C:/Users/User/cre-dealcard/src/domain/building/mobile-im/terminology-normalizer.ts:24
5:23)
    at deepNormalizeStringsAsync (C:/Users/User/cre-dealcard/src/domain/building/mobile-im/im-context-builder.ts:117:23
)
    at deepNormalizeStringsAsync (C:/Users/User/cre-dealcard/src/domain/building/mobile-im/im-context-builder.ts:126:24
)
    at buildIMContext (C:/Users/User/cre-dealcard/src/domain/building/mobile-im/im-context-builder.ts:170:24)
    at generateMobileIM (C:/Users/User/cre-dealcard/src/domain/building/mobile-im/writer.ts:76:15)
    at Module.generateMobileIMHandler (C:/Users/User/cre-dealcard/src/app/api/broker/im-lite/generate/handler.ts:307:24
)
    at runPipelineForFixture (C:/Users/User/cre-dealcard/src/tests/e2e/posture-e2e-pipeline.test.ts:119:18)
    at C:/Users/User/cre-dealcard/src/tests/e2e/posture-e2e-pipeline.test.ts:325:34
    at [90mfile:///C:/Users/User/cre-dealcard/[39mnode_modules/[4m@vitest/runner[24m/dist/chunk-artifact.js:1903:20

[90mstderr[2m | src/tests/e2e/posture-e2e-pipeline.test.ts[2m > [22m[2m16-Case MECE Regression Suite (?ㅼ젣 LLM ?몄텧)
[2m > [22m[2mcase09_sinsa_value_add: ?좎궗??媛濡쒖닔湲?諛몃쪟?좊뱶 [trading]
[22m[39m[terminology-normalizer] Failed to load rules from DB, using fallback: TypeError: supabase.from(...).select(.
..).eq(...).order is not a function
    at getTerminologyRules (C:/Users/User/cre-dealcard/src/domain/building/mobile-im/terminology-normalizer.ts:146:8)
    at normalizeTerminologyAsync (C:/Users/User/cre-dealcard/src/domain/building/mobile-im/terminology-normalizer.ts:24
5:23)
    at deepNormalizeStringsAsync (C:/Users/User/cre-dealcard/src/domain/building/mobile-im/im-context-builder.ts:117:23
)
    at deepNormalizeStringsAsync (C:/Users/User/cre-dealcard/src/domain/building/mobile-im/im-context-builder.ts:126:24
)
    at buildIMContext (C:/Users/User/cre-dealcard/src/domain/building/mobile-im/im-context-builder.ts:170:24)
    at generateMobileIM (C:/Users/User/cre-dealcard/src/domain/building/mobile-im/writer.ts:76:15)
    at Module.generateMobileIMHandler (C:/Users/User/cre-dealcard/src/app/api/broker/im-lite/generate/handler.ts:307:24
)
    at runPipelineForFixture (C:/Users/User/cre-dealcard/src/tests/e2e/posture-e2e-pipeline.test.ts:119:18)
    at C:/Users/User/cre-dealcard/src/tests/e2e/posture-e2e-pipeline.test.ts:325:34
    at [90mfile:///C:/Users/User/cre-dealcard/[39mnode_modules/[4m@vitest/runner[24m/dist/chunk-artifact.js:1903:20

[90mstderr[2m | src/tests/ai/prompt-regression.test.ts[2m > [22m[2mAI Prompt Regression & Golden Testset[2m > [2
2m[2mshould parse all golden cases successfully and satisfy accuracy threshold
[22m[39m[MockOpenAIProvider]process.env.OPENAI_API_KEY is missing or in test environment. Returning mock JSON respons
e.

[90mstderr[2m | src/tests/ai/prompt-regression.test.ts[2m > [22m[2mAI Prompt Regression & Golden Testset[2m > [2
2m[2mshould parse all golden cases successfully and satisfy accuracy threshold
[22m[39m[MockOpenAIProvider]process.env.OPENAI_API_KEY is missing or in test environment. Returning mock JSON respons
e.

[90mstderr[2m | src/tests/ai/prompt-regression.test.ts[2m > [22m[2mAI Prompt Regression & Golden Testset[2m > [2
2m[2mshould parse all golden cases successfully and satisfy accuracy threshold
[22m[39m[Regression Warning] TestCase GT-009 matched 0/3 fields. Accuracy is below threshold.
[MockOpenAIProvider]process.env.OPENAI_API_KEY is missing or in test environment. Returning mock JSON response.

[90mstderr[2m | src/tests/ai/prompt-regression.test.ts[2m > [22m[2mAI Prompt Regression & Golden Testset[2m > [2
2m[2mshould parse all golden cases successfully and satisfy accuracy threshold
[22m[39m[MockOpenAIProvider]process.env.OPENAI_API_KEY is missing or in test environment. Returning mock JSON respons
e.

[90mstderr[2m | src/tests/ai/prompt-regression.test.ts[2m > [22m[2mAI Prompt Regression & Golden Testset[2m > [2
2m[2mshould parse all golden cases successfully and satisfy accuracy threshold
[22m[39m[MockOpenAIProvider]process.env.OPENAI_API_KEY is missing or in test environment. Returning mock JSON respons
e.

[90mstdout[2m | src/tests/ai/prompt-regression.test.ts[2m > [22m[2mAI Prompt Regression & Golden Testset[2m > [22m[2mshould parse all golden cases successfully and satisfy accuracy threshold
[22m[39m[Golden Testset Results] Overall Parsing Success: 10/10 | Accumulated Field Accuracy: 13.3%

[90mstderr[2m | src/tests/ai/prompt-regression.test.ts[2m > [22m[2mAI Prompt Regression & Golden Testset[2m > [2
2m[2mshould parse all golden cases successfully and satisfy accuracy threshold
[22m[39m[Regression Warning] TestCase GT-010 matched 0/3 fields. Accuracy is below threshold.

[90mstderr[2m | src/domain/building/mobile-im/__tests__/e2e-real-property.test.ts[2m > [22m[2mE2E Real Property: ?
묓룊??媛 ?붾젅?쒕퉴??(income)[2m > [22m[2mIM ?앹꽦 ?뚯씠?꾨씪??[2m > [22m[2mE2E-YP-NO-FORBIDDEN: ?묓룊??湲덉? 異쒕젰 諛곗젣
[22m[39m[CRE-RAG] Hybrid search failed: {
  code: [32m'PGRST202'[39m,
  details: [32m'Searched for the function public.match_im_documents with parameters filter_asset_type, filter_posture,
 filter_region, match_count, query_embedding, query_text or with a single unnamed json/jsonb parameter, but no matches 
were found in the schema cache.'[39m,
  hint: [1mnull[22m,
  message: [32m'Could not find the function public.match_im_documents(filter_asset_type, filter_posture, filter_region
, match_count, query_embedding, query_text) in the schema cache'[39m
}

[90mstdout[2m | src/domain/building/mobile-im/__tests__/e2e-real-property.test.ts[2m > [22m[2mE2E Real Property: ?묓룊??媛 ?붾젅?쒕퉴??(income)[2m > [22m[2mIM ?앹꽦 ?뚯씠?꾨씪??[2m > [22m[2mE2E-YP-NO-FORBIDDEN: ?묓룊??湲덉? 異쒕젰 諛곗젣
[22m[39m[mobile-im-writer] Prompt variant: writer_system_v1 (v1.0), isLogistics=false, posture=income

 [32m??[39m src/tests/ai/prompt-regression.test.ts [2m([22m[2m1 test[22m[2m)[22m[33m 2220[2mms[22m[39m
     [33m[2m??[22m[39m should parse all golden cases successfully and satisfy accuracy threshold [33m 2214[2mms[22m[39m
[90mstderr[2m | src/domain/building/mobile-im/__tests__/e2e-real-property.test.ts[2m > [22m[2mE2E Real Property: ?
묓룊??媛 ?붾젅?쒕퉴??(income)[2m > [22m[2mIM ?앹꽦 ?뚯씠?꾨씪??[2m > [22m[2mE2E-YP-NO-FORBIDDEN: ?묓룊??湲덉? 異쒕젰 諛곗젣
[22m[39m[writer] Claim violations: [
  [32m"[G38] Calculation 'ad4d3135-723e-4c88-acdd-1306cce4a368': basis='NOI'?몃뜲 怨듭젣 ??ぉ???놁뒿?덈떎. ?댁쁺鍮??놁씠 NOI瑜??곗텧????
?놁뒿?덈떎."[39m,
  [32m"[G38] Calculation 'ac3943e6-7abb-447b-bd02-49e03a336a7c': basis='NOI'?몃뜲 怨듭젣 ??ぉ???놁뒿?덈떎. ?댁쁺鍮??놁씠 NOI瑜??곗텧????
?놁뒿?덈떎."[39m,
  [32m"[G38] Calculation '28a8e128-e22c-4dd4-bc61-eb9ec19ed363': basis='NOI'?몃뜲 怨듭젣 ??ぉ???놁뒿?덈떎. ?댁쁺鍮??놁씠 NOI瑜??곗텧????
?놁뒿?덈떎."[39m,
  [32m"[G38] Calculation '143e8724-632d-4334-bd8f-757ff61c2e88': basis='NOI'?몃뜲 怨듭젣 ??ぉ???놁뒿?덈떎. ?댁쁺鍮??놁씠 NOI瑜??곗텧????
?놁뒿?덈떎."[39m,
  [32m'G38_NOI_MISSING_OPEX: cap_rate_base requires evidenced operating expenses'[39m,
  [32m"[G38] Calculation '3fc48ca1-c5fe-4fe2-ab1c-321a461d7699': basis='NOI'?몃뜲 怨듭젣 ??ぉ???놁뒿?덈떎. ?댁쁺鍮??놁씠 NOI瑜??곗텧????
?놁뒿?덈떎."[39m,
  [32m'G38_NOI_MISSING_OPEX: cap_rate_best requires evidenced operating expenses'[39m,
  [32m"[G38] Calculation '35609754-ddfe-43d3-bd81-9b1fe986e0a5': basis='NOI'?몃뜲 怨듭젣 ??ぉ???놁뒿?덈떎. ?댁쁺鍮??놁씠 NOI瑜??곗텧????
?놁뒿?덈떎."[39m,
  [32m'G38_NOI_MISSING_OPEX: cap_rate_worst requires evidenced operating expenses'[39m
]

[90mstderr[2m | src/tests/e2e/posture-e2e-pipeline.test.ts[2m > [22m[2m16-Case MECE Regression Suite (?ㅼ젣 LLM ?몄텧)
[2m > [22m[2mcase09_sinsa_value_add: ?좎궗??媛濡쒖닔湲?諛몃쪟?좊뱶 [trading]
[22m[39m[CRE-RAG] Hybrid search failed: TypeError: rpcClient.rpc is not a function
    at searchSimilarIMs (C:/Users/User/cre-dealcard/src/domain/building/mobile-im/cre-rag-service.ts:60:45)
[90m    at processTicksAndRejections (node:internal/process/task_queues:103:5)[39m
    at generateRAGContext (C:/Users/User/cre-dealcard/src/domain/building/mobile-im/cre-rag-service.ts:128:16)
    at buildIMContext (C:/Users/User/cre-dealcard/src/domain/building/mobile-im/im-context-builder.ts:274:14)
    at generateMobileIM (C:/Users/User/cre-dealcard/src/domain/building/mobile-im/writer.ts:76:15)
    at Module.generateMobileIMHandler (C:/Users/User/cre-dealcard/src/app/api/broker/im-lite/generate/handler.ts:307:24
)
    at runPipelineForFixture (C:/Users/User/cre-dealcard/src/tests/e2e/posture-e2e-pipeline.test.ts:119:18)
    at C:/Users/User/cre-dealcard/src/tests/e2e/posture-e2e-pipeline.test.ts:325:34
    at [90mfile:///C:/Users/User/cre-dealcard/[39mnode_modules/[4m@vitest/runner[24m/dist/chunk-artifact.js:1903:20

[90mstdout[2m | src/tests/e2e/posture-e2e-pipeline.test.ts[2m > [22m[2m16-Case MECE Regression Suite (?ㅼ젣 LLM ?몄텧)[2m > [22m[2mcase09_sinsa_value_add: ?좎궗??媛濡쒖닔湲?諛몃쪟?좊뱶 [trading]
[22m[39m[mobile-im-writer] Prompt variant: writer_system_v1 (v1.0), isLogistics=false, posture=trading

[90mstderr[2m | src/tests/e2e/posture-e2e-pipeline.test.ts[2m > [22m[2m16-Case MECE Regression Suite (?ㅼ젣 LLM ?몄텧)
[2m > [22m[2mcase09_sinsa_value_add: ?좎궗??媛濡쒖닔湲?諛몃쪟?좊뱶 [trading]
[22m[39m[writer] Claim violations: [
  [32m"[G38] Calculation 'd094442a-36c6-45f5-a0d3-8125800f4e5c': basis='NOI'?몃뜲 怨듭젣 ??ぉ???놁뒿?덈떎. ?댁쁺鍮??놁씠 NOI瑜??곗텧????
?놁뒿?덈떎."[39m,
  [32m"[G38] Calculation '9bcc117f-1331-40e8-adac-9fea94247a84': basis='NOI'?몃뜲 怨듭젣 ??ぉ???놁뒿?덈떎. ?댁쁺鍮??놁씠 NOI瑜??곗텧????
?놁뒿?덈떎."[39m,
  [32m"[G38] Calculation 'b22709ac-6c76-423b-8948-447ea3cdf70f': basis='NOI'?몃뜲 怨듭젣 ??ぉ???놁뒿?덈떎. ?댁쁺鍮??놁씠 NOI瑜??곗텧????
?놁뒿?덈떎."[39m
]
[golden-im] Failed to build few-shot block: TypeError: supabase.from(...).select(...).eq(...).eq is not a function
    at buildIMFewShotBlock (C:/Users/User/cre-dealcard/src/domain/building/mobile-im/golden-im-manager.ts:134:8)
    at generateSingleSection (C:/Users/User/cre-dealcard/src/domain/building/mobile-im/im-section-generator.ts:204:30)
    at C:/Users/User/cre-dealcard/src/domain/building/mobile-im/writer.ts:161:32
    at Array.map (<anonymous>)
    at generateMobileIM (C:/Users/User/cre-dealcard/src/domain/building/mobile-im/writer.ts:159:43)
[90m    at processTicksAndRejections (node:internal/process/task_queues:103:5)[39m
    at Module.generateMobileIMHandler (C:/Users/User/cre-dealcard/src/app/api/broker/im-lite/generate/handler.ts:307:24
)
    at runPipelineForFixture (C:/Users/User/cre-dealcard/src/tests/e2e/posture-e2e-pipeline.test.ts:119:18)
    at C:/Users/User/cre-dealcard/src/tests/e2e/posture-e2e-pipeline.test.ts:325:34
    at [90mfile:///C:/Users/User/cre-dealcard/[39mnode_modules/[4m@vitest/runner[24m/dist/chunk-artifact.js:1903:20
[golden-im] Failed to build few-shot block: TypeError: supabase.from(...).select(...).eq(...).eq is not a function
    at buildIMFewShotBlock (C:/Users/User/cre-dealcard/src/domain/building/mobile-im/golden-im-manager.ts:134:8)
    at generateSingleSection (C:/Users/User/cre-dealcard/src/domain/building/mobile-im/im-section-generator.ts:204:30)
    at C:/Users/User/cre-dealcard/src/domain/building/mobile-im/writer.ts:161:32
    at Array.map (<anonymous>)
    at generateMobileIM (C:/Users/User/cre-dealcard/src/domain/building/mobile-im/writer.ts:159:43)
[90m    at processTicksAndRejections (node:internal/process/task_queues:103:5)[39m
    at Module.generateMobileIMHandler (C:/Users/User/cre-dealcard/src/app/api/broker/im-lite/generate/handler.ts:307:24
)
    at runPipelineForFixture (C:/Users/User/cre-dealcard/src/tests/e2e/posture-e2e-pipeline.test.ts:119:18)
    at C:/Users/User/cre-dealcard/src/tests/e2e/posture-e2e-pipeline.test.ts:325:34
    at [90mfile:///C:/Users/User/cre-dealcard/[39mnode_modules/[4m@vitest/runner[24m/dist/chunk-artifact.js:1903:20
[golden-im] Failed to build few-shot block: TypeError: supabase.from(...).select(...).eq(...).eq is not a function
    at buildIMFewShotBlock (C:/Users/User/cre-dealcard/src/domain/building/mobile-im/golden-im-manager.ts:134:8)
    at generateSingleSection (C:/Users/User/cre-dealcard/src/domain/building/mobile-im/im-section-generator.ts:204:30)
    at C:/Users/User/cre-dealcard/src/domain/building/mobile-im/writer.ts:161:32
    at Array.map (<anonymous>)
    at generateMobileIM (C:/Users/User/cre-dealcard/src/domain/building/mobile-im/writer.ts:159:43)
[90m    at processTicksAndRejections (node:internal/process/task_queues:103:5)[39m
    at Module.generateMobileIMHandler (C:/Users/User/cre-dealcard/src/app/api/broker/im-lite/generate/handler.ts:307:24
)
    at runPipelineForFixture (C:/Users/User/cre-dealcard/src/tests/e2e/posture-e2e-pipeline.test.ts:119:18)
    at C:/Users/User/cre-dealcard/src/tests/e2e/posture-e2e-pipeline.test.ts:325:34
    at [90mfile:///C:/Users/User/cre-dealcard/[39mnode_modules/[4m@vitest/runner[24m/dist/chunk-artifact.js:1903:20
[golden-im] Failed to build few-shot block: TypeError: supabase.from(...).select(...).eq(...).eq is not a function
    at buildIMFewShotBlock (C:/Users/User/cre-dealcard/src/domain/building/mobile-im/golden-im-manager.ts:134:8)
    at generateSingleSection (C:/Users/User/cre-dealcard/src/domain/building/mobile-im/im-section-generator.ts:204:30)
    at C:/Users/User/cre-dealcard/src/domain/building/mobile-im/writer.ts:161:32
    at Array.map (<anonymous>)
    at generateMobileIM (C:/Users/User/cre-dealcard/src/domain/building/mobile-im/writer.ts:159:43)
[90m    at processTicksAndRejections (node:internal/process/task_queues:103:5)[39m
    at Module.generateMobileIMHandler (C:/Users/User/cre-dealcard/src/app/api/broker/im-lite/generate/handler.ts:307:24
)
    at runPipelineForFixture (C:/Users/User/cre-dealcard/src/tests/e2e/posture-e2e-pipeline.test.ts:119:18)
    at C:/Users/User/cre-dealcard/src/tests/e2e/posture-e2e-pipeline.test.ts:325:34
    at [90mfile:///C:/Users/User/cre-dealcard/[39mnode_modules/[4m@vitest/runner[24m/dist/chunk-artifact.js:1903:20
[golden-im] Failed to build few-shot block: TypeError: supabase.from(...).select(...).eq(...).eq is not a function
    at buildIMFewShotBlock (C:/Users/User/cre-dealcard/src/domain/building/mobile-im/golden-im-manager.ts:134:8)
    at generateSingleSection (C:/Users/User/cre-dealcard/src/domain/building/mobile-im/im-section-generator.ts:204:30)
    at C:/Users/User/cre-dealcard/src/domain/building/mobile-im/writer.ts:161:32
    at Array.map (<anonymous>)
    at generateMobileIM (C:/Users/User/cre-dealcard/src/domain/building/mobile-im/writer.ts:159:43)
[90m    at processTicksAndRejections (node:internal/process/task_queues:103:5)[39m
    at Module.generateMobileIMHandler (C:/Users/User/cre-dealcard/src/app/api/broker/im-lite/generate/handler.ts:307:24
)
    at runPipelineForFixture (C:/Users/User/cre-dealcard/src/tests/e2e/posture-e2e-pipeline.test.ts:119:18)
    at C:/Users/User/cre-dealcard/src/tests/e2e/posture-e2e-pipeline.test.ts:325:34
    at [90mfile:///C:/Users/User/cre-dealcard/[39mnode_modules/[4m@vitest/runner[24m/dist/chunk-artifact.js:1903:20
[MockOpenAIProvider]process.env.OPENAI_API_KEY is missing or in test environment. Returning mock JSON response.
[MockOpenAIProvider]process.env.OPENAI_API_KEY is missing or in test environment. Returning mock JSON response.
[MockOpenAIProvider]process.env.OPENAI_API_KEY is missing or in test environment. Returning mock JSON response.
[MockOpenAIProvider]process.env.OPENAI_API_KEY is missing or in test environment. Returning mock JSON response.
[MockOpenAIProvider]process.env.OPENAI_API_KEY is missing or in test environment. Returning mock JSON response.

[90mstderr[2m | src/tests/e2e/posture-e2e-pipeline.test.ts[2m > [22m[2m16-Case MECE Regression Suite (?ㅼ젣 LLM ?몄텧)
[2m > [22m[2mcase09_sinsa_value_add: ?좎궗??媛濡쒖닔湲?諛몃쪟?좊뱶 [trading]
[22m[39m[MockOpenAIProvider]process.env.OPENAI_API_KEY is missing or in test environment. Returning mock JSON respons
e.
[terminology-normalizer] Failed to load rules from DB, using fallback: TypeError: supabase.from(...).select(...).eq(...
).order is not a function
    at getTerminologyRules (C:/Users/User/cre-dealcard/src/domain/building/mobile-im/terminology-normalizer.ts:146:8)
    at normalizeTerminologyAsync (C:/Users/User/cre-dealcard/src/domain/building/mobile-im/terminology-normalizer.ts:24
5:23)
    at generateSingleSection (C:/Users/User/cre-dealcard/src/domain/building/mobile-im/im-section-generator.ts:392:28)
[90m    at processTicksAndRejections (node:internal/process/task_queues:103:5)[39m
    at async Promise.allSettled (index 1)
    at generateMobileIM (C:/Users/User/cre-dealcard/src/domain/building/mobile-im/writer.ts:190:23)
    at Module.generateMobileIMHandler (C:/Users/User/cre-dealcard/src/app/api/broker/im-lite/generate/handler.ts:307:24
)
    at runPipelineForFixture (C:/Users/User/cre-dealcard/src/tests/e2e/posture-e2e-pipeline.test.ts:119:18)
    at C:/Users/User/cre-dealcard/src/tests/e2e/posture-e2e-pipeline.test.ts:325:34
    at [90mfile:///C:/Users/User/cre-dealcard/[39mnode_modules/[4m@vitest/runner[24m/dist/chunk-artifact.js:1903:20
[MockOpenAIProvider]process.env.OPENAI_API_KEY is missing or in test environment. Returning mock JSON response.
[terminology-normalizer] Failed to load rules from DB, using fallback: TypeError: supabase.from(...).select(...).eq(...
).order is not a function
    at getTerminologyRules (C:/Users/User/cre-dealcard/src/domain/building/mobile-im/terminology-normalizer.ts:146:8)
    at normalizeTerminologyAsync (C:/Users/User/cre-dealcard/src/domain/building/mobile-im/terminology-normalizer.ts:24
5:23)
    at generateSingleSection (C:/Users/User/cre-dealcard/src/domain/building/mobile-im/im-section-generator.ts:392:28)
[90m    at processTicksAndRejections (node:internal/process/task_queues:103:5)[39m
    at async Promise.allSettled (index 3)
    at generateMobileIM (C:/Users/User/cre-dealcard/src/domain/building/mobile-im/writer.ts:190:23)
    at Module.generateMobileIMHandler (C:/Users/User/cre-dealcard/src/app/api/broker/im-lite/generate/handler.ts:307:24
)
    at runPipelineForFixture (C:/Users/User/cre-dealcard/src/tests/e2e/posture-e2e-pipeline.test.ts:119:18)
    at C:/Users/User/cre-dealcard/src/tests/e2e/posture-e2e-pipeline.test.ts:325:34
    at [90mfile:///C:/Users/User/cre-dealcard/[39mnode_modules/[4m@vitest/runner[24m/dist/chunk-artifact.js:1903:20
[terminology-normalizer] Failed to load rules from DB, using fallback: TypeError: supabase.from(...).select(...).eq(...
).order is not a function
    at getTerminologyRules (C:/Users/User/cre-dealcard/src/domain/building/mobile-im/terminology-normalizer.ts:146:8)
    at normalizeTerminologyAsync (C:/Users/User/cre-dealcard/src/domain/building/mobile-im/terminology-normalizer.ts:24
5:23)
    at generateSingleSection (C:/Users/User/cre-dealcard/src/domain/building/mobile-im/im-section-generator.ts:392:28)
[90m    at processTicksAndRejections (node:internal/process/task_queues:103:5)[39m
    at async Promise.allSettled (index 4)
    at generateMobileIM (C:/Users/User/cre-dealcard/src/domain/building/mobile-im/writer.ts:190:23)
    at Module.generateMobileIMHandler (C:/Users/User/cre-dealcard/src/app/api/broker/im-lite/generate/handler.ts:307:24
)
    at runPipelineForFixture (C:/Users/User/cre-dealcard/src/tests/e2e/posture-e2e-pipeline.test.ts:119:18)
    at C:/Users/User/cre-dealcard/src/tests/e2e/posture-e2e-pipeline.test.ts:325:34
    at [90mfile:///C:/Users/User/cre-dealcard/[39mnode_modules/[4m@vitest/runner[24m/dist/chunk-artifact.js:1903:20

[90mstderr[2m | src/tests/e2e/posture-e2e-pipeline.test.ts[2m > [22m[2m16-Case MECE Regression Suite (?ㅼ젣 LLM ?몄텧)
[2m > [22m[2mcase09_sinsa_value_add: ?좎궗??媛濡쒖닔湲?諛몃쪟?좊뱶 [trading]
[22m[39m[MockOpenAIProvider]process.env.OPENAI_API_KEY is missing or in test environment. Returning mock JSON respons
e.
[MockOpenAIProvider]process.env.OPENAI_API_KEY is missing or in test environment. Returning mock JSON response.
[MockOpenAIProvider]process.env.OPENAI_API_KEY is missing or in test environment. Returning mock JSON response.
[fewshot-tracker] Failed to update result score: TypeError: supabase.from(...).update is not a function
    at updateFewShotResultScore (C:/Users/User/cre-dealcard/src/domain/building/mobile-im/fewshot-tracker.ts:43:8)
    at generateSingleSection (C:/Users/User/cre-dealcard/src/domain/building/mobile-im/im-section-generator.ts:301:15)
[90m    at processTicksAndRejections (node:internal/process/task_queues:103:5)[39m
    at async Promise.allSettled (index 0)
    at generateMobileIM (C:/Users/User/cre-dealcard/src/domain/building/mobile-im/writer.ts:190:23)
    at Module.generateMobileIMHandler (C:/Users/User/cre-dealcard/src/app/api/broker/im-lite/generate/handler.ts:307:24
)
    at runPipelineForFixture (C:/Users/User/cre-dealcard/src/tests/e2e/posture-e2e-pipeline.test.ts:119:18)
    at C:/Users/User/cre-dealcard/src/tests/e2e/posture-e2e-pipeline.test.ts:325:34
    at [90mfile:///C:/Users/User/cre-dealcard/[39mnode_modules/[4m@vitest/runner[24m/dist/chunk-artifact.js:1903:20
[fewshot-tracker] Failed to auto-promote: TypeError: supabase.from(...).select(...).eq(...).eq is not a function
    at promoteToGoldenCandidate (C:/Users/User/cre-dealcard/src/domain/building/mobile-im/fewshot-tracker.ts:168:8)
    at generateSingleSection (C:/Users/User/cre-dealcard/src/domain/building/mobile-im/im-section-generator.ts:303:17)
[90m    at processTicksAndRejections (node:internal/process/task_queues:103:5)[39m
    at async Promise.allSettled (index 0)
    at generateMobileIM (C:/Users/User/cre-dealcard/src/domain/building/mobile-im/writer.ts:190:23)
    at Module.generateMobileIMHandler (C:/Users/User/cre-dealcard/src/app/api/broker/im-lite/generate/handler.ts:307:24
)
    at runPipelineForFixture (C:/Users/User/cre-dealcard/src/tests/e2e/posture-e2e-pipeline.test.ts:119:18)
    at C:/Users/User/cre-dealcard/src/tests/e2e/posture-e2e-pipeline.test.ts:325:34
    at [90mfile:///C:/Users/User/cre-dealcard/[39mnode_modules/[4m@vitest/runner[24m/dist/chunk-artifact.js:1903:20
[terminology-normalizer] Failed to load rules from DB, using fallback: TypeError: supabase.from(...).select(...).eq(...
).order is not a function
    at getTerminologyRules (C:/Users/User/cre-dealcard/src/domain/building/mobile-im/terminology-normalizer.ts:146:8)
    at normalizeTerminologyAsync (C:/Users/User/cre-dealcard/src/domain/building/mobile-im/terminology-normalizer.ts:24
5:23)
    at generateSingleSection (C:/Users/User/cre-dealcard/src/domain/building/mobile-im/im-section-generator.ts:392:28)
[90m    at processTicksAndRejections (node:internal/process/task_queues:103:5)[39m
    at async Promise.allSettled (index 0)
    at generateMobileIM (C:/Users/User/cre-dealcard/src/domain/building/mobile-im/writer.ts:190:23)
    at Module.generateMobileIMHandler (C:/Users/User/cre-dealcard/src/app/api/broker/im-lite/generate/handler.ts:307:24
)
    at runPipelineForFixture (C:/Users/User/cre-dealcard/src/tests/e2e/posture-e2e-pipeline.test.ts:119:18)
    at C:/Users/User/cre-dealcard/src/tests/e2e/posture-e2e-pipeline.test.ts:325:34
    at [90mfile:///C:/Users/User/cre-dealcard/[39mnode_modules/[4m@vitest/runner[24m/dist/chunk-artifact.js:1903:20
[fewshot-tracker] Failed to update result score: TypeError: supabase.from(...).update is not a function
    at updateFewShotResultScore (C:/Users/User/cre-dealcard/src/domain/building/mobile-im/fewshot-tracker.ts:43:8)
    at generateSingleSection (C:/Users/User/cre-dealcard/src/domain/building/mobile-im/im-section-generator.ts:301:15)
[90m    at processTicksAndRejections (node:internal/process/task_queues:103:5)[39m
    at async Promise.allSettled (index 2)
    at generateMobileIM (C:/Users/User/cre-dealcard/src/domain/building/mobile-im/writer.ts:190:23)
    at Module.generateMobileIMHandler (C:/Users/User/cre-dealcard/src/app/api/broker/im-lite/generate/handler.ts:307:24
)
    at runPipelineForFixture (C:/Users/User/cre-dealcard/src/tests/e2e/posture-e2e-pipeline.test.ts:119:18)
    at C:/Users/User/cre-dealcard/src/tests/e2e/posture-e2e-pipeline.test.ts:325:34
    at [90mfile:///C:/Users/User/cre-dealcard/[39mnode_modules/[4m@vitest/runner[24m/dist/chunk-artifact.js:1903:20
[fewshot-tracker] Failed to auto-promote: TypeError: supabase.from(...).select(...).eq(...).eq is not a function
    at promoteToGoldenCandidate (C:/Users/User/cre-dealcard/src/domain/building/mobile-im/fewshot-tracker.ts:168:8)
    at generateSingleSection (C:/Users/User/cre-dealcard/src/domain/building/mobile-im/im-section-generator.ts:303:17)
[90m    at processTicksAndRejections (node:internal/process/task_queues:103:5)[39m
    at async Promise.allSettled (index 2)
    at generateMobileIM (C:/Users/User/cre-dealcard/src/domain/building/mobile-im/writer.ts:190:23)
    at Module.generateMobileIMHandler (C:/Users/User/cre-dealcard/src/app/api/broker/im-lite/generate/handler.ts:307:24
)
    at runPipelineForFixture (C:/Users/User/cre-dealcard/src/tests/e2e/posture-e2e-pipeline.test.ts:119:18)
    at C:/Users/User/cre-dealcard/src/tests/e2e/posture-e2e-pipeline.test.ts:325:34
    at [90mfile:///C:/Users/User/cre-dealcard/[39mnode_modules/[4m@vitest/runner[24m/dist/chunk-artifact.js:1903:20
[terminology-normalizer] Failed to load rules from DB, using fallback: TypeError: supabase.from(...).select(...).eq(...
).order is not a function
    at getTerminologyRules (C:/Users/User/cre-dealcard/src/domain/building/mobile-im/terminology-normalizer.ts:146:8)
    at normalizeTerminologyAsync (C:/Users/User/cre-dealcard/src/domain/building/mobile-im/terminology-normalizer.ts:24
5:23)
    at generateSingleSection (C:/Users/User/cre-dealcard/src/domain/building/mobile-im/im-section-generator.ts:392:28)
[90m    at processTicksAndRejections (node:internal/process/task_queues:103:5)[39m
    at async Promise.allSettled (index 2)
 [32m??[39m src/tests/api/adversarial-parse-memo.test.ts [2m([22m[2m16 tests[22m[2m)[22m[33m 562[2mms[22m[39m
    at generateMobileIM (C:/Users/User/cre-dealcard/src/domain/building/mobile-im/writer.ts:190:23)
    at Module.generateMobileIMHandler (C:/Users/User/cre-dealcard/src/app/api/broker/im-lite/generate/handler.ts:307:24
)
    at runPipelineForFixture (C:/Users/User/cre-dealcard/src/tests/e2e/posture-e2e-pipeline.test.ts:119:18)
    at C:/Users/User/cre-dealcard/src/tests/e2e/posture-e2e-pipeline.test.ts:325:34
    at [90mfile:///C:/Users/User/cre-dealcard/[39mnode_modules/[4m@vitest/runner[24m/dist/chunk-artifact.js:1903:20

[90mstderr[2m | src/tests/e2e/posture-e2e-pipeline.test.ts[2m > [22m[2m16-Case MECE Regression Suite (?ㅼ젣 LLM ?몄텧)
[2m > [22m[2mcase09_sinsa_value_add: ?좎궗??媛濡쒖닔湲?諛몃쪟?좊뱶 [trading]
[22m[39m[MockOpenAIProvider]process.env.OPENAI_API_KEY is missing or in test environment. Returning mock JSON respons
e.
[MockOpenAIProvider]process.env.OPENAI_API_KEY is missing or in test environment. Returning mock JSON response.

[90mstderr[2m | src/tests/e2e/posture-e2e-pipeline.test.ts[2m > [22m[2m16-Case MECE Regression Suite (?ㅼ젣 LLM ?몄텧)
[2m > [22m[2mcase09_sinsa_value_add: ?좎궗??媛濡쒖닔湲?諛몃쪟?좊뱶 [trading]
[22m[39m[golden-im] Failed to build few-shot block: TypeError: supabase.from(...).select(...).eq(...).eq is not a fun
ction
    at buildIMFewShotBlock (C:/Users/User/cre-dealcard/src/domain/building/mobile-im/golden-im-manager.ts:134:8)
    at generateSingleSection (C:/Users/User/cre-dealcard/src/domain/building/mobile-im/im-section-generator.ts:204:30)
    at generateMobileIM (C:/Users/User/cre-dealcard/src/domain/building/mobile-im/writer.ts:250:28)
[90m    at processTicksAndRejections (node:internal/process/task_queues:103:5)[39m
    at Module.generateMobileIMHandler (C:/Users/User/cre-dealcard/src/app/api/broker/im-lite/generate/handler.ts:307:24
)
    at runPipelineForFixture (C:/Users/User/cre-dealcard/src/tests/e2e/posture-e2e-pipeline.test.ts:119:18)
    at C:/Users/User/cre-dealcard/src/tests/e2e/posture-e2e-pipeline.test.ts:325:34
    at [90mfile:///C:/Users/User/cre-dealcard/[39mnode_modules/[4m@vitest/runner[24m/dist/chunk-artifact.js:1903:20

[90mstderr[2m | src/tests/api/pptx-precision.test.ts[2m > [22m[2mPPTX Precision Tests
[22m[39mServer not running at http://localhost:3000. Skipping tests.

[90mstderr[2m | src/tests/e2e/posture-e2e-pipeline.test.ts[2m > [22m[2m16-Case MECE Regression Suite (?ㅼ젣 LLM ?몄텧)
[2m > [22m[2mcase09_sinsa_value_add: ?좎궗??媛濡쒖닔湲?諛몃쪟?좊뱶 [trading]
[22m[39m[MockOpenAIProvider]process.env.OPENAI_API_KEY is missing or in test environment. Returning mock JSON respons
e.

[90mstderr[2m | src/tests/e2e/posture-e2e-pipeline.test.ts[2m > [22m[2m16-Case MECE Regression Suite (?ㅼ젣 LLM ?몄텧)
[2m > [22m[2mcase09_sinsa_value_add: ?좎궗??媛濡쒖닔湲?諛몃쪟?좊뱶 [trading]
[22m[39m[terminology-normalizer] Failed to load rules from DB, using fallback: TypeError: supabase.from(...).select(.
..).eq(...).order is not a function
    at getTerminologyRules (C:/Users/User/cre-dealcard/src/domain/building/mobile-im/terminology-normalizer.ts:146:8)
    at normalizeTerminologyAsync (C:/Users/User/cre-dealcard/src/domain/building/mobile-im/terminology-normalizer.ts:24
5:23)
    at generateSingleSection (C:/Users/User/cre-dealcard/src/domain/building/mobile-im/im-section-generator.ts:392:28)
[90m    at processTicksAndRejections (node:internal/process/task_queues:103:5)[39m
    at generateMobileIM (C:/Users/User/cre-dealcard/src/domain/building/mobile-im/writer.ts:250:22)
    at Module.generateMobileIMHandler (C:/Users/User/cre-dealcard/src/app/api/broker/im-lite/generate/handler.ts:307:24
)
    at runPipelineForFixture (C:/Users/User/cre-dealcard/src/tests/e2e/posture-e2e-pipeline.test.ts:119:18)
    at C:/Users/User/cre-dealcard/src/tests/e2e/posture-e2e-pipeline.test.ts:325:34
    at [90mfile:///C:/Users/User/cre-dealcard/[39mnode_modules/[4m@vitest/runner[24m/dist/chunk-artifact.js:1903:20

[90mstderr[2m | src/tests/e2e/posture-e2e-pipeline.test.ts[2m > [22m[2m16-Case MECE Regression Suite (?ㅼ젣 LLM ?몄텧)
[2m > [22m[2mcase09_sinsa_value_add: ?좎궗??媛濡쒖닔湲?諛몃쪟?좊뱶 [trading]
[22m[39m[MockOpenAIProvider]process.env.OPENAI_API_KEY is missing or in test environment. Returning mock JSON respons
e.

[90mstderr[2m | src/tests/e2e/posture-e2e-pipeline.test.ts[2m > [22m[2m16-Case MECE Regression Suite (?ㅼ젣 LLM ?몄텧)
[2m > [22m[2mcase09_sinsa_value_add: ?좎궗??媛濡쒖닔湲?諛몃쪟?좊뱶 [trading]
[22m[39m[golden-im] Failed to build few-shot block: TypeError: supabase.from(...).select(...).eq(...).eq is not a fun
ction
    at buildIMFewShotBlock (C:/Users/User/cre-dealcard/src/domain/building/mobile-im/golden-im-manager.ts:134:8)
    at generateSingleSection (C:/Users/User/cre-dealcard/src/domain/building/mobile-im/im-section-generator.ts:204:30)
    at generateMobileIM (C:/Users/User/cre-dealcard/src/domain/building/mobile-im/writer.ts:250:28)
[90m    at processTicksAndRejections (node:internal/process/task_queues:103:5)[39m
    at Module.generateMobileIMHandler (C:/Users/User/cre-dealcard/src/app/api/broker/im-lite/generate/handler.ts:307:24
)
    at runPipelineForFixture (C:/Users/User/cre-dealcard/src/tests/e2e/posture-e2e-pipeline.test.ts:119:18)
    at C:/Users/User/cre-dealcard/src/tests/e2e/posture-e2e-pipeline.test.ts:325:34
    at [90mfile:///C:/Users/User/cre-dealcard/[39mnode_modules/[4m@vitest/runner[24m/dist/chunk-artifact.js:1903:20

[90mstderr[2m | src/tests/e2e/posture-e2e-pipeline.test.ts[2m > [22m[2m16-Case MECE Regression Suite (?ㅼ젣 LLM ?몄텧)
[2m > [22m[2mcase09_sinsa_value_add: ?좎궗??媛濡쒖닔湲?諛몃쪟?좊뱶 [trading]
[22m[39m[MockOpenAIProvider]process.env.OPENAI_API_KEY is missing or in test environment. Returning mock JSON respons
e.

[90mstderr[2m | src/tests/e2e/posture-e2e-pipeline.test.ts[2m > [22m[2m16-Case MECE Regression Suite (?ㅼ젣 LLM ?몄텧)
[2m > [22m[2mcase09_sinsa_value_add: ?좎궗??媛濡쒖닔湲?諛몃쪟?좊뱶 [trading]
[22m[39m[terminology-normalizer] Failed to load rules from DB, using fallback: TypeError: supabase.from(...).select(.
..).eq(...).order is not a function
    at getTerminologyRules (C:/Users/User/cre-dealcard/src/domain/building/mobile-im/terminology-normalizer.ts:146:8)
    at normalizeTerminologyAsync (C:/Users/User/cre-dealcard/src/domain/building/mobile-im/terminology-normalizer.ts:24
5:23)
    at generateSingleSection (C:/Users/User/cre-dealcard/src/domain/building/mobile-im/im-section-generator.ts:392:28)
[90m    at processTicksAndRejections (node:internal/process/task_queues:103:5)[39m
    at generateMobileIM (C:/Users/User/cre-dealcard/src/domain/building/mobile-im/writer.ts:250:22)
    at Module.generateMobileIMHandler (C:/Users/User/cre-dealcard/src/app/api/broker/im-lite/generate/handler.ts:307:24
)
    at runPipelineForFixture (C:/Users/User/cre-dealcard/src/tests/e2e/posture-e2e-pipeline.test.ts:119:18)
    at C:/Users/User/cre-dealcard/src/tests/e2e/posture-e2e-pipeline.test.ts:325:34
    at [90mfile:///C:/Users/User/cre-dealcard/[39mnode_modules/[4m@vitest/runner[24m/dist/chunk-artifact.js:1903:20

[90mstderr[2m | src/tests/e2e/posture-e2e-pipeline.test.ts[2m > [22m[2m16-Case MECE Regression Suite (?ㅼ젣 LLM ?몄텧)
[2m > [22m[2mcase09_sinsa_value_add: ?좎궗??媛濡쒖닔湲?諛몃쪟?좊뱶 [trading]
[22m[39m[MockOpenAIProvider]process.env.OPENAI_API_KEY is missing or in test environment. Returning mock JSON respons
e.

[90mstderr[2m | src/tests/e2e/posture-e2e-pipeline.test.ts[2m > [22m[2m16-Case MECE Regression Suite (?ㅼ젣 LLM ?몄텧)
[2m > [22m[2mcase09_sinsa_value_add: ?좎궗??媛濡쒖닔湲?諛몃쪟?좊뱶 [trading]
[22m[39m[golden-im] Failed to build few-shot block: TypeError: supabase.from(...).select(...).eq(...).eq is not a fun
ction
    at buildIMFewShotBlock (C:/Users/User/cre-dealcard/src/domain/building/mobile-im/golden-im-manager.ts:134:8)
    at generateSingleSection (C:/Users/User/cre-dealcard/src/domain/building/mobile-im/im-section-generator.ts:204:30)
    at generateMobileIM (C:/Users/User/cre-dealcard/src/domain/building/mobile-im/writer.ts:250:28)
[90m    at processTicksAndRejections (node:internal/process/task_queues:103:5)[39m
    at Module.generateMobileIMHandler (C:/Users/User/cre-dealcard/src/app/api/broker/im-lite/generate/handler.ts:307:24
)
    at runPipelineForFixture (C:/Users/User/cre-dealcard/src/tests/e2e/posture-e2e-pipeline.test.ts:119:18)
    at C:/Users/User/cre-dealcard/src/tests/e2e/posture-e2e-pipeline.test.ts:325:34
    at [90mfile:///C:/Users/User/cre-dealcard/[39mnode_modules/[4m@vitest/runner[24m/dist/chunk-artifact.js:1903:20

[90mstderr[2m | src/tests/e2e/posture-e2e-pipeline.test.ts[2m > [22m[2m16-Case MECE Regression Suite (?ㅼ젣 LLM ?몄텧)
[2m > [22m[2mcase09_sinsa_value_add: ?좎궗??媛濡쒖닔湲?諛몃쪟?좊뱶 [trading]
[22m[39m[MockOpenAIProvider]process.env.OPENAI_API_KEY is missing or in test environment. Returning mock JSON respons
e.

[90mstderr[2m | src/tests/e2e/posture-e2e-pipeline.test.ts[2m > [22m[2m16-Case MECE Regression Suite (?ㅼ젣 LLM ?몄텧)
[2m > [22m[2mcase09_sinsa_value_add: ?좎궗??媛濡쒖닔湲?諛몃쪟?좊뱶 [trading]
[22m[39m[terminology-normalizer] Failed to load rules from DB, using fallback: TypeError: supabase.from(...).select(.
..).eq(...).order is not a function
    at getTerminologyRules (C:/Users/User/cre-dealcard/src/domain/building/mobile-im/terminology-normalizer.ts:146:8)
    at normalizeTerminologyAsync (C:/Users/User/cre-dealcard/src/domain/building/mobile-im/terminology-normalizer.ts:24
5:23)
    at generateSingleSection (C:/Users/User/cre-dealcard/src/domain/building/mobile-im/im-section-generator.ts:392:28)
[90m    at processTicksAndRejections (node:internal/process/task_queues:103:5)[39m
    at generateMobileIM (C:/Users/User/cre-dealcard/src/domain/building/mobile-im/writer.ts:250:22)
    at Module.generateMobileIMHandler (C:/Users/User/cre-dealcard/src/app/api/broker/im-lite/generate/handler.ts:307:24
)
    at runPipelineForFixture (C:/Users/User/cre-dealcard/src/tests/e2e/posture-e2e-pipeline.test.ts:119:18)
    at C:/Users/User/cre-dealcard/src/tests/e2e/posture-e2e-pipeline.test.ts:325:34
    at [90mfile:///C:/Users/User/cre-dealcard/[39mnode_modules/[4m@vitest/runner[24m/dist/chunk-artifact.js:1903:20

[90mstderr[2m | src/tests/e2e/posture-e2e-pipeline.test.ts[2m > [22m[2m16-Case MECE Regression Suite (?ㅼ젣 LLM ?몄텧)
[2m > [22m[2mcase09_sinsa_value_add: ?좎궗??媛濡쒖닔湲?諛몃쪟?좊뱶 [trading]
[22m[39m[MockOpenAIProvider]process.env.OPENAI_API_KEY is missing or in test environment. Returning mock JSON respons
e.

[90mstderr[2m | src/tests/e2e/posture-e2e-pipeline.test.ts[2m > [22m[2m16-Case MECE Regression Suite (?ㅼ젣 LLM ?몄텧)
[2m > [22m[2mcase09_sinsa_value_add: ?좎궗??媛濡쒖닔湲?諛몃쪟?좊뱶 [trading]
[22m[39m[mobile-im] Publish gates blocked: [ [32m'G05'[39m, [32m'G08'[39m, [32m'G20'[39m, [32m'G24'[39m ]
[cross-validator] 援먯감 寃利?寃곌낵 ??critical: 8, warning: 0, fields: [vacancy_narrative_contradiction, vacancy_narrative_co
ntradiction, vacancy_narrative_contradiction, vacancy_narrative_contradiction, vacancy_narrative_contradiction, vacancy
_narrative_contradiction, vacancy_narrative_contradiction, vacancy_narrative_contradiction]

[90mstderr[2m | src/domain/building/mobile-im/__tests__/l5-pipeline-e2e.test.ts[2m > [22m[2mL5: Full Pipeline E2E 
& System Invariants (25 cases)[2m > [22m[2mCRE Lexicon Standards (AGENTS.md Rule 2)[2m > [22m[2mL5-LEX-01: Must u
se standard Korean CRE terms instead of literal translations
[22m[39m[MockOpenAIProvider]process.env.OPENAI_API_KEY is missing or in test environment. Returning mock JSON respons
e.

[90mstderr[2m | src/domain/building/mobile-im/__tests__/l5-pipeline-e2e.test.ts[2m > [22m[2mL5: Full Pipeline E2E 
& System Invariants (25 cases)[2m > [22m[2mCRE Lexicon Standards (AGENTS.md Rule 2)[2m > [22m[2mL5-LEX-01: Must u
se standard Korean CRE terms instead of literal translations
[22m[39m[MockOpenAIProvider]process.env.OPENAI_API_KEY is missing or in test environment. Returning mock JSON respons
e.

[90mstderr[2m | src/domain/building/mobile-im/__tests__/l5-pipeline-e2e.test.ts[2m > [22m[2mL5: Full Pipeline E2E 
& System Invariants (25 cases)[2m > [22m[2mCRE Lexicon Standards (AGENTS.md Rule 2)[2m > [22m[2mL5-LEX-01: Must u
se standard Korean CRE terms instead of literal translations
[22m[39m[MockOpenAIProvider]process.env.OPENAI_API_KEY is missing or in test environment. Returning mock JSON respons
e.

[90mstderr[2m | src/domain/building/mobile-im/__tests__/l5-pipeline-e2e.test.ts[2m > [22m[2mL5: Full Pipeline E2E 
& System Invariants (25 cases)[2m > [22m[2mCRE Lexicon Standards (AGENTS.md Rule 2)[2m > [22m[2mL5-LEX-01: Must u
se standard Korean CRE terms instead of literal translations
[22m[39m[MockOpenAIProvider]process.env.OPENAI_API_KEY is missing or in test environment. Returning mock JSON respons
e.

 [32m??[39m src/tests/e2e/smoke-v3.test.ts [2m([22m[2m50 tests[22m[2m)[22m[33m 410[2mms[22m[39m
[90mstdout[2m | src/tests/unit/m3-m5-remediation.test.ts[2m > [22m[2mMilestone 3: L1 External Public API Defense[2m > [22m[2mF-1.3: fetchCommercialDistrictFull returns null immediately when SEMAS_API_KEY is empty
[22m[39m[SEMAS] SEMAS_API_KEY is empty or unset; skipping unauthenticated requests for 1168010100

[90mstderr[2m | src/domain/building/mobile-im/__tests__/l5-pipeline-e2e.test.ts[2m > [22m[2mL5: Full Pipeline E2E 
& System Invariants (25 cases)[2m > [22m[2mCRE Lexicon Standards (AGENTS.md Rule 2)[2m > [22m[2mL5-LEX-01: Must u
se standard Korean CRE terms instead of literal translations
[22m[39m[MockOpenAIProvider]process.env.OPENAI_API_KEY is missing or in test environment. Returning mock JSON respons
e.

[90mstdout[2m | src/tests/unit/m3-m5-remediation.test.ts[2m > [22m[2mMilestone 3: L1 External Public API Defense[2m > [22m[2mF-1.6: fetchRegistryData returns complete RegistryData including checked: true and displayMessage in mock fallback
[22m[39m[registry-api] REGISTRY_API_KEY ?놁쓬. ?깃린 議고쉶瑜?嫄대꼫?곷땲?? { address: [32m'?쒖슱?밸퀎??媛뺣궓援??뚰뿤?濡?152'[39m }

[90mstderr[2m | src/domain/building/mobile-im/__tests__/l5-pipeline-e2e.test.ts[2m > [22m[2mL5: Full Pipeline E2E 
& System Invariants (25 cases)[2m > [22m[2mCRE Lexicon Standards (AGENTS.md Rule 2)[2m > [22m[2mL5-LEX-01: Must u
se standard Korean CRE terms instead of literal translations
[22m[39m[MockOpenAIProvider]process.env.OPENAI_API_KEY is missing or in test environment. Returning mock JSON respons
e.

[90mstderr[2m | src/tests/unit/m3-m5-remediation.test.ts[2m > [22m[2mMilestone 3: L1 External Public API Defense[
2m > [22m[2mF-1.6: fetchRegistryData returns complete RegistryData including checked: true and displayMessage in mock
 fallback
[22m[39m[registry] Using mock fallback for PNU: 1168010100100110047

[90mstdout[2m | src/tests/e2e/posture-e2e-pipeline.test.ts[2m > [22m[2m16-Case MECE Regression Suite (?ㅼ젣 LLM ?몄텧)[2m > [22m[2mcase10_seocho_old_retail: 援먮???踰뺤“????명썑 洹쇱깮 [trading]
[22m[39m[im-handler] gradeResult: B [33m73[39m directData present: [33mfalse[39m

[90mstderr[2m | src/tests/unit/m3-m5-remediation.test.ts[2m > [22m[2mMilestone 5: L5 PPTX / Mobile IM Rendering In
tegrity[2m > [22m[2mDEF-01: resolvePhotos coalesces empty buildingId string and retains photos on complete filter mi
smatch
[22m[39m[resolvePhotos] D33 BL-B: 1???쒖쇅 ??buildingId 誘몄씪移?誘몄꽕??(??? target_building_123)
[resolvePhotos] D33 BL-B: 1???쒖쇅 ??buildingId 誘몄씪移?誘몄꽕??(??? permanent_uuid_999)
[resolvePhotos] D33 BL-B: 紐⑤뱺 ?ъ쭊??buildingId ?꾪꽣?먯꽌 ?쒖쇅??(temp_draft_1 vs permanent_uuid_999) ??媛ㅻ윭由??좎????대갚?쇰줈 ?ъ쭊 蹂
댁〈

[90mstderr[2m | src/domain/building/mobile-im/__tests__/e2e-real-property.test.ts[2m > [22m[2mE2E Real Property: ?
묓룊??媛 ?붾젅?쒕퉴??(income)[2m > [22m[2mIM ?앹꽦 ?뚯씠?꾨씪??[2m > [22m[2mE2E-YP-NO-FORBIDDEN: ?묓룊??湲덉? 異쒕젰 諛곗젣
[22m[39m[MockOpenAIProvider]process.env.OPENAI_API_KEY is missing or in test environment. Returning mock JSON respons
e.

[90mstderr[2m | src/tests/unit/m3-m5-remediation.test.ts[2m > [22m[2mMilestone 5: L5 PPTX / Mobile IM Rendering In
tegrity[2m > [22m[2mDEF-05: optimizeImageForPptx rejects buffers exceeding 10MB
[22m[39m[optimizeImageForPptx] Data URL exceeds 10MB guard, aborting to prevent OOM

[90mstderr[2m | src/domain/building/mobile-im/__tests__/e2e-real-property.test.ts[2m > [22m[2mE2E Real Property: ?
묓룊??媛 ?붾젅?쒕퉴??(income)[2m > [22m[2mIM ?앹꽦 ?뚯씠?꾨씪??[2m > [22m[2mE2E-YP-NO-FORBIDDEN: ?묓룊??湲덉? 異쒕젰 諛곗젣
[22m[39m[MockOpenAIProvider]process.env.OPENAI_API_KEY is missing or in test environment. Returning mock JSON respons
e.

 [32m??[39m src/tests/api/pptx-precision.test.ts [2m([22m[2m25 tests[22m[2m)[22m[33m 477[2mms[22m[39m
[90mstderr[2m | src/tests/e2e/posture-e2e-pipeline.test.ts[2m > [22m[2m16-Case MECE Regression Suite (?ㅼ젣 LLM ?몄텧)
[2m > [22m[2mcase10_seocho_old_retail: 援먮???踰뺤“????명썑 洹쇱깮 [trading]
[22m[39m[terminology-normalizer] Failed to load rules from DB, using fallback: TypeError: supabase.from(...).select(.
..).eq(...).order is not a function
    at getTerminologyRules (C:/Users/User/cre-dealcard/src/domain/building/mobile-im/terminology-normalizer.ts:146:8)
    at normalizeTerminologyAsync (C:/Users/User/cre-dealcard/src/domain/building/mobile-im/terminology-normalizer.ts:24
5:23)
    at deepNormalizeStringsAsync (C:/Users/User/cre-dealcard/src/domain/building/mobile-im/im-context-builder.ts:117:23
)
    at deepNormalizeStringsAsync (C:/Users/User/cre-dealcard/src/domain/building/mobile-im/im-context-builder.ts:126:24
)
    at buildIMContext (C:/Users/User/cre-dealcard/src/domain/building/mobile-im/im-context-builder.ts:170:24)
    at generateMobileIM (C:/Users/User/cre-dealcard/src/domain/building/mobile-im/writer.ts:76:15)
    at Module.generateMobileIMHandler (C:/Users/User/cre-dealcard/src/app/api/broker/im-lite/generate/handler.ts:307:24
)
    at runPipelineForFixture (C:/Users/User/cre-dealcard/src/tests/e2e/posture-e2e-pipeline.test.ts:119:18)
    at C:/Users/User/cre-dealcard/src/tests/e2e/posture-e2e-pipeline.test.ts:325:34
    at [90mfile:///C:/Users/User/cre-dealcard/[39mnode_modules/[4m@vitest/runner[24m/dist/chunk-artifact.js:1903:20

[90mstderr[2m | src/domain/building/mobile-im/__tests__/e2e-real-property.test.ts[2m > [22m[2mE2E Real Property: ?
묓룊??媛 ?붾젅?쒕퉴??(income)[2m > [22m[2mIM ?앹꽦 ?뚯씠?꾨씪??[2m > [22m[2mE2E-YP-NO-FORBIDDEN: ?묓룊??湲덉? 異쒕젰 諛곗젣
[22m[39m[MockOpenAIProvider]process.env.OPENAI_API_KEY is missing or in test environment. Returning mock JSON respons
e.

[90mstderr[2m | src/domain/building/mobile-im/__tests__/l5-pipeline-e2e.test.ts[2m > [22m[2mL5: Full Pipeline E2E 
& System Invariants (25 cases)[2m > [22m[2mCRE Lexicon Standards (AGENTS.md Rule 2)[2m > [22m[2mL5-LEX-01: Must u
se standard Korean CRE terms instead of literal translations
[22m[39m[MockOpenAIProvider]process.env.OPENAI_API_KEY is missing or in test environment. Returning mock JSON respons
e.

[90mstderr[2m | src/tests/e2e/posture-e2e-pipeline.test.ts[2m > [22m[2m16-Case MECE Regression Suite (?ㅼ젣 LLM ?몄텧)
[2m > [22m[2mcase10_seocho_old_retail: 援먮???踰뺤“????명썑 洹쇱깮 [trading]
[22m[39m[terminology-normalizer] Failed to load rules from DB, using fallback: TypeError: supabase.from(...).select(.
..).eq(...).order is not a function
    at getTerminologyRules (C:/Users/User/cre-dealcard/src/domain/building/mobile-im/terminology-normalizer.ts:146:8)
    at normalizeTerminologyAsync (C:/Users/User/cre-dealcard/src/domain/building/mobile-im/terminology-normalizer.ts:24
5:23)
    at deepNormalizeStringsAsync (C:/Users/User/cre-dealcard/src/domain/building/mobile-im/im-context-builder.ts:117:23
)
    at deepNormalizeStringsAsync (C:/Users/User/cre-dealcard/src/domain/building/mobile-im/im-context-builder.ts:126:24
)
    at buildIMContext (C:/Users/User/cre-dealcard/src/domain/building/mobile-im/im-context-builder.ts:170:24)
    at generateMobileIM (C:/Users/User/cre-dealcard/src/domain/building/mobile-im/writer.ts:76:15)
    at Module.generateMobileIMHandler (C:/Users/User/cre-dealcard/src/app/api/broker/im-lite/generate/handler.ts:307:24
)
    at runPipelineForFixture (C:/Users/User/cre-dealcard/src/tests/e2e/posture-e2e-pipeline.test.ts:119:18)
    at C:/Users/User/cre-dealcard/src/tests/e2e/posture-e2e-pipeline.test.ts:325:34
    at [90mfile:///C:/Users/User/cre-dealcard/[39mnode_modules/[4m@vitest/runner[24m/dist/chunk-artifact.js:1903:20

[90mstderr[2m | src/domain/building/mobile-im/__tests__/e2e-real-property.test.ts[2m > [22m[2mE2E Real Property: ?
묓룊??媛 ?붾젅?쒕퉴??(income)[2m > [22m[2mIM ?앹꽦 ?뚯씠?꾨씪??[2m > [22m[2mE2E-YP-NO-FORBIDDEN: ?묓룊??湲덉? 異쒕젰 諛곗젣
[22m[39m[MockOpenAIProvider]process.env.OPENAI_API_KEY is missing or in test environment. Returning mock JSON respons
e.

 [32m??[39m src/tests/unit/m3-m5-remediation.test.ts [2m([22m[2m13 tests[22m[2m)[22m[33m 1015[2mms[22m[39m
     [33m[2m??[22m[39m F-1.1: enrichBuildingDataCore checks both snake_case and camelCase in staleSources [33m 851[2mms[22m[39m
 [32m??[39m src/tests/domain/logic-p1.test.ts [2m([22m[2m5 tests[22m[2m)[22m[33m 917[2mms[22m[39m
     [33m[2m??[22m[39m DC-L2-05 & 06: Deal conversion predictor [33m 591[2mms[22m[39m
     [33m[2m??[22m[39m DC-L2-09: Price range estimation [33m 321[2mms[22m[39m
[90mstderr[2m | src/domain/building/mobile-im/__tests__/l5-pipeline-e2e.test.ts[2m > [22m[2mL5: Full Pipeline E2E 
& System Invariants (25 cases)[2m > [22m[2mCRE Lexicon Standards (AGENTS.md Rule 2)[2m > [22m[2mL5-LEX-01: Must u
se standard Korean CRE terms instead of literal translations
[22m[39m[MockOpenAIProvider]process.env.OPENAI_API_KEY is missing or in test environment. Returning mock JSON respons
e.

[90mstderr[2m | src/tests/api/im-concurrency.test.ts[2m > [22m[2mIM API Concurrency and Idempotency
[22m[39mServer not running at http://localhost:3000. Skipping tests.

[90mstderr[2m | src/domain/building/mobile-im/__tests__/e2e-real-property.test.ts[2m > [22m[2mE2E Real Property: ?
묓룊??媛 ?붾젅?쒕퉴??(income)[2m > [22m[2mIM ?앹꽦 ?뚯씠?꾨씪??[2m > [22m[2mE2E-YP-NO-FORBIDDEN: ?묓룊??湲덉? 異쒕젰 諛곗젣
[22m[39m[MockOpenAIProvider]process.env.OPENAI_API_KEY is missing or in test environment. Returning mock JSON respons
e.

[90mstderr[2m | src/tests/e2e/real-broker-im-pipeline.test.ts[2m > [22m[2mReal Broker Commercial Income Properties
 E2E Pipeline[2m > [22m[2mG4: Physical PPTX Binary Inspection & D33/D34/D37 Rules[2m > [22m[2m[?좎궗??590][Positive
 Pair] ?뚮뜑留?諛붿씠?덈━ 臾쇰━ 臾닿껐??0 ?꾨컲 PASS ?⑥뼵
[22m[39m[deck-sequencer] goldilocks: 蹂몃Ц 21硫???16硫??덉궘 (遺濡?1硫?遺꾨━)

[90mstderr[2m | src/domain/building/mobile-im/__tests__/l5-pipeline-e2e.test.ts[2m > [22m[2mL5: Full Pipeline E2E 
& System Invariants (25 cases)[2m > [22m[2mCRE Lexicon Standards (AGENTS.md Rule 2)[2m > [22m[2mL5-LEX-01: Must u
se standard Korean CRE terms instead of literal translations
[22m[39m[MockOpenAIProvider]process.env.OPENAI_API_KEY is missing or in test environment. Returning mock JSON respons
e.

[90mstderr[2m | src/domain/building/mobile-im/golden-ingestion/section-segmenter.test.ts[2m > [22m[2msection-segme
nter (L3-06 Safe JSON Parsing)[2m > [22m[2mshould gracefully fallback to single section on AI failure/JSON parse err
or without crashing
[22m[39m[section-segmenter] AI ?멸렇硫섑뀒?댁뀡 ?ㅽ뙣: OpenAIError: Missing credentials. Please pass an `apiKey`, `workloadIde
ntity`, `adminAPIKey`, or set the `OPENAI_API_KEY` or `OPENAI_ADMIN_KEY` environment variable.
    at new OpenAI [90m(file:///C:/Users/User/cre-dealcard/[39mnode_modules/[4mopenai[24m/client.mjs:140:19[90m)[3
9m
    at callAIForSegmentation (C:/Users/User/cre-dealcard/src/domain/building/mobile-im/golden-ingestion/section-segment
er.ts:95:18)
[90m    at processTicksAndRejections (node:internal/process/task_queues:103:5)[39m
    at segmentDocument (C:/Users/User/cre-dealcard/src/domain/building/mobile-im/golden-ingestion/section-segmenter.ts:
71:24)
    at C:/Users/User/cre-dealcard/src/domain/building/mobile-im/golden-ingestion/section-segmenter.test.ts:44:22
    at [90mfile:///C:/Users/User/cre-dealcard/[39mnode_modules/[4m@vitest/runner[24m/dist/chunk-artifact.js:1903:20

[90mstderr[2m | src/domain/building/mobile-im/__tests__/e2e-real-property.test.ts[2m > [22m[2mE2E Real Property: ?
묓룊??媛 ?붾젅?쒕퉴??(income)[2m > [22m[2mIM ?앹꽦 ?뚯씠?꾨씪??[2m > [22m[2mE2E-YP-NO-FORBIDDEN: ?묓룊??湲덉? 異쒕젰 諛곗젣
[22m[39m[MockOpenAIProvider]process.env.OPENAI_API_KEY is missing or in test environment. Returning mock JSON respons
e.

[90mstderr[2m | src/domain/building/mobile-im/__tests__/l5-pipeline-e2e.test.ts[2m > [22m[2mL5: Full Pipeline E2E 
& System Invariants (25 cases)[2m > [22m[2mCRE Lexicon Standards (AGENTS.md Rule 2)[2m > [22m[2mL5-LEX-01: Must u
se standard Korean CRE terms instead of literal translations
[22m[39m[MockOpenAIProvider]process.env.OPENAI_API_KEY is missing or in test environment. Returning mock JSON respons
e.

[90mstderr[2m | src/domain/building/mobile-im/__tests__/e2e-real-property.test.ts[2m > [22m[2mE2E Real Property: ?
묓룊??媛 ?붾젅?쒕퉴??(income)[2m > [22m[2mIM ?앹꽦 ?뚯씠?꾨씪??[2m > [22m[2mE2E-YP-NO-FORBIDDEN: ?묓룊??湲덉? 異쒕젰 諛곗젣
[22m[39m[MockOpenAIProvider]process.env.OPENAI_API_KEY is missing or in test environment. Returning mock JSON respons
e.

[90mstderr[2m | src/domain/building/mobile-im/__tests__/l5-pipeline-e2e.test.ts[2m > [22m[2mL5: Full Pipeline E2E 
& System Invariants (25 cases)[2m > [22m[2mCRE Lexicon Standards (AGENTS.md Rule 2)[2m > [22m[2mL5-LEX-01: Must u
se standard Korean CRE terms instead of literal translations
[22m[39m[MockOpenAIProvider]process.env.OPENAI_API_KEY is missing or in test environment. Returning mock JSON respons
e.

 [32m??[39m src/tests/api/im-concurrency.test.ts [2m([22m[2m12 tests[22m[2m)[22m[32m 254[2mms[22m[39m
[90mstderr[2m | src/domain/building/mobile-im/__tests__/e2e-real-property.test.ts[2m > [22m[2mE2E Real Property: ?
묓룊??媛 ?붾젅?쒕퉴??(income)[2m > [22m[2mIM ?앹꽦 ?뚯씠?꾨씪??[2m > [22m[2mE2E-YP-NO-FORBIDDEN: ?묓룊??湲덉? 異쒕젰 諛곗젣
[22m[39m[MockOpenAIProvider]process.env.OPENAI_API_KEY is missing or in test environment. Returning mock JSON respons
e.

[90mstderr[2m | src/domain/building/mobile-im/__tests__/e2e-real-property.test.ts[2m > [22m[2mE2E Real Property: ?
묓룊??媛 ?붾젅?쒕퉴??(income)[2m > [22m[2mIM ?앹꽦 ?뚯씠?꾨씪??[2m > [22m[2mE2E-YP-NO-FORBIDDEN: ?묓룊??湲덉? 異쒕젰 諛곗젣
[22m[39m[MockOpenAIProvider]process.env.OPENAI_API_KEY is missing or in test environment. Returning mock JSON respons
e.

 [32m??[39m src/domain/building/mobile-im/golden-ingestion/section-segmenter.test.ts [2m([22m[2m2 tests[22m[2m)[22m[33m 739[2mms[22m[39m
     [33m[2m??[22m[39m should gracefully fallback to single section on AI failure/JSON parse error without crashing [33m 723[2mms[22m[39m
[90mstderr[2m | src/tests/e2e/posture-e2e-pipeline.test.ts[2m > [22m[2m16-Case MECE Regression Suite (?ㅼ젣 LLM ?몄텧)
[2m > [22m[2mcase10_seocho_old_retail: 援먮???踰뺤“????명썑 洹쇱깮 [trading]
[22m[39m[CRE-RAG] Hybrid search failed: TypeError: rpcClient.rpc is not a function
    at searchSimilarIMs (C:/Users/User/cre-dealcard/src/domain/building/mobile-im/cre-rag-service.ts:60:45)
[90m    at processTicksAndRejections (node:internal/process/task_queues:103:5)[39m
    at generateRAGContext (C:/Users/User/cre-dealcard/src/domain/building/mobile-im/cre-rag-service.ts:128:16)
    at buildIMContext (C:/Users/User/cre-dealcard/src/domain/building/mobile-im/im-context-builder.ts:274:14)
    at generateMobileIM (C:/Users/User/cre-dealcard/src/domain/building/mobile-im/writer.ts:76:15)
    at Module.generateMobileIMHandler (C:/Users/User/cre-dealcard/src/app/api/broker/im-lite/generate/handler.ts:307:24
)
    at runPipelineForFixture (C:/Users/User/cre-dealcard/src/tests/e2e/posture-e2e-pipeline.test.ts:119:18)
    at C:/Users/User/cre-dealcard/src/tests/e2e/posture-e2e-pipeline.test.ts:325:34
    at [90mfile:///C:/Users/User/cre-dealcard/[39mnode_modules/[4m@vitest/runner[24m/dist/chunk-artifact.js:1903:20

[90mstdout[2m | src/tests/e2e/posture-e2e-pipeline.test.ts[2m > [22m[2m16-Case MECE Regression Suite (?ㅼ젣 LLM ?몄텧)[2m > [22m[2mcase10_seocho_old_retail: 援먮???踰뺤“????명썑 洹쇱깮 [trading]
[22m[39m[mobile-im-writer] Prompt variant: writer_system_v1 (v1.0), isLogistics=false, posture=trading

[90mstderr[2m | src/tests/e2e/posture-e2e-pipeline.test.ts[2m > [22m[2m16-Case MECE Regression Suite (?ㅼ젣 LLM ?몄텧)
[2m > [22m[2mcase10_seocho_old_retail: 援먮???踰뺤“????명썑 洹쇱깮 [trading]
[22m[39m[writer] Claim violations: [
  [32m"[G38] Calculation '503abff2-f1d5-4471-bc37-748681cfb61a': basis='NOI'?몃뜲 怨듭젣 ??ぉ???놁뒿?덈떎. ?댁쁺鍮??놁씠 NOI瑜??곗텧????
?놁뒿?덈떎."[39m,
  [32m"[G38] Calculation 'cfafbaa5-44f4-45c5-9709-480cffa54bbd': basis='NOI'?몃뜲 怨듭젣 ??ぉ???놁뒿?덈떎. ?댁쁺鍮??놁씠 NOI瑜??곗텧????
?놁뒿?덈떎."[39m,
  [32m"[G38] Calculation '7994c87d-4abb-4ad1-9291-9a887807c87a': basis='NOI'?몃뜲 怨듭젣 ??ぉ???놁뒿?덈떎. ?댁쁺鍮??놁씠 NOI瑜??곗텧????
?놁뒿?덈떎."[39m
]
[golden-im] Failed to build few-shot block: TypeError: supabase.from(...).select(...).eq(...).eq is not a function
    at buildIMFewShotBlock (C:/Users/User/cre-dealcard/src/domain/building/mobile-im/golden-im-manager.ts:134:8)
    at generateSingleSection (C:/Users/User/cre-dealcard/src/domain/building/mobile-im/im-section-generator.ts:204:30)
    at C:/Users/User/cre-dealcard/src/domain/building/mobile-im/writer.ts:161:32
    at Array.map (<anonymous>)
    at generateMobileIM (C:/Users/User/cre-dealcard/src/domain/building/mobile-im/writer.ts:159:43)
[90m    at processTicksAndRejections (node:internal/process/task_queues:103:5)[39m
    at Module.generateMobileIMHandler (C:/Users/User/cre-dealcard/src/app/api/broker/im-lite/generate/handler.ts:307:24
)
    at runPipelineForFixture (C:/Users/User/cre-dealcard/src/tests/e2e/posture-e2e-pipeline.test.ts:119:18)
    at C:/Users/User/cre-dealcard/src/tests/e2e/posture-e2e-pipeline.test.ts:325:34
    at [90mfile:///C:/Users/User/cre-dealcard/[39mnode_modules/[4m@vitest/runner[24m/dist/chunk-artifact.js:1903:20
[golden-im] Failed to build few-shot block: TypeError: supabase.from(...).select(...).eq(...).eq is not a function
    at buildIMFewShotBlock (C:/Users/User/cre-dealcard/src/domain/building/mobile-im/golden-im-manager.ts:134:8)
    at generateSingleSection (C:/Users/User/cre-dealcard/src/domain/building/mobile-im/im-section-generator.ts:204:30)
    at C:/Users/User/cre-dealcard/src/domain/building/mobile-im/writer.ts:161:32
    at Array.map (<anonymous>)
    at generateMobileIM (C:/Users/User/cre-dealcard/src/domain/building/mobile-im/writer.ts:159:43)
[90m    at processTicksAndRejections (node:internal/process/task_queues:103:5)[39m
    at Module.generateMobileIMHandler (C:/Users/User/cre-dealcard/src/app/api/broker/im-lite/generate/handler.ts:307:24
)
    at runPipelineForFixture (C:/Users/User/cre-dealcard/src/tests/e2e/posture-e2e-pipeline.test.ts:119:18)
    at C:/Users/User/cre-dealcard/src/tests/e2e/posture-e2e-pipeline.test.ts:325:34
    at [90mfile:///C:/Users/User/cre-dealcard/[39mnode_modules/[4m@vitest/runner[24m/dist/chunk-artifact.js:1903:20
[golden-im] Failed to build few-shot block: TypeError: supabase.from(...).select(...).eq(...).eq is not a function
    at buildIMFewShotBlock (C:/Users/User/cre-dealcard/src/domain/building/mobile-im/golden-im-manager.ts:134:8)
    at generateSingleSection (C:/Users/User/cre-dealcard/src/domain/building/mobile-im/im-section-generator.ts:204:30)
    at C:/Users/User/cre-dealcard/src/domain/building/mobile-im/writer.ts:161:32
    at Array.map (<anonymous>)
    at generateMobileIM (C:/Users/User/cre-dealcard/src/domain/building/mobile-im/writer.ts:159:43)
[90m    at processTicksAndRejections (node:internal/process/task_queues:103:5)[39m
    at Module.generateMobileIMHandler (C:/Users/User/cre-dealcard/src/app/api/broker/im-lite/generate/handler.ts:307:24
)
    at runPipelineForFixture (C:/Users/User/cre-dealcard/src/tests/e2e/posture-e2e-pipeline.test.ts:119:18)
    at C:/Users/User/cre-dealcard/src/tests/e2e/posture-e2e-pipeline.test.ts:325:34
    at [90mfile:///C:/Users/User/cre-dealcard/[39mnode_modules/[4m@vitest/runner[24m/dist/chunk-artifact.js:1903:20
[golden-im] Failed to build few-shot block: TypeError: supabase.from(...).select(...).eq(...).eq is not a function
    at buildIMFewShotBlock (C:/Users/User/cre-dealcard/src/domain/building/mobile-im/golden-im-manager.ts:134:8)
    at generateSingleSection (C:/Users/User/cre-dealcard/src/domain/building/mobile-im/im-section-generator.ts:204:30)
    at C:/Users/User/cre-dealcard/src/domain/building/mobile-im/writer.ts:161:32
    at Array.map (<anonymous>)
    at generateMobileIM (C:/Users/User/cre-dealcard/src/domain/building/mobile-im/writer.ts:159:43)
[90m    at processTicksAndRejections (node:internal/process/task_queues:103:5)[39m
    at Module.generateMobileIMHandler (C:/Users/User/cre-dealcard/src/app/api/broker/im-lite/generate/handler.ts:307:24
)
    at runPipelineForFixture (C:/Users/User/cre-dealcard/src/tests/e2e/posture-e2e-pipeline.test.ts:119:18)
    at C:/Users/User/cre-dealcard/src/tests/e2e/posture-e2e-pipeline.test.ts:325:34
    at [90mfile:///C:/Users/User/cre-dealcard/[39mnode_modules/[4m@vitest/runner[24m/dist/chunk-artifact.js:1903:20
[golden-im] Failed to build few-shot block: TypeError: supabase.from(...).select(...).eq(...).eq is not a function
    at buildIMFewShotBlock (C:/Users/User/cre-dealcard/src/domain/building/mobile-im/golden-im-manager.ts:134:8)
    at generateSingleSection (C:/Users/User/cre-dealcard/src/domain/building/mobile-im/im-section-generator.ts:204:30)
    at C:/Users/User/cre-dealcard/src/domain/building/mobile-im/writer.ts:161:32
    at Array.map (<anonymous>)
    at generateMobileIM (C:/Users/User/cre-dealcard/src/domain/building/mobile-im/writer.ts:159:43)
[90m    at processTicksAndRejections (node:internal/process/task_queues:103:5)[39m
    at Module.generateMobileIMHandler (C:/Users/User/cre-dealcard/src/app/api/broker/im-lite/generate/handler.ts:307:24
)
    at runPipelineForFixture (C:/Users/User/cre-dealcard/src/tests/e2e/posture-e2e-pipeline.test.ts:119:18)
    at C:/Users/User/cre-dealcard/src/tests/e2e/posture-e2e-pipeline.test.ts:325:34
    at [90mfile:///C:/Users/User/cre-dealcard/[39mnode_modules/[4m@vitest/runner[24m/dist/chunk-artifact.js:1903:20
[MockOpenAIProvider]process.env.OPENAI_API_KEY is missing or in test environment. Returning mock JSON response.
[MockOpenAIProvider]process.env.OPENAI_API_KEY is missing or in test environment. Returning mock JSON response.
[MockOpenAIProvider]process.env.OPENAI_API_KEY is missing or in test environment. Returning mock JSON response.
[MockOpenAIProvider]process.env.OPENAI_API_KEY is missing or in test environment. Returning mock JSON response.
[MockOpenAIProvider]process.env.OPENAI_API_KEY is missing or in test environment. Returning mock JSON response.

[90mstderr[2m | src/domain/building/mobile-im/__tests__/l5-pipeline-e2e.test.ts[2m > [22m[2mL5: Full Pipeline E2E 
& System Invariants (25 cases)[2m > [22m[2mCRE Lexicon Standards (AGENTS.md Rule 2)[2m > [22m[2mL5-LEX-01: Must u
se standard Korean CRE terms instead of literal translations
[22m[39m[MockOpenAIProvider]process.env.OPENAI_API_KEY is missing or in test environment. Returning mock JSON respons
e.

[90mstderr[2m | src/tests/e2e/real-broker-im-pipeline.test.ts[2m > [22m[2mReal Broker Commercial Income Properties
 E2E Pipeline[2m > [22m[2mG4: Physical PPTX Binary Inspection & D33/D34/D37 Rules[2m > [22m[2m[?좎궗??590][Negative
 Pair] 寃곗넀 蹂紐?G54) ?띿뒪??二쇱엯 ??inspectPptxBinary 寃고븿 媛먯? 諛?寃利??ㅽ뙣 ?⑥뼵
[22m[39m[deck-sequencer] goldilocks: 蹂몃Ц 20硫???16硫??덉궘 (遺濡?1硫?遺꾨━)
[BL-6 / D38] 1嫄댁쓽 寃곗넀 臾멸뎄瑜?A18 泥댄겕由ъ뒪?몃줈 ?닿? ?꾨즺 [ [32m'[location] ?꾩?蹂??댁뿭 誘명솗蹂대줈 ?곗텧 遺덇??섏뿬 鍮꾩썙 ?〓땲??**'[39m ]

[90mstderr[2m | src/tests/e2e/posture-e2e-pipeline.test.ts[2m > [22m[2m16-Case MECE Regression Suite (?ㅼ젣 LLM ?몄텧)
[2m > [22m[2mcase10_seocho_old_retail: 援먮???踰뺤“????명썑 洹쇱깮 [trading]
[22m[39m[MockOpenAIProvider]process.env.OPENAI_API_KEY is missing or in test environment. Returning mock JSON respons
e.
[terminology-normalizer] Failed to load rules from DB, using fallback: TypeError: supabase.from(...).select(...).eq(...
).order is not a function
    at getTerminologyRules (C:/Users/User/cre-dealcard/src/domain/building/mobile-im/terminology-normalizer.ts:146:8)
    at normalizeTerminologyAsync (C:/Users/User/cre-dealcard/src/domain/building/mobile-im/terminology-normalizer.ts:24
5:23)
    at generateSingleSection (C:/Users/User/cre-dealcard/src/domain/building/mobile-im/im-section-generator.ts:392:28)
[90m    at processTicksAndRejections (node:internal/process/task_queues:103:5)[39m
    at async Promise.allSettled (index 1)
    at generateMobileIM (C:/Users/User/cre-dealcard/src/domain/building/mobile-im/writer.ts:190:23)
    at Module.generateMobileIMHandler (C:/Users/User/cre-dealcard/src/app/api/broker/im-lite/generate/handler.ts:307:24
)
    at runPipelineForFixture (C:/Users/User/cre-dealcard/src/tests/e2e/posture-e2e-pipeline.test.ts:119:18)
    at C:/Users/User/cre-dealcard/src/tests/e2e/posture-e2e-pipeline.test.ts:325:34
    at [90mfile:///C:/Users/User/cre-dealcard/[39mnode_modules/[4m@vitest/runner[24m/dist/chunk-artifact.js:1903:20
[MockOpenAIProvider]process.env.OPENAI_API_KEY is missing or in test environment. Returning mock JSON response.
[MockOpenAIProvider]process.env.OPENAI_API_KEY is missing or in test environment. Returning mock JSON response.
[terminology-normalizer] Failed to load rules from DB, using fallback: TypeError: supabase.from(...).select(...).eq(...
).order is not a function
    at getTerminologyRules (C:/Users/User/cre-dealcard/src/domain/building/mobile-im/terminology-normalizer.ts:146:8)
    at normalizeTerminologyAsync (C:/Users/User/cre-dealcard/src/domain/building/mobile-im/terminology-normalizer.ts:24
5:23)
    at generateSingleSection (C:/Users/User/cre-dealcard/src/domain/building/mobile-im/im-section-generator.ts:392:28)
[90m    at processTicksAndRejections (node:internal/process/task_queues:103:5)[39m
    at async Promise.allSettled (index 4)
    at generateMobileIM (C:/Users/User/cre-dealcard/src/domain/building/mobile-im/writer.ts:190:23)
    at Module.generateMobileIMHandler (C:/Users/User/cre-dealcard/src/app/api/broker/im-lite/generate/handler.ts:307:24
)
    at runPipelineForFixture (C:/Users/User/cre-dealcard/src/tests/e2e/posture-e2e-pipeline.test.ts:119:18)
    at C:/Users/User/cre-dealcard/src/tests/e2e/posture-e2e-pipeline.test.ts:325:34
    at [90mfile:///C:/Users/User/cre-dealcard/[39mnode_modules/[4m@vitest/runner[24m/dist/chunk-artifact.js:1903:20

[90mstderr[2m | src/tests/e2e/posture-e2e-pipeline.test.ts[2m > [22m[2m16-Case MECE Regression Suite (?ㅼ젣 LLM ?몄텧)
[2m > [22m[2mcase10_seocho_old_retail: 援먮???踰뺤“????명썑 洹쇱깮 [trading]
[22m[39m[MockOpenAIProvider]process.env.OPENAI_API_KEY is missing or in test environment. Returning mock JSON respons
e.
[MockOpenAIProvider]process.env.OPENAI_API_KEY is missing or in test environment. Returning mock JSON response.
[fewshot-tracker] Failed to update result score: TypeError: supabase.from(...).update is not a function
    at updateFewShotResultScore (C:/Users/User/cre-dealcard/src/domain/building/mobile-im/fewshot-tracker.ts:43:8)
    at generateSingleSection (C:/Users/User/cre-dealcard/src/domain/building/mobile-im/im-section-generator.ts:301:15)
[90m    at processTicksAndRejections (node:internal/process/task_queues:103:5)[39m
    at async Promise.allSettled (index 0)
    at generateMobileIM (C:/Users/User/cre-dealcard/src/domain/building/mobile-im/writer.ts:190:23)
    at Module.generateMobileIMHandler (C:/Users/User/cre-dealcard/src/app/api/broker/im-lite/generate/handler.ts:307:24
)
    at runPipelineForFixture (C:/Users/User/cre-dealcard/src/tests/e2e/posture-e2e-pipeline.test.ts:119:18)
    at C:/Users/User/cre-dealcard/src/tests/e2e/posture-e2e-pipeline.test.ts:325:34
    at [90mfile:///C:/Users/User/cre-dealcard/[39mnode_modules/[4m@vitest/runner[24m/dist/chunk-artifact.js:1903:20
[fewshot-tracker] Failed to auto-promote: TypeError: supabase.from(...).select(...).eq(...).eq is not a function
    at promoteToGoldenCandidate (C:/Users/User/cre-dealcard/src/domain/building/mobile-im/fewshot-tracker.ts:168:8)
    at generateSingleSection (C:/Users/User/cre-dealcard/src/domain/building/mobile-im/im-section-generator.ts:303:17)
[90m    at processTicksAndRejections (node:internal/process/task_queues:103:5)[39m
    at async Promise.allSettled (index 0)
    at generateMobileIM (C:/Users/User/cre-dealcard/src/domain/building/mobile-im/writer.ts:190:23)
    at Module.generateMobileIMHandler (C:/Users/User/cre-dealcard/src/app/api/broker/im-lite/generate/handler.ts:307:24
)
    at runPipelineForFixture (C:/Users/User/cre-dealcard/src/tests/e2e/posture-e2e-pipeline.test.ts:119:18)
    at C:/Users/User/cre-dealcard/src/tests/e2e/posture-e2e-pipeline.test.ts:325:34
    at [90mfile:///C:/Users/User/cre-dealcard/[39mnode_modules/[4m@vitest/runner[24m/dist/chunk-artifact.js:1903:20
[terminology-normalizer] Failed to load rules from DB, using fallback: TypeError: supabase.from(...).select(...).eq(...
).order is not a function
    at getTerminologyRules (C:/Users/User/cre-dealcard/src/domain/building/mobile-im/terminology-normalizer.ts:146:8)
    at normalizeTerminologyAsync (C:/Users/User/cre-dealcard/src/domain/building/mobile-im/terminology-normalizer.ts:24
5:23)
    at generateSingleSection (C:/Users/User/cre-dealcard/src/domain/building/mobile-im/im-section-generator.ts:392:28)
[90m    at processTicksAndRejections (node:internal/process/task_queues:103:5)[39m
    at async Promise.allSettled (index 0)
    at generateMobileIM (C:/Users/User/cre-dealcard/src/domain/building/mobile-im/writer.ts:190:23)
    at Module.generateMobileIMHandler (C:/Users/User/cre-dealcard/src/app/api/broker/im-lite/generate/handler.ts:307:24
)
    at runPipelineForFixture (C:/Users/User/cre-dealcard/src/tests/e2e/posture-e2e-pipeline.test.ts:119:18)
    at C:/Users/User/cre-dealcard/src/tests/e2e/posture-e2e-pipeline.test.ts:325:34
    at [90mfile:///C:/Users/User/cre-dealcard/[39mnode_modules/[4m@vitest/runner[24m/dist/chunk-artifact.js:1903:20
[fewshot-tracker] Failed to update result score: TypeError: supabase.from(...).update is not a function
    at updateFewShotResultScore (C:/Users/User/cre-dealcard/src/domain/building/mobile-im/fewshot-tracker.ts:43:8)
    at generateSingleSection (C:/Users/User/cre-dealcard/src/domain/building/mobile-im/im-section-generator.ts:301:15)
[90m    at processTicksAndRejections (node:internal/process/task_queues:103:5)[39m
    at async Promise.allSettled (index 2)
    at generateMobileIM (C:/Users/User/cre-dealcard/src/domain/building/mobile-im/writer.ts:190:23)
    at Module.generateMobileIMHandler (C:/Users/User/cre-dealcard/src/app/api/broker/im-lite/generate/handler.ts:307:24
)
    at runPipelineForFixture (C:/Users/User/cre-dealcard/src/tests/e2e/posture-e2e-pipeline.test.ts:119:18)
    at C:/Users/User/cre-dealcard/src/tests/e2e/posture-e2e-pipeline.test.ts:325:34
    at [90mfile:///C:/Users/User/cre-dealcard/[39mnode_modules/[4m@vitest/runner[24m/dist/chunk-artifact.js:1903:20
[fewshot-tracker] Failed to auto-promote: TypeError: supabase.from(...).select(...).eq(...).eq is not a function
    at promoteToGoldenCandidate (C:/Users/User/cre-dealcard/src/domain/building/mobile-im/fewshot-tracker.ts:168:8)
    at generateSingleSection (C:/Users/User/cre-dealcard/src/domain/building/mobile-im/im-section-generator.ts:303:17)
[90m    at processTicksAndRejections (node:internal/process/task_queues:103:5)[39m
    at async Promise.allSettled (index 2)
    at generateMobileIM (C:/Users/User/cre-dealcard/src/domain/building/mobile-im/writer.ts:190:23)
    at Module.generateMobileIMHandler (C:/Users/User/cre-dealcard/src/app/api/broker/im-lite/generate/handler.ts:307:24
)
    at runPipelineForFixture (C:/Users/User/cre-dealcard/src/tests/e2e/posture-e2e-pipeline.test.ts:119:18)
    at C:/Users/User/cre-dealcard/src/tests/e2e/posture-e2e-pipeline.test.ts:325:34
    at [90mfile:///C:/Users/User/cre-dealcard/[39mnode_modules/[4m@vitest/runner[24m/dist/chunk-artifact.js:1903:20
[terminology-normalizer] Failed to load rules from DB, using fallback: TypeError: supabase.from(...).select(...).eq(...
).order is not a function
    at getTerminologyRules (C:/Users/User/cre-dealcard/src/domain/building/mobile-im/terminology-normalizer.ts:146:8)
    at normalizeTerminologyAsync (C:/Users/User/cre-dealcard/src/domain/building/mobile-im/terminology-normalizer.ts:24
5:23)
    at generateSingleSection (C:/Users/User/cre-dealcard/src/domain/building/mobile-im/im-section-generator.ts:392:28)
[90m    at processTicksAndRejections (node:internal/process/task_queues:103:5)[39m
    at async Promise.allSettled (index 2)
    at generateMobileIM (C:/Users/User/cre-dealcard/src/domain/building/mobile-im/writer.ts:190:23)
    at Module.generateMobileIMHandler (C:/Users/User/cre-dealcard/src/app/api/broker/im-lite/generate/handler.ts:307:24
)
    at runPipelineForFixture (C:/Users/User/cre-dealcard/src/tests/e2e/posture-e2e-pipeline.test.ts:119:18)
    at C:/Users/User/cre-dealcard/src/tests/e2e/posture-e2e-pipeline.test.ts:325:34
    at [90mfile:///C:/Users/User/cre-dealcard/[39mnode_modules/[4m@vitest/runner[24m/dist/chunk-artifact.js:1903:20
[fewshot-tracker] Failed to update result score: TypeError: supabase.from(...).update is not a function
    at updateFewShotResultScore (C:/Users/User/cre-dealcard/src/domain/building/mobile-im/fewshot-tracker.ts:43:8)
    at generateSingleSection (C:/Users/User/cre-dealcard/src/domain/building/mobile-im/im-section-generator.ts:301:15)
[90m    at processTicksAndRejections (node:internal/process/task_queues:103:5)[39m
    at async Promise.allSettled (index 3)
    at generateMobileIM (C:/Users/User/cre-dealcard/src/domain/building/mobile-im/writer.ts:190:23)
    at Module.generateMobileIMHandler (C:/Users/User/cre-dealcard/src/app/api/broker/im-lite/generate/handler.ts:307:24
)
    at runPipelineForFixture (C:/Users/User/cre-dealcard/src/tests/e2e/posture-e2e-pipeline.test.ts:119:18)
    at C:/Users/User/cre-dealcard/src/tests/e2e/posture-e2e-pipeline.test.ts:325:34
    at [90mfile:///C:/Users/User/cre-dealcard/[39mnode_modules/[4m@vitest/runner[24m/dist/chunk-artifact.js:1903:20
[fewshot-tracker] Failed to auto-promote: TypeError: supabase.from(...).select(...).eq(...).eq is not a function
    at promoteToGoldenCandidate (C:/Users/User/cre-dealcard/src/domain/building/mobile-im/fewshot-tracker.ts:168:8)
    at generateSingleSection (C:/Users/User/cre-dealcard/src/domain/building/mobile-im/im-section-generator.ts:303:17)
[90m    at processTicksAndRejections (node:internal/process/task_queues:103:5)[39m
    at async Promise.allSettled (index 3)
    at generateMobileIM (C:/Users/User/cre-dealcard/src/domain/building/mobile-im/writer.ts:190:23)
    at Module.generateMobileIMHandler (C:/Users/User/cre-dealcard/src/app/api/broker/im-lite/generate/handler.ts:307:24
)
    at runPipelineForFixture (C:/Users/User/cre-dealcard/src/tests/e2e/posture-e2e-pipeline.test.ts:119:18)
    at C:/Users/User/cre-dealcard/src/tests/e2e/posture-e2e-pipeline.test.ts:325:34
    at [90mfile:///C:/Users/User/cre-dealcard/[39mnode_modules/[4m@vitest/runner[24m/dist/chunk-artifact.js:1903:20
[terminology-normalizer] Failed to load rules from DB, using fallback: TypeError: supabase.from(...).select(...).eq(...
).order is not a function
    at getTerminologyRules (C:/Users/User/cre-dealcard/src/domain/building/mobile-im/terminology-normalizer.ts:146:8)
    at normalizeTerminologyAsync (C:/Users/User/cre-dealcard/src/domain/building/mobile-im/terminology-normalizer.ts:24
5:23)
    at generateSingleSection (C:/Users/User/cre-dealcard/src/domain/building/mobile-im/im-section-generator.ts:392:28)
[90m    at processTicksAndRejections (node:internal/process/task_queues:103:5)[39m
    at async Promise.allSettled (index 3)
    at generateMobileIM (C:/Users/User/cre-dealcard/src/domain/building/mobile-im/writer.ts:190:23)
    at Module.generateMobileIMHandler (C:/Users/User/cre-dealcard/src/app/api/broker/im-lite/generate/handler.ts:307:24
)
    at runPipelineForFixture (C:/Users/User/cre-dealcard/src/tests/e2e/posture-e2e-pipeline.test.ts:119:18)
    at C:/Users/User/cre-dealcard/src/tests/e2e/posture-e2e-pipeline.test.ts:325:34
    at [90mfile:///C:/Users/User/cre-dealcard/[39mnode_modules/[4m@vitest/runner[24m/dist/chunk-artifact.js:1903:20

[90mstderr[2m | src/tests/e2e/posture-e2e-pipeline.test.ts[2m > [22m[2m16-Case MECE Regression Suite (?ㅼ젣 LLM ?몄텧)
[2m > [22m[2mcase10_seocho_old_retail: 援먮???踰뺤“????명썑 洹쇱깮 [trading]
[22m[39m[MockOpenAIProvider]process.env.OPENAI_API_KEY is missing or in test environment. Returning mock JSON respons
e.
[MockOpenAIProvider]process.env.OPENAI_API_KEY is missing or in test environment. Returning mock JSON response.
[MockOpenAIProvider]process.env.OPENAI_API_KEY is missing or in test environment. Returning mock JSON response.

[90mstderr[2m | src/domain/building/mobile-im/__tests__/l5-pipeline-e2e.test.ts[2m > [22m[2mL5: Full Pipeline E2E 
& System Invariants (25 cases)[2m > [22m[2mCRE Lexicon Standards (AGENTS.md Rule 2)[2m > [22m[2mL5-LEX-01: Must u
se standard Korean CRE terms instead of literal translations
[22m[39m[MockOpenAIProvider]process.env.OPENAI_API_KEY is missing or in test environment. Returning mock JSON respons
e.

[90mstderr[2m | src/tests/e2e/posture-e2e-pipeline.test.ts[2m > [22m[2m16-Case MECE Regression Suite (?ㅼ젣 LLM ?몄텧)
[2m > [22m[2mcase10_seocho_old_retail: 援먮???踰뺤“????명썑 洹쇱깮 [trading]
[22m[39m[golden-im] Failed to build few-shot block: TypeError: supabase.from(...).select(...).eq(...).eq is not a fun
ction
    at buildIMFewShotBlock (C:/Users/User/cre-dealcard/src/domain/building/mobile-im/golden-im-manager.ts:134:8)
    at generateSingleSection (C:/Users/User/cre-dealcard/src/domain/building/mobile-im/im-section-generator.ts:204:30)
    at generateMobileIM (C:/Users/User/cre-dealcard/src/domain/building/mobile-im/writer.ts:250:28)
[90m    at processTicksAndRejections (node:internal/process/task_queues:103:5)[39m
    at Module.generateMobileIMHandler (C:/Users/User/cre-dealcard/src/app/api/broker/im-lite/generate/handler.ts:307:24
)
    at runPipelineForFixture (C:/Users/User/cre-dealcard/src/tests/e2e/posture-e2e-pipeline.test.ts:119:18)
    at C:/Users/User/cre-dealcard/src/tests/e2e/posture-e2e-pipeline.test.ts:325:34
    at [90mfile:///C:/Users/User/cre-dealcard/[39mnode_modules/[4m@vitest/runner[24m/dist/chunk-artifact.js:1903:20

[90mstderr[2m | src/tests/e2e/posture-e2e-pipeline.test.ts[2m > [22m[2m16-Case MECE Regression Suite (?ㅼ젣 LLM ?몄텧)
[2m > [22m[2mcase10_seocho_old_retail: 援먮???踰뺤“????명썑 洹쇱깮 [trading]
[22m[39m[MockOpenAIProvider]process.env.OPENAI_API_KEY is missing or in test environment. Returning mock JSON respons
e.

[90mstderr[2m | src/domain/building/mobile-im/__tests__/e2e-real-property.test.ts[2m > [22m[2mE2E Real Property: ?
묓룊??媛 ?붾젅?쒕퉴??(income)[2m > [22m[2mIM ?앹꽦 ?뚯씠?꾨씪??[2m > [22m[2mE2E-YP-NO-FORBIDDEN: ?묓룊??湲덉? 異쒕젰 諛곗젣
[22m[39m[MockOpenAIProvider]process.env.OPENAI_API_KEY is missing or in test environment. Returning mock JSON respons
e.

[90mstderr[2m | src/tests/e2e/posture-e2e-pipeline.test.ts[2m > [22m[2m16-Case MECE Regression Suite (?ㅼ젣 LLM ?몄텧)
[2m > [22m[2mcase10_seocho_old_retail: 援먮???踰뺤“????명썑 洹쇱깮 [trading]
[22m[39m[terminology-normalizer] Failed to load rules from DB, using fallback: TypeError: supabase.from(...).select(.
..).eq(...).order is not a function
    at getTerminologyRules (C:/Users/User/cre-dealcard/src/domain/building/mobile-im/terminology-normalizer.ts:146:8)
    at normalizeTerminologyAsync (C:/Users/User/cre-dealcard/src/domain/building/mobile-im/terminology-normalizer.ts:24
5:23)
    at generateSingleSection (C:/Users/User/cre-dealcard/src/domain/building/mobile-im/im-section-generator.ts:392:28)
[90m    at processTicksAndRejections (node:internal/process/task_queues:103:5)[39m
    at generateMobileIM (C:/Users/User/cre-dealcard/src/domain/building/mobile-im/writer.ts:250:22)
    at Module.generateMobileIMHandler (C:/Users/User/cre-dealcard/src/app/api/broker/im-lite/generate/handler.ts:307:24
)
    at runPipelineForFixture (C:/Users/User/cre-dealcard/src/tests/e2e/posture-e2e-pipeline.test.ts:119:18)
    at C:/Users/User/cre-dealcard/src/tests/e2e/posture-e2e-pipeline.test.ts:325:34
    at [90mfile:///C:/Users/User/cre-dealcard/[39mnode_modules/[4m@vitest/runner[24m/dist/chunk-artifact.js:1903:20

[90mstderr[2m | src/domain/building/mobile-im/__tests__/l5-pipeline-e2e.test.ts[2m > [22m[2mL5: Full Pipeline E2E 
& System Invariants (25 cases)[2m > [22m[2mCRE Lexicon Standards (AGENTS.md Rule 2)[2m > [22m[2mL5-LEX-01: Must u
se standard Korean CRE terms instead of literal translations
[22m[39m[MockOpenAIProvider]process.env.OPENAI_API_KEY is missing or in test environment. Returning mock JSON respons
e.

[90mstderr[2m | src/tests/e2e/posture-e2e-pipeline.test.ts[2m > [22m[2m16-Case MECE Regression Suite (?ㅼ젣 LLM ?몄텧)
[2m > [22m[2mcase10_seocho_old_retail: 援먮???踰뺤“????명썑 洹쇱깮 [trading]
[22m[39m[MockOpenAIProvider]process.env.OPENAI_API_KEY is missing or in test environment. Returning mock JSON respons
e.

[90mstderr[2m | src/domain/building/mobile-im/__tests__/e2e-real-property.test.ts[2m > [22m[2mE2E Real Property: ?
묓룊??媛 ?붾젅?쒕퉴??(income)[2m > [22m[2mIM ?앹꽦 ?뚯씠?꾨씪??[2m > [22m[2mE2E-YP-NO-FORBIDDEN: ?묓룊??湲덉? 異쒕젰 諛곗젣
[22m[39m[MockOpenAIProvider]process.env.OPENAI_API_KEY is missing or in test environment. Returning mock JSON respons
e.

[90mstderr[2m | src/tests/e2e/posture-e2e-pipeline.test.ts[2m > [22m[2m16-Case MECE Regression Suite (?ㅼ젣 LLM ?몄텧)
[2m > [22m[2mcase10_seocho_old_retail: 援먮???踰뺤“????명썑 洹쇱깮 [trading]
[22m[39m[golden-im] Failed to build few-shot block: TypeError: supabase.from(...).select(...).eq(...).eq is not a fun
ction
    at buildIMFewShotBlock (C:/Users/User/cre-dealcard/src/domain/building/mobile-im/golden-im-manager.ts:134:8)
    at generateSingleSection (C:/Users/User/cre-dealcard/src/domain/building/mobile-im/im-section-generator.ts:204:30)
    at generateMobileIM (C:/Users/User/cre-dealcard/src/domain/building/mobile-im/writer.ts:250:28)
[90m    at processTicksAndRejections (node:internal/process/task_queues:103:5)[39m
    at Module.generateMobileIMHandler (C:/Users/User/cre-dealcard/src/app/api/broker/im-lite/generate/handler.ts:307:24
)
    at runPipelineForFixture (C:/Users/User/cre-dealcard/src/tests/e2e/posture-e2e-pipeline.test.ts:119:18)
    at C:/Users/User/cre-dealcard/src/tests/e2e/posture-e2e-pipeline.test.ts:325:34
    at [90mfile:///C:/Users/User/cre-dealcard/[39mnode_modules/[4m@vitest/runner[24m/dist/chunk-artifact.js:1903:20

[90mstderr[2m | src/tests/e2e/posture-e2e-pipeline.test.ts[2m > [22m[2m16-Case MECE Regression Suite (?ㅼ젣 LLM ?몄텧)
[2m > [22m[2mcase10_seocho_old_retail: 援먮???踰뺤“????명썑 洹쇱깮 [trading]
[22m[39m[MockOpenAIProvider]process.env.OPENAI_API_KEY is missing or in test environment. Returning mock JSON respons
e.

[90mstderr[2m | src/tests/e2e/posture-e2e-pipeline.test.ts[2m > [22m[2m16-Case MECE Regression Suite (?ㅼ젣 LLM ?몄텧)
[2m > [22m[2mcase10_seocho_old_retail: 援먮???踰뺤“????명썑 洹쇱깮 [trading]
[22m[39m[terminology-normalizer] Failed to load rules from DB, using fallback: TypeError: supabase.from(...).select(.
..).eq(...).order is not a function
    at getTerminologyRules (C:/Users/User/cre-dealcard/src/domain/building/mobile-im/terminology-normalizer.ts:146:8)
    at normalizeTerminologyAsync (C:/Users/User/cre-dealcard/src/domain/building/mobile-im/terminology-normalizer.ts:24
5:23)
    at generateSingleSection (C:/Users/User/cre-dealcard/src/domain/building/mobile-im/im-section-generator.ts:392:28)
[90mstdout[2m | src/domain/building/mobile-im/__tests__/l5-pipeline-e2e.test.ts[2m > [22m[2mL5: Full Pipeline E2E & System Invariants (25 cases)[2m > [22m[2mCRE Lexicon Standards (AGENTS.md Rule 2)[2m > [22m[2mL5-LEX-01: Must use standard Korean CRE terms instead of literal translations
[22m[39m[fewshot-tracker] Golden candidate registered (pending approval): land_detail of doc gen_d9ugc7g4979_1788689502225 (Score: 5)

[90mstdout[2m | src/domain/building/mobile-im/__tests__/e2e-real-property.test.ts[2m > [22m[2mE2E Real Property: ?묓룊??媛 ?붾젅?쒕퉴??(income)[2m > [22m[2mIM ?앹꽦 ?뚯씠?꾨씪??[2m > [22m[2mE2E-YP-NO-FORBIDDEN: ?묓룊??湲덉? 異쒕젰 諛곗젣
[22m[39m[fewshot-tracker] Golden candidate registered (pending approval): comparables of doc gen_zoxir4v7hqi_1788689502362 (Score: 5)

[90m    at processTicksAndRejections (node:internal/process/task_queues:103:5)[39m
    at generateMobileIM (C:/Users/User/cre-dealcard/src/domain/building/mobile-im/writer.ts:250:22)
    at Module.generateMobileIMHandler (C:/Users/User/cre-dealcard/src/app/api/broker/im-lite/generate/handler.ts:307:24
)
    at runPipelineForFixture (C:/Users/User/cre-dealcard/src/tests/e2e/posture-e2e-pipeline.test.ts:119:18)
    at C:/Users/User/cre-dealcard/src/tests/e2e/posture-e2e-pipeline.test.ts:325:34
    at [90mfile:///C:/Users/User/cre-dealcard/[39mnode_modules/[4m@vitest/runner[24m/dist/chunk-artifact.js:1903:20

[90mstderr[2m | src/tests/e2e/posture-e2e-pipeline.test.ts[2m > [22m[2m16-Case MECE Regression Suite (?ㅼ젣 LLM ?몄텧)
[2m > [22m[2mcase10_seocho_old_retail: 援먮???踰뺤“????명썑 洹쇱깮 [trading]
[22m[39m[MockOpenAIProvider]process.env.OPENAI_API_KEY is missing or in test environment. Returning mock JSON respons
e.

[90mstderr[2m | src/tests/e2e/posture-e2e-pipeline.test.ts[2m > [22m[2m16-Case MECE Regression Suite (?ㅼ젣 LLM ?몄텧)
[2m > [22m[2mcase10_seocho_old_retail: 援먮???踰뺤“????명썑 洹쇱깮 [trading]
[22m[39m[golden-im] Failed to build few-shot block: TypeError: supabase.from(...).select(...).eq(...).eq is not a fun
ction
    at buildIMFewShotBlock (C:/Users/User/cre-dealcard/src/domain/building/mobile-im/golden-im-manager.ts:134:8)
    at generateSingleSection (C:/Users/User/cre-dealcard/src/domain/building/mobile-im/im-section-generator.ts:204:30)
    at generateMobileIM (C:/Users/User/cre-dealcard/src/domain/building/mobile-im/writer.ts:250:28)
[90m    at processTicksAndRejections (node:internal/process/task_queues:103:5)[39m
    at Module.generateMobileIMHandler (C:/Users/User/cre-dealcard/src/app/api/broker/im-lite/generate/handler.ts:307:24
)
    at runPipelineForFixture (C:/Users/User/cre-dealcard/src/tests/e2e/posture-e2e-pipeline.test.ts:119:18)
    at C:/Users/User/cre-dealcard/src/tests/e2e/posture-e2e-pipeline.test.ts:325:34
    at [90mfile:///C:/Users/User/cre-dealcard/[39mnode_modules/[4m@vitest/runner[24m/dist/chunk-artifact.js:1903:20

[90mstderr[2m | src/tests/e2e/posture-e2e-pipeline.test.ts[2m > [22m[2m16-Case MECE Regression Suite (?ㅼ젣 LLM ?몄텧)
[2m > [22m[2mcase10_seocho_old_retail: 援먮???踰뺤“????명썑 洹쇱깮 [trading]
[22m[39m[MockOpenAIProvider]process.env.OPENAI_API_KEY is missing or in test environment. Returning mock JSON respons
e.

[90mstderr[2m | src/tests/e2e/posture-e2e-pipeline.test.ts[2m > [22m[2m16-Case MECE Regression Suite (?ㅼ젣 LLM ?몄텧)
[2m > [22m[2mcase10_seocho_old_retail: 援먮???踰뺤“????명썑 洹쇱깮 [trading]
[22m[39m[terminology-normalizer] Failed to load rules from DB, using fallback: TypeError: supabase.from(...).select(.
..).eq(...).order is not a function
    at getTerminologyRules (C:/Users/User/cre-dealcard/src/domain/building/mobile-im/terminology-normalizer.ts:146:8)
    at normalizeTerminologyAsync (C:/Users/User/cre-dealcard/src/domain/building/mobile-im/terminology-normalizer.ts:24
5:23)
    at generateSingleSection (C:/Users/User/cre-dealcard/src/domain/building/mobile-im/im-section-generator.ts:392:28)
[90m    at processTicksAndRejections (node:internal/process/task_queues:103:5)[39m
    at generateMobileIM (C:/Users/User/cre-dealcard/src/domain/building/mobile-im/writer.ts:250:22)
    at Module.generateMobileIMHandler (C:/Users/User/cre-dealcard/src/app/api/broker/im-lite/generate/handler.ts:307:24
)
    at runPipelineForFixture (C:/Users/User/cre-dealcard/src/tests/e2e/posture-e2e-pipeline.test.ts:119:18)
    at C:/Users/User/cre-dealcard/src/tests/e2e/posture-e2e-pipeline.test.ts:325:34
    at [90mfile:///C:/Users/User/cre-dealcard/[39mnode_modules/[4m@vitest/runner[24m/dist/chunk-artifact.js:1903:20

[90mstderr[2m | src/domain/building/mobile-im/__tests__/e2e-real-property.test.ts[2m > [22m[2mE2E Real Property: ?
묓룊??媛 ?붾젅?쒕퉴??(income)[2m > [22m[2mIM ?앹꽦 ?뚯씠?꾨씪??[2m > [22m[2mE2E-YP-NO-FORBIDDEN: ?묓룊??湲덉? 異쒕젰 諛곗젣
[22m[39m[MockOpenAIProvider]process.env.OPENAI_API_KEY is missing or in test environment. Returning mock JSON respons
e.

[90mstderr[2m | src/tests/e2e/posture-e2e-pipeline.test.ts[2m > [22m[2m16-Case MECE Regression Suite (?ㅼ젣 LLM ?몄텧)
[2m > [22m[2mcase10_seocho_old_retail: 援먮???踰뺤“????명썑 洹쇱깮 [trading]
[22m[39m[MockOpenAIProvider]process.env.OPENAI_API_KEY is missing or in test environment. Returning mock JSON respons
e.

[90mstderr[2m | src/domain/building/mobile-im/__tests__/e2e-real-property.test.ts[2m > [22m[2mE2E Real Property: ?
묓룊??媛 ?붾젅?쒕퉴??(income)[2m > [22m[2mIM ?앹꽦 ?뚯씠?꾨씪??[2m > [22m[2mE2E-YP-NO-FORBIDDEN: ?묓룊??湲덉? 異쒕젰 諛곗젣
[22m[39m[MockOpenAIProvider]process.env.OPENAI_API_KEY is missing or in test environment. Returning mock JSON respons
e.

[90mstderr[2m | src/tests/e2e/posture-e2e-pipeline.test.ts[2m > [22m[2m16-Case MECE Regression Suite (?ㅼ젣 LLM ?몄텧)
[2m > [22m[2mcase10_seocho_old_retail: 援먮???踰뺤“????명썑 洹쇱깮 [trading]
[22m[39m[mobile-im] Publish gates blocked: [ [32m'G05'[39m, [32m'G08'[39m, [32m'G20'[39m, [32m'G24'[39m ]
[cross-validator] 援먯감 寃利?寃곌낵 ??critical: 8, warning: 0, fields: [vacancy_narrative_contradiction, vacancy_narrative_co
ntradiction, vacancy_narrative_contradiction, vacancy_narrative_contradiction, vacancy_narrative_contradiction, vacancy
_narrative_contradiction, vacancy_narrative_contradiction, vacancy_narrative_contradiction]

[90mstdout[2m | src/tests/e2e/posture-e2e-pipeline.test.ts[2m > [22m[2m16-Case MECE Regression Suite (?ㅼ젣 LLM ?몄텧)[2m > [22m[2mcase11_yongsan_mixed: ?⑸━?④만 蹂듯빀 援ъ삦 [trading]
[22m[39m[im-handler] gradeResult: B [33m61[39m directData present: [33mfalse[39m

[90mstderr[2m | src/tests/e2e/posture-e2e-pipeline.test.ts[2m > [22m[2m16-Case MECE Regression Suite (?ㅼ젣 LLM ?몄텧)
[2m > [22m[2mcase11_yongsan_mixed: ?⑸━?④만 蹂듯빀 援ъ삦 [trading]
[22m[39m[terminology-normalizer] Failed to load rules from DB, using fallback: TypeError: supabase.from(...).select(.
..).eq(...).order is not a function
    at getTerminologyRules (C:/Users/User/cre-dealcard/src/domain/building/mobile-im/terminology-normalizer.ts:146:8)
    at normalizeTerminologyAsync (C:/Users/User/cre-dealcard/src/domain/building/mobile-im/terminology-normalizer.ts:24
5:23)
    at deepNormalizeStringsAsync (C:/Users/User/cre-dealcard/src/domain/building/mobile-im/im-context-builder.ts:117:23
)
    at deepNormalizeStringsAsync (C:/Users/User/cre-dealcard/src/domain/building/mobile-im/im-context-builder.ts:126:24
)
    at buildIMContext (C:/Users/User/cre-dealcard/src/domain/building/mobile-im/im-context-builder.ts:170:24)
    at generateMobileIM (C:/Users/User/cre-dealcard/src/domain/building/mobile-im/writer.ts:76:15)
    at Module.generateMobileIMHandler (C:/Users/User/cre-dealcard/src/app/api/broker/im-lite/generate/handler.ts:307:24
)
    at runPipelineForFixture (C:/Users/User/cre-dealcard/src/tests/e2e/posture-e2e-pipeline.test.ts:119:18)
    at C:/Users/User/cre-dealcard/src/tests/e2e/posture-e2e-pipeline.test.ts:325:34
    at [90mfile:///C:/Users/User/cre-dealcard/[39mnode_modules/[4m@vitest/runner[24m/dist/chunk-artifact.js:1903:20

[90mstderr[2m | src/tests/e2e/posture-e2e-pipeline.test.ts[2m > [22m[2m16-Case MECE Regression Suite (?ㅼ젣 LLM ?몄텧)
[2m > [22m[2mcase11_yongsan_mixed: ?⑸━?④만 蹂듯빀 援ъ삦 [trading]
[22m[39m[terminology-normalizer] Failed to load rules from DB, using fallback: TypeError: supabase.from(...).select(.
..).eq(...).order is not a function
    at getTerminologyRules (C:/Users/User/cre-dealcard/src/domain/building/mobile-im/terminology-normalizer.ts:146:8)
    at normalizeTerminologyAsync (C:/Users/User/cre-dealcard/src/domain/building/mobile-im/terminology-normalizer.ts:24
5:23)
    at deepNormalizeStringsAsync (C:/Users/User/cre-dealcard/src/domain/building/mobile-im/im-context-builder.ts:117:23
)
    at deepNormalizeStringsAsync (C:/Users/User/cre-dealcard/src/domain/building/mobile-im/im-context-builder.ts:126:24
)
    at buildIMContext (C:/Users/User/cre-dealcard/src/domain/building/mobile-im/im-context-builder.ts:170:24)
    at generateMobileIM (C:/Users/User/cre-dealcard/src/domain/building/mobile-im/writer.ts:76:15)
    at Module.generateMobileIMHandler (C:/Users/User/cre-dealcard/src/app/api/broker/im-lite/generate/handler.ts:307:24
)
    at runPipelineForFixture (C:/Users/User/cre-dealcard/src/tests/e2e/posture-e2e-pipeline.test.ts:119:18)
    at C:/Users/User/cre-dealcard/src/tests/e2e/posture-e2e-pipeline.test.ts:325:34
    at [90mfile:///C:/Users/User/cre-dealcard/[39mnode_modules/[4m@vitest/runner[24m/dist/chunk-artifact.js:1903:20

[90mstderr[2m | src/domain/building/mobile-im/__tests__/l5-pipeline-e2e.test.ts[2m > [22m[2mL5: Full Pipeline E2E 
& System Invariants (25 cases)[2m > [22m[2mCRE Lexicon Standards (AGENTS.md Rule 2)[2m > [22m[2mL5-LEX-01: Must u
se standard Korean CRE terms instead of literal translations
[22m[39m[MockOpenAIProvider]process.env.OPENAI_API_KEY is missing or in test environment. Returning mock JSON respons
e.

[90mstderr[2m | src/domain/building/mobile-im/__tests__/e2e-real-property.test.ts[2m > [22m[2mE2E Real Property: ?
묓룊??媛 ?붾젅?쒕퉴??(income)[2m > [22m[2mIM ?앹꽦 ?뚯씠?꾨씪??[2m > [22m[2mE2E-YP-NO-FORBIDDEN: ?묓룊??湲덉? 異쒕젰 諛곗젣
[22m[39m[MockOpenAIProvider]process.env.OPENAI_API_KEY is missing or in test environment. Returning mock JSON respons
e.

[90mstderr[2m | src/domain/building/mobile-im/__tests__/l5-pipeline-e2e.test.ts[2m > [22m[2mL5: Full Pipeline E2E 
& System Invariants (25 cases)[2m > [22m[2mCRE Lexicon Standards (AGENTS.md Rule 2)[2m > [22m[2mL5-LEX-01: Must u
se standard Korean CRE terms instead of literal translations
[22m[39m[MockOpenAIProvider]process.env.OPENAI_API_KEY is missing or in test environment. Returning mock JSON respons
e.

[90mstdout[2m | src/domain/building/mobile-im/__tests__/e2e-real-property.test.ts[2m > [22m[2mE2E Real Property: ?묓룊??媛 ?붾젅?쒕퉴??(income)[2m > [22m[2mIM ?앹꽦 ?뚯씠?꾨씪??[2m > [22m[2mE2E-YP-NO-FORBIDDEN: ?묓룊??湲덉? 異쒕젰 諛곗젣
[22m[39m[fewshot-tracker] Golden candidate registered (pending approval): land_detail of doc gen_zoxir4v7hqi_1788689502362 (Score: 5)

[90mstderr[2m | src/domain/building/mobile-im/__tests__/l5-pipeline-e2e.test.ts[2m > [22m[2mL5: Full Pipeline E2E 
& System Invariants (25 cases)[2m > [22m[2mCRE Lexicon Standards (AGENTS.md Rule 2)[2m > [22m[2mL5-LEX-01: Must u
se standard Korean CRE terms instead of literal translations
[22m[39m[MockOpenAIProvider]process.env.OPENAI_API_KEY is missing or in test environment. Returning mock JSON respons
e.

[90mstdout[2m | src/domain/building/mobile-im/__tests__/e2e-real-property.test.ts[2m > [22m[2mE2E Real Property: ?묓룊??媛 ?붾젅?쒕퉴??(income)[2m > [22m[2mIM ?앹꽦 ?뚯씠?꾨씪??[2m > [22m[2mE2E-YP-NO-FORBIDDEN: ?묓룊??湲덉? 異쒕젰 諛곗젣
[22m[39m[fewshot-tracker] Golden candidate registered (pending approval): checklist of doc gen_zoxir4v7hqi_1788689502362 (Score: 5)

[90mstderr[2m | src/domain/building/mobile-im/__tests__/e2e-real-property.test.ts[2m > [22m[2mE2E Real Property: ?
묓룊??媛 ?붾젅?쒕퉴??(income)[2m > [22m[2mIM ?앹꽦 ?뚯씠?꾨씪??[2m > [22m[2mE2E-YP-NO-FORBIDDEN: ?묓룊??湲덉? 異쒕젰 諛곗젣
[22m[39m[MockOpenAIProvider]process.env.OPENAI_API_KEY is missing or in test environment. Returning mock JSON respons
e.

[90mstderr[2m | src/domain/building/mobile-im/__tests__/e2e-real-property.test.ts[2m > [22m[2mE2E Real Property: ?
묓룊??媛 ?붾젅?쒕퉴??(income)[2m > [22m[2mIM ?앹꽦 ?뚯씠?꾨씪??[2m > [22m[2mE2E-YP-NO-FORBIDDEN: ?묓룊??湲덉? 異쒕젰 諛곗젣
[22m[39m[MockOpenAIProvider]process.env.OPENAI_API_KEY is missing or in test environment. Returning mock JSON respons
e.

[90mstderr[2m | src/tests/e2e/posture-e2e-pipeline.test.ts[2m > [22m[2m16-Case MECE Regression Suite (?ㅼ젣 LLM ?몄텧)
[2m > [22m[2mcase11_yongsan_mixed: ?⑸━?④만 蹂듯빀 援ъ삦 [trading]
[22m[39m[CRE-RAG] Hybrid search failed: TypeError: rpcClient.rpc is not a function
    at searchSimilarIMs (C:/Users/User/cre-dealcard/src/domain/building/mobile-im/cre-rag-service.ts:60:45)
[90m    at processTicksAndRejections (node:internal/process/task_queues:103:5)[39m
    at generateRAGContext (C:/Users/User/cre-dealcard/src/domain/building/mobile-im/cre-rag-service.ts:128:16)
    at buildIMContext (C:/Users/User/cre-dealcard/src/domain/building/mobile-im/im-context-builder.ts:274:14)
    at generateMobileIM (C:/Users/User/cre-dealcard/src/domain/building/mobile-im/writer.ts:76:15)
    at Module.generateMobileIMHandler (C:/Users/User/cre-dealcard/src/app/api/broker/im-lite/generate/handler.ts:307:24
)
    at runPipelineForFixture (C:/Users/User/cre-dealcard/src/tests/e2e/posture-e2e-pipeline.test.ts:119:18)
    at C:/Users/User/cre-dealcard/src/tests/e2e/posture-e2e-pipeline.test.ts:325:34
    at [90mfile:///C:/Users/User/cre-dealcard/[39mnode_modules/[4m@vitest/runner[24m/dist/chunk-artifact.js:1903:20

[90mstdout[2m | src/tests/e2e/posture-e2e-pipeline.test.ts[2m > [22m[2m16-Case MECE Regression Suite (?ㅼ젣 LLM ?몄텧)[2m > [22m[2mcase11_yongsan_mixed: ?⑸━?④만 蹂듯빀 援ъ삦 [trading]
[22m[39m[mobile-im-writer] Prompt variant: writer_system_v2 (v2.0), isLogistics=false, posture=trading

[90mstderr[2m | src/tests/e2e/posture-e2e-pipeline.test.ts[2m > [22m[2m16-Case MECE Regression Suite (?ㅼ젣 LLM ?몄텧)
[2m > [22m[2mcase11_yongsan_mixed: ?⑸━?④만 蹂듯빀 援ъ삦 [trading]
[22m[39m[writer] Claim violations: [
  [32m"[G38] Calculation 'ff741b84-4d37-4e2b-9ea6-84f1c6a26241': basis='NOI'?몃뜲 怨듭젣 ??ぉ???놁뒿?덈떎. ?댁쁺鍮??놁씠 NOI瑜??곗텧????
?놁뒿?덈떎."[39m,
  [32m"[G38] Calculation 'bbd6ee42-35ff-4649-817f-75e6f084a3c5': basis='NOI'?몃뜲 怨듭젣 ??ぉ???놁뒿?덈떎. ?댁쁺鍮??놁씠 NOI瑜??곗텧????
?놁뒿?덈떎."[39m,
  [32m"[G38] Calculation 'efc4712f-020e-4b5f-af74-88c7b7559093': basis='NOI'?몃뜲 怨듭젣 ??ぉ???놁뒿?덈떎. ?댁쁺鍮??놁씠 NOI瑜??곗텧????
?놁뒿?덈떎."[39m
]
[golden-im] Failed to build few-shot block: TypeError: supabase.from(...).select(...).eq(...).eq is not a function
    at buildIMFewShotBlock (C:/Users/User/cre-dealcard/src/domain/building/mobile-im/golden-im-manager.ts:134:8)
    at generateSingleSection (C:/Users/User/cre-dealcard/src/domain/building/mobile-im/im-section-generator.ts:204:30)
    at C:/Users/User/cre-dealcard/src/domain/building/mobile-im/writer.ts:161:32
    at Array.map (<anonymous>)
    at generateMobileIM (C:/Users/User/cre-dealcard/src/domain/building/mobile-im/writer.ts:159:43)
[90m    at processTicksAndRejections (node:internal/process/task_queues:103:5)[39m
    at Module.generateMobileIMHandler (C:/Users/User/cre-dealcard/src/app/api/broker/im-lite/generate/handler.ts:307:24
)
    at runPipelineForFixture (C:/Users/User/cre-dealcard/src/tests/e2e/posture-e2e-pipeline.test.ts:119:18)
    at C:/Users/User/cre-dealcard/src/tests/e2e/posture-e2e-pipeline.test.ts:325:34
    at [90mfile:///C:/Users/User/cre-dealcard/[39mnode_modules/[4m@vitest/runner[24m/dist/chunk-artifact.js:1903:20
[golden-im] Failed to build few-shot block: TypeError: supabase.from(...).select(...).eq(...).eq is not a function
    at buildIMFewShotBlock (C:/Users/User/cre-dealcard/src/domain/building/mobile-im/golden-im-manager.ts:134:8)
    at generateSingleSection (C:/Users/User/cre-dealcard/src/domain/building/mobile-im/im-section-generator.ts:204:30)
    at C:/Users/User/cre-dealcard/src/domain/building/mobile-im/writer.ts:161:32
    at Array.map (<anonymous>)
    at generateMobileIM (C:/Users/User/cre-dealcard/src/domain/building/mobile-im/writer.ts:159:43)
[90m    at processTicksAndRejections (node:internal/process/task_queues:103:5)[39m
    at Module.generateMobileIMHandler (C:/Users/User/cre-dealcard/src/app/api/broker/im-lite/generate/handler.ts:307:24
)
    at runPipelineForFixture (C:/Users/User/cre-dealcard/src/tests/e2e/posture-e2e-pipeline.test.ts:119:18)
    at C:/Users/User/cre-dealcard/src/tests/e2e/posture-e2e-pipeline.test.ts:325:34
    at [90mfile:///C:/Users/User/cre-dealcard/[39mnode_modules/[4m@vitest/runner[24m/dist/chunk-artifact.js:1903:20
[golden-im] Failed to build few-shot block: TypeError: supabase.from(...).select(...).eq(...).eq is not a function
    at buildIMFewShotBlock (C:/Users/User/cre-dealcard/src/domain/building/mobile-im/golden-im-manager.ts:134:8)
    at generateSingleSection (C:/Users/User/cre-dealcard/src/domain/building/mobile-im/im-section-generator.ts:204:30)
    at C:/Users/User/cre-dealcard/src/domain/building/mobile-im/writer.ts:161:32
    at Array.map (<anonymous>)
    at generateMobileIM (C:/Users/User/cre-dealcard/src/domain/building/mobile-im/writer.ts:159:43)
[90m    at processTicksAndRejections (node:internal/process/task_queues:103:5)[39m
    at Module.generateMobileIMHandler (C:/Users/User/cre-dealcard/src/app/api/broker/im-lite/generate/handler.ts:307:24
)
    at runPipelineForFixture (C:/Users/User/cre-dealcard/src/tests/e2e/posture-e2e-pipeline.test.ts:119:18)
    at C:/Users/User/cre-dealcard/src/tests/e2e/posture-e2e-pipeline.test.ts:325:34
    at [90mfile:///C:/Users/User/cre-dealcard/[39mnode_modules/[4m@vitest/runner[24m/dist/chunk-artifact.js:1903:20
[golden-im] Failed to build few-shot block: TypeError: supabase.from(...).select(...).eq(...).eq is not a function
    at buildIMFewShotBlock (C:/Users/User/cre-dealcard/src/domain/building/mobile-im/golden-im-manager.ts:134:8)
    at generateSingleSection (C:/Users/User/cre-dealcard/src/domain/building/mobile-im/im-section-generator.ts:204:30)
    at C:/Users/User/cre-dealcard/src/domain/building/mobile-im/writer.ts:161:32
    at Array.map (<anonymous>)
    at generateMobileIM (C:/Users/User/cre-dealcard/src/domain/building/mobile-im/writer.ts:159:43)
[90m    at processTicksAndRejections (node:internal/process/task_queues:103:5)[39m
    at Module.generateMobileIMHandler (C:/Users/User/cre-dealcard/src/app/api/broker/im-lite/generate/handler.ts:307:24
)
    at runPipelineForFixture (C:/Users/User/cre-dealcard/src/tests/e2e/posture-e2e-pipeline.test.ts:119:18)
    at C:/Users/User/cre-dealcard/src/tests/e2e/posture-e2e-pipeline.test.ts:325:34
    at [90mfile:///C:/Users/User/cre-dealcard/[39mnode_modules/[4m@vitest/runner[24m/dist/chunk-artifact.js:1903:20
[golden-im] Failed to build few-shot block: TypeError: supabase.from(...).select(...).eq(...).eq is not a function
    at buildIMFewShotBlock (C:/Users/User/cre-dealcard/src/domain/building/mobile-im/golden-im-manager.ts:134:8)
    at generateSingleSection (C:/Users/User/cre-dealcard/src/domain/building/mobile-im/im-section-generator.ts:204:30)
    at C:/Users/User/cre-dealcard/src/domain/building/mobile-im/writer.ts:161:32
    at Array.map (<anonymous>)
    at generateMobileIM (C:/Users/User/cre-dealcard/src/domain/building/mobile-im/writer.ts:159:43)
[90m    at processTicksAndRejections (node:internal/process/task_queues:103:5)[39m
    at Module.generateMobileIMHandler (C:/Users/User/cre-dealcard/src/app/api/broker/im-lite/generate/handler.ts:307:24
)
    at runPipelineForFixture (C:/Users/User/cre-dealcard/src/tests/e2e/posture-e2e-pipeline.test.ts:119:18)
    at C:/Users/User/cre-dealcard/src/tests/e2e/posture-e2e-pipeline.test.ts:325:34
    at [90mfile:///C:/Users/User/cre-dealcard/[39mnode_modules/[4m@vitest/runner[24m/dist/chunk-artifact.js:1903:20
[MockOpenAIProvider]process.env.OPENAI_API_KEY is missing or in test environment. Returning mock JSON response.
[MockOpenAIProvider]process.env.OPENAI_API_KEY is missing or in test environment. Returning mock JSON response.
[MockOpenAIProvider]process.env.OPENAI_API_KEY is missing or in test environment. Returning mock JSON response.
[MockOpenAIProvider]process.env.OPENAI_API_KEY is missing or in test environment. Returning mock JSON response.
[MockOpenAIProvider]process.env.OPENAI_API_KEY is missing or in test environment. Returning mock JSON response.

[90mstderr[2m | src/tests/e2e/real-broker-im-pipeline.test.ts[2m > [22m[2mReal Broker Commercial Income Properties
 E2E Pipeline[2m > [22m[2mG4: Physical PPTX Binary Inspection & D33/D34/D37 Rules[2m > [22m[2m[?쒖큹??1364-28][Posi
tive Pair] ?ㅼ링 怨듭떎 ?뚰듃濡?諛?Pro-forma ?뚮뜑留?臾닿껐??PASS ?⑥뼵
[22m[39m[deck-sequencer] goldilocks: 蹂몃Ц 21硫???16硫??덉궘 (遺濡?1硫?遺꾨━)

[90mstderr[2m | src/tests/e2e/posture-e2e-pipeline.test.ts[2m > [22m[2m16-Case MECE Regression Suite (?ㅼ젣 LLM ?몄텧)
[2m > [22m[2mcase11_yongsan_mixed: ?⑸━?④만 蹂듯빀 援ъ삦 [trading]
[22m[39m[terminology-normalizer] Failed to load rules from DB, using fallback: TypeError: supabase.from(...).select(.
..).eq(...).order is not a function
    at getTerminologyRules (C:/Users/User/cre-dealcard/src/domain/building/mobile-im/terminology-normalizer.ts:146:8)
    at normalizeTerminologyAsync (C:/Users/User/cre-dealcard/src/domain/building/mobile-im/terminology-normalizer.ts:24
5:23)
    at generateSingleSection (C:/Users/User/cre-dealcard/src/domain/building/mobile-im/im-section-generator.ts:392:28)
[90m    at processTicksAndRejections (node:internal/process/task_queues:103:5)[39m
    at async Promise.allSettled (index 0)
    at generateMobileIM (C:/Users/User/cre-dealcard/src/domain/building/mobile-im/writer.ts:190:23)
    at Module.generateMobileIMHandler (C:/Users/User/cre-dealcard/src/app/api/broker/im-lite/generate/handler.ts:307:24
)
    at runPipelineForFixture (C:/Users/User/cre-dealcard/src/tests/e2e/posture-e2e-pipeline.test.ts:119:18)
    at C:/Users/User/cre-dealcard/src/tests/e2e/posture-e2e-pipeline.test.ts:325:34
    at [90mfile:///C:/Users/User/cre-dealcard/[39mnode_modules/[4m@vitest/runner[24m/dist/chunk-artifact.js:1903:20
[terminology-normalizer] Failed to load rules from DB, using fallback: TypeError: supabase.from(...).select(...).eq(...
).order is not a function
    at getTerminologyRules (C:/Users/User/cre-dealcard/src/domain/building/mobile-im/terminology-normalizer.ts:146:8)
    at normalizeTerminologyAsync (C:/Users/User/cre-dealcard/src/domain/building/mobile-im/terminology-normalizer.ts:24
5:23)
    at generateSingleSection (C:/Users/User/cre-dealcard/src/domain/building/mobile-im/im-section-generator.ts:392:28)
[90m    at processTicksAndRejections (node:internal/process/task_queues:103:5)[39m
    at async Promise.allSettled (index 1)
    at generateMobileIM (C:/Users/User/cre-dealcard/src/domain/building/mobile-im/writer.ts:190:23)
    at Module.generateMobileIMHandler (C:/Users/User/cre-dealcard/src/app/api/broker/im-lite/generate/handler.ts:307:24
)
    at runPipelineForFixture (C:/Users/User/cre-dealcard/src/tests/e2e/posture-e2e-pipeline.test.ts:119:18)
    at C:/Users/User/cre-dealcard/src/tests/e2e/posture-e2e-pipeline.test.ts:325:34
    at [90mfile:///C:/Users/User/cre-dealcard/[39mnode_modules/[4m@vitest/runner[24m/dist/chunk-artifact.js:1903:20
[terminology-normalizer] Failed to load rules from DB, using fallback: TypeError: supabase.from(...).select(...).eq(...
).order is not a function
    at getTerminologyRules (C:/Users/User/cre-dealcard/src/domain/building/mobile-im/terminology-normalizer.ts:146:8)
    at normalizeTerminologyAsync (C:/Users/User/cre-dealcard/src/domain/building/mobile-im/terminology-normalizer.ts:24
5:23)
    at generateSingleSection (C:/Users/User/cre-dealcard/src/domain/building/mobile-im/im-section-generator.ts:392:28)
[90m    at processTicksAndRejections (node:internal/process/task_queues:103:5)[39m
    at async Promise.allSettled (index 2)
    at generateMobileIM (C:/Users/User/cre-dealcard/src/domain/building/mobile-im/writer.ts:190:23)
    at Module.generateMobileIMHandler (C:/Users/User/cre-dealcard/src/app/api/broker/im-lite/generate/handler.ts:307:24
)
    at runPipelineForFixture (C:/Users/User/cre-dealcard/src/tests/e2e/posture-e2e-pipeline.test.ts:119:18)
    at C:/Users/User/cre-dealcard/src/tests/e2e/posture-e2e-pipeline.test.ts:325:34
    at [90mfile:///C:/Users/User/cre-dealcard/[39mnode_modules/[4m@vitest/runner[24m/dist/chunk-artifact.js:1903:20
[terminology-normalizer] Failed to load rules from DB, using fallback: TypeError: supabase.from(...).select(...).eq(...
).order is not a function
    at getTerminologyRules (C:/Users/User/cre-dealcard/src/domain/building/mobile-im/terminology-normalizer.ts:146:8)
    at normalizeTerminologyAsync (C:/Users/User/cre-dealcard/src/domain/building/mobile-im/terminology-normalizer.ts:24
5:23)
    at generateSingleSection (C:/Users/User/cre-dealcard/src/domain/building/mobile-im/im-section-generator.ts:392:28)
[90m    at processTicksAndRejections (node:internal/process/task_queues:103:5)[39m
    at async Promise.allSettled (index 3)
    at generateMobileIM (C:/Users/User/cre-dealcard/src/domain/building/mobile-im/writer.ts:190:23)
    at Module.generateMobileIMHandler (C:/Users/User/cre-dealcard/src/app/api/broker/im-lite/generate/handler.ts:307:24
)
    at runPipelineForFixture (C:/Users/User/cre-dealcard/src/tests/e2e/posture-e2e-pipeline.test.ts:119:18)
    at C:/Users/User/cre-dealcard/src/tests/e2e/posture-e2e-pipeline.test.ts:325:34
    at [90mfile:///C:/Users/User/cre-dealcard/[39mnode_modules/[4m@vitest/runner[24m/dist/chunk-artifact.js:1903:20
[MockOpenAIProvider]process.env.OPENAI_API_KEY is missing or in test environment. Returning mock JSON response.

[90mstderr[2m | src/tests/e2e/posture-e2e-pipeline.test.ts[2m > [22m[2m16-Case MECE Regression Suite (?ㅼ젣 LLM ?몄텧)
[2m > [22m[2mcase11_yongsan_mixed: ?⑸━?④만 蹂듯빀 援ъ삦 [trading]
[22m[39m[MockOpenAIProvider]process.env.OPENAI_API_KEY is missing or in test environment. Returning mock JSON respons
e.
[MockOpenAIProvider]process.env.OPENAI_API_KEY is missing or in test environment. Returning mock JSON response.
[MockOpenAIProvider]process.env.OPENAI_API_KEY is missing or in test environment. Returning mock JSON response.
[MockOpenAIProvider]process.env.OPENAI_API_KEY is missing or in test environment. Returning mock JSON response.

[90mstderr[2m | src/tests/e2e/posture-e2e-pipeline.test.ts[2m > [22m[2m16-Case MECE Regression Suite (?ㅼ젣 LLM ?몄텧)
[2m > [22m[2mcase11_yongsan_mixed: ?⑸━?④만 蹂듯빀 援ъ삦 [trading]
[22m[39m[fewshot-tracker] Failed to update result score: TypeError: supabase.from(...).update is not a function
    at updateFewShotResultScore (C:/Users/User/cre-dealcard/src/domain/building/mobile-im/fewshot-tracker.ts:43:8)
    at generateSingleSection (C:/Users/User/cre-dealcard/src/domain/building/mobile-im/im-section-generator.ts:301:15)
[90m    at processTicksAndRejections (node:internal/process/task_queues:103:5)[39m
    at async Promise.allSettled (index 4)
    at generateMobileIM (C:/Users/User/cre-dealcard/src/domain/building/mobile-im/writer.ts:190:23)
    at Module.generateMobileIMHandler (C:/Users/User/cre-dealcard/src/app/api/broker/im-lite/generate/handler.ts:307:24
)
    at runPipelineForFixture (C:/Users/User/cre-dealcard/src/tests/e2e/posture-e2e-pipeline.test.ts:119:18)
    at C:/Users/User/cre-dealcard/src/tests/e2e/posture-e2e-pipeline.test.ts:325:34
    at [90mfile:///C:/Users/User/cre-dealcard/[39mnode_modules/[4m@vitest/runner[24m/dist/chunk-artifact.js:1903:20
[fewshot-tracker] Failed to auto-promote: TypeError: supabase.from(...).select(...).eq(...).eq is not a function
    at promoteToGoldenCandidate (C:/Users/User/cre-dealcard/src/domain/building/mobile-im/fewshot-tracker.ts:168:8)
    at generateSingleSection (C:/Users/User/cre-dealcard/src/domain/building/mobile-im/im-section-generator.ts:303:17)
[90m    at processTicksAndRejections (node:internal/process/task_queues:103:5)[39m
    at async Promise.allSettled (index 4)
    at generateMobileIM (C:/Users/User/cre-dealcard/src/domain/building/mobile-im/writer.ts:190:23)
    at Module.generateMobileIMHandler (C:/Users/User/cre-dealcard/src/app/api/broker/im-lite/generate/handler.ts:307:24
)
    at runPipelineForFixture (C:/Users/User/cre-dealcard/src/tests/e2e/posture-e2e-pipeline.test.ts:119:18)
    at C:/Users/User/cre-dealcard/src/tests/e2e/posture-e2e-pipeline.test.ts:325:34
    at [90mfile:///C:/Users/User/cre-dealcard/[39mnode_modules/[4m@vitest/runner[24m/dist/chunk-artifact.js:1903:20
[terminology-normalizer] Failed to load rules from DB, using fallback: TypeError: supabase.from(...).select(...).eq(...
).order is not a function
    at getTerminologyRules (C:/Users/User/cre-dealcard/src/domain/building/mobile-im/terminology-normalizer.ts:146:8)
    at normalizeTerminologyAsync (C:/Users/User/cre-dealcard/src/domain/building/mobile-im/terminology-normalizer.ts:24
5:23)
    at generateSingleSection (C:/Users/User/cre-dealcard/src/domain/building/mobile-im/im-section-generator.ts:392:28)
[90m    at processTicksAndRejections (node:internal/process/task_queues:103:5)[39m
    at async Promise.allSettled (index 4)
    at generateMobileIM (C:/Users/User/cre-dealcard/src/domain/building/mobile-im/writer.ts:190:23)
    at Module.generateMobileIMHandler (C:/Users/User/cre-dealcard/src/app/api/broker/im-lite/generate/handler.ts:307:24
)
    at runPipelineForFixture (C:/Users/User/cre-dealcard/src/tests/e2e/posture-e2e-pipeline.test.ts:119:18)
    at C:/Users/User/cre-dealcard/src/tests/e2e/posture-e2e-pipeline.test.ts:325:34
    at [90mfile:///C:/Users/User/cre-dealcard/[39mnode_modules/[4m@vitest/runner[24m/dist/chunk-artifact.js:1903:20

[90mstderr[2m | src/tests/e2e/posture-e2e-pipeline.test.ts[2m > [22m[2m16-Case MECE Regression Suite (?ㅼ젣 LLM ?몄텧)
[2m > [22m[2mcase11_yongsan_mixed: ?⑸━?④만 蹂듯빀 援ъ삦 [trading]
[22m[39m[MockOpenAIProvider]process.env.OPENAI_API_KEY is missing or in test environment. Returning mock JSON respons
e.

[90mstderr[2m | src/tests/e2e/posture-e2e-pipeline.test.ts[2m > [22m[2m16-Case MECE Regression Suite (?ㅼ젣 LLM ?몄텧)
[2m > [22m[2mcase11_yongsan_mixed: ?⑸━?④만 蹂듯빀 援ъ삦 [trading]
[22m[39m[golden-im] Failed to build few-shot block: TypeError: supabase.from(...).select(...).eq(...).eq is not a fun
ction
    at buildIMFewShotBlock (C:/Users/User/cre-dealcard/src/domain/building/mobile-im/golden-im-manager.ts:134:8)
    at generateSingleSection (C:/Users/User/cre-dealcard/src/domain/building/mobile-im/im-section-generator.ts:204:30)
    at generateMobileIM (C:/Users/User/cre-dealcard/src/domain/building/mobile-im/writer.ts:250:28)
[90m    at processTicksAndRejections (node:internal/process/task_queues:103:5)[39m
    at Module.generateMobileIMHandler (C:/Users/User/cre-dealcard/src/app/api/broker/im-lite/generate/handler.ts:307:24
)
    at runPipelineForFixture (C:/Users/User/cre-dealcard/src/tests/e2e/posture-e2e-pipeline.test.ts:119:18)
    at C:/Users/User/cre-dealcard/src/tests/e2e/posture-e2e-pipeline.test.ts:325:34
    at [90mfile:///C:/Users/User/cre-dealcard/[39mnode_modules/[4m@vitest/runner[24m/dist/chunk-artifact.js:1903:20

[90mstderr[2m | src/tests/e2e/posture-e2e-pipeline.test.ts[2m > [22m[2m16-Case MECE Regression Suite (?ㅼ젣 LLM ?몄텧)
[2m > [22m[2mcase11_yongsan_mixed: ?⑸━?④만 蹂듯빀 援ъ삦 [trading]
[22m[39m[MockOpenAIProvider]process.env.OPENAI_API_KEY is missing or in test environment. Returning mock JSON respons
e.

[90mstderr[2m | src/tests/e2e/posture-e2e-pipeline.test.ts[2m > [22m[2m16-Case MECE Regression Suite (?ㅼ젣 LLM ?몄텧)
[2m > [22m[2mcase11_yongsan_mixed: ?⑸━?④만 蹂듯빀 援ъ삦 [trading]
[22m[39m[terminology-normalizer] Failed to load rules from DB, using fallback: TypeError: supabase.from(...).select(.
..).eq(...).order is not a function
    at getTerminologyRules (C:/Users/User/cre-dealcard/src/domain/building/mobile-im/terminology-normalizer.ts:146:8)
    at normalizeTerminologyAsync (C:/Users/User/cre-dealcard/src/domain/building/mobile-im/terminology-normalizer.ts:24
5:23)
    at generateSingleSection (C:/Users/User/cre-dealcard/src/domain/building/mobile-im/im-section-generator.ts:392:28)
[90m    at processTicksAndRejections (node:internal/process/task_queues:103:5)[39m
    at generateMobileIM (C:/Users/User/cre-dealcard/src/domain/building/mobile-im/writer.ts:250:22)
    at Module.generateMobileIMHandler (C:/Users/User/cre-dealcard/src/app/api/broker/im-lite/generate/handler.ts:307:24
)
    at runPipelineForFixture (C:/Users/User/cre-dealcard/src/tests/e2e/posture-e2e-pipeline.test.ts:119:18)
    at C:/Users/User/cre-dealcard/src/tests/e2e/posture-e2e-pipeline.test.ts:325:34
    at [90mfile:///C:/Users/User/cre-dealcard/[39mnode_modules/[4m@vitest/runner[24m/dist/chunk-artifact.js:1903:20

[90mstderr[2m | src/tests/e2e/posture-e2e-pipeline.test.ts[2m > [22m[2m16-Case MECE Regression Suite (?ㅼ젣 LLM ?몄텧)
[2m > [22m[2mcase11_yongsan_mixed: ?⑸━?④만 蹂듯빀 援ъ삦 [trading]
[22m[39m[MockOpenAIProvider]process.env.OPENAI_API_KEY is missing or in test environment. Returning mock JSON respons
e.

[90mstderr[2m | src/tests/e2e/posture-e2e-pipeline.test.ts[2m > [22m[2m16-Case MECE Regression Suite (?ㅼ젣 LLM ?몄텧)
[2m > [22m[2mcase11_yongsan_mixed: ?⑸━?④만 蹂듯빀 援ъ삦 [trading]
[22m[39m[golden-im] Failed to build few-shot block: TypeError: supabase.from(...).select(...).eq(...).eq is not a fun
ction
    at buildIMFewShotBlock (C:/Users/User/cre-dealcard/src/domain/building/mobile-im/golden-im-manager.ts:134:8)
    at generateSingleSection (C:/Users/User/cre-dealcard/src/domain/building/mobile-im/im-section-generator.ts:204:30)
    at generateMobileIM (C:/Users/User/cre-dealcard/src/domain/building/mobile-im/writer.ts:250:28)
[90m    at processTicksAndRejections (node:internal/process/task_queues:103:5)[39m
    at Module.generateMobileIMHandler (C:/Users/User/cre-dealcard/src/app/api/broker/im-lite/generate/handler.ts:307:24
)
    at runPipelineForFixture (C:/Users/User/cre-dealcard/src/tests/e2e/posture-e2e-pipeline.test.ts:119:18)
    at C:/Users/User/cre-dealcard/src/tests/e2e/posture-e2e-pipeline.test.ts:325:34
    at [90mfile:///C:/Users/User/cre-dealcard/[39mnode_modules/[4m@vitest/runner[24m/dist/chunk-artifact.js:1903:20

[90mstderr[2m | src/tests/e2e/posture-e2e-pipeline.test.ts[2m > [22m[2m16-Case MECE Regression Suite (?ㅼ젣 LLM ?몄텧)
[2m > [22m[2mcase11_yongsan_mixed: ?⑸━?④만 蹂듯빀 援ъ삦 [trading]
[22m[39m[MockOpenAIProvider]process.env.OPENAI_API_KEY is missing or in test environment. Returning mock JSON respons
e.

[90mstderr[2m | src/tests/e2e/posture-e2e-pipeline.test.ts[2m > [22m[2m16-Case MECE Regression Suite (?ㅼ젣 LLM ?몄텧)
[2m > [22m[2mcase11_yongsan_mixed: ?⑸━?④만 蹂듯빀 援ъ삦 [trading]
[22m[39m[terminology-normalizer] Failed to load rules from DB, using fallback: TypeError: supabase.from(...).select(.
..).eq(...).order is not a function
    at getTerminologyRules (C:/Users/User/cre-dealcard/src/domain/building/mobile-im/terminology-normalizer.ts:146:8)
    at normalizeTerminologyAsync (C:/Users/User/cre-dealcard/src/domain/building/mobile-im/terminology-normalizer.ts:24
5:23)
    at generateSingleSection (C:/Users/User/cre-dealcard/src/domain/building/mobile-im/im-section-generator.ts:392:28)
[90m    at processTicksAndRejections (node:internal/process/task_queues:103:5)[39m
    at generateMobileIM (C:/Users/User/cre-dealcard/src/domain/building/mobile-im/writer.ts:250:22)
    at Module.generateMobileIMHandler (C:/Users/User/cre-dealcard/src/app/api/broker/im-lite/generate/handler.ts:307:24
)
    at runPipelineForFixture (C:/Users/User/cre-dealcard/src/tests/e2e/posture-e2e-pipeline.test.ts:119:18)
    at C:/Users/User/cre-dealcard/src/tests/e2e/posture-e2e-pipeline.test.ts:325:34
    at [90mfile:///C:/Users/User/cre-dealcard/[39mnode_modules/[4m@vitest/runner[24m/dist/chunk-artifact.js:1903:20

[90mstderr[2m | src/tests/e2e/posture-e2e-pipeline.test.ts[2m > [22m[2m16-Case MECE Regression Suite (?ㅼ젣 LLM ?몄텧)
[2m > [22m[2mcase11_yongsan_mixed: ?⑸━?④만 蹂듯빀 援ъ삦 [trading]
[22m[39m[MockOpenAIProvider]process.env.OPENAI_API_KEY is missing or in test environment. Returning mock JSON respons
e.

[90mstderr[2m | src/tests/e2e/posture-e2e-pipeline.test.ts[2m > [22m[2m16-Case MECE Regression Suite (?ㅼ젣 LLM ?몄텧)
[2m > [22m[2mcase11_yongsan_mixed: ?⑸━?④만 蹂듯빀 援ъ삦 [trading]
[22m[39m[golden-im] Failed to build few-shot block: TypeError: supabase.from(...).select(...).eq(...).eq is not a fun
ction
    at buildIMFewShotBlock (C:/Users/User/cre-dealcard/src/domain/building/mobile-im/golden-im-manager.ts:134:8)
    at generateSingleSection (C:/Users/User/cre-dealcard/src/domain/building/mobile-im/im-section-generator.ts:204:30)
    at generateMobileIM (C:/Users/User/cre-dealcard/src/domain/building/mobile-im/writer.ts:250:28)
[90m    at processTicksAndRejections (node:internal/process/task_queues:103:5)[39m
    at Module.generateMobileIMHandler (C:/Users/User/cre-dealcard/src/app/api/broker/im-lite/generate/handler.ts:307:24
)
    at runPipelineForFixture (C:/Users/User/cre-dealcard/src/tests/e2e/posture-e2e-pipeline.test.ts:119:18)
    at C:/Users/User/cre-dealcard/src/tests/e2e/posture-e2e-pipeline.test.ts:325:34
    at [90mfile:///C:/Users/User/cre-dealcard/[39mnode_modules/[4m@vitest/runner[24m/dist/chunk-artifact.js:1903:20

[90mstderr[2m | src/tests/e2e/posture-e2e-pipeline.test.ts[2m > [22m[2m16-Case MECE Regression Suite (?ㅼ젣 LLM ?몄텧)
[2m > [22m[2mcase11_yongsan_mixed: ?⑸━?④만 蹂듯빀 援ъ삦 [trading]
[22m[39m[MockOpenAIProvider]process.env.OPENAI_API_KEY is missing or in test environment. Returning mock JSON respons
e.

[90mstderr[2m | src/tests/e2e/posture-e2e-pipeline.test.ts[2m > [22m[2m16-Case MECE Regression Suite (?ㅼ젣 LLM ?몄텧)
[2m > [22m[2mcase11_yongsan_mixed: ?⑸━?④만 蹂듯빀 援ъ삦 [trading]
[22m[39m[terminology-normalizer] Failed to load rules from DB, using fallback: TypeError: supabase.from(...).select(.
..).eq(...).order is not a function
    at getTerminologyRules (C:/Users/User/cre-dealcard/src/domain/building/mobile-im/terminology-normalizer.ts:146:8)
    at normalizeTerminologyAsync (C:/Users/User/cre-dealcard/src/domain/building/mobile-im/terminology-normalizer.ts:24
5:23)
    at generateSingleSection (C:/Users/User/cre-dealcard/src/domain/building/mobile-im/im-section-generator.ts:392:28)
[90m    at processTicksAndRejections (node:internal/process/task_queues:103:5)[39m
    at generateMobileIM (C:/Users/User/cre-dealcard/src/domain/building/mobile-im/writer.ts:250:22)
    at Module.generateMobileIMHandler (C:/Users/User/cre-dealcard/src/app/api/broker/im-lite/generate/handler.ts:307:24
)
    at runPipelineForFixture (C:/Users/User/cre-dealcard/src/tests/e2e/posture-e2e-pipeline.test.ts:119:18)
    at C:/Users/User/cre-dealcard/src/tests/e2e/posture-e2e-pipeline.test.ts:325:34
    at [90mfile:///C:/Users/User/cre-dealcard/[39mnode_modules/[4m@vitest/runner[24m/dist/chunk-artifact.js:1903:20

[90mstderr[2m | src/domain/building/mobile-im/__tests__/e2e-real-property.test.ts[2m > [22m[2mE2E Real Property: ?
묓룊??媛 ?붾젅?쒕퉴??(income)[2m > [22m[2mIM ?앹꽦 ?뚯씠?꾨씪??[2m > [22m[2mE2E-YP-NO-FORBIDDEN: ?묓룊??湲덉? 異쒕젰 諛곗젣
[22m[39m[MockOpenAIProvider]process.env.OPENAI_API_KEY is missing or in test environment. Returning mock JSON respons
e.

[90mstderr[2m | src/tests/e2e/posture-e2e-pipeline.test.ts[2m > [22m[2m16-Case MECE Regression Suite (?ㅼ젣 LLM ?몄텧)
[2m > [22m[2mcase11_yongsan_mixed: ?⑸━?④만 蹂듯빀 援ъ삦 [trading]
[22m[39m[MockOpenAIProvider]process.env.OPENAI_API_KEY is missing or in test environment. Returning mock JSON respons
e.

[90mstderr[2m | src/tests/e2e/posture-e2e-pipeline.test.ts[2m > [22m[2m16-Case MECE Regression Suite (?ㅼ젣 LLM ?몄텧)
[2m > [22m[2mcase11_yongsan_mixed: ?⑸━?④만 蹂듯빀 援ъ삦 [trading]
[22m[39m[mobile-im] Publish gates blocked: [ [32m'G05'[39m, [32m'G08'[39m, [32m'G20'[39m, [32m'G24'[39m ]
[cross-validator] 援먯감 寃利?寃곌낵 ??critical: 8, warning: 0, fields: [vacancy_narrative_contradiction, vacancy_narrative_co
ntradiction, vacancy_narrative_contradiction, vacancy_narrative_contradiction, vacancy_narrative_contradiction, vacancy
_narrative_contradiction, vacancy_narrative_contradiction, vacancy_narrative_contradiction]

[90mstderr[2m | src/domain/building/mobile-im/__tests__/e2e-real-property.test.ts[2m > [22m[2mE2E Real Property: ?
묓룊??媛 ?붾젅?쒕퉴??(income)[2m > [22m[2mIM ?앹꽦 ?뚯씠?꾨씪??[2m > [22m[2mE2E-YP-NO-FORBIDDEN: ?묓룊??湲덉? 異쒕젰 諛곗젣
[22m[39m[MockOpenAIProvider]process.env.OPENAI_API_KEY is missing or in test environment. Returning mock JSON respons
e.

[90mstderr[2m | src/domain/building/mobile-im/__tests__/e2e-real-property.test.ts[2m > [22m[2mE2E Real Property: ?
묓룊??媛 ?붾젅?쒕퉴??(income)[2m > [22m[2mIM ?앹꽦 ?뚯씠?꾨씪??[2m > [22m[2mE2E-YP-NO-FORBIDDEN: ?묓룊??湲덉? 異쒕젰 諛곗젣
[22m[39m[MockOpenAIProvider]process.env.OPENAI_API_KEY is missing or in test environment. Returning mock JSON respons
e.

 [32m??[39m src/tests/e2e/yangpyeong-broker-remediation.test.ts [2m([22m[2m13 tests[22m[2m)[22m[33m 779[2mms[22m[39m
       [33m[2m??[22m[39m [Negative Pair] 諛붿씠?덈━ ?띿뒪?몄뿉 寃곗넀 蹂紐?"誘명솗蹂?) ?먮뒗 AI ?덇퀎議??쎌엯 ???몄뒪?숈뀡 ?꾨컲 移댁슫??利앷? ?⑥뼵 [33m 455[2mms[22m[39m
[90mstdout[2m | src/tests/e2e/posture-e2e-pipeline.test.ts[2m > [22m[2m16-Case MECE Regression Suite (?ㅼ젣 LLM ?몄텧)[2m > [22m[2mcase12_yeoksam_dev: ??궪 ?뚰뿤?濡??좎텞遺吏 [development]
[22m[39m[im-handler] gradeResult: B [33m61[39m directData present: [33mfalse[39m

[90mstderr[2m | src/tests/e2e/posture-e2e-pipeline.test.ts[2m > [22m[2m16-Case MECE Regression Suite (?ㅼ젣 LLM ?몄텧)
[2m > [22m[2mcase12_yeoksam_dev: ??궪 ?뚰뿤?濡??좎텞遺吏 [development]
[22m[39m[terminology-normalizer] Failed to load rules from DB, using fallback: TypeError: supabase.from(...).select(.
..).eq(...).order is not a function
    at getTerminologyRules (C:/Users/User/cre-dealcard/src/domain/building/mobile-im/terminology-normalizer.ts:146:8)
    at normalizeTerminologyAsync (C:/Users/User/cre-dealcard/src/domain/building/mobile-im/terminology-normalizer.ts:24
5:23)
    at deepNormalizeStringsAsync (C:/Users/User/cre-dealcard/src/domain/building/mobile-im/im-context-builder.ts:117:23
)
    at deepNormalizeStringsAsync (C:/Users/User/cre-dealcard/src/domain/building/mobile-im/im-context-builder.ts:126:24
)
    at buildIMContext (C:/Users/User/cre-dealcard/src/domain/building/mobile-im/im-context-builder.ts:170:24)
    at generateMobileIM (C:/Users/User/cre-dealcard/src/domain/building/mobile-im/writer.ts:76:15)
    at Module.generateMobileIMHandler (C:/Users/User/cre-dealcard/src/app/api/broker/im-lite/generate/handler.ts:307:24
)
    at runPipelineForFixture (C:/Users/User/cre-dealcard/src/tests/e2e/posture-e2e-pipeline.test.ts:119:18)
    at C:/Users/User/cre-dealcard/src/tests/e2e/posture-e2e-pipeline.test.ts:325:34
    at [90mfile:///C:/Users/User/cre-dealcard/[39mnode_modules/[4m@vitest/runner[24m/dist/chunk-artifact.js:1903:20

[90mstderr[2m | src/tests/e2e/posture-e2e-pipeline.test.ts[2m > [22m[2m16-Case MECE Regression Suite (?ㅼ젣 LLM ?몄텧)
[2m > [22m[2mcase12_yeoksam_dev: ??궪 ?뚰뿤?濡??좎텞遺吏 [development]
[22m[39m[terminology-normalizer] Failed to load rules from DB, using fallback: TypeError: supabase.from(...).select(.
..).eq(...).order is not a function
    at getTerminologyRules (C:/Users/User/cre-dealcard/src/domain/building/mobile-im/terminology-normalizer.ts:146:8)
    at normalizeTerminologyAsync (C:/Users/User/cre-dealcard/src/domain/building/mobile-im/terminology-normalizer.ts:24
5:23)
    at deepNormalizeStringsAsync (C:/Users/User/cre-dealcard/src/domain/building/mobile-im/im-context-builder.ts:117:23
)
    at deepNormalizeStringsAsync (C:/Users/User/cre-dealcard/src/domain/building/mobile-im/im-context-builder.ts:126:24
)
    at buildIMContext (C:/Users/User/cre-dealcard/src/domain/building/mobile-im/im-context-builder.ts:170:24)
    at generateMobileIM (C:/Users/User/cre-dealcard/src/domain/building/mobile-im/writer.ts:76:15)
    at Module.generateMobileIMHandler (C:/Users/User/cre-dealcard/src/app/api/broker/im-lite/generate/handler.ts:307:24
)
    at runPipelineForFixture (C:/Users/User/cre-dealcard/src/tests/e2e/posture-e2e-pipeline.test.ts:119:18)
    at C:/Users/User/cre-dealcard/src/tests/e2e/posture-e2e-pipeline.test.ts:325:34
    at [90mfile:///C:/Users/User/cre-dealcard/[39mnode_modules/[4m@vitest/runner[24m/dist/chunk-artifact.js:1903:20

[90mstderr[2m | src/tests/e2e/posture-e2e-pipeline.test.ts[2m > [22m[2m16-Case MECE Regression Suite (?ㅼ젣 LLM ?몄텧)
[2m > [22m[2mcase12_yeoksam_dev: ??궪 ?뚰뿤?濡??좎텞遺吏 [development]
[22m[39m[im-context-builder] 怨듭떎瑜??곗씠??誘명솗蹂????щТ 異붿젙移섏뿉 怨듭떎瑜?誘몃컲??
[90mstderr[2m | src/tests/e2e/posture-e2e-pipeline.test.ts[2m > [22m[2m16-Case MECE Regression Suite (?ㅼ젣 LLM ?몄텧)
[2m > [22m[2mcase12_yeoksam_dev: ??궪 ?뚰뿤?濡??좎텞遺吏 [development]
[22m[39m[CRE-RAG] Hybrid search failed: TypeError: rpcClient.rpc is not a function
    at searchSimilarIMs (C:/Users/User/cre-dealcard/src/domain/building/mobile-im/cre-rag-service.ts:60:45)
[90m    at processTicksAndRejections (node:internal/process/task_queues:103:5)[39m
    at generateRAGContext (C:/Users/User/cre-dealcard/src/domain/building/mobile-im/cre-rag-service.ts:128:16)
    at buildIMContext (C:/Users/User/cre-dealcard/src/domain/building/mobile-im/im-context-builder.ts:274:14)
    at generateMobileIM (C:/Users/User/cre-dealcard/src/domain/building/mobile-im/writer.ts:76:15)
    at Module.generateMobileIMHandler (C:/Users/User/cre-dealcard/src/app/api/broker/im-lite/generate/handler.ts:307:24
)
    at runPipelineForFixture (C:/Users/User/cre-dealcard/src/tests/e2e/posture-e2e-pipeline.test.ts:119:18)
    at C:/Users/User/cre-dealcard/src/tests/e2e/posture-e2e-pipeline.test.ts:325:34
    at [90mfile:///C:/Users/User/cre-dealcard/[39mnode_modules/[4m@vitest/runner[24m/dist/chunk-artifact.js:1903:20

[90mstdout[2m | src/tests/e2e/posture-e2e-pipeline.test.ts[2m > [22m[2m16-Case MECE Regression Suite (?ㅼ젣 LLM ?몄텧)[2m > [22m[2mcase12_yeoksam_dev: ??궪 ?뚰뿤?濡??좎텞遺吏 [development]
[22m[39m[mobile-im-writer] Prompt variant: writer_system_v1 (v1.0), isLogistics=false, posture=development

[90mstderr[2m | src/tests/e2e/posture-e2e-pipeline.test.ts[2m > [22m[2m16-Case MECE Regression Suite (?ㅼ젣 LLM ?몄텧)
[2m > [22m[2mcase12_yeoksam_dev: ??궪 ?뚰뿤?濡??좎텞遺吏 [development]
[22m[39m[writer] Claim violations: [
  [32m"[G38] Calculation '4557da59-02e7-4177-aae5-12c59b6e1448': basis='NOI'?몃뜲 怨듭젣 ??ぉ???놁뒿?덈떎. ?댁쁺鍮??놁씠 NOI瑜??곗텧????
?놁뒿?덈떎."[39m,
  [32m"[G38] Calculation '0b97834f-f0ce-419c-bed7-1d027f426ccc': basis='NOI'?몃뜲 怨듭젣 ??ぉ???놁뒿?덈떎. ?댁쁺鍮??놁씠 NOI瑜??곗텧????
?놁뒿?덈떎."[39m,
  [32m"[G38] Calculation 'd96fe83c-e824-470d-87df-16b7c045be51': basis='NOI'?몃뜲 怨듭젣 ??ぉ???놁뒿?덈떎. ?댁쁺鍮??놁씠 NOI瑜??곗텧????
?놁뒿?덈떎."[39m
]
[golden-im] Failed to build few-shot block: TypeError: supabase.from(...).select(...).eq(...).eq is not a function
    at buildIMFewShotBlock (C:/Users/User/cre-dealcard/src/domain/building/mobile-im/golden-im-manager.ts:134:8)
    at generateSingleSection (C:/Users/User/cre-dealcard/src/domain/building/mobile-im/im-section-generator.ts:204:30)
    at C:/Users/User/cre-dealcard/src/domain/building/mobile-im/writer.ts:161:32
    at Array.map (<anonymous>)
    at generateMobileIM (C:/Users/User/cre-dealcard/src/domain/building/mobile-im/writer.ts:159:43)
[90m    at processTicksAndRejections (node:internal/process/task_queues:103:5)[39m
    at Module.generateMobileIMHandler (C:/Users/User/cre-dealcard/src/app/api/broker/im-lite/generate/handler.ts:307:24
)
    at runPipelineForFixture (C:/Users/User/cre-dealcard/src/tests/e2e/posture-e2e-pipeline.test.ts:119:18)
    at C:/Users/User/cre-dealcard/src/tests/e2e/posture-e2e-pipeline.test.ts:325:34
    at [90mfile:///C:/Users/User/cre-dealcard/[39mnode_modules/[4m@vitest/runner[24m/dist/chunk-artifact.js:1903:20
[golden-im] Failed to build few-shot block: TypeError: supabase.from(...).select(...).eq(...).eq is not a function
    at buildIMFewShotBlock (C:/Users/User/cre-dealcard/src/domain/building/mobile-im/golden-im-manager.ts:134:8)
    at generateSingleSection (C:/Users/User/cre-dealcard/src/domain/building/mobile-im/im-section-generator.ts:204:30)
    at C:/Users/User/cre-dealcard/src/domain/building/mobile-im/writer.ts:161:32
    at Array.map (<anonymous>)
    at generateMobileIM (C:/Users/User/cre-dealcard/src/domain/building/mobile-im/writer.ts:159:43)
[90m    at processTicksAndRejections (node:internal/process/task_queues:103:5)[39m
    at Module.generateMobileIMHandler (C:/Users/User/cre-dealcard/src/app/api/broker/im-lite/generate/handler.ts:307:24
)
    at runPipelineForFixture (C:/Users/User/cre-dealcard/src/tests/e2e/posture-e2e-pipeline.test.ts:119:18)
    at C:/Users/User/cre-dealcard/src/tests/e2e/posture-e2e-pipeline.test.ts:325:34
    at [90mfile:///C:/Users/User/cre-dealcard/[39mnode_modules/[4m@vitest/runner[24m/dist/chunk-artifact.js:1903:20
[golden-im] Failed to build few-shot block: TypeError: supabase.from(...).select(...).eq(...).eq is not a function
    at buildIMFewShotBlock (C:/Users/User/cre-dealcard/src/domain/building/mobile-im/golden-im-manager.ts:134:8)
    at generateSingleSection (C:/Users/User/cre-dealcard/src/domain/building/mobile-im/im-section-generator.ts:204:30)
    at C:/Users/User/cre-dealcard/src/domain/building/mobile-im/writer.ts:161:32
    at Array.map (<anonymous>)
    at generateMobileIM (C:/Users/User/cre-dealcard/src/domain/building/mobile-im/writer.ts:159:43)
[90m    at processTicksAndRejections (node:internal/process/task_queues:103:5)[39m
    at Module.generateMobileIMHandler (C:/Users/User/cre-dealcard/src/app/api/broker/im-lite/generate/handler.ts:307:24
)
    at runPipelineForFixture (C:/Users/User/cre-dealcard/src/tests/e2e/posture-e2e-pipeline.test.ts:119:18)
    at C:/Users/User/cre-dealcard/src/tests/e2e/posture-e2e-pipeline.test.ts:325:34
    at [90mfile:///C:/Users/User/cre-dealcard/[39mnode_modules/[4m@vitest/runner[24m/dist/chunk-artifact.js:1903:20
[golden-im] Failed to build few-shot block: TypeError: supabase.from(...).select(...).eq(...).eq is not a function
    at buildIMFewShotBlock (C:/Users/User/cre-dealcard/src/domain/building/mobile-im/golden-im-manager.ts:134:8)
    at generateSingleSection (C:/Users/User/cre-dealcard/src/domain/building/mobile-im/im-section-generator.ts:204:30)
    at C:/Users/User/cre-dealcard/src/domain/building/mobile-im/writer.ts:161:32
    at Array.map (<anonymous>)
    at generateMobileIM (C:/Users/User/cre-dealcard/src/domain/building/mobile-im/writer.ts:159:43)
[90m    at processTicksAndRejections (node:internal/process/task_queues:103:5)[39m
    at Module.generateMobileIMHandler (C:/Users/User/cre-dealcard/src/app/api/broker/im-lite/generate/handler.ts:307:24
)
    at runPipelineForFixture (C:/Users/User/cre-dealcard/src/tests/e2e/posture-e2e-pipeline.test.ts:119:18)
    at C:/Users/User/cre-dealcard/src/tests/e2e/posture-e2e-pipeline.test.ts:325:34
    at [90mfile:///C:/Users/User/cre-dealcard/[39mnode_modules/[4m@vitest/runner[24m/dist/chunk-artifact.js:1903:20
[golden-im] Failed to build few-shot block: TypeError: supabase.from(...).select(...).eq(...).eq is not a function
    at buildIMFewShotBlock (C:/Users/User/cre-dealcard/src/domain/building/mobile-im/golden-im-manager.ts:134:8)
    at generateSingleSection (C:/Users/User/cre-dealcard/src/domain/building/mobile-im/im-section-generator.ts:204:30)
    at C:/Users/User/cre-dealcard/src/domain/building/mobile-im/writer.ts:161:32
    at Array.map (<anonymous>)
    at generateMobileIM (C:/Users/User/cre-dealcard/src/domain/building/mobile-im/writer.ts:159:43)
[90m    at processTicksAndRejections (node:internal/process/task_queues:103:5)[39m
    at Module.generateMobileIMHandler (C:/Users/User/cre-dealcard/src/app/api/broker/im-lite/generate/handler.ts:307:24
)
    at runPipelineForFixture (C:/Users/User/cre-dealcard/src/tests/e2e/posture-e2e-pipeline.test.ts:119:18)
    at C:/Users/User/cre-dealcard/src/tests/e2e/posture-e2e-pipeline.test.ts:325:34
    at [90mfile:///C:/Users/User/cre-dealcard/[39mnode_modules/[4m@vitest/runner[24m/dist/chunk-artifact.js:1903:20
[golden-im] Failed to build few-shot block: TypeError: supabase.from(...).select(...).eq(...).eq is not a function
    at buildIMFewShotBlock (C:/Users/User/cre-dealcard/src/domain/building/mobile-im/golden-im-manager.ts:134:8)
    at generateSingleSection (C:/Users/User/cre-dealcard/src/domain/building/mobile-im/im-section-generator.ts:204:30)
    at C:/Users/User/cre-dealcard/src/domain/building/mobile-im/writer.ts:161:32
    at Array.map (<anonymous>)
    at generateMobileIM (C:/Users/User/cre-dealcard/src/domain/building/mobile-im/writer.ts:159:43)
[90m    at processTicksAndRejections (node:internal/process/task_queues:103:5)[39m
    at Module.generateMobileIMHandler (C:/Users/User/cre-dealcard/src/app/api/broker/im-lite/generate/handler.ts:307:24
)
    at runPipelineForFixture (C:/Users/User/cre-dealcard/src/tests/e2e/posture-e2e-pipeline.test.ts:119:18)
    at C:/Users/User/cre-dealcard/src/tests/e2e/posture-e2e-pipeline.test.ts:325:34
    at [90mfile:///C:/Users/User/cre-dealcard/[39mnode_modules/[4m@vitest/runner[24m/dist/chunk-artifact.js:1903:20
[MockOpenAIProvider]process.env.OPENAI_API_KEY is missing or in test environment. Returning mock JSON response.
[MockOpenAIProvider]process.env.OPENAI_API_KEY is missing or in test environment. Returning mock JSON response.
[MockOpenAIProvider]process.env.OPENAI_API_KEY is missing or in test environment. Returning mock JSON response.
[MockOpenAIProvider]process.env.OPENAI_API_KEY is missing or in test environment. Returning mock JSON response.
[MockOpenAIProvider]process.env.OPENAI_API_KEY is missing or in test environment. Returning mock JSON response.
[MockOpenAIProvider]process.env.OPENAI_API_KEY is missing or in test environment. Returning mock JSON response.

[90mstderr[2m | src/tests/e2e/posture-e2e-pipeline.test.ts[2m > [22m[2m16-Case MECE Regression Suite (?ㅼ젣 LLM ?몄텧)
[2m > [22m[2mcase12_yeoksam_dev: ??궪 ?뚰뿤?濡??좎텞遺吏 [development]
[22m[39m[terminology-normalizer] Failed to load rules from DB, using fallback: TypeError: supabase.from(...).select(.
..).eq(...).order is not a function
    at getTerminologyRules (C:/Users/User/cre-dealcard/src/domain/building/mobile-im/terminology-normalizer.ts:146:8)
    at normalizeTerminologyAsync (C:/Users/User/cre-dealcard/src/domain/building/mobile-im/terminology-normalizer.ts:24
5:23)
    at generateSingleSection (C:/Users/User/cre-dealcard/src/domain/building/mobile-im/im-section-generator.ts:392:28)
[90m    at processTicksAndRejections (node:internal/process/task_queues:103:5)[39m
    at async Promise.allSettled (index 0)
    at generateMobileIM (C:/Users/User/cre-dealcard/src/domain/building/mobile-im/writer.ts:190:23)
    at Module.generateMobileIMHandler (C:/Users/User/cre-dealcard/src/app/api/broker/im-lite/generate/handler.ts:307:24
)
    at runPipelineForFixture (C:/Users/User/cre-dealcard/src/tests/e2e/posture-e2e-pipeline.test.ts:119:18)
    at C:/Users/User/cre-dealcard/src/tests/e2e/posture-e2e-pipeline.test.ts:325:34
    at [90mfile:///C:/Users/User/cre-dealcard/[39mnode_modules/[4m@vitest/runner[24m/dist/chunk-artifact.js:1903:20
[terminology-normalizer] Failed to load rules from DB, using fallback: TypeError: supabase.from(...).select(...).eq(...
).order is not a function
    at getTerminologyRules (C:/Users/User/cre-dealcard/src/domain/building/mobile-im/terminology-normalizer.ts:146:8)
    at normalizeTerminologyAsync (C:/Users/User/cre-dealcard/src/domain/building/mobile-im/terminology-normalizer.ts:24
5:23)
    at generateSingleSection (C:/Users/User/cre-dealcard/src/domain/building/mobile-im/im-section-generator.ts:392:28)
[90m    at processTicksAndRejections (node:internal/process/task_queues:103:5)[39m
    at async Promise.allSettled (index 1)
    at generateMobileIM (C:/Users/User/cre-dealcard/src/domain/building/mobile-im/writer.ts:190:23)
    at Module.generateMobileIMHandler (C:/Users/User/cre-dealcard/src/app/api/broker/im-lite/generate/handler.ts:307:24
)
    at runPipelineForFixture (C:/Users/User/cre-dealcard/src/tests/e2e/posture-e2e-pipeline.test.ts:119:18)
    at C:/Users/User/cre-dealcard/src/tests/e2e/posture-e2e-pipeline.test.ts:325:34
    at [90mfile:///C:/Users/User/cre-dealcard/[39mnode_modules/[4m@vitest/runner[24m/dist/chunk-artifact.js:1903:20
[terminology-normalizer] Failed to load rules from DB, using fallback: TypeError: supabase.from(...).select(...).eq(...
).order is not a function
    at getTerminologyRules (C:/Users/User/cre-dealcard/src/domain/building/mobile-im/terminology-normalizer.ts:146:8)
    at normalizeTerminologyAsync (C:/Users/User/cre-dealcard/src/domain/building/mobile-im/terminology-normalizer.ts:24
5:23)
    at generateSingleSection (C:/Users/User/cre-dealcard/src/domain/building/mobile-im/im-section-generator.ts:392:28)
[90m    at processTicksAndRejections (node:internal/process/task_queues:103:5)[39m
    at async Promise.allSettled (index 2)
    at generateMobileIM (C:/Users/User/cre-dealcard/src/domain/building/mobile-im/writer.ts:190:23)
    at Module.generateMobileIMHandler (C:/Users/User/cre-dealcard/src/app/api/broker/im-lite/generate/handler.ts:307:24
)
    at runPipelineForFixture (C:/Users/User/cre-dealcard/src/tests/e2e/posture-e2e-pipeline.test.ts:119:18)
    at C:/Users/User/cre-dealcard/src/tests/e2e/posture-e2e-pipeline.test.ts:325:34
    at [90mfile:///C:/Users/User/cre-dealcard/[39mnode_modules/[4m@vitest/runner[24m/dist/chunk-artifact.js:1903:20
[terminology-normalizer] Failed to load rules from DB, using fallback: TypeError: supabase.from(...).select(...).eq(...
).order is not a function
    at getTerminologyRules (C:/Users/User/cre-dealcard/src/domain/building/mobile-im/terminology-normalizer.ts:146:8)
    at normalizeTerminologyAsync (C:/Users/User/cre-dealcard/src/domain/building/mobile-im/terminology-normalizer.ts:24
5:23)
    at generateSingleSection (C:/Users/User/cre-dealcard/src/domain/building/mobile-im/im-section-generator.ts:392:28)
[90m    at processTicksAndRejections (node:internal/process/task_queues:103:5)[39m
    at async Promise.allSettled (index 3)
    at generateMobileIM (C:/Users/User/cre-dealcard/src/domain/building/mobile-im/writer.ts:190:23)
    at Module.generateMobileIMHandler (C:/Users/User/cre-dealcard/src/app/api/broker/im-lite/generate/handler.ts:307:24
)
    at runPipelineForFixture (C:/Users/User/cre-dealcard/src/tests/e2e/posture-e2e-pipeline.test.ts:119:18)
    at C:/Users/User/cre-dealcard/src/tests/e2e/posture-e2e-pipeline.test.ts:325:34
    at [90mfile:///C:/Users/User/cre-dealcard/[39mnode_modules/[4m@vitest/runner[24m/dist/chunk-artifact.js:1903:20
[MockOpenAIProvider]process.env.OPENAI_API_KEY is missing or in test environment. Returning mock JSON response.
[terminology-normalizer] Failed to load rules from DB, using fallback: TypeError: supabase.from(...).select(...).eq(...
).order is not a function
    at getTerminologyRules (C:/Users/User/cre-dealcard/src/domain/building/mobile-im/terminology-normalizer.ts:146:8)
    at normalizeTerminologyAsync (C:/Users/User/cre-dealcard/src/domain/building/mobile-im/terminology-normalizer.ts:24
5:23)
    at generateSingleSection (C:/Users/User/cre-dealcard/src/domain/building/mobile-im/im-section-generator.ts:392:28)
[90m    at processTicksAndRejections (node:internal/process/task_queues:103:5)[39m
    at async Promise.allSettled (index 5)
    at generateMobileIM (C:/Users/User/cre-dealcard/src/domain/building/mobile-im/writer.ts:190:23)
    at Module.generateMobileIMHandler (C:/Users/User/cre-dealcard/src/app/api/broker/im-lite/generate/handler.ts:307:24
)
    at runPipelineForFixture (C:/Users/User/cre-dealcard/src/tests/e2e/posture-e2e-pipeline.test.ts:119:18)
    at C:/Users/User/cre-dealcard/src/tests/e2e/posture-e2e-pipeline.test.ts:325:34
    at [90mfile:///C:/Users/User/cre-dealcard/[39mnode_modules/[4m@vitest/runner[24m/dist/chunk-artifact.js:1903:20

[90mstderr[2m | src/tests/e2e/posture-e2e-pipeline.test.ts[2m > [22m[2m16-Case MECE Regression Suite (?ㅼ젣 LLM ?몄텧)
[2m > [22m[2mcase12_yeoksam_dev: ??궪 ?뚰뿤?濡??좎텞遺吏 [development]
[22m[39m[MockOpenAIProvider]process.env.OPENAI_API_KEY is missing or in test environment. Returning mock JSON respons
e.
[MockOpenAIProvider]process.env.OPENAI_API_KEY is missing or in test environment. Returning mock JSON response.
[MockOpenAIProvider]process.env.OPENAI_API_KEY is missing or in test environment. Returning mock JSON response.
[MockOpenAIProvider]process.env.OPENAI_API_KEY is missing or in test environment. Returning mock JSON response.
[MockOpenAIProvider]process.env.OPENAI_API_KEY is missing or in test environment. Returning mock JSON response.
[fewshot-tracker] Failed to update result score: TypeError: supabase.from(...).update is not a function
    at updateFewShotResultScore (C:/Users/User/cre-dealcard/src/domain/building/mobile-im/fewshot-tracker.ts:43:8)
    at generateSingleSection (C:/Users/User/cre-dealcard/src/domain/building/mobile-im/im-section-generator.ts:301:15)
[90m    at processTicksAndRejections (node:internal/process/task_queues:103:5)[39m
    at async Promise.allSettled (index 4)
    at generateMobileIM (C:/Users/User/cre-dealcard/src/domain/building/mobile-im/writer.ts:190:23)
    at Module.generateMobileIMHandler (C:/Users/User/cre-dealcard/src/app/api/broker/im-lite/generate/handler.ts:307:24
)
    at runPipelineForFixture (C:/Users/User/cre-dealcard/src/tests/e2e/posture-e2e-pipeline.test.ts:119:18)
    at C:/Users/User/cre-dealcard/src/tests/e2e/posture-e2e-pipeline.test.ts:325:34
    at [90mfile:///C:/Users/User/cre-dealcard/[39mnode_modules/[4m@vitest/runner[24m/dist/chunk-artifact.js:1903:20
[fewshot-tracker] Failed to auto-promote: TypeError: supabase.from(...).select(...).eq(...).eq is not a function
    at promoteToGoldenCandidate (C:/Users/User/cre-dealcard/src/domain/building/mobile-im/fewshot-tracker.ts:168:8)
    at generateSingleSection (C:/Users/User/cre-dealcard/src/domain/building/mobile-im/im-section-generator.ts:303:17)
[90m    at processTicksAndRejections (node:internal/process/task_queues:103:5)[39m
    at async Promise.allSettled (index 4)
    at generateMobileIM (C:/Users/User/cre-dealcard/src/domain/building/mobile-im/writer.ts:190:23)
    at Module.generateMobileIMHandler (C:/Users/User/cre-dealcard/src/app/api/broker/im-lite/generate/handler.ts:307:24
)
    at runPipelineForFixture (C:/Users/User/cre-dealcard/src/tests/e2e/posture-e2e-pipeline.test.ts:119:18)
    at C:/Users/User/cre-dealcard/src/tests/e2e/posture-e2e-pipeline.test.ts:325:34
    at [90mfile:///C:/Users/User/cre-dealcard/[39mnode_modules/[4m@vitest/runner[24m/dist/chunk-artifact.js:1903:20
[terminology-normalizer] Failed to load rules from DB, using fallback: TypeError: supabase.from(...).select(...).eq(...
).order is not a function
    at getTerminologyRules (C:/Users/User/cre-dealcard/src/domain/building/mobile-im/terminology-normalizer.ts:146:8)
    at normalizeTerminologyAsync (C:/Users/User/cre-dealcard/src/domain/building/mobile-im/terminology-normalizer.ts:24
5:23)
    at generateSingleSection (C:/Users/User/cre-dealcard/src/domain/building/mobile-im/im-section-generator.ts:392:28)
[90m    at processTicksAndRejections (node:internal/process/task_queues:103:5)[39m
    at async Promise.allSettled (index 4)
    at generateMobileIM (C:/Users/User/cre-dealcard/src/domain/building/mobile-im/writer.ts:190:23)
    at Module.generateMobileIMHandler (C:/Users/User/cre-dealcard/src/app/api/broker/im-lite/generate/handler.ts:307:24
)
    at runPipelineForFixture (C:/Users/User/cre-dealcard/src/tests/e2e/posture-e2e-pipeline.test.ts:119:18)
    at C:/Users/User/cre-dealcard/src/tests/e2e/posture-e2e-pipeline.test.ts:325:34
    at [90mfile:///C:/Users/User/cre-dealcard/[39mnode_modules/[4m@vitest/runner[24m/dist/chunk-artifact.js:1903:20

[90mstderr[2m | src/tests/e2e/posture-e2e-pipeline.test.ts[2m > [22m[2m16-Case MECE Regression Suite (?ㅼ젣 LLM ?몄텧)
[2m > [22m[2mcase12_yeoksam_dev: ??궪 ?뚰뿤?濡??좎텞遺吏 [development]
[22m[39m[MockOpenAIProvider]process.env.OPENAI_API_KEY is missing or in test environment. Returning mock JSON respons
e.

[90mstderr[2m | src/tests/e2e/posture-e2e-pipeline.test.ts[2m > [22m[2m16-Case MECE Regression Suite (?ㅼ젣 LLM ?몄텧)
[2m > [22m[2mcase12_yeoksam_dev: ??궪 ?뚰뿤?濡??좎텞遺吏 [development]
[22m[39m[golden-im] Failed to build few-shot block: TypeError: supabase.from(...).select(...).eq(...).eq is not a fun
ction
    at buildIMFewShotBlock (C:/Users/User/cre-dealcard/src/domain/building/mobile-im/golden-im-manager.ts:134:8)
    at generateSingleSection (C:/Users/User/cre-dealcard/src/domain/building/mobile-im/im-section-generator.ts:204:30)
    at generateMobileIM (C:/Users/User/cre-dealcard/src/domain/building/mobile-im/writer.ts:250:28)
[90m    at processTicksAndRejections (node:internal/process/task_queues:103:5)[39m
    at Module.generateMobileIMHandler (C:/Users/User/cre-dealcard/src/app/api/broker/im-lite/generate/handler.ts:307:24
)
    at runPipelineForFixture (C:/Users/User/cre-dealcard/src/tests/e2e/posture-e2e-pipeline.test.ts:119:18)
    at C:/Users/User/cre-dealcard/src/tests/e2e/posture-e2e-pipeline.test.ts:325:34
    at [90mfile:///C:/Users/User/cre-dealcard/[39mnode_modules/[4m@vitest/runner[24m/dist/chunk-artifact.js:1903:20

[90mstderr[2m | src/tests/e2e/posture-e2e-pipeline.test.ts[2m > [22m[2m16-Case MECE Regression Suite (?ㅼ젣 LLM ?몄텧)
[2m > [22m[2mcase12_yeoksam_dev: ??궪 ?뚰뿤?濡??좎텞遺吏 [development]
[22m[39m[MockOpenAIProvider]process.env.OPENAI_API_KEY is missing or in test environment. Returning mock JSON respons
e.

[90mstderr[2m | src/tests/e2e/posture-e2e-pipeline.test.ts[2m > [22m[2m16-Case MECE Regression Suite (?ㅼ젣 LLM ?몄텧)
[2m > [22m[2mcase12_yeoksam_dev: ??궪 ?뚰뿤?濡??좎텞遺吏 [development]
[22m[39m[terminology-normalizer] Failed to load rules from DB, using fallback: TypeError: supabase.from(...).select(.
..).eq(...).order is not a function
    at getTerminologyRules (C:/Users/User/cre-dealcard/src/domain/building/mobile-im/terminology-normalizer.ts:146:8)
    at normalizeTerminologyAsync (C:/Users/User/cre-dealcard/src/domain/building/mobile-im/terminology-normalizer.ts:24
5:23)
    at generateSingleSection (C:/Users/User/cre-dealcard/src/domain/building/mobile-im/im-section-generator.ts:392:28)
[90m    at processTicksAndRejections (node:internal/process/task_queues:103:5)[39m
    at generateMobileIM (C:/Users/User/cre-dealcard/src/domain/building/mobile-im/writer.ts:250:22)
    at Module.generateMobileIMHandler (C:/Users/User/cre-dealcard/src/app/api/broker/im-lite/generate/handler.ts:307:24
)
    at runPipelineForFixture (C:/Users/User/cre-dealcard/src/tests/e2e/posture-e2e-pipeline.test.ts:119:18)
    at C:/Users/User/cre-dealcard/src/tests/e2e/posture-e2e-pipeline.test.ts:325:34
    at [90mfile:///C:/Users/User/cre-dealcard/[39mnode_modules/[4m@vitest/runner[24m/dist/chunk-artifact.js:1903:20

[90mstderr[2m | src/tests/e2e/posture-e2e-pipeline.test.ts[2m > [22m[2m16-Case MECE Regression Suite (?ㅼ젣 LLM ?몄텧)
[2m > [22m[2mcase12_yeoksam_dev: ??궪 ?뚰뿤?濡??좎텞遺吏 [development]
[22m[39m[MockOpenAIProvider]process.env.OPENAI_API_KEY is missing or in test environment. Returning mock JSON respons
e.

[90mstderr[2m | src/tests/e2e/posture-e2e-pipeline.test.ts[2m > [22m[2m16-Case MECE Regression Suite (?ㅼ젣 LLM ?몄텧)
[2m > [22m[2mcase12_yeoksam_dev: ??궪 ?뚰뿤?濡??좎텞遺吏 [development]
[22m[39m[golden-im] Failed to build few-shot block: TypeError: supabase.from(...).select(...).eq(...).eq is not a fun
ction
    at buildIMFewShotBlock (C:/Users/User/cre-dealcard/src/domain/building/mobile-im/golden-im-manager.ts:134:8)
    at generateSingleSection (C:/Users/User/cre-dealcard/src/domain/building/mobile-im/im-section-generator.ts:204:30)
    at generateMobileIM (C:/Users/User/cre-dealcard/src/domain/building/mobile-im/writer.ts:250:28)
[90m    at processTicksAndRejections (node:internal/process/task_queues:103:5)[39m
    at Module.generateMobileIMHandler (C:/Users/User/cre-dealcard/src/app/api/broker/im-lite/generate/handler.ts:307:24
)
    at runPipelineForFixture (C:/Users/User/cre-dealcard/src/tests/e2e/posture-e2e-pipeline.test.ts:119:18)
    at C:/Users/User/cre-dealcard/src/tests/e2e/posture-e2e-pipeline.test.ts:325:34
    at [90mfile:///C:/Users/User/cre-dealcard/[39mnode_modules/[4m@vitest/runner[24m/dist/chunk-artifact.js:1903:20

[90mstderr[2m | src/tests/e2e/posture-e2e-pipeline.test.ts[2m > [22m[2m16-Case MECE Regression Suite (?ㅼ젣 LLM ?몄텧)
[2m > [22m[2mcase12_yeoksam_dev: ??궪 ?뚰뿤?濡??좎텞遺吏 [development]
[22m[39m[MockOpenAIProvider]process.env.OPENAI_API_KEY is missing or in test environment. Returning mock JSON respons
e.

[90mstderr[2m | src/tests/e2e/posture-e2e-pipeline.test.ts[2m > [22m[2m16-Case MECE Regression Suite (?ㅼ젣 LLM ?몄텧)
[2m > [22m[2mcase12_yeoksam_dev: ??궪 ?뚰뿤?濡??좎텞遺吏 [development]
[22m[39m[terminology-normalizer] Failed to load rules from DB, using fallback: TypeError: supabase.from(...).select(.
..).eq(...).order is not a function
    at getTerminologyRules (C:/Users/User/cre-dealcard/src/domain/building/mobile-im/terminology-normalizer.ts:146:8)
    at normalizeTerminologyAsync (C:/Users/User/cre-dealcard/src/domain/building/mobile-im/terminology-normalizer.ts:24
5:23)
    at generateSingleSection (C:/Users/User/cre-dealcard/src/domain/building/mobile-im/im-section-generator.ts:392:28)
[90m    at processTicksAndRejections (node:internal/process/task_queues:103:5)[39m
    at generateMobileIM (C:/Users/User/cre-dealcard/src/domain/building/mobile-im/writer.ts:250:22)
    at Module.generateMobileIMHandler (C:/Users/User/cre-dealcard/src/app/api/broker/im-lite/generate/handler.ts:307:24
)
    at runPipelineForFixture (C:/Users/User/cre-dealcard/src/tests/e2e/posture-e2e-pipeline.test.ts:119:18)
    at C:/Users/User/cre-dealcard/src/tests/e2e/posture-e2e-pipeline.test.ts:325:34
    at [90mfile:///C:/Users/User/cre-dealcard/[39mnode_modules/[4m@vitest/runner[24m/dist/chunk-artifact.js:1903:20

[90mstderr[2m | src/tests/e2e/posture-e2e-pipeline.test.ts[2m > [22m[2m16-Case MECE Regression Suite (?ㅼ젣 LLM ?몄텧)
[2m > [22m[2mcase12_yeoksam_dev: ??궪 ?뚰뿤?濡??좎텞遺吏 [development]
[22m[39m[MockOpenAIProvider]process.env.OPENAI_API_KEY is missing or in test environment. Returning mock JSON respons
e.

[90mstderr[2m | src/tests/e2e/posture-e2e-pipeline.test.ts[2m > [22m[2m16-Case MECE Regression Suite (?ㅼ젣 LLM ?몄텧)
[2m > [22m[2mcase12_yeoksam_dev: ??궪 ?뚰뿤?濡??좎텞遺吏 [development]
[22m[39m[golden-im] Failed to build few-shot block: TypeError: supabase.from(...).select(...).eq(...).eq is not a fun
ction
    at buildIMFewShotBlock (C:/Users/User/cre-dealcard/src/domain/building/mobile-im/golden-im-manager.ts:134:8)
    at generateSingleSection (C:/Users/User/cre-dealcard/src/domain/building/mobile-im/im-section-generator.ts:204:30)
    at generateMobileIM (C:/Users/User/cre-dealcard/src/domain/building/mobile-im/writer.ts:250:28)
[90m    at processTicksAndRejections (node:internal/process/task_queues:103:5)[39m
    at Module.generateMobileIMHandler (C:/Users/User/cre-dealcard/src/app/api/broker/im-lite/generate/handler.ts:307:24
)
    at runPipelineForFixture (C:/Users/User/cre-dealcard/src/tests/e2e/posture-e2e-pipeline.test.ts:119:18)
    at C:/Users/User/cre-dealcard/src/tests/e2e/posture-e2e-pipeline.test.ts:325:34
    at [90mfile:///C:/Users/User/cre-dealcard/[39mnode_modules/[4m@vitest/runner[24m/dist/chunk-artifact.js:1903:20

[90mstderr[2m | src/tests/e2e/posture-e2e-pipeline.test.ts[2m > [22m[2m16-Case MECE Regression Suite (?ㅼ젣 LLM ?몄텧)
[2m > [22m[2mcase12_yeoksam_dev: ??궪 ?뚰뿤?濡??좎텞遺吏 [development]
[22m[39m[MockOpenAIProvider]process.env.OPENAI_API_KEY is missing or in test environment. Returning mock JSON respons
e.

[90mstderr[2m | src/tests/e2e/posture-e2e-pipeline.test.ts[2m > [22m[2m16-Case MECE Regression Suite (?ㅼ젣 LLM ?몄텧)
[2m > [22m[2mcase12_yeoksam_dev: ??궪 ?뚰뿤?濡??좎텞遺吏 [development]
[22m[39m[MockOpenAIProvider]process.env.OPENAI_API_KEY is missing or in test environment. Returning mock JSON respons
e.

[90mstderr[2m | src/tests/e2e/posture-e2e-pipeline.test.ts[2m > [22m[2m16-Case MECE Regression Suite (?ㅼ젣 LLM ?몄텧)
[2m > [22m[2mcase12_yeoksam_dev: ??궪 ?뚰뿤?濡??좎텞遺吏 [development]
[22m[39m[fewshot-tracker] Failed to update result score: TypeError: supabase.from(...).update is not a function
    at updateFewShotResultScore (C:/Users/User/cre-dealcard/src/domain/building/mobile-im/fewshot-tracker.ts:43:8)
    at generateSingleSection (C:/Users/User/cre-dealcard/src/domain/building/mobile-im/im-section-generator.ts:301:15)
[90m    at processTicksAndRejections (node:internal/process/task_queues:103:5)[39m
    at generateMobileIM (C:/Users/User/cre-dealcard/src/domain/building/mobile-im/writer.ts:250:22)
    at Module.generateMobileIMHandler (C:/Users/User/cre-dealcard/src/app/api/broker/im-lite/generate/handler.ts:307:24
)
    at runPipelineForFixture (C:/Users/User/cre-dealcard/src/tests/e2e/posture-e2e-pipeline.test.ts:119:18)
    at C:/Users/User/cre-dealcard/src/tests/e2e/posture-e2e-pipeline.test.ts:325:34
    at [90mfile:///C:/Users/User/cre-dealcard/[39mnode_modules/[4m@vitest/runner[24m/dist/chunk-artifact.js:1903:20
[fewshot-tracker] Failed to auto-promote: TypeError: supabase.from(...).select(...).eq(...).eq is not a function
    at promoteToGoldenCandidate (C:/Users/User/cre-dealcard/src/domain/building/mobile-im/fewshot-tracker.ts:168:8)
    at generateSingleSection (C:/Users/User/cre-dealcard/src/domain/building/mobile-im/im-section-generator.ts:303:17)
[90m    at processTicksAndRejections (node:internal/process/task_queues:103:5)[39m
    at generateMobileIM (C:/Users/User/cre-dealcard/src/domain/building/mobile-im/writer.ts:250:22)
    at Module.generateMobileIMHandler (C:/Users/User/cre-dealcard/src/app/api/broker/im-lite/generate/handler.ts:307:24
)
    at runPipelineForFixture (C:/Users/User/cre-dealcard/src/tests/e2e/posture-e2e-pipeline.test.ts:119:18)
    at C:/Users/User/cre-dealcard/src/tests/e2e/posture-e2e-pipeline.test.ts:325:34
    at [90mfile:///C:/Users/User/cre-dealcard/[39mnode_modules/[4m@vitest/runner[24m/dist/chunk-artifact.js:1903:20
[terminology-normalizer] Failed to load rules from DB, using fallback: TypeError: supabase.from(...).select(...).eq(...
).order is not a function
    at getTerminologyRules (C:/Users/User/cre-dealcard/src/domain/building/mobile-im/terminology-normalizer.ts:146:8)
    at normalizeTerminologyAsync (C:/Users/User/cre-dealcard/src/domain/building/mobile-im/terminology-normalizer.ts:24
5:23)
    at generateSingleSection (C:/Users/User/cre-dealcard/src/domain/building/mobile-im/im-section-generator.ts:392:28)
[90m    at processTicksAndRejections (node:internal/process/task_queues:103:5)[39m
    at generateMobileIM (C:/Users/User/cre-dealcard/src/domain/building/mobile-im/writer.ts:250:22)
    at Module.generateMobileIMHandler (C:/Users/User/cre-dealcard/src/app/api/broker/im-lite/generate/handler.ts:307:24
)
    at runPipelineForFixture (C:/Users/User/cre-dealcard/src/tests/e2e/posture-e2e-pipeline.test.ts:119:18)
    at C:/Users/User/cre-dealcard/src/tests/e2e/posture-e2e-pipeline.test.ts:325:34
    at [90mfile:///C:/Users/User/cre-dealcard/[39mnode_modules/[4m@vitest/runner[24m/dist/chunk-artifact.js:1903:20

[90mstderr[2m | src/tests/e2e/posture-e2e-pipeline.test.ts[2m > [22m[2m16-Case MECE Regression Suite (?ㅼ젣 LLM ?몄텧)
[2m > [22m[2mcase12_yeoksam_dev: ??궪 ?뚰뿤?濡??좎텞遺吏 [development]
[22m[39m[MockOpenAIProvider]process.env.OPENAI_API_KEY is missing or in test environment. Returning mock JSON respons
e.

[90mstderr[2m | src/tests/e2e/posture-e2e-pipeline.test.ts[2m > [22m[2m16-Case MECE Regression Suite (?ㅼ젣 LLM ?몄텧)
[2m > [22m[2mcase12_yeoksam_dev: ??궪 ?뚰뿤?濡??좎텞遺吏 [development]
[22m[39m[golden-im] Failed to build few-shot block: TypeError: supabase.from(...).select(...).eq(...).eq is not a fun
ction
    at buildIMFewShotBlock (C:/Users/User/cre-dealcard/src/domain/building/mobile-im/golden-im-manager.ts:134:8)
    at generateSingleSection (C:/Users/User/cre-dealcard/src/domain/building/mobile-im/im-section-generator.ts:204:30)
    at generateMobileIM (C:/Users/User/cre-dealcard/src/domain/building/mobile-im/writer.ts:250:28)
[90m    at processTicksAndRejections (node:internal/process/task_queues:103:5)[39m
    at Module.generateMobileIMHandler (C:/Users/User/cre-dealcard/src/app/api/broker/im-lite/generate/handler.ts:307:24
)
    at runPipelineForFixture (C:/Users/User/cre-dealcard/src/tests/e2e/posture-e2e-pipeline.test.ts:119:18)
    at C:/Users/User/cre-dealcard/src/tests/e2e/posture-e2e-pipeline.test.ts:325:34
    at [90mfile:///C:/Users/User/cre-dealcard/[39mnode_modules/[4m@vitest/runner[24m/dist/chunk-artifact.js:1903:20

[90mstderr[2m | src/tests/e2e/posture-e2e-pipeline.test.ts[2m > [22m[2m16-Case MECE Regression Suite (?ㅼ젣 LLM ?몄텧)
[2m > [22m[2mcase12_yeoksam_dev: ??궪 ?뚰뿤?濡??좎텞遺吏 [development]
[22m[39m[MockOpenAIProvider]process.env.OPENAI_API_KEY is missing or in test environment. Returning mock JSON respons
e.

[90mstderr[2m | src/tests/e2e/posture-e2e-pipeline.test.ts[2m > [22m[2m16-Case MECE Regression Suite (?ㅼ젣 LLM ?몄텧)
[2m > [22m[2mcase12_yeoksam_dev: ??궪 ?뚰뿤?濡??좎텞遺吏 [development]
[22m[39m[terminology-normalizer] Failed to load rules from DB, using fallback: TypeError: supabase.from(...).select(.
..).eq(...).order is not a function
    at getTerminologyRules (C:/Users/User/cre-dealcard/src/domain/building/mobile-im/terminology-normalizer.ts:146:8)
    at normalizeTerminologyAsync (C:/Users/User/cre-dealcard/src/domain/building/mobile-im/terminology-normalizer.ts:24
5:23)
    at generateSingleSection (C:/Users/User/cre-dealcard/src/domain/building/mobile-im/im-section-generator.ts:392:28)
[90m    at processTicksAndRejections (node:internal/process/task_queues:103:5)[39m
    at generateMobileIM (C:/Users/User/cre-dealcard/src/domain/building/mobile-im/writer.ts:250:22)
    at Module.generateMobileIMHandler (C:/Users/User/cre-dealcard/src/app/api/broker/im-lite/generate/handler.ts:307:24
)
    at runPipelineForFixture (C:/Users/User/cre-dealcard/src/tests/e2e/posture-e2e-pipeline.test.ts:119:18)
    at C:/Users/User/cre-dealcard/src/tests/e2e/posture-e2e-pipeline.test.ts:325:34
    at [90mfile:///C:/Users/User/cre-dealcard/[39mnode_modules/[4m@vitest/runner[24m/dist/chunk-artifact.js:1903:20

[90mstderr[2m | src/tests/e2e/posture-e2e-pipeline.test.ts[2m > [22m[2m16-Case MECE Regression Suite (?ㅼ젣 LLM ?몄텧)
[2m > [22m[2mcase12_yeoksam_dev: ??궪 ?뚰뿤?濡??좎텞遺吏 [development]
[22m[39m[MockOpenAIProvider]process.env.OPENAI_API_KEY is missing or in test environment. Returning mock JSON respons
e.

[90mstderr[2m | src/tests/e2e/posture-e2e-pipeline.test.ts[2m > [22m[2m16-Case MECE Regression Suite (?ㅼ젣 LLM ?몄텧)
[2m > [22m[2mcase12_yeoksam_dev: ??궪 ?뚰뿤?濡??좎텞遺吏 [development]
[22m[39m[mobile-im] Publish gates blocked: [ [32m'G05'[39m, [32m'G08'[39m, [32m'G20'[39m, [32m'G24'[39m ]

[90mstderr[2m | src/tests/e2e/posture-e2e-pipeline.test.ts[2m > [22m[2m16-Case MECE Regression Suite (?ㅼ젣 LLM ?몄텧)
[2m > [22m[2mcase12_yeoksam_dev: ??궪 ?뚰뿤?濡??좎텞遺吏 [development]
[22m[39m[deck-sequencer] goldilocks: 蹂몃Ц 18硫???16硫??덉궘 (遺濡?1硫?遺꾨━)

[90mstderr[2m | src/tests/e2e/posture-e2e-pipeline.test.ts[2m > [22m[2m16-Case MECE Regression Suite (?ㅼ젣 LLM ?몄텧)
[2m > [22m[2mcase12_yeoksam_dev: ??궪 ?뚰뿤?濡??좎텞遺吏 [development]
[22m[39m[BL-5] ?대갚 諛쒕룞: A08 ?щ씪?대뱶 #8 ???꾪궎??낆씠 蹂몃Ц???뚮뜑留곹븯吏 紐삵빐 留덊겕?ㅼ슫 ?대갚 ?ъ슜

[90mstderr[2m | src/domain/building/mobile-im/__tests__/l5-pipeline-e2e.test.ts[2m > [22m[2mL5: Full Pipeline E2E 
& System Invariants (25 cases)[2m > [22m[2mCRE Lexicon Standards (AGENTS.md Rule 2)[2m > [22m[2mL5-LEX-01: Must u
se standard Korean CRE terms instead of literal translations
[22m[39m[MockOpenAIProvider]process.env.OPENAI_API_KEY is missing or in test environment. Returning mock JSON respons
e.

[90mstdout[2m | src/tests/e2e/posture-e2e-pipeline.test.ts[2m > [22m[2m16-Case MECE Regression Suite (?ㅼ젣 LLM ?몄텧)[2m > [22m[2mcase13_mullae_dev: 臾몃옒??以怨듭뾽 媛쒕컻遺吏 [development]
[22m[39m[im-handler] gradeResult: B [33m61[39m directData present: [33mfalse[39m

[90mstderr[2m | src/tests/e2e/posture-e2e-pipeline.test.ts[2m > [22m[2m16-Case MECE Regression Suite (?ㅼ젣 LLM ?몄텧)
[2m > [22m[2mcase13_mullae_dev: 臾몃옒??以怨듭뾽 媛쒕컻遺吏 [development]
[22m[39m[terminology-normalizer] Failed to load rules from DB, using fallback: TypeError: supabase.from(...).select(.
..).eq(...).order is not a function
    at getTerminologyRules (C:/Users/User/cre-dealcard/src/domain/building/mobile-im/terminology-normalizer.ts:146:8)
    at normalizeTerminologyAsync (C:/Users/User/cre-dealcard/src/domain/building/mobile-im/terminology-normalizer.ts:24
5:23)
    at deepNormalizeStringsAsync (C:/Users/User/cre-dealcard/src/domain/building/mobile-im/im-context-builder.ts:117:23
)
    at deepNormalizeStringsAsync (C:/Users/User/cre-dealcard/src/domain/building/mobile-im/im-context-builder.ts:126:24
)
    at buildIMContext (C:/Users/User/cre-dealcard/src/domain/building/mobile-im/im-context-builder.ts:170:24)
    at generateMobileIM (C:/Users/User/cre-dealcard/src/domain/building/mobile-im/writer.ts:76:15)
    at Module.generateMobileIMHandler (C:/Users/User/cre-dealcard/src/app/api/broker/im-lite/generate/handler.ts:307:24
)
    at runPipelineForFixture (C:/Users/User/cre-dealcard/src/tests/e2e/posture-e2e-pipeline.test.ts:119:18)
    at C:/Users/User/cre-dealcard/src/tests/e2e/posture-e2e-pipeline.test.ts:325:34
    at [90mfile:///C:/Users/User/cre-dealcard/[39mnode_modules/[4m@vitest/runner[24m/dist/chunk-artifact.js:1903:20

[90mstderr[2m | src/tests/e2e/posture-e2e-pipeline.test.ts[2m > [22m[2m16-Case MECE Regression Suite (?ㅼ젣 LLM ?몄텧)
[2m > [22m[2mcase13_mullae_dev: 臾몃옒??以怨듭뾽 媛쒕컻遺吏 [development]
[22m[39m[terminology-normalizer] Failed to load rules from DB, using fallback: TypeError: supabase.from(...).select(.
..).eq(...).order is not a function
    at getTerminologyRules (C:/Users/User/cre-dealcard/src/domain/building/mobile-im/terminology-normalizer.ts:146:8)
    at normalizeTerminologyAsync (C:/Users/User/cre-dealcard/src/domain/building/mobile-im/terminology-normalizer.ts:24
5:23)
    at deepNormalizeStringsAsync (C:/Users/User/cre-dealcard/src/domain/building/mobile-im/im-context-builder.ts:117:23
)
    at deepNormalizeStringsAsync (C:/Users/User/cre-dealcard/src/domain/building/mobile-im/im-context-builder.ts:126:24
)
    at buildIMContext (C:/Users/User/cre-dealcard/src/domain/building/mobile-im/im-context-builder.ts:170:24)
    at generateMobileIM (C:/Users/User/cre-dealcard/src/domain/building/mobile-im/writer.ts:76:15)
    at Module.generateMobileIMHandler (C:/Users/User/cre-dealcard/src/app/api/broker/im-lite/generate/handler.ts:307:24
)
    at runPipelineForFixture (C:/Users/User/cre-dealcard/src/tests/e2e/posture-e2e-pipeline.test.ts:119:18)
    at C:/Users/User/cre-dealcard/src/tests/e2e/posture-e2e-pipeline.test.ts:325:34
    at [90mfile:///C:/Users/User/cre-dealcard/[39mnode_modules/[4m@vitest/runner[24m/dist/chunk-artifact.js:1903:20

[90mstderr[2m | src/tests/e2e/posture-e2e-pipeline.test.ts[2m > [22m[2m16-Case MECE Regression Suite (?ㅼ젣 LLM ?몄텧)
[2m > [22m[2mcase13_mullae_dev: 臾몃옒??以怨듭뾽 媛쒕컻遺吏 [development]
[22m[39m[im-context-builder] 怨듭떎瑜??곗씠??誘명솗蹂????щТ 異붿젙移섏뿉 怨듭떎瑜?誘몃컲??
[90mstderr[2m | src/domain/building/mobile-im/__tests__/l5-pipeline-e2e.test.ts[2m > [22m[2mL5: Full Pipeline E2E 
& System Invariants (25 cases)[2m > [22m[2mCRE Lexicon Standards (AGENTS.md Rule 2)[2m > [22m[2mL5-LEX-01: Must u
se standard Korean CRE terms instead of literal translations
[22m[39m[MockOpenAIProvider]process.env.OPENAI_API_KEY is missing or in test environment. Returning mock JSON respons
e.

[90mstderr[2m | src/domain/building/mobile-im/__tests__/e2e-real-property.test.ts[2m > [22m[2mE2E Real Property: ?
묓룊??媛 ?붾젅?쒕퉴??(income)[2m > [22m[2mIM ?앹꽦 ?뚯씠?꾨씪??[2m > [22m[2mE2E-YP-NO-FORBIDDEN: ?묓룊??湲덉? 異쒕젰 諛곗젣
[22m[39m[MockOpenAIProvider]process.env.OPENAI_API_KEY is missing or in test environment. Returning mock JSON respons
e.

[90mstderr[2m | src/domain/building/mobile-im/__tests__/e2e-real-property.test.ts[2m > [22m[2mE2E Real Property: ?
묓룊??媛 ?붾젅?쒕퉴??(income)[2m > [22m[2mIM ?앹꽦 ?뚯씠?꾨씪??[2m > [22m[2mE2E-YP-NO-FORBIDDEN: ?묓룊??湲덉? 異쒕젰 諛곗젣
[22m[39m[MockOpenAIProvider]process.env.OPENAI_API_KEY is missing or in test environment. Returning mock JSON respons
e.

[90mstderr[2m | src/tests/e2e/posture-e2e-pipeline.test.ts[2m > [22m[2m16-Case MECE Regression Suite (?ㅼ젣 LLM ?몄텧)
[2m > [22m[2mcase13_mullae_dev: 臾몃옒??以怨듭뾽 媛쒕컻遺吏 [development]
[22m[39m[CRE-RAG] Hybrid search failed: TypeError: rpcClient.rpc is not a function
    at searchSimilarIMs (C:/Users/User/cre-dealcard/src/domain/building/mobile-im/cre-rag-service.ts:60:45)
[90m    at processTicksAndRejections (node:internal/process/task_queues:103:5)[39m
    at generateRAGContext (C:/Users/User/cre-dealcard/src/domain/building/mobile-im/cre-rag-service.ts:128:16)
    at buildIMContext (C:/Users/User/cre-dealcard/src/domain/building/mobile-im/im-context-builder.ts:274:14)
    at generateMobileIM (C:/Users/User/cre-dealcard/src/domain/building/mobile-im/writer.ts:76:15)
    at Module.generateMobileIMHandler (C:/Users/User/cre-dealcard/src/app/api/broker/im-lite/generate/handler.ts:307:24
)
    at runPipelineForFixture (C:/Users/User/cre-dealcard/src/tests/e2e/posture-e2e-pipeline.test.ts:119:18)
    at C:/Users/User/cre-dealcard/src/tests/e2e/posture-e2e-pipeline.test.ts:325:34
    at [90mfile:///C:/Users/User/cre-dealcard/[39mnode_modules/[4m@vitest/runner[24m/dist/chunk-artifact.js:1903:20

[90mstdout[2m | src/tests/e2e/posture-e2e-pipeline.test.ts[2m > [22m[2m16-Case MECE Regression Suite (?ㅼ젣 LLM ?몄텧)[2m > [22m[2mcase13_mullae_dev: 臾몃옒??以怨듭뾽 媛쒕컻遺吏 [development]
[22m[39m[mobile-im-writer] Prompt variant: writer_system_v1 (v1.0), isLogistics=false, posture=development

[90mstderr[2m | src/tests/e2e/posture-e2e-pipeline.test.ts[2m > [22m[2m16-Case MECE Regression Suite (?ㅼ젣 LLM ?몄텧)
[2m > [22m[2mcase13_mullae_dev: 臾몃옒??以怨듭뾽 媛쒕컻遺吏 [development]
[22m[39m[writer] Claim violations: [
  [32m"[G38] Calculation 'af204fb6-8d40-4b1a-9c48-7a409129796a': basis='NOI'?몃뜲 怨듭젣 ??ぉ???놁뒿?덈떎. ?댁쁺鍮??놁씠 NOI瑜??곗텧????
?놁뒿?덈떎."[39m,
  [32m"[G38] Calculation '1e44ce56-8e37-4882-9b09-c9492df83d06': basis='NOI'?몃뜲 怨듭젣 ??ぉ???놁뒿?덈떎. ?댁쁺鍮??놁씠 NOI瑜??곗텧????
?놁뒿?덈떎."[39m,
  [32m"[G38] Calculation 'd688286a-c02b-4f3e-89d2-7d19904217f9': basis='NOI'?몃뜲 怨듭젣 ??ぉ???놁뒿?덈떎. ?댁쁺鍮??놁씠 NOI瑜??곗텧????
?놁뒿?덈떎."[39m
]
[golden-im] Failed to build few-shot block: TypeError: supabase.from(...).select(...).eq(...).eq is not a function
    at buildIMFewShotBlock (C:/Users/User/cre-dealcard/src/domain/building/mobile-im/golden-im-manager.ts:134:8)
    at generateSingleSection (C:/Users/User/cre-dealcard/src/domain/building/mobile-im/im-section-generator.ts:204:30)
    at C:/Users/User/cre-dealcard/src/domain/building/mobile-im/writer.ts:161:32
    at Array.map (<anonymous>)
    at generateMobileIM (C:/Users/User/cre-dealcard/src/domain/building/mobile-im/writer.ts:159:43)
[90m    at processTicksAndRejections (node:internal/process/task_queues:103:5)[39m
    at Module.generateMobileIMHandler (C:/Users/User/cre-dealcard/src/app/api/broker/im-lite/generate/handler.ts:307:24
)
    at runPipelineForFixture (C:/Users/User/cre-dealcard/src/tests/e2e/posture-e2e-pipeline.test.ts:119:18)
    at C:/Users/User/cre-dealcard/src/tests/e2e/posture-e2e-pipeline.test.ts:325:34
    at [90mfile:///C:/Users/User/cre-dealcard/[39mnode_modules/[4m@vitest/runner[24m/dist/chunk-artifact.js:1903:20
[golden-im] Failed to build few-shot block: TypeError: supabase.from(...).select(...).eq(...).eq is not a function
    at buildIMFewShotBlock (C:/Users/User/cre-dealcard/src/domain/building/mobile-im/golden-im-manager.ts:134:8)
    at generateSingleSection (C:/Users/User/cre-dealcard/src/domain/building/mobile-im/im-section-generator.ts:204:30)
    at C:/Users/User/cre-dealcard/src/domain/building/mobile-im/writer.ts:161:32
    at Array.map (<anonymous>)
    at generateMobileIM (C:/Users/User/cre-dealcard/src/domain/building/mobile-im/writer.ts:159:43)
[90m    at processTicksAndRejections (node:internal/process/task_queues:103:5)[39m
    at Module.generateMobileIMHandler (C:/Users/User/cre-dealcard/src/app/api/broker/im-lite/generate/handler.ts:307:24
)
    at runPipelineForFixture (C:/Users/User/cre-dealcard/src/tests/e2e/posture-e2e-pipeline.test.ts:119:18)
    at C:/Users/User/cre-dealcard/src/tests/e2e/posture-e2e-pipeline.test.ts:325:34
    at [90mfile:///C:/Users/User/cre-dealcard/[39mnode_modules/[4m@vitest/runner[24m/dist/chunk-artifact.js:1903:20
[golden-im] Failed to build few-shot block: TypeError: supabase.from(...).select(...).eq(...).eq is not a function
    at buildIMFewShotBlock (C:/Users/User/cre-dealcard/src/domain/building/mobile-im/golden-im-manager.ts:134:8)
    at generateSingleSection (C:/Users/User/cre-dealcard/src/domain/building/mobile-im/im-section-generator.ts:204:30)
    at C:/Users/User/cre-dealcard/src/domain/building/mobile-im/writer.ts:161:32
    at Array.map (<anonymous>)
    at generateMobileIM (C:/Users/User/cre-dealcard/src/domain/building/mobile-im/writer.ts:159:43)
[90m    at processTicksAndRejections (node:internal/process/task_queues:103:5)[39m
    at Module.generateMobileIMHandler (C:/Users/User/cre-dealcard/src/app/api/broker/im-lite/generate/handler.ts:307:24
)
    at runPipelineForFixture (C:/Users/User/cre-dealcard/src/tests/e2e/posture-e2e-pipeline.test.ts:119:18)
    at C:/Users/User/cre-dealcard/src/tests/e2e/posture-e2e-pipeline.test.ts:325:34
    at [90mfile:///C:/Users/User/cre-dealcard/[39mnode_modules/[4m@vitest/runner[24m/dist/chunk-artifact.js:1903:20
[golden-im] Failed to build few-shot block: TypeError: supabase.from(...).select(...).eq(...).eq is not a function
    at buildIMFewShotBlock (C:/Users/User/cre-dealcard/src/domain/building/mobile-im/golden-im-manager.ts:134:8)
    at generateSingleSection (C:/Users/User/cre-dealcard/src/domain/building/mobile-im/im-section-generator.ts:204:30)
    at C:/Users/User/cre-dealcard/src/domain/building/mobile-im/writer.ts:161:32
    at Array.map (<anonymous>)
    at generateMobileIM (C:/Users/User/cre-dealcard/src/domain/building/mobile-im/writer.ts:159:43)
[90m    at processTicksAndRejections (node:internal/process/task_queues:103:5)[39m
    at Module.generateMobileIMHandler (C:/Users/User/cre-dealcard/src/app/api/broker/im-lite/generate/handler.ts:307:24
)
    at runPipelineForFixture (C:/Users/User/cre-dealcard/src/tests/e2e/posture-e2e-pipeline.test.ts:119:18)
    at C:/Users/User/cre-dealcard/src/tests/e2e/posture-e2e-pipeline.test.ts:325:34
    at [90mfile:///C:/Users/User/cre-dealcard/[39mnode_modules/[4m@vitest/runner[24m/dist/chunk-artifact.js:1903:20
[golden-im] Failed to build few-shot block: TypeError: supabase.from(...).select(...).eq(...).eq is not a function
    at buildIMFewShotBlock (C:/Users/User/cre-dealcard/src/domain/building/mobile-im/golden-im-manager.ts:134:8)
    at generateSingleSection (C:/Users/User/cre-dealcard/src/domain/building/mobile-im/im-section-generator.ts:204:30)
    at C:/Users/User/cre-dealcard/src/domain/building/mobile-im/writer.ts:161:32
    at Array.map (<anonymous>)
    at generateMobileIM (C:/Users/User/cre-dealcard/src/domain/building/mobile-im/writer.ts:159:43)
[90m    at processTicksAndRejections (node:internal/process/task_queues:103:5)[39m
    at Module.generateMobileIMHandler (C:/Users/User/cre-dealcard/src/app/api/broker/im-lite/generate/handler.ts:307:24
)
    at runPipelineForFixture (C:/Users/User/cre-dealcard/src/tests/e2e/posture-e2e-pipeline.test.ts:119:18)
    at C:/Users/User/cre-dealcard/src/tests/e2e/posture-e2e-pipeline.test.ts:325:34
    at [90mfile:///C:/Users/User/cre-dealcard/[39mnode_modules/[4m@vitest/runner[24m/dist/chunk-artifact.js:1903:20
[golden-im] Failed to build few-shot block: TypeError: supabase.from(...).select(...).eq(...).eq is not a function
    at buildIMFewShotBlock (C:/Users/User/cre-dealcard/src/domain/building/mobile-im/golden-im-manager.ts:134:8)
    at generateSingleSection (C:/Users/User/cre-dealcard/src/domain/building/mobile-im/im-section-generator.ts:204:30)
    at C:/Users/User/cre-dealcard/src/domain/building/mobile-im/writer.ts:161:32
    at Array.map (<anonymous>)
    at generateMobileIM (C:/Users/User/cre-dealcard/src/domain/building/mobile-im/writer.ts:159:43)
[90m    at processTicksAndRejections (node:internal/process/task_queues:103:5)[39m
    at Module.generateMobileIMHandler (C:/Users/User/cre-dealcard/src/app/api/broker/im-lite/generate/handler.ts:307:24
)
    at runPipelineForFixture (C:/Users/User/cre-dealcard/src/tests/e2e/posture-e2e-pipeline.test.ts:119:18)
    at C:/Users/User/cre-dealcard/src/tests/e2e/posture-e2e-pipeline.test.ts:325:34
    at [90mfile:///C:/Users/User/cre-dealcard/[39mnode_modules/[4m@vitest/runner[24m/dist/chunk-artifact.js:1903:20
[MockOpenAIProvider]process.env.OPENAI_API_KEY is missing or in test environment. Returning mock JSON response.
[MockOpenAIProvider]process.env.OPENAI_API_KEY is missing or in test environment. Returning mock JSON response.
[MockOpenAIProvider]process.env.OPENAI_API_KEY is missing or in test environment. Returning mock JSON response.
[MockOpenAIProvider]process.env.OPENAI_API_KEY is missing or in test environment. Returning mock JSON response.
[MockOpenAIProvider]process.env.OPENAI_API_KEY is missing or in test environment. Returning mock JSON response.
[MockOpenAIProvider]process.env.OPENAI_API_KEY is missing or in test environment. Returning mock JSON response.

[90mstderr[2m | src/tests/e2e/posture-e2e-pipeline.test.ts[2m > [22m[2m16-Case MECE Regression Suite (?ㅼ젣 LLM ?몄텧)
[2m > [22m[2mcase13_mullae_dev: 臾몃옒??以怨듭뾽 媛쒕컻遺吏 [development]
[22m[39m[MockOpenAIProvider]process.env.OPENAI_API_KEY is missing or in test environment. Returning mock JSON respons
e.
[terminology-normalizer] Failed to load rules from DB, using fallback: TypeError: supabase.from(...).select(...).eq(...
).order is not a function
    at getTerminologyRules (C:/Users/User/cre-dealcard/src/domain/building/mobile-im/terminology-normalizer.ts:146:8)
    at normalizeTerminologyAsync (C:/Users/User/cre-dealcard/src/domain/building/mobile-im/terminology-normalizer.ts:24
5:23)
    at generateSingleSection (C:/Users/User/cre-dealcard/src/domain/building/mobile-im/im-section-generator.ts:392:28)
[90m    at processTicksAndRejections (node:internal/process/task_queues:103:5)[39m
    at async Promise.allSettled (index 1)
    at generateMobileIM (C:/Users/User/cre-dealcard/src/domain/building/mobile-im/writer.ts:190:23)
    at Module.generateMobileIMHandler (C:/Users/User/cre-dealcard/src/app/api/broker/im-lite/generate/handler.ts:307:24
)
    at runPipelineForFixture (C:/Users/User/cre-dealcard/src/tests/e2e/posture-e2e-pipeline.test.ts:119:18)
    at C:/Users/User/cre-dealcard/src/tests/e2e/posture-e2e-pipeline.test.ts:325:34
    at [90mfile:///C:/Users/User/cre-dealcard/[39mnode_modules/[4m@vitest/runner[24m/dist/chunk-artifact.js:1903:20
[terminology-normalizer] Failed to load rules from DB, using fallback: TypeError: supabase.from(...).select(...).eq(...
).order is not a function
    at getTerminologyRules (C:/Users/User/cre-dealcard/src/domain/building/mobile-im/terminology-normalizer.ts:146:8)
    at normalizeTerminologyAsync (C:/Users/User/cre-dealcard/src/domain/building/mobile-im/terminology-normalizer.ts:24
5:23)
    at generateSingleSection (C:/Users/User/cre-dealcard/src/domain/building/mobile-im/im-section-generator.ts:392:28)
[90m    at processTicksAndRejections (node:internal/process/task_queues:103:5)[39m
    at async Promise.allSettled (index 2)
    at generateMobileIM (C:/Users/User/cre-dealcard/src/domain/building/mobile-im/writer.ts:190:23)
    at Module.generateMobileIMHandler (C:/Users/User/cre-dealcard/src/app/api/broker/im-lite/generate/handler.ts:307:24
)
    at runPipelineForFixture (C:/Users/User/cre-dealcard/src/tests/e2e/posture-e2e-pipeline.test.ts:119:18)
    at C:/Users/User/cre-dealcard/src/tests/e2e/posture-e2e-pipeline.test.ts:325:34
    at [90mfile:///C:/Users/User/cre-dealcard/[39mnode_modules/[4m@vitest/runner[24m/dist/chunk-artifact.js:1903:20
[terminology-normalizer] Failed to load rules from DB, using fallback: TypeError: supabase.from(...).select(...).eq(...
).order is not a function
    at getTerminologyRules (C:/Users/User/cre-dealcard/src/domain/building/mobile-im/terminology-normalizer.ts:146:8)
    at normalizeTerminologyAsync (C:/Users/User/cre-dealcard/src/domain/building/mobile-im/terminology-normalizer.ts:24
5:23)
    at generateSingleSection (C:/Users/User/cre-dealcard/src/domain/building/mobile-im/im-section-generator.ts:392:28)
[90m    at processTicksAndRejections (node:internal/process/task_queues:103:5)[39m
    at async Promise.allSettled (index 3)
    at generateMobileIM (C:/Users/User/cre-dealcard/src/domain/building/mobile-im/writer.ts:190:23)
    at Module.generateMobileIMHandler (C:/Users/User/cre-dealcard/src/app/api/broker/im-lite/generate/handler.ts:307:24
)
    at runPipelineForFixture (C:/Users/User/cre-dealcard/src/tests/e2e/posture-e2e-pipeline.test.ts:119:18)
    at C:/Users/User/cre-dealcard/src/tests/e2e/posture-e2e-pipeline.test.ts:325:34
    at [90mfile:///C:/Users/User/cre-dealcard/[39mnode_modules/[4m@vitest/runner[24m/dist/chunk-artifact.js:1903:20
[terminology-normalizer] Failed to load rules from DB, using fallback: TypeError: supabase.from(...).select(...).eq(...
).order is not a function
    at getTerminologyRules (C:/Users/User/cre-dealcard/src/domain/building/mobile-im/terminology-normalizer.ts:146:8)
    at normalizeTerminologyAsync (C:/Users/User/cre-dealcard/src/domain/building/mobile-im/terminology-normalizer.ts:24
5:23)
    at generateSingleSection (C:/Users/User/cre-dealcard/src/domain/building/mobile-im/im-section-generator.ts:392:28)
[90m    at processTicksAndRejections (node:internal/process/task_queues:103:5)[39m
    at async Promise.allSettled (index 4)
    at generateMobileIM (C:/Users/User/cre-dealcard/src/domain/building/mobile-im/writer.ts:190:23)
    at Module.generateMobileIMHandler (C:/Users/User/cre-dealcard/src/app/api/broker/im-lite/generate/handler.ts:307:24
)
    at runPipelineForFixture (C:/Users/User/cre-dealcard/src/tests/e2e/posture-e2e-pipeline.test.ts:119:18)
    at C:/Users/User/cre-dealcard/src/tests/e2e/posture-e2e-pipeline.test.ts:325:34
    at [90mfile:///C:/Users/User/cre-dealcard/[39mnode_modules/[4m@vitest/runner[24m/dist/chunk-artifact.js:1903:20
[MockOpenAIProvider]process.env.OPENAI_API_KEY is missing or in test environment. Returning mock JSON response.

[90mstderr[2m | src/tests/e2e/posture-e2e-pipeline.test.ts[2m > [22m[2m16-Case MECE Regression Suite (?ㅼ젣 LLM ?몄텧)
[2m > [22m[2mcase13_mullae_dev: 臾몃옒??以怨듭뾽 媛쒕컻遺吏 [development]
[22m[39m[MockOpenAIProvider]process.env.OPENAI_API_KEY is missing or in test environment. Returning mock JSON respons
e.
[MockOpenAIProvider]process.env.OPENAI_API_KEY is missing or in test environment. Returning mock JSON response.
[MockOpenAIProvider]process.env.OPENAI_API_KEY is missing or in test environment. Returning mock JSON response.
[MockOpenAIProvider]process.env.OPENAI_API_KEY is missing or in test environment. Returning mock JSON response.
[fewshot-tracker] Failed to update result score: TypeError: supabase.from(...).update is not a function
    at updateFewShotResultScore (C:/Users/User/cre-dealcard/src/domain/building/mobile-im/fewshot-tracker.ts:43:8)
    at generateSingleSection (C:/Users/User/cre-dealcard/src/domain/building/mobile-im/im-section-generator.ts:301:15)
[90m    at processTicksAndRejections (node:internal/process/task_queues:103:5)[39m
    at async Promise.allSettled (index 0)
    at generateMobileIM (C:/Users/User/cre-dealcard/src/domain/building/mobile-im/writer.ts:190:23)
    at Module.generateMobileIMHandler (C:/Users/User/cre-dealcard/src/app/api/broker/im-lite/generate/handler.ts:307:24
)
    at runPipelineForFixture (C:/Users/User/cre-dealcard/src/tests/e2e/posture-e2e-pipeline.test.ts:119:18)
    at C:/Users/User/cre-dealcard/src/tests/e2e/posture-e2e-pipeline.test.ts:325:34
    at [90mfile:///C:/Users/User/cre-dealcard/[39mnode_modules/[4m@vitest/runner[24m/dist/chunk-artifact.js:1903:20
[fewshot-tracker] Failed to auto-promote: TypeError: supabase.from(...).select(...).eq(...).eq is not a function
    at promoteToGoldenCandidate (C:/Users/User/cre-dealcard/src/domain/building/mobile-im/fewshot-tracker.ts:168:8)
    at generateSingleSection (C:/Users/User/cre-dealcard/src/domain/building/mobile-im/im-section-generator.ts:303:17)
[90m    at processTicksAndRejections (node:internal/process/task_queues:103:5)[39m
    at async Promise.allSettled (index 0)
    at generateMobileIM (C:/Users/User/cre-dealcard/src/domain/building/mobile-im/writer.ts:190:23)
    at Module.generateMobileIMHandler (C:/Users/User/cre-dealcard/src/app/api/broker/im-lite/generate/handler.ts:307:24
)
    at runPipelineForFixture (C:/Users/User/cre-dealcard/src/tests/e2e/posture-e2e-pipeline.test.ts:119:18)
    at C:/Users/User/cre-dealcard/src/tests/e2e/posture-e2e-pipeline.test.ts:325:34
    at [90mfile:///C:/Users/User/cre-dealcard/[39mnode_modules/[4m@vitest/runner[24m/dist/chunk-artifact.js:1903:20
[terminology-normalizer] Failed to load rules from DB, using fallback: TypeError: supabase.from(...).select(...).eq(...
).order is not a function
    at getTerminologyRules (C:/Users/User/cre-dealcard/src/domain/building/mobile-im/terminology-normalizer.ts:146:8)
    at normalizeTerminologyAsync (C:/Users/User/cre-dealcard/src/domain/building/mobile-im/terminology-normalizer.ts:24
5:23)
    at generateSingleSection (C:/Users/User/cre-dealcard/src/domain/building/mobile-im/im-section-generator.ts:392:28)
[90m    at processTicksAndRejections (node:internal/process/task_queues:103:5)[39m
    at async Promise.allSettled (index 0)
    at generateMobileIM (C:/Users/User/cre-dealcard/src/domain/building/mobile-im/writer.ts:190:23)
    at Module.generateMobileIMHandler (C:/Users/User/cre-dealcard/src/app/api/broker/im-lite/generate/handler.ts:307:24
)
    at runPipelineForFixture (C:/Users/User/cre-dealcard/src/tests/e2e/posture-e2e-pipeline.test.ts:119:18)
    at C:/Users/User/cre-dealcard/src/tests/e2e/posture-e2e-pipeline.test.ts:325:34
    at [90mfile:///C:/Users/User/cre-dealcard/[39mnode_modules/[4m@vitest/runner[24m/dist/chunk-artifact.js:1903:20
[fewshot-tracker] Failed to update result score: TypeError: supabase.from(...).update is not a function
    at updateFewShotResultScore (C:/Users/User/cre-dealcard/src/domain/building/mobile-im/fewshot-tracker.ts:43:8)
    at generateSingleSection (C:/Users/User/cre-dealcard/src/domain/building/mobile-im/im-section-generator.ts:301:15)
[90m    at processTicksAndRejections (node:internal/process/task_queues:103:5)[39m
    at async Promise.allSettled (index 5)
    at generateMobileIM (C:/Users/User/cre-dealcard/src/domain/building/mobile-im/writer.ts:190:23)
    at Module.generateMobileIMHandler (C:/Users/User/cre-dealcard/src/app/api/broker/im-lite/generate/handler.ts:307:24
)
    at runPipelineForFixture (C:/Users/User/cre-dealcard/src/tests/e2e/posture-e2e-pipeline.test.ts:119:18)
    at C:/Users/User/cre-dealcard/src/tests/e2e/posture-e2e-pipeline.test.ts:325:34
    at [90mfile:///C:/Users/User/cre-dealcard/[39mnode_modules/[4m@vitest/runner[24m/dist/chunk-artifact.js:1903:20
[fewshot-tracker] Failed to auto-promote: TypeError: supabase.from(...).select(...).eq(...).eq is not a function
    at promoteToGoldenCandidate (C:/Users/User/cre-dealcard/src/domain/building/mobile-im/fewshot-tracker.ts:168:8)
    at generateSingleSection (C:/Users/User/cre-dealcard/src/domain/building/mobile-im/im-section-generator.ts:303:17)
[90m    at processTicksAndRejections (node:internal/process/task_queues:103:5)[39m
    at async Promise.allSettled (index 5)
    at generateMobileIM (C:/Users/User/cre-dealcard/src/domain/building/mobile-im/writer.ts:190:23)
    at Module.generateMobileIMHandler (C:/Users/User/cre-dealcard/src/app/api/broker/im-lite/generate/handler.ts:307:24
)
    at runPipelineForFixture (C:/Users/User/cre-dealcard/src/tests/e2e/posture-e2e-pipeline.test.ts:119:18)
    at C:/Users/User/cre-dealcard/src/tests/e2e/posture-e2e-pipeline.test.ts:325:34
    at [90mfile:///C:/Users/User/cre-dealcard/[39mnode_modules/[4m@vitest/runner[24m/dist/chunk-artifact.js:1903:20
[terminology-normalizer] Failed to load rules from DB, using fallback: TypeError: supabase.from(...).select(...).eq(...
).order is not a function
    at getTerminologyRules (C:/Users/User/cre-dealcard/src/domain/building/mobile-im/terminology-normalizer.ts:146:8)
    at normalizeTerminologyAsync (C:/Users/User/cre-dealcard/src/domain/building/mobile-im/terminology-normalizer.ts:24
5:23)
    at generateSingleSection (C:/Users/User/cre-dealcard/src/domain/building/mobile-im/im-section-generator.ts:392:28)
[90m    at processTicksAndRejections (node:internal/process/task_queues:103:5)[39m
    at async Promise.allSettled (index 5)
    at generateMobileIM (C:/Users/User/cre-dealcard/src/domain/building/mobile-im/writer.ts:190:23)
    at Module.generateMobileIMHandler (C:/Users/User/cre-dealcard/src/app/api/broker/im-lite/generate/handler.ts:307:24
)
    at runPipelineForFixture (C:/Users/User/cre-dealcard/src/tests/e2e/posture-e2e-pipeline.test.ts:119:18)
    at C:/Users/User/cre-dealcard/src/tests/e2e/posture-e2e-pipeline.test.ts:325:34
    at [90mfile:///C:/Users/User/cre-dealcard/[39mnode_modules/[4m@vitest/runner[24m/dist/chunk-artifact.js:1903:20

[90mstderr[2m | src/tests/e2e/posture-e2e-pipeline.test.ts[2m > [22m[2m16-Case MECE Regression Suite (?ㅼ젣 LLM ?몄텧)
[2m > [22m[2mcase13_mullae_dev: 臾몃옒??以怨듭뾽 媛쒕컻遺吏 [development]
[22m[39m[MockOpenAIProvider]process.env.OPENAI_API_KEY is missing or in test environment. Returning mock JSON respons
e.
[MockOpenAIProvider]process.env.OPENAI_API_KEY is missing or in test environment. Returning mock JSON response.

[90mstderr[2m | src/tests/e2e/posture-e2e-pipeline.test.ts[2m > [22m[2m16-Case MECE Regression Suite (?ㅼ젣 LLM ?몄텧)
[2m > [22m[2mcase13_mullae_dev: 臾몃옒??以怨듭뾽 媛쒕컻遺吏 [development]
[22m[39m[golden-im] Failed to build few-shot block: TypeError: supabase.from(...).select(...).eq(...).eq is not a fun
ction
    at buildIMFewShotBlock (C:/Users/User/cre-dealcard/src/domain/building/mobile-im/golden-im-manager.ts:134:8)
    at generateSingleSection (C:/Users/User/cre-dealcard/src/domain/building/mobile-im/im-section-generator.ts:204:30)
    at generateMobileIM (C:/Users/User/cre-dealcard/src/domain/building/mobile-im/writer.ts:250:28)
[90m    at processTicksAndRejections (node:internal/process/task_queues:103:5)[39m
    at Module.generateMobileIMHandler (C:/Users/User/cre-dealcard/src/app/api/broker/im-lite/generate/handler.ts:307:24
)
    at runPipelineForFixture (C:/Users/User/cre-dealcard/src/tests/e2e/posture-e2e-pipeline.test.ts:119:18)
    at C:/Users/User/cre-dealcard/src/tests/e2e/posture-e2e-pipeline.test.ts:325:34
    at [90mfile:///C:/Users/User/cre-dealcard/[39mnode_modules/[4m@vitest/runner[24m/dist/chunk-artifact.js:1903:20

[90mstderr[2m | src/domain/building/mobile-im/__tests__/e2e-real-property.test.ts[2m > [22m[2mE2E Real Property: ?
묓룊??媛 ?붾젅?쒕퉴??(income)[2m > [22m[2mIM ?앹꽦 ?뚯씠?꾨씪??[2m > [22m[2mE2E-YP-NO-FORBIDDEN: ?묓룊??湲덉? 異쒕젰 諛곗젣
[22m[39m[MockOpenAIProvider]process.env.OPENAI_API_KEY is missing or in test environment. Returning mock JSON respons
e.

[90mstderr[2m | src/tests/e2e/posture-e2e-pipeline.test.ts[2m > [22m[2m16-Case MECE Regression Suite (?ㅼ젣 LLM ?몄텧)
[2m > [22m[2mcase13_mullae_dev: 臾몃옒??以怨듭뾽 媛쒕컻遺吏 [development]
[22m[39m[MockOpenAIProvider]process.env.OPENAI_API_KEY is missing or in test environment. Returning mock JSON respons
e.

[90mstderr[2m | src/tests/e2e/posture-e2e-pipeline.test.ts[2m > [22m[2m16-Case MECE Regression Suite (?ㅼ젣 LLM ?몄텧)
[2m > [22m[2mcase13_mullae_dev: 臾몃옒??以怨듭뾽 媛쒕컻遺吏 [development]
[22m[39m[terminology-normalizer] Failed to load rules from DB, using fallback: TypeError: supabase.from(...).select(.
..).eq(...).order is not a function
    at getTerminologyRules (C:/Users/User/cre-dealcard/src/domain/building/mobile-im/terminology-normalizer.ts:146:8)
    at normalizeTerminologyAsync (C:/Users/User/cre-dealcard/src/domain/building/mobile-im/terminology-normalizer.ts:24
5:23)
    at generateSingleSection (C:/Users/User/cre-dealcard/src/domain/building/mobile-im/im-section-generator.ts:392:28)
[90m    at processTicksAndRejections (node:internal/process/task_queues:103:5)[39m
    at generateMobileIM (C:/Users/User/cre-dealcard/src/domain/building/mobile-im/writer.ts:250:22)
    at Module.generateMobileIMHandler (C:/Users/User/cre-dealcard/src/app/api/broker/im-lite/generate/handler.ts:307:24
)
    at runPipelineForFixture (C:/Users/User/cre-dealcard/src/tests/e2e/posture-e2e-pipeline.test.ts:119:18)
    at C:/Users/User/cre-dealcard/src/tests/e2e/posture-e2e-pipeline.test.ts:325:34
    at [90mfile:///C:/Users/User/cre-dealcard/[39mnode_modules/[4m@vitest/runner[24m/dist/chunk-artifact.js:1903:20

[90mstderr[2m | src/tests/e2e/posture-e2e-pipeline.test.ts[2m > [22m[2m16-Case MECE Regression Suite (?ㅼ젣 LLM ?몄텧)
[2m > [22m[2mcase13_mullae_dev: 臾몃옒??以怨듭뾽 媛쒕컻遺吏 [development]
[22m[39m[MockOpenAIProvider]process.env.OPENAI_API_KEY is missing or in test environment. Returning mock JSON respons
e.

[90mstderr[2m | src/tests/e2e/posture-e2e-pipeline.test.ts[2m > [22m[2m16-Case MECE Regression Suite (?ㅼ젣 LLM ?몄텧)
[2m > [22m[2mcase13_mullae_dev: 臾몃옒??以怨듭뾽 媛쒕컻遺吏 [development]
[22m[39m[golden-im] Failed to build few-shot block: TypeError: supabase.from(...).select(...).eq(...).eq is not a fun
ction
    at buildIMFewShotBlock (C:/Users/User/cre-dealcard/src/domain/building/mobile-im/golden-im-manager.ts:134:8)
    at generateSingleSection (C:/Users/User/cre-dealcard/src/domain/building/mobile-im/im-section-generator.ts:204:30)
    at generateMobileIM (C:/Users/User/cre-dealcard/src/domain/building/mobile-im/writer.ts:250:28)
[90m    at processTicksAndRejections (node:internal/process/task_queues:103:5)[39m
    at Module.generateMobileIMHandler (C:/Users/User/cre-dealcard/src/app/api/broker/im-lite/generate/handler.ts:307:24
)
    at runPipelineForFixture (C:/Users/User/cre-dealcard/src/tests/e2e/posture-e2e-pipeline.test.ts:119:18)
    at C:/Users/User/cre-dealcard/src/tests/e2e/posture-e2e-pipeline.test.ts:325:34
    at [90mfile:///C:/Users/User/cre-dealcard/[39mnode_modules/[4m@vitest/runner[24m/dist/chunk-artifact.js:1903:20

[90mstderr[2m | src/tests/e2e/posture-e2e-pipeline.test.ts[2m > [22m[2m16-Case MECE Regression Suite (?ㅼ젣 LLM ?몄텧)
[2m > [22m[2mcase13_mullae_dev: 臾몃옒??以怨듭뾽 媛쒕컻遺吏 [development]
[22m[39m[MockOpenAIProvider]process.env.OPENAI_API_KEY is missing or in test environment. Returning mock JSON respons
e.

[90mstderr[2m | src/tests/e2e/posture-e2e-pipeline.test.ts[2m > [22m[2m16-Case MECE Regression Suite (?ㅼ젣 LLM ?몄텧)
[2m > [22m[2mcase13_mullae_dev: 臾몃옒??以怨듭뾽 媛쒕컻遺吏 [development]
[22m[39m[terminology-normalizer] Failed to load rules from DB, using fallback: TypeError: supabase.from(...).select(.
..).eq(...).order is not a function
    at getTerminologyRules (C:/Users/User/cre-dealcard/src/domain/building/mobile-im/terminology-normalizer.ts:146:8)
    at normalizeTerminologyAsync (C:/Users/User/cre-dealcard/src/domain/building/mobile-im/terminology-normalizer.ts:24
5:23)
    at generateSingleSection (C:/Users/User/cre-dealcard/src/domain/building/mobile-im/im-section-generator.ts:392:28)
[90m    at processTicksAndRejections (node:internal/process/task_queues:103:5)[39m
    at generateMobileIM (C:/Users/User/cre-dealcard/src/domain/building/mobile-im/writer.ts:250:22)
    at Module.generateMobileIMHandler (C:/Users/User/cre-dealcard/src/app/api/broker/im-lite/generate/handler.ts:307:24
)
    at runPipelineForFixture (C:/Users/User/cre-dealcard/src/tests/e2e/posture-e2e-pipeline.test.ts:119:18)
    at C:/Users/User/cre-dealcard/src/tests/e2e/posture-e2e-pipeline.test.ts:325:34
    at [90mfile:///C:/Users/User/cre-dealcard/[39mnode_modules/[4m@vitest/runner[24m/dist/chunk-artifact.js:1903:20

[90mstderr[2m | src/tests/api/parse-memo.test.ts[2m > [22m[2mFeature 3: Memo Intake E2E & Production Assertions (/
api/broker/im-lite/parse-memo)[2m > [22m[2mTC-ROBUST-01-NEG-D [Negative Pair]: AI response with parse/zod failure re
turns 422 PARSE_FAILED
[22m[39m[parse-memo] Error: AI response JSON parse error

[90mstderr[2m | src/tests/unit/pptx-studio/pptx-challenger-m34-1.test.ts[2m > [22m[2mAdversarial Challenger M34-1:
 Hardening & Stress Suite[2m > [22m[2mMission 4: Rule 10 Slide Limit Hardness[2m > [22m[2mCH-25: Provides deck se
quence with 22 body slides and 4 appendix slides, strictly trimming body to <= 16 while preserving all 4 appendices
[22m[39m[deck-sequencer] goldilocks: 蹂몃Ц 22硫???16硫??덉궘 (遺濡?4硫?遺꾨━)

[90mstderr[2m | src/tests/e2e/posture-e2e-pipeline.test.ts[2m > [22m[2m16-Case MECE Regression Suite (?ㅼ젣 LLM ?몄텧)
[2m > [22m[2mcase13_mullae_dev: 臾몃옒??以怨듭뾽 媛쒕컻遺吏 [development]
[22m[39m[MockOpenAIProvider]process.env.OPENAI_API_KEY is missing or in test environment. Returning mock JSON respons
e.

[90mstderr[2m | src/tests/api/parse-memo.test.ts[2m > [22m[2mFeature 3: Memo Intake E2E & Production Assertions (/
api/broker/im-lite/parse-memo)[2m > [22m[2mTC-ROBUST-01-NEG-E [Negative Pair]: Unexpected AI server error returns 50
0 AI_ERROR
[22m[39m[parse-memo] Error: OpenAI API connection timed out

[90mstderr[2m | src/tests/e2e/posture-e2e-pipeline.test.ts[2m > [22m[2m16-Case MECE Regression Suite (?ㅼ젣 LLM ?몄텧)
[2m > [22m[2mcase13_mullae_dev: 臾몃옒??以怨듭뾽 媛쒕컻遺吏 [development]
[22m[39m[golden-im] Failed to build few-shot block: TypeError: supabase.from(...).select(...).eq(...).eq is not a fun
ction
    at buildIMFewShotBlock (C:/Users/User/cre-dealcard/src/domain/building/mobile-im/golden-im-manager.ts:134:8)
    at generateSingleSection (C:/Users/User/cre-dealcard/src/domain/building/mobile-im/im-section-generator.ts:204:30)
    at generateMobileIM (C:/Users/User/cre-dealcard/src/domain/building/mobile-im/writer.ts:250:28)
[90m    at processTicksAndRejections (node:internal/process/task_queues:103:5)[39m
    at Module.generateMobileIMHandler (C:/Users/User/cre-dealcard/src/app/api/broker/im-lite/generate/handler.ts:307:24
)
    at runPipelineForFixture (C:/Users/User/cre-dealcard/src/tests/e2e/posture-e2e-pipeline.test.ts:119:18)
    at C:/Users/User/cre-dealcard/src/tests/e2e/posture-e2e-pipeline.test.ts:325:34
 [32m??[39m src/tests/api/parse-memo.test.ts [2m([22m[2m19 tests[22m[2m)[22m[33m 363[2mms[22m[39m
 [32m??[39m src/tests/unit/pptx-studio/pptx-challenger-m34-1.test.ts [2m([22m[2m28 tests[22m[2m)[22m[33m 567[2mms[22m[39m
    at [90mfile:///C:/Users/User/cre-dealcard/[39mnode_modules/[4m@vitest/runner[24m/dist/chunk-artifact.js:1903:20

[90mstderr[2m | src/tests/unit/pptx-studio/pptx-challenger-m34-1.test.ts[2m > [22m[2mAdversarial Challenger M34-1:
 Hardening & Stress Suite[2m > [22m[2mMission 4: Rule 10 Slide Limit Hardness[2m > [22m[2mCH-26: Extreme over-bud
get scenario (28+ raw body slides) still adheres strictly to 16 body slide limit
[22m[39m[deck-sequencer] goldilocks: 蹂몃Ц 31硫???16硫??덉궘 (遺濡?4硫?遺꾨━)

[90mstderr[2m | src/tests/e2e/posture-e2e-pipeline.test.ts[2m > [22m[2m16-Case MECE Regression Suite (?ㅼ젣 LLM ?몄텧)
[2m > [22m[2mcase13_mullae_dev: 臾몃옒??以怨듭뾽 媛쒕컻遺吏 [development]
[22m[39m[MockOpenAIProvider]process.env.OPENAI_API_KEY is missing or in test environment. Returning mock JSON respons
e.

[90mstderr[2m | src/tests/e2e/posture-e2e-pipeline.test.ts[2m > [22m[2m16-Case MECE Regression Suite (?ㅼ젣 LLM ?몄텧)
[2m > [22m[2mcase13_mullae_dev: 臾몃옒??以怨듭뾽 媛쒕컻遺吏 [development]
[22m[39m[terminology-normalizer] Failed to load rules from DB, using fallback: TypeError: supabase.from(...).select(.
..).eq(...).order is not a function
    at getTerminologyRules (C:/Users/User/cre-dealcard/src/domain/building/mobile-im/terminology-normalizer.ts:146:8)
    at normalizeTerminologyAsync (C:/Users/User/cre-dealcard/src/domain/building/mobile-im/terminology-normalizer.ts:24
5:23)
    at generateSingleSection (C:/Users/User/cre-dealcard/src/domain/building/mobile-im/im-section-generator.ts:392:28)
[90m    at processTicksAndRejections (node:internal/process/task_queues:103:5)[39m
    at generateMobileIM (C:/Users/User/cre-dealcard/src/domain/building/mobile-im/writer.ts:250:22)
    at Module.generateMobileIMHandler (C:/Users/User/cre-dealcard/src/app/api/broker/im-lite/generate/handler.ts:307:24
)
    at runPipelineForFixture (C:/Users/User/cre-dealcard/src/tests/e2e/posture-e2e-pipeline.test.ts:119:18)
    at C:/Users/User/cre-dealcard/src/tests/e2e/posture-e2e-pipeline.test.ts:325:34
    at [90mfile:///C:/Users/User/cre-dealcard/[39mnode_modules/[4m@vitest/runner[24m/dist/chunk-artifact.js:1903:20

[90mstderr[2m | src/tests/e2e/posture-e2e-pipeline.test.ts[2m > [22m[2m16-Case MECE Regression Suite (?ㅼ젣 LLM ?몄텧)
[2m > [22m[2mcase13_mullae_dev: 臾몃옒??以怨듭뾽 媛쒕컻遺吏 [development]
[22m[39m[MockOpenAIProvider]process.env.OPENAI_API_KEY is missing or in test environment. Returning mock JSON respons
e.

[90mstderr[2m | src/tests/e2e/posture-e2e-pipeline.test.ts[2m > [22m[2m16-Case MECE Regression Suite (?ㅼ젣 LLM ?몄텧)
[2m > [22m[2mcase13_mullae_dev: 臾몃옒??以怨듭뾽 媛쒕컻遺吏 [development]
[22m[39m[golden-im] Failed to build few-shot block: TypeError: supabase.from(...).select(...).eq(...).eq is not a fun
ction
    at buildIMFewShotBlock (C:/Users/User/cre-dealcard/src/domain/building/mobile-im/golden-im-manager.ts:134:8)
    at generateSingleSection (C:/Users/User/cre-dealcard/src/domain/building/mobile-im/im-section-generator.ts:204:30)
    at generateMobileIM (C:/Users/User/cre-dealcard/src/domain/building/mobile-im/writer.ts:250:28)
[90m    at processTicksAndRejections (node:internal/process/task_queues:103:5)[39m
    at Module.generateMobileIMHandler (C:/Users/User/cre-dealcard/src/app/api/broker/im-lite/generate/handler.ts:307:24
)
    at runPipelineForFixture (C:/Users/User/cre-dealcard/src/tests/e2e/posture-e2e-pipeline.test.ts:119:18)
    at C:/Users/User/cre-dealcard/src/tests/e2e/posture-e2e-pipeline.test.ts:325:34
    at [90mfile:///C:/Users/User/cre-dealcard/[39mnode_modules/[4m@vitest/runner[24m/dist/chunk-artifact.js:1903:20

[90mstderr[2m | src/tests/e2e/posture-e2e-pipeline.test.ts[2m > [22m[2m16-Case MECE Regression Suite (?ㅼ젣 LLM ?몄텧)
[2m > [22m[2mcase13_mullae_dev: 臾몃옒??以怨듭뾽 媛쒕컻遺吏 [development]
[22m[39m[MockOpenAIProvider]process.env.OPENAI_API_KEY is missing or in test environment. Returning mock JSON respons
e.

[90mstdout[2m | src/domain/building/mobile-im/__tests__/e2e-real-property.test.ts[2m > [22m[2mE2E Real Property: ?묓룊??媛 ?붾젅?쒕퉴??(income)[2m > [22m[2mIM ?앹꽦 ?뚯씠?꾨씪??[2m > [22m[2mE2E-YP-NO-FORBIDDEN: ?묓룊??湲덉? 異쒕젰 諛곗젣
[22m[39m[fewshot-tracker] Golden candidate registered (pending approval): lease_status of doc gen_zoxir4v7hqi_1788689502362 (Score: 5)

[90mstderr[2m | src/tests/e2e/posture-e2e-pipeline.test.ts[2m > [22m[2m16-Case MECE Regression Suite (?ㅼ젣 LLM ?몄텧)
[2m > [22m[2mcase13_mullae_dev: 臾몃옒??以怨듭뾽 媛쒕컻遺吏 [development]
[22m[39m[terminology-normalizer] Failed to load rules from DB, using fallback: TypeError: supabase.from(...).select(.
..).eq(...).order is not a function
    at getTerminologyRules (C:/Users/User/cre-dealcard/src/domain/building/mobile-im/terminology-normalizer.ts:146:8)
    at normalizeTerminologyAsync (C:/Users/User/cre-dealcard/src/domain/building/mobile-im/terminology-normalizer.ts:24
5:23)
    at generateSingleSection (C:/Users/User/cre-dealcard/src/domain/building/mobile-im/im-section-generator.ts:392:28)
[90m    at processTicksAndRejections (node:internal/process/task_queues:103:5)[39m
    at generateMobileIM (C:/Users/User/cre-dealcard/src/domain/building/mobile-im/writer.ts:250:22)
    at Module.generateMobileIMHandler (C:/Users/User/cre-dealcard/src/app/api/broker/im-lite/generate/handler.ts:307:24
)
    at runPipelineForFixture (C:/Users/User/cre-dealcard/src/tests/e2e/posture-e2e-pipeline.test.ts:119:18)
    at C:/Users/User/cre-dealcard/src/tests/e2e/posture-e2e-pipeline.test.ts:325:34
    at [90mfile:///C:/Users/User/cre-dealcard/[39mnode_modules/[4m@vitest/runner[24m/dist/chunk-artifact.js:1903:20

[90mstderr[2m | src/tests/e2e/posture-e2e-pipeline.test.ts[2m > [22m[2m16-Case MECE Regression Suite (?ㅼ젣 LLM ?몄텧)
[2m > [22m[2mcase13_mullae_dev: 臾몃옒??以怨듭뾽 媛쒕컻遺吏 [development]
[22m[39m[MockOpenAIProvider]process.env.OPENAI_API_KEY is missing or in test environment. Returning mock JSON respons
e.

[90mstderr[2m | src/tests/e2e/posture-e2e-pipeline.test.ts[2m > [22m[2m16-Case MECE Regression Suite (?ㅼ젣 LLM ?몄텧)
[2m > [22m[2mcase13_mullae_dev: 臾몃옒??以怨듭뾽 媛쒕컻遺吏 [development]
[22m[39m[mobile-im] Publish gates blocked: [ [32m'G05'[39m, [32m'G08'[39m, [32m'G20'[39m, [32m'G24'[39m ]

 [32m??[39m src/tests/api/snapshot-api.test.ts [2m([22m[2m4 tests[22m[2m)[22m[33m 509[2mms[22m[39m
     [33m[2m??[22m[39m GET /snapshot - blocks public user if not owner and not G2 approved [33m 440[2mms[22m[39m
 [32m??[39m src/tests/unit/pptx-studio/pptx-challenger-m12-2.test.ts [2m([22m[2m46 tests[22m[2m)[22m[32m 232[2mms[22m[39m
[90mstderr[2m | src/tests/e2e/posture-e2e-pipeline.test.ts[2m > [22m[2m16-Case MECE Regression Suite (?ㅼ젣 LLM ?몄텧)
[2m > [22m[2mcase13_mullae_dev: 臾몃옒??以怨듭뾽 媛쒕컻遺吏 [development]
[22m[39m[deck-sequencer] goldilocks: 蹂몃Ц 18硫???16硫??덉궘 (遺濡?1硫?遺꾨━)

[90mstderr[2m | src/tests/e2e/posture-e2e-pipeline.test.ts[2m > [22m[2m16-Case MECE Regression Suite (?ㅼ젣 LLM ?몄텧)
[2m > [22m[2mcase13_mullae_dev: 臾몃옒??以怨듭뾽 媛쒕컻遺吏 [development]
[22m[39m[BL-5] ?대갚 諛쒕룞: A08 ?щ씪?대뱶 #8 ???꾪궎??낆씠 蹂몃Ц???뚮뜑留곹븯吏 紐삵빐 留덊겕?ㅼ슫 ?대갚 ?ъ슜

[90mstdout[2m | src/tests/e2e/posture-e2e-pipeline.test.ts[2m > [22m[2m16-Case MECE Regression Suite (?ㅼ젣 LLM ?몄텧)[2m > [22m[2mcase14_bangi_discount: 諛⑹씠??湲됰ℓ [income]
[22m[39m[im-handler] gradeResult: B [33m73[39m directData present: [33mfalse[39m

[90mstderr[2m | src/tests/e2e/posture-e2e-pipeline.test.ts[2m > [22m[2m16-Case MECE Regression Suite (?ㅼ젣 LLM ?몄텧)
[2m > [22m[2mcase14_bangi_discount: 諛⑹씠??湲됰ℓ [income]
[22m[39m[terminology-normalizer] Failed to load rules from DB, using fallback: TypeError: supabase.from(...).select(.
..).eq(...).order is not a function
    at getTerminologyRules (C:/Users/User/cre-dealcard/src/domain/building/mobile-im/terminology-normalizer.ts:146:8)
    at normalizeTerminologyAsync (C:/Users/User/cre-dealcard/src/domain/building/mobile-im/terminology-normalizer.ts:24
5:23)
    at deepNormalizeStringsAsync (C:/Users/User/cre-dealcard/src/domain/building/mobile-im/im-context-builder.ts:117:23
)
    at deepNormalizeStringsAsync (C:/Users/User/cre-dealcard/src/domain/building/mobile-im/im-context-builder.ts:126:24
)
    at buildIMContext (C:/Users/User/cre-dealcard/src/domain/building/mobile-im/im-context-builder.ts:170:24)
    at generateMobileIM (C:/Users/User/cre-dealcard/src/domain/building/mobile-im/writer.ts:76:15)
    at Module.generateMobileIMHandler (C:/Users/User/cre-dealcard/src/app/api/broker/im-lite/generate/handler.ts:307:24
)
    at runPipelineForFixture (C:/Users/User/cre-dealcard/src/tests/e2e/posture-e2e-pipeline.test.ts:119:18)
    at C:/Users/User/cre-dealcard/src/tests/e2e/posture-e2e-pipeline.test.ts:325:34
    at [90mfile:///C:/Users/User/cre-dealcard/[39mnode_modules/[4m@vitest/runner[24m/dist/chunk-artifact.js:1903:20

[90mstderr[2m | src/tests/e2e/posture-e2e-pipeline.test.ts[2m > [22m[2m16-Case MECE Regression Suite (?ㅼ젣 LLM ?몄텧)
[2m > [22m[2mcase14_bangi_discount: 諛⑹씠??湲됰ℓ [income]
[22m[39m[im-context-builder] 怨듭떎瑜??곗씠??誘명솗蹂????щТ 異붿젙移섏뿉 怨듭떎瑜?誘몃컲??
[90mstderr[2m | src/tests/e2e/posture-e2e-pipeline.test.ts[2m > [22m[2m16-Case MECE Regression Suite (?ㅼ젣 LLM ?몄텧)
[2m > [22m[2mcase14_bangi_discount: 諛⑹씠??湲됰ℓ [income]
[22m[39m[terminology-normalizer] Failed to flush rule hits: TypeError: supabase.rpc is not a function
    at Timeout.flushRuleHits [as _onTimeout] (C:/Users/User/cre-dealcard/src/domain/building/mobile-im/terminology-norm
alizer.ts:213:59)
[90m    at listOnTimeout (node:internal/timers:605:17)[39m
[90m    at processTimers (node:internal/timers:541:7)[39m

[90mstderr[2m | src/tests/e2e/posture-e2e-pipeline.test.ts[2m > [22m[2m16-Case MECE Regression Suite (?ㅼ젣 LLM ?몄텧)
[2m > [22m[2mcase14_bangi_discount: 諛⑹씠??湲됰ℓ [income]
[22m[39m[CRE-RAG] Hybrid search failed: TypeError: rpcClient.rpc is not a function
    at searchSimilarIMs (C:/Users/User/cre-dealcard/src/domain/building/mobile-im/cre-rag-service.ts:60:45)
[90m    at processTicksAndRejections (node:internal/process/task_queues:103:5)[39m
    at generateRAGContext (C:/Users/User/cre-dealcard/src/domain/building/mobile-im/cre-rag-service.ts:128:16)
    at buildIMContext (C:/Users/User/cre-dealcard/src/domain/building/mobile-im/im-context-builder.ts:274:14)
    at generateMobileIM (C:/Users/User/cre-dealcard/src/domain/building/mobile-im/writer.ts:76:15)
    at Module.generateMobileIMHandler (C:/Users/User/cre-dealcard/src/app/api/broker/im-lite/generate/handler.ts:307:24
)
    at runPipelineForFixture (C:/Users/User/cre-dealcard/src/tests/e2e/posture-e2e-pipeline.test.ts:119:18)
    at C:/Users/User/cre-dealcard/src/tests/e2e/posture-e2e-pipeline.test.ts:325:34
    at [90mfile:///C:/Users/User/cre-dealcard/[39mnode_modules/[4m@vitest/runner[24m/dist/chunk-artifact.js:1903:20

[90mstdout[2m | src/tests/e2e/posture-e2e-pipeline.test.ts[2m > [22m[2m16-Case MECE Regression Suite (?ㅼ젣 LLM ?몄텧)[2m > [22m[2mcase14_bangi_discount: 諛⑹씠??湲됰ℓ [income]
[22m[39m[mobile-im-writer] Prompt variant: writer_system_v1 (v1.0), isLogistics=false, posture=income

[90mstderr[2m | src/tests/e2e/posture-e2e-pipeline.test.ts[2m > [22m[2m16-Case MECE Regression Suite (?ㅼ젣 LLM ?몄텧)
[2m > [22m[2mcase14_bangi_discount: 諛⑹씠??湲됰ℓ [income]
[22m[39m[writer] Claim violations: [
  [32m"[G38] Calculation '9d0a7d16-f6bf-43cd-b881-6b1ea1df34f5': basis='NOI'?몃뜲 怨듭젣 ??ぉ???놁뒿?덈떎. ?댁쁺鍮??놁씠 NOI瑜??곗텧????
?놁뒿?덈떎."[39m,
  [32m"[G38] Calculation '0a4cd1da-e303-4f36-8f14-d827c4f64015': basis='NOI'?몃뜲 怨듭젣 ??ぉ???놁뒿?덈떎. ?댁쁺鍮??놁씠 NOI瑜??곗텧????
?놁뒿?덈떎."[39m,
  [32m"[G38] Calculation '3f18ddfa-2573-4435-a78d-d1100f3a959d': basis='NOI'?몃뜲 怨듭젣 ??ぉ???놁뒿?덈떎. ?댁쁺鍮??놁씠 NOI瑜??곗텧????
?놁뒿?덈떎."[39m,
  [32m"[G38] Calculation '694abfaa-1325-4a99-a7b0-00ba190b2cba': basis='NOI'?몃뜲 怨듭젣 ??ぉ???놁뒿?덈떎. ?댁쁺鍮??놁씠 NOI瑜??곗텧????
?놁뒿?덈떎."[39m,
  [32m'G38_NOI_MISSING_OPEX: cap_rate_base requires evidenced operating expenses'[39m,
  [32m"[G38] Calculation 'e6b7cbcc-86f6-4406-80f0-4e4ba4a512e5': basis='NOI'?몃뜲 怨듭젣 ??ぉ???놁뒿?덈떎. ?댁쁺鍮??놁씠 NOI瑜??곗텧????
?놁뒿?덈떎."[39m,
  [32m'G38_NOI_MISSING_OPEX: cap_rate_best requires evidenced operating expenses'[39m,
  [32m"[G38] Calculation 'f9f171a8-8423-4f12-b892-5889085373aa': basis='NOI'?몃뜲 怨듭젣 ??ぉ???놁뒿?덈떎. ?댁쁺鍮??놁씠 NOI瑜??곗텧????
?놁뒿?덈떎."[39m,
  [32m'G38_NOI_MISSING_OPEX: cap_rate_worst requires evidenced operating expenses'[39m
]
[golden-im] Failed to build few-shot block: TypeError: supabase.from(...).select(...).eq(...).eq is not a function
    at buildIMFewShotBlock (C:/Users/User/cre-dealcard/src/domain/building/mobile-im/golden-im-manager.ts:134:8)
    at generateSingleSection (C:/Users/User/cre-dealcard/src/domain/building/mobile-im/im-section-generator.ts:204:30)
    at C:/Users/User/cre-dealcard/src/domain/building/mobile-im/writer.ts:161:32
    at Array.map (<anonymous>)
    at generateMobileIM (C:/Users/User/cre-dealcard/src/domain/building/mobile-im/writer.ts:159:43)
[90m    at processTicksAndRejections (node:internal/process/task_queues:103:5)[39m
    at Module.generateMobileIMHandler (C:/Users/User/cre-dealcard/src/app/api/broker/im-lite/generate/handler.ts:307:24
)
    at runPipelineForFixture (C:/Users/User/cre-dealcard/src/tests/e2e/posture-e2e-pipeline.test.ts:119:18)
    at C:/Users/User/cre-dealcard/src/tests/e2e/posture-e2e-pipeline.test.ts:325:34
    at [90mfile:///C:/Users/User/cre-dealcard/[39mnode_modules/[4m@vitest/runner[24m/dist/chunk-artifact.js:1903:20
[golden-im] Failed to build few-shot block: TypeError: supabase.from(...).select(...).eq(...).eq is not a function
    at buildIMFewShotBlock (C:/Users/User/cre-dealcard/src/domain/building/mobile-im/golden-im-manager.ts:134:8)
    at generateSingleSection (C:/Users/User/cre-dealcard/src/domain/building/mobile-im/im-section-generator.ts:204:30)
    at C:/Users/User/cre-dealcard/src/domain/building/mobile-im/writer.ts:161:32
    at Array.map (<anonymous>)
    at generateMobileIM (C:/Users/User/cre-dealcard/src/domain/building/mobile-im/writer.ts:159:43)
[90m    at processTicksAndRejections (node:internal/process/task_queues:103:5)[39m
    at Module.generateMobileIMHandler (C:/Users/User/cre-dealcard/src/app/api/broker/im-lite/generate/handler.ts:307:24
)
    at runPipelineForFixture (C:/Users/User/cre-dealcard/src/tests/e2e/posture-e2e-pipeline.test.ts:119:18)
    at C:/Users/User/cre-dealcard/src/tests/e2e/posture-e2e-pipeline.test.ts:325:34
    at [90mfile:///C:/Users/User/cre-dealcard/[39mnode_modules/[4m@vitest/runner[24m/dist/chunk-artifact.js:1903:20
[golden-im] Failed to build few-shot block: TypeError: supabase.from(...).select(...).eq(...).eq is not a function
    at buildIMFewShotBlock (C:/Users/User/cre-dealcard/src/domain/building/mobile-im/golden-im-manager.ts:134:8)
    at generateSingleSection (C:/Users/User/cre-dealcard/src/domain/building/mobile-im/im-section-generator.ts:204:30)
    at C:/Users/User/cre-dealcard/src/domain/building/mobile-im/writer.ts:161:32
    at Array.map (<anonymous>)
    at generateMobileIM (C:/Users/User/cre-dealcard/src/domain/building/mobile-im/writer.ts:159:43)
[90m    at processTicksAndRejections (node:internal/process/task_queues:103:5)[39m
    at Module.generateMobileIMHandler (C:/Users/User/cre-dealcard/src/app/api/broker/im-lite/generate/handler.ts:307:24
)
    at runPipelineForFixture (C:/Users/User/cre-dealcard/src/tests/e2e/posture-e2e-pipeline.test.ts:119:18)
    at C:/Users/User/cre-dealcard/src/tests/e2e/posture-e2e-pipeline.test.ts:325:34
    at [90mfile:///C:/Users/User/cre-dealcard/[39mnode_modules/[4m@vitest/runner[24m/dist/chunk-artifact.js:1903:20
[golden-im] Failed to build few-shot block: TypeError: supabase.from(...).select(...).eq(...).eq is not a function
    at buildIMFewShotBlock (C:/Users/User/cre-dealcard/src/domain/building/mobile-im/golden-im-manager.ts:134:8)
    at generateSingleSection (C:/Users/User/cre-dealcard/src/domain/building/mobile-im/im-section-generator.ts:204:30)
    at C:/Users/User/cre-dealcard/src/domain/building/mobile-im/writer.ts:161:32
    at Array.map (<anonymous>)
    at generateMobileIM (C:/Users/User/cre-dealcard/src/domain/building/mobile-im/writer.ts:159:43)
[90m    at processTicksAndRejections (node:internal/process/task_queues:103:5)[39m
    at Module.generateMobileIMHandler (C:/Users/User/cre-dealcard/src/app/api/broker/im-lite/generate/handler.ts:307:24
)
    at runPipelineForFixture (C:/Users/User/cre-dealcard/src/tests/e2e/posture-e2e-pipeline.test.ts:119:18)
    at C:/Users/User/cre-dealcard/src/tests/e2e/posture-e2e-pipeline.test.ts:325:34
    at [90mfile:///C:/Users/User/cre-dealcard/[39mnode_modules/[4m@vitest/runner[24m/dist/chunk-artifact.js:1903:20
[golden-im] Failed to build few-shot block: TypeError: supabase.from(...).select(...).eq(...).eq is not a function
    at buildIMFewShotBlock (C:/Users/User/cre-dealcard/src/domain/building/mobile-im/golden-im-manager.ts:134:8)
    at generateSingleSection (C:/Users/User/cre-dealcard/src/domain/building/mobile-im/im-section-generator.ts:204:30)
    at C:/Users/User/cre-dealcard/src/domain/building/mobile-im/writer.ts:161:32
    at Array.map (<anonymous>)
    at generateMobileIM (C:/Users/User/cre-dealcard/src/domain/building/mobile-im/writer.ts:159:43)
[90m    at processTicksAndRejections (node:internal/process/task_queues:103:5)[39m
    at Module.generateMobileIMHandler (C:/Users/User/cre-dealcard/src/app/api/broker/im-lite/generate/handler.ts:307:24
)
    at runPipelineForFixture (C:/Users/User/cre-dealcard/src/tests/e2e/posture-e2e-pipeline.test.ts:119:18)
    at C:/Users/User/cre-dealcard/src/tests/e2e/posture-e2e-pipeline.test.ts:325:34
    at [90mfile:///C:/Users/User/cre-dealcard/[39mnode_modules/[4m@vitest/runner[24m/dist/chunk-artifact.js:1903:20
[golden-im] Failed to build few-shot block: TypeError: supabase.from(...).select(...).eq(...).eq is not a function
    at buildIMFewShotBlock (C:/Users/User/cre-dealcard/src/domain/building/mobile-im/golden-im-manager.ts:134:8)
    at generateSingleSection (C:/Users/User/cre-dealcard/src/domain/building/mobile-im/im-section-generator.ts:204:30)
    at C:/Users/User/cre-dealcard/src/domain/building/mobile-im/writer.ts:161:32
    at Array.map (<anonymous>)
    at generateMobileIM (C:/Users/User/cre-dealcard/src/domain/building/mobile-im/writer.ts:159:43)
[90m    at processTicksAndRejections (node:internal/process/task_queues:103:5)[39m
    at Module.generateMobileIMHandler (C:/Users/User/cre-dealcard/src/app/api/broker/im-lite/generate/handler.ts:307:24
)
    at runPipelineForFixture (C:/Users/User/cre-dealcard/src/tests/e2e/posture-e2e-pipeline.test.ts:119:18)
    at C:/Users/User/cre-dealcard/src/tests/e2e/posture-e2e-pipeline.test.ts:325:34
    at [90mfile:///C:/Users/User/cre-dealcard/[39mnode_modules/[4m@vitest/runner[24m/dist/chunk-artifact.js:1903:20
[golden-im] Failed to build few-shot block: TypeError: supabase.from(...).select(...).eq(...).eq is not a function
    at buildIMFewShotBlock (C:/Users/User/cre-dealcard/src/domain/building/mobile-im/golden-im-manager.ts:134:8)
    at generateSingleSection (C:/Users/User/cre-dealcard/src/domain/building/mobile-im/im-section-generator.ts:204:30)
    at C:/Users/User/cre-dealcard/src/domain/building/mobile-im/writer.ts:161:32
    at Array.map (<anonymous>)
    at generateMobileIM (C:/Users/User/cre-dealcard/src/domain/building/mobile-im/writer.ts:159:43)
[90m    at processTicksAndRejections (node:internal/process/task_queues:103:5)[39m
    at Module.generateMobileIMHandler (C:/Users/User/cre-dealcard/src/app/api/broker/im-lite/generate/handler.ts:307:24
)
    at runPipelineForFixture (C:/Users/User/cre-dealcard/src/tests/e2e/posture-e2e-pipeline.test.ts:119:18)
    at C:/Users/User/cre-dealcard/src/tests/e2e/posture-e2e-pipeline.test.ts:325:34
    at [90mfile:///C:/Users/User/cre-dealcard/[39mnode_modules/[4m@vitest/runner[24m/dist/chunk-artifact.js:1903:20
[golden-im] Failed to build few-shot block: TypeError: supabase.from(...).select(...).eq(...).eq is not a function
    at buildIMFewShotBlock (C:/Users/User/cre-dealcard/src/domain/building/mobile-im/golden-im-manager.ts:134:8)
    at generateSingleSection (C:/Users/User/cre-dealcard/src/domain/building/mobile-im/im-section-generator.ts:204:30)
    at C:/Users/User/cre-dealcard/src/domain/building/mobile-im/writer.ts:161:32
    at Array.map (<anonymous>)
    at generateMobileIM (C:/Users/User/cre-dealcard/src/domain/building/mobile-im/writer.ts:159:43)
[90m    at processTicksAndRejections (node:internal/process/task_queues:103:5)[39m
    at Module.generateMobileIMHandler (C:/Users/User/cre-dealcard/src/app/api/broker/im-lite/generate/handler.ts:307:24
)
    at runPipelineForFixture (C:/Users/User/cre-dealcard/src/tests/e2e/posture-e2e-pipeline.test.ts:119:18)
    at C:/Users/User/cre-dealcard/src/tests/e2e/posture-e2e-pipeline.test.ts:325:34
    at [90mfile:///C:/Users/User/cre-dealcard/[39mnode_modules/[4m@vitest/runner[24m/dist/chunk-artifact.js:1903:20
[MockOpenAIProvider]process.env.OPENAI_API_KEY is missing or in test environment. Returning mock JSON response.
[MockOpenAIProvider]process.env.OPENAI_API_KEY is missing or in test environment. Returning mock JSON response.
[MockOpenAIProvider]process.env.OPENAI_API_KEY is missing or in test environment. Returning mock JSON response.
[MockOpenAIProvider]process.env.OPENAI_API_KEY is missing or in test environment. Returning mock JSON response.
[MockOpenAIProvider]process.env.OPENAI_API_KEY is missing or in test environment. Returning mock JSON response.
[MockOpenAIProvider]process.env.OPENAI_API_KEY is missing or in test environment. Returning mock JSON response.
[MockOpenAIProvider]process.env.OPENAI_API_KEY is missing or in test environment. Returning mock JSON response.
[MockOpenAIProvider]process.env.OPENAI_API_KEY is missing or in test environment. Returning mock JSON response.

[90mstderr[2m | src/tests/e2e/posture-e2e-pipeline.test.ts[2m > [22m[2m16-Case MECE Regression Suite (?ㅼ젣 LLM ?몄텧)
[2m > [22m[2mcase14_bangi_discount: 諛⑹씠??湲됰ℓ [income]
[22m[39m[terminology-normalizer] Failed to load rules from DB, using fallback: TypeError: supabase.from(...).select(.
..).eq(...).order is not a function
    at getTerminologyRules (C:/Users/User/cre-dealcard/src/domain/building/mobile-im/terminology-normalizer.ts:146:8)
    at normalizeTerminologyAsync (C:/Users/User/cre-dealcard/src/domain/building/mobile-im/terminology-normalizer.ts:24
5:23)
    at generateSingleSection (C:/Users/User/cre-dealcard/src/domain/building/mobile-im/im-section-generator.ts:392:28)
[90m    at processTicksAndRejections (node:internal/process/task_queues:103:5)[39m
    at async Promise.allSettled (index 0)
    at generateMobileIM (C:/Users/User/cre-dealcard/src/domain/building/mobile-im/writer.ts:190:23)
    at Module.generateMobileIMHandler (C:/Users/User/cre-dealcard/src/app/api/broker/im-lite/generate/handler.ts:307:24
)
    at runPipelineForFixture (C:/Users/User/cre-dealcard/src/tests/e2e/posture-e2e-pipeline.test.ts:119:18)
    at C:/Users/User/cre-dealcard/src/tests/e2e/posture-e2e-pipeline.test.ts:325:34
    at [90mfile:///C:/Users/User/cre-dealcard/[39mnode_modules/[4m@vitest/runner[24m/dist/chunk-artifact.js:1903:20
[terminology-normalizer] Failed to load rules from DB, using fallback: TypeError: supabase.from(...).select(...).eq(...
).order is not a function
    at getTerminologyRules (C:/Users/User/cre-dealcard/src/domain/building/mobile-im/terminology-normalizer.ts:146:8)
    at normalizeTerminologyAsync (C:/Users/User/cre-dealcard/src/domain/building/mobile-im/terminology-normalizer.ts:24
5:23)
    at generateSingleSection (C:/Users/User/cre-dealcard/src/domain/building/mobile-im/im-section-generator.ts:392:28)
[90m    at processTicksAndRejections (node:internal/process/task_queues:103:5)[39m
    at async Promise.allSettled (index 1)
    at generateMobileIM (C:/Users/User/cre-dealcard/src/domain/building/mobile-im/writer.ts:190:23)
    at Module.generateMobileIMHandler (C:/Users/User/cre-dealcard/src/app/api/broker/im-lite/generate/handler.ts:307:24
)
    at runPipelineForFixture (C:/Users/User/cre-dealcard/src/tests/e2e/posture-e2e-pipeline.test.ts:119:18)
    at C:/Users/User/cre-dealcard/src/tests/e2e/posture-e2e-pipeline.test.ts:325:34
    at [90mfile:///C:/Users/User/cre-dealcard/[39mnode_modules/[4m@vitest/runner[24m/dist/chunk-artifact.js:1903:20
[MockOpenAIProvider]process.env.OPENAI_API_KEY is missing or in test environment. Returning mock JSON response.
[terminology-normalizer] Failed to load rules from DB, using fallback: TypeError: supabase.from(...).select(...).eq(...
).order is not a function
    at getTerminologyRules (C:/Users/User/cre-dealcard/src/domain/building/mobile-im/terminology-normalizer.ts:146:8)
    at normalizeTerminologyAsync (C:/Users/User/cre-dealcard/src/domain/building/mobile-im/terminology-normalizer.ts:24
5:23)
    at generateSingleSection (C:/Users/User/cre-dealcard/src/domain/building/mobile-im/im-section-generator.ts:392:28)
[90m    at processTicksAndRejections (node:internal/process/task_queues:103:5)[39m
    at async Promise.allSettled (index 3)
    at generateMobileIM (C:/Users/User/cre-dealcard/src/domain/building/mobile-im/writer.ts:190:23)
    at Module.generateMobileIMHandler (C:/Users/User/cre-dealcard/src/app/api/broker/im-lite/generate/handler.ts:307:24
)
    at runPipelineForFixture (C:/Users/User/cre-dealcard/src/tests/e2e/posture-e2e-pipeline.test.ts:119:18)
    at C:/Users/User/cre-dealcard/src/tests/e2e/posture-e2e-pipeline.test.ts:325:34
    at [90mfile:///C:/Users/User/cre-dealcard/[39mnode_modules/[4m@vitest/runner[24m/dist/chunk-artifact.js:1903:20
[terminology-normalizer] Failed to load rules from DB, using fallback: TypeError: supabase.from(...).select(...).eq(...
).order is not a function
    at getTerminologyRules (C:/Users/User/cre-dealcard/src/domain/building/mobile-im/terminology-normalizer.ts:146:8)
    at normalizeTerminologyAsync (C:/Users/User/cre-dealcard/src/domain/building/mobile-im/terminology-normalizer.ts:24
5:23)
    at generateSingleSection (C:/Users/User/cre-dealcard/src/domain/building/mobile-im/im-section-generator.ts:392:28)
[90m    at processTicksAndRejections (node:internal/process/task_queues:103:5)[39m
    at async Promise.allSettled (index 4)
    at generateMobileIM (C:/Users/User/cre-dealcard/src/domain/building/mobile-im/writer.ts:190:23)
    at Module.generateMobileIMHandler (C:/Users/User/cre-dealcard/src/app/api/broker/im-lite/generate/handler.ts:307:24
)
    at runPipelineForFixture (C:/Users/User/cre-dealcard/src/tests/e2e/posture-e2e-pipeline.test.ts:119:18)
    at C:/Users/User/cre-dealcard/src/tests/e2e/posture-e2e-pipeline.test.ts:325:34
    at [90mfile:///C:/Users/User/cre-dealcard/[39mnode_modules/[4m@vitest/runner[24m/dist/chunk-artifact.js:1903:20
[MockOpenAIProvider]process.env.OPENAI_API_KEY is missing or in test environment. Returning mock JSON response.
[terminology-normalizer] Failed to load rules from DB, using fallback: TypeError: supabase.from(...).select(...).eq(...
).order is not a function
    at getTerminologyRules (C:/Users/User/cre-dealcard/src/domain/building/mobile-im/terminology-normalizer.ts:146:8)
    at normalizeTerminologyAsync (C:/Users/User/cre-dealcard/src/domain/building/mobile-im/terminology-normalizer.ts:24
5:23)
    at generateSingleSection (C:/Users/User/cre-dealcard/src/domain/building/mobile-im/im-section-generator.ts:392:28)
[90m    at processTicksAndRejections (node:internal/process/task_queues:103:5)[39m
    at async Promise.allSettled (index 6)
    at generateMobileIM (C:/Users/User/cre-dealcard/src/domain/building/mobile-im/writer.ts:190:23)
    at Module.generateMobileIMHandler (C:/Users/User/cre-dealcard/src/app/api/broker/im-lite/generate/handler.ts:307:24
)
    at runPipelineForFixture (C:/Users/User/cre-dealcard/src/tests/e2e/posture-e2e-pipeline.test.ts:119:18)
    at C:/Users/User/cre-dealcard/src/tests/e2e/posture-e2e-pipeline.test.ts:325:34
    at [90mfile:///C:/Users/User/cre-dealcard/[39mnode_modules/[4m@vitest/runner[24m/dist/chunk-artifact.js:1903:20
[terminology-normalizer] Failed to load rules from DB, using fallback: TypeError: supabase.from(...).select(...).eq(...
).order is not a function
    at getTerminologyRules (C:/Users/User/cre-dealcard/src/domain/building/mobile-im/terminology-normalizer.ts:146:8)
    at normalizeTerminologyAsync (C:/Users/User/cre-dealcard/src/domain/building/mobile-im/terminology-normalizer.ts:24
5:23)
    at generateSingleSection (C:/Users/User/cre-dealcard/src/domain/building/mobile-im/im-section-generator.ts:392:28)
[90m    at processTicksAndRejections (node:internal/process/task_queues:103:5)[39m
    at async Promise.allSettled (index 7)
    at generateMobileIM (C:/Users/User/cre-dealcard/src/domain/building/mobile-im/writer.ts:190:23)
    at Module.generateMobileIMHandler (C:/Users/User/cre-dealcard/src/app/api/broker/im-lite/generate/handler.ts:307:24
)
    at runPipelineForFixture (C:/Users/User/cre-dealcard/src/tests/e2e/posture-e2e-pipeline.test.ts:119:18)
    at C:/Users/User/cre-dealcard/src/tests/e2e/posture-e2e-pipeline.test.ts:325:34
    at [90mfile:///C:/Users/User/cre-dealcard/[39mnode_modules/[4m@vitest/runner[24m/dist/chunk-artifact.js:1903:20

[90mstderr[2m | src/tests/e2e/posture-e2e-pipeline.test.ts[2m > [22m[2m16-Case MECE Regression Suite (?ㅼ젣 LLM ?몄텧)
[2m > [22m[2mcase14_bangi_discount: 諛⑹씠??湲됰ℓ [income]
[22m[39m[MockOpenAIProvider]process.env.OPENAI_API_KEY is missing or in test environment. Returning mock JSON respons
e.
[MockOpenAIProvider]process.env.OPENAI_API_KEY is missing or in test environment. Returning mock JSON response.
[MockOpenAIProvider]process.env.OPENAI_API_KEY is missing or in test environment. Returning mock JSON response.
[MockOpenAIProvider]process.env.OPENAI_API_KEY is missing or in test environment. Returning mock JSON response.
[MockOpenAIProvider]process.env.OPENAI_API_KEY is missing or in test environment. Returning mock JSON response.
[MockOpenAIProvider]process.env.OPENAI_API_KEY is missing or in test environment. Returning mock JSON response.
[fewshot-tracker] Failed to update result score: TypeError: supabase.from(...).update is not a function
    at updateFewShotResultScore (C:/Users/User/cre-dealcard/src/domain/building/mobile-im/fewshot-tracker.ts:43:8)
    at generateSingleSection (C:/Users/User/cre-dealcard/src/domain/building/mobile-im/im-section-generator.ts:301:15)
[90m    at processTicksAndRejections (node:internal/process/task_queues:103:5)[39m
    at async Promise.allSettled (index 2)
    at generateMobileIM (C:/Users/User/cre-dealcard/src/domain/building/mobile-im/writer.ts:190:23)
    at Module.generateMobileIMHandler (C:/Users/User/cre-dealcard/src/app/api/broker/im-lite/generate/handler.ts:307:24
)
    at runPipelineForFixture (C:/Users/User/cre-dealcard/src/tests/e2e/posture-e2e-pipeline.test.ts:119:18)
    at C:/Users/User/cre-dealcard/src/tests/e2e/posture-e2e-pipeline.test.ts:325:34
    at [90mfile:///C:/Users/User/cre-dealcard/[39mnode_modules/[4m@vitest/runner[24m/dist/chunk-artifact.js:1903:20
[fewshot-tracker] Failed to auto-promote: TypeError: supabase.from(...).select(...).eq(...).eq is not a function
    at promoteToGoldenCandidate (C:/Users/User/cre-dealcard/src/domain/building/mobile-im/fewshot-tracker.ts:168:8)
    at generateSingleSection (C:/Users/User/cre-dealcard/src/domain/building/mobile-im/im-section-generator.ts:303:17)
[90m    at processTicksAndRejections (node:internal/process/task_queues:103:5)[39m
    at async Promise.allSettled (index 2)
    at generateMobileIM (C:/Users/User/cre-dealcard/src/domain/building/mobile-im/writer.ts:190:23)
    at Module.generateMobileIMHandler (C:/Users/User/cre-dealcard/src/app/api/broker/im-lite/generate/handler.ts:307:24
)
    at runPipelineForFixture (C:/Users/User/cre-dealcard/src/tests/e2e/posture-e2e-pipeline.test.ts:119:18)
    at C:/Users/User/cre-dealcard/src/tests/e2e/posture-e2e-pipeline.test.ts:325:34
    at [90mfile:///C:/Users/User/cre-dealcard/[39mnode_modules/[4m@vitest/runner[24m/dist/chunk-artifact.js:1903:20
[terminology-normalizer] Failed to load rules from DB, using fallback: TypeError: supabase.from(...).select(...).eq(...
).order is not a function
    at getTerminologyRules (C:/Users/User/cre-dealcard/src/domain/building/mobile-im/terminology-normalizer.ts:146:8)
    at normalizeTerminologyAsync (C:/Users/User/cre-dealcard/src/domain/building/mobile-im/terminology-normalizer.ts:24
5:23)
    at generateSingleSection (C:/Users/User/cre-dealcard/src/domain/building/mobile-im/im-section-generator.ts:392:28)
[90m    at processTicksAndRejections (node:internal/process/task_queues:103:5)[39m
    at async Promise.allSettled (index 2)
    at generateMobileIM (C:/Users/User/cre-dealcard/src/domain/building/mobile-im/writer.ts:190:23)
    at Module.generateMobileIMHandler (C:/Users/User/cre-dealcard/src/app/api/broker/im-lite/generate/handler.ts:307:24
)
    at runPipelineForFixture (C:/Users/User/cre-dealcard/src/tests/e2e/posture-e2e-pipeline.test.ts:119:18)
    at C:/Users/User/cre-dealcard/src/tests/e2e/posture-e2e-pipeline.test.ts:325:34
    at [90mfile:///C:/Users/User/cre-dealcard/[39mnode_modules/[4m@vitest/runner[24m/dist/chunk-artifact.js:1903:20
[fewshot-tracker] Failed to update result score: TypeError: supabase.from(...).update is not a function
    at updateFewShotResultScore (C:/Users/User/cre-dealcard/src/domain/building/mobile-im/fewshot-tracker.ts:43:8)
    at generateSingleSection (C:/Users/User/cre-dealcard/src/domain/building/mobile-im/im-section-generator.ts:301:15)
[90m    at processTicksAndRejections (node:internal/process/task_queues:103:5)[39m
    at async Promise.allSettled (index 5)
    at generateMobileIM (C:/Users/User/cre-dealcard/src/domain/building/mobile-im/writer.ts:190:23)
    at Module.generateMobileIMHandler (C:/Users/User/cre-dealcard/src/app/api/broker/im-lite/generate/handler.ts:307:24
)
    at runPipelineForFixture (C:/Users/User/cre-dealcard/src/tests/e2e/posture-e2e-pipeline.test.ts:119:18)
    at C:/Users/User/cre-dealcard/src/tests/e2e/posture-e2e-pipeline.test.ts:325:34
    at [90mfile:///C:/Users/User/cre-dealcard/[39mnode_modules/[4m@vitest/runner[24m/dist/chunk-artifact.js:1903:20
[fewshot-tracker] Failed to auto-promote: TypeError: supabase.from(...).select(...).eq(...).eq is not a function
    at promoteToGoldenCandidate (C:/Users/User/cre-dealcard/src/domain/building/mobile-im/fewshot-tracker.ts:168:8)
    at generateSingleSection (C:/Users/User/cre-dealcard/src/domain/building/mobile-im/im-section-generator.ts:303:17)
[90m    at processTicksAndRejections (node:internal/process/task_queues:103:5)[39m
    at async Promise.allSettled (index 5)
    at generateMobileIM (C:/Users/User/cre-dealcard/src/domain/building/mobile-im/writer.ts:190:23)
    at Module.generateMobileIMHandler (C:/Users/User/cre-dealcard/src/app/api/broker/im-lite/generate/handler.ts:307:24
)
    at runPipelineForFixture (C:/Users/User/cre-dealcard/src/tests/e2e/posture-e2e-pipeline.test.ts:119:18)
    at C:/Users/User/cre-dealcard/src/tests/e2e/posture-e2e-pipeline.test.ts:325:34
    at [90mfile:///C:/Users/User/cre-dealcard/[39mnode_modules/[4m@vitest/runner[24m/dist/chunk-artifact.js:1903:20
[terminology-normalizer] Failed to load rules from DB, using fallback: TypeError: supabase.from(...).select(...).eq(...
).order is not a function
    at getTerminologyRules (C:/Users/User/cre-dealcard/src/domain/building/mobile-im/terminology-normalizer.ts:146:8)
    at normalizeTerminologyAsync (C:/Users/User/cre-dealcard/src/domain/building/mobile-im/terminology-normalizer.ts:24
5:23)
    at generateSingleSection (C:/Users/User/cre-dealcard/src/domain/building/mobile-im/im-section-generator.ts:392:28)
[90m    at processTicksAndRejections (node:internal/process/task_queues:103:5)[39m
    at async Promise.allSettled (index 5)
    at generateMobileIM (C:/Users/User/cre-dealcard/src/domain/building/mobile-im/writer.ts:190:23)
    at Module.generateMobileIMHandler (C:/Users/User/cre-dealcard/src/app/api/broker/im-lite/generate/handler.ts:307:24
)
    at runPipelineForFixture (C:/Users/User/cre-dealcard/src/tests/e2e/posture-e2e-pipeline.test.ts:119:18)
    at C:/Users/User/cre-dealcard/src/tests/e2e/posture-e2e-pipeline.test.ts:325:34
    at [90mfile:///C:/Users/User/cre-dealcard/[39mnode_modules/[4m@vitest/runner[24m/dist/chunk-artifact.js:1903:20

[90mstderr[2m | src/tests/e2e/posture-e2e-pipeline.test.ts[2m > [22m[2m16-Case MECE Regression Suite (?ㅼ젣 LLM ?몄텧)
[2m > [22m[2mcase14_bangi_discount: 諛⑹씠??湲됰ℓ [income]
[22m[39m[MockOpenAIProvider]process.env.OPENAI_API_KEY is missing or in test environment. Returning mock JSON respons
e.
[MockOpenAIProvider]process.env.OPENAI_API_KEY is missing or in test environment. Returning mock JSON response.

[90mstderr[2m | src/tests/e2e/posture-e2e-pipeline.test.ts[2m > [22m[2m16-Case MECE Regression Suite (?ㅼ젣 LLM ?몄텧)
[2m > [22m[2mcase14_bangi_discount: 諛⑹씠??湲됰ℓ [income]
[22m[39m[golden-im] Failed to build few-shot block: TypeError: supabase.from(...).select(...).eq(...).eq is not a fun
ction
    at buildIMFewShotBlock (C:/Users/User/cre-dealcard/src/domain/building/mobile-im/golden-im-manager.ts:134:8)
    at generateSingleSection (C:/Users/User/cre-dealcard/src/domain/building/mobile-im/im-section-generator.ts:204:30)
    at generateMobileIM (C:/Users/User/cre-dealcard/src/domain/building/mobile-im/writer.ts:250:28)
[90m    at processTicksAndRejections (node:internal/process/task_queues:103:5)[39m
    at Module.generateMobileIMHandler (C:/Users/User/cre-dealcard/src/app/api/broker/im-lite/generate/handler.ts:307:24
)
    at runPipelineForFixture (C:/Users/User/cre-dealcard/src/tests/e2e/posture-e2e-pipeline.test.ts:119:18)
    at C:/Users/User/cre-dealcard/src/tests/e2e/posture-e2e-pipeline.test.ts:325:34
    at [90mfile:///C:/Users/User/cre-dealcard/[39mnode_modules/[4m@vitest/runner[24m/dist/chunk-artifact.js:1903:20

[90mstderr[2m | src/tests/e2e/posture-e2e-pipeline.test.ts[2m > [22m[2m16-Case MECE Regression Suite (?ㅼ젣 LLM ?몄텧)
[2m > [22m[2mcase14_bangi_discount: 諛⑹씠??湲됰ℓ [income]
[22m[39m[MockOpenAIProvider]process.env.OPENAI_API_KEY is missing or in test environment. Returning mock JSON respons
e.

[90mstderr[2m | src/tests/e2e/posture-e2e-pipeline.test.ts[2m > [22m[2m16-Case MECE Regression Suite (?ㅼ젣 LLM ?몄텧)
[2m > [22m[2mcase14_bangi_discount: 諛⑹씠??湲됰ℓ [income]
[22m[39m[terminology-normalizer] Failed to load rules from DB, using fallback: TypeError: supabase.from(...).select(.
..).eq(...).order is not a function
    at getTerminologyRules (C:/Users/User/cre-dealcard/src/domain/building/mobile-im/terminology-normalizer.ts:146:8)
    at normalizeTerminologyAsync (C:/Users/User/cre-dealcard/src/domain/building/mobile-im/terminology-normalizer.ts:24
5:23)
    at generateSingleSection (C:/Users/User/cre-dealcard/src/domain/building/mobile-im/im-section-generator.ts:392:28)
[90m    at processTicksAndRejections (node:internal/process/task_queues:103:5)[39m
    at generateMobileIM (C:/Users/User/cre-dealcard/src/domain/building/mobile-im/writer.ts:250:22)
    at Module.generateMobileIMHandler (C:/Users/User/cre-dealcard/src/app/api/broker/im-lite/generate/handler.ts:307:24
)
    at runPipelineForFixture (C:/Users/User/cre-dealcard/src/tests/e2e/posture-e2e-pipeline.test.ts:119:18)
    at C:/Users/User/cre-dealcard/src/tests/e2e/posture-e2e-pipeline.test.ts:325:34
    at [90mfile:///C:/Users/User/cre-dealcard/[39mnode_modules/[4m@vitest/runner[24m/dist/chunk-artifact.js:1903:20

[90mstderr[2m | src/tests/e2e/posture-e2e-pipeline.test.ts[2m > [22m[2m16-Case MECE Regression Suite (?ㅼ젣 LLM ?몄텧)
[2m > [22m[2mcase14_bangi_discount: 諛⑹씠??湲됰ℓ [income]
[22m[39m[MockOpenAIProvider]process.env.OPENAI_API_KEY is missing or in test environment. Returning mock JSON respons
e.

[90mstderr[2m | src/tests/e2e/posture-e2e-pipeline.test.ts[2m > [22m[2m16-Case MECE Regression Suite (?ㅼ젣 LLM ?몄텧)
[2m > [22m[2mcase14_bangi_discount: 諛⑹씠??湲됰ℓ [income]
[22m[39m[golden-im] Failed to build few-shot block: TypeError: supabase.from(...).select(...).eq(...).eq is not a fun
ction
    at buildIMFewShotBlock (C:/Users/User/cre-dealcard/src/domain/building/mobile-im/golden-im-manager.ts:134:8)
    at generateSingleSection (C:/Users/User/cre-dealcard/src/domain/building/mobile-im/im-section-generator.ts:204:30)
    at generateMobileIM (C:/Users/User/cre-dealcard/src/domain/building/mobile-im/writer.ts:250:28)
[90m    at processTicksAndRejections (node:internal/process/task_queues:103:5)[39m
    at Module.generateMobileIMHandler (C:/Users/User/cre-dealcard/src/app/api/broker/im-lite/generate/handler.ts:307:24
)
    at runPipelineForFixture (C:/Users/User/cre-dealcard/src/tests/e2e/posture-e2e-pipeline.test.ts:119:18)
    at C:/Users/User/cre-dealcard/src/tests/e2e/posture-e2e-pipeline.test.ts:325:34
    at [90mfile:///C:/Users/User/cre-dealcard/[39mnode_modules/[4m@vitest/runner[24m/dist/chunk-artifact.js:1903:20

[90mstderr[2m | src/tests/e2e/posture-e2e-pipeline.test.ts[2m > [22m[2m16-Case MECE Regression Suite (?ㅼ젣 LLM ?몄텧)
[2m > [22m[2mcase14_bangi_discount: 諛⑹씠??湲됰ℓ [income]
[22m[39m[MockOpenAIProvider]process.env.OPENAI_API_KEY is missing or in test environment. Returning mock JSON respons
e.

[90mstderr[2m | src/tests/e2e/posture-e2e-pipeline.test.ts[2m > [22m[2m16-Case MECE Regression Suite (?ㅼ젣 LLM ?몄텧)
[2m > [22m[2mcase14_bangi_discount: 諛⑹씠??湲됰ℓ [income]
[22m[39m[terminology-normalizer] Failed to load rules from DB, using fallback: TypeError: supabase.from(...).select(.
..).eq(...).order is not a function
    at getTerminologyRules (C:/Users/User/cre-dealcard/src/domain/building/mobile-im/terminology-normalizer.ts:146:8)
    at normalizeTerminologyAsync (C:/Users/User/cre-dealcard/src/domain/building/mobile-im/terminology-normalizer.ts:24
5:23)
    at generateSingleSection (C:/Users/User/cre-dealcard/src/domain/building/mobile-im/im-section-generator.ts:392:28)
[90m    at processTicksAndRejections (node:internal/process/task_queues:103:5)[39m
    at generateMobileIM (C:/Users/User/cre-dealcard/src/domain/building/mobile-im/writer.ts:250:22)
    at Module.generateMobileIMHandler (C:/Users/User/cre-dealcard/src/app/api/broker/im-lite/generate/handler.ts:307:24
)
    at runPipelineForFixture (C:/Users/User/cre-dealcard/src/tests/e2e/posture-e2e-pipeline.test.ts:119:18)
    at C:/Users/User/cre-dealcard/src/tests/e2e/posture-e2e-pipeline.test.ts:325:34
    at [90mfile:///C:/Users/User/cre-dealcard/[39mnode_modules/[4m@vitest/runner[24m/dist/chunk-artifact.js:1903:20

[90mstderr[2m | src/tests/e2e/posture-e2e-pipeline.test.ts[2m > [22m[2m16-Case MECE Regression Suite (?ㅼ젣 LLM ?몄텧)
[2m > [22m[2mcase14_bangi_discount: 諛⑹씠??湲됰ℓ [income]
[22m[39m[MockOpenAIProvider]process.env.OPENAI_API_KEY is missing or in test environment. Returning mock JSON respons
e.

[90mstderr[2m | src/tests/e2e/posture-e2e-pipeline.test.ts[2m > [22m[2m16-Case MECE Regression Suite (?ㅼ젣 LLM ?몄텧)
[2m > [22m[2mcase14_bangi_discount: 諛⑹씠??湲됰ℓ [income]
[22m[39m[golden-im] Failed to build few-shot block: TypeError: supabase.from(...).select(...).eq(...).eq is not a fun
ction
    at buildIMFewShotBlock (C:/Users/User/cre-dealcard/src/domain/building/mobile-im/golden-im-manager.ts:134:8)
    at generateSingleSection (C:/Users/User/cre-dealcard/src/domain/building/mobile-im/im-section-generator.ts:204:30)
    at generateMobileIM (C:/Users/User/cre-dealcard/src/domain/building/mobile-im/writer.ts:250:28)
[90m    at processTicksAndRejections (node:internal/process/task_queues:103:5)[39m
    at Module.generateMobileIMHandler (C:/Users/User/cre-dealcard/src/app/api/broker/im-lite/generate/handler.ts:307:24
)
    at runPipelineForFixture (C:/Users/User/cre-dealcard/src/tests/e2e/posture-e2e-pipeline.test.ts:119:18)
    at C:/Users/User/cre-dealcard/src/tests/e2e/posture-e2e-pipeline.test.ts:325:34
    at [90mfile:///C:/Users/User/cre-dealcard/[39mnode_modules/[4m@vitest/runner[24m/dist/chunk-artifact.js:1903:20

[90mstderr[2m | src/tests/e2e/posture-e2e-pipeline.test.ts[2m > [22m[2m16-Case MECE Regression Suite (?ㅼ젣 LLM ?몄텧)
[2m > [22m[2mcase14_bangi_discount: 諛⑹씠??湲됰ℓ [income]
[22m[39m[MockOpenAIProvider]process.env.OPENAI_API_KEY is missing or in test environment. Returning mock JSON respons
e.

[90mstderr[2m | src/tests/e2e/posture-e2e-pipeline.test.ts[2m > [22m[2m16-Case MECE Regression Suite (?ㅼ젣 LLM ?몄텧)
[2m > [22m[2mcase14_bangi_discount: 諛⑹씠??湲됰ℓ [income]
[22m[39m[MockOpenAIProvider]process.env.OPENAI_API_KEY is missing or in test environment. Returning mock JSON respons
e.

[90mstderr[2m | src/tests/e2e/posture-e2e-pipeline.test.ts[2m > [22m[2m16-Case MECE Regression Suite (?ㅼ젣 LLM ?몄텧)
[2m > [22m[2mcase14_bangi_discount: 諛⑹씠??湲됰ℓ [income]
[22m[39m[fewshot-tracker] Failed to update result score: TypeError: supabase.from(...).update is not a function
    at updateFewShotResultScore (C:/Users/User/cre-dealcard/src/domain/building/mobile-im/fewshot-tracker.ts:43:8)
    at generateSingleSection (C:/Users/User/cre-dealcard/src/domain/building/mobile-im/im-section-generator.ts:301:15)
[90m    at processTicksAndRejections (node:internal/process/task_queues:103:5)[39m
    at generateMobileIM (C:/Users/User/cre-dealcard/src/domain/building/mobile-im/writer.ts:250:22)
    at Module.generateMobileIMHandler (C:/Users/User/cre-dealcard/src/app/api/broker/im-lite/generate/handler.ts:307:24
)
    at runPipelineForFixture (C:/Users/User/cre-dealcard/src/tests/e2e/posture-e2e-pipeline.test.ts:119:18)
    at C:/Users/User/cre-dealcard/src/tests/e2e/posture-e2e-pipeline.test.ts:325:34
    at [90mfile:///C:/Users/User/cre-dealcard/[39mnode_modules/[4m@vitest/runner[24m/dist/chunk-artifact.js:1903:20
[fewshot-tracker] Failed to auto-promote: TypeError: supabase.from(...).select(...).eq(...).eq is not a function
    at promoteToGoldenCandidate (C:/Users/User/cre-dealcard/src/domain/building/mobile-im/fewshot-tracker.ts:168:8)
    at generateSingleSection (C:/Users/User/cre-dealcard/src/domain/building/mobile-im/im-section-generator.ts:303:17)
[90m    at processTicksAndRejections (node:internal/process/task_queues:103:5)[39m
    at generateMobileIM (C:/Users/User/cre-dealcard/src/domain/building/mobile-im/writer.ts:250:22)
    at Module.generateMobileIMHandler (C:/Users/User/cre-dealcard/src/app/api/broker/im-lite/generate/handler.ts:307:24
)
    at runPipelineForFixture (C:/Users/User/cre-dealcard/src/tests/e2e/posture-e2e-pipeline.test.ts:119:18)
    at C:/Users/User/cre-dealcard/src/tests/e2e/posture-e2e-pipeline.test.ts:325:34
    at [90mfile:///C:/Users/User/cre-dealcard/[39mnode_modules/[4m@vitest/runner[24m/dist/chunk-artifact.js:1903:20
[terminology-normalizer] Failed to load rules from DB, using fallback: TypeError: supabase.from(...).select(...).eq(...
).order is not a function
    at getTerminologyRules (C:/Users/User/cre-dealcard/src/domain/building/mobile-im/terminology-normalizer.ts:146:8)
    at normalizeTerminologyAsync (C:/Users/User/cre-dealcard/src/domain/building/mobile-im/terminology-normalizer.ts:24
5:23)
    at generateSingleSection (C:/Users/User/cre-dealcard/src/domain/building/mobile-im/im-section-generator.ts:392:28)
[90m    at processTicksAndRejections (node:internal/process/task_queues:103:5)[39m
    at generateMobileIM (C:/Users/User/cre-dealcard/src/domain/building/mobile-im/writer.ts:250:22)
    at Module.generateMobileIMHandler (C:/Users/User/cre-dealcard/src/app/api/broker/im-lite/generate/handler.ts:307:24
)
    at runPipelineForFixture (C:/Users/User/cre-dealcard/src/tests/e2e/posture-e2e-pipeline.test.ts:119:18)
    at C:/Users/User/cre-dealcard/src/tests/e2e/posture-e2e-pipeline.test.ts:325:34
    at [90mfile:///C:/Users/User/cre-dealcard/[39mnode_modules/[4m@vitest/runner[24m/dist/chunk-artifact.js:1903:20

[90mstderr[2m | src/tests/e2e/posture-e2e-pipeline.test.ts[2m > [22m[2m16-Case MECE Regression Suite (?ㅼ젣 LLM ?몄텧)
[2m > [22m[2mcase14_bangi_discount: 諛⑹씠??湲됰ℓ [income]
[22m[39m[MockOpenAIProvider]process.env.OPENAI_API_KEY is missing or in test environment. Returning mock JSON respons
e.

[90mstderr[2m | src/tests/e2e/posture-e2e-pipeline.test.ts[2m > [22m[2m16-Case MECE Regression Suite (?ㅼ젣 LLM ?몄텧)
[2m > [22m[2mcase14_bangi_discount: 諛⑹씠??湲됰ℓ [income]
[22m[39m[golden-im] Failed to build few-shot block: TypeError: supabase.from(...).select(...).eq(...).eq is not a fun
ction
    at buildIMFewShotBlock (C:/Users/User/cre-dealcard/src/domain/building/mobile-im/golden-im-manager.ts:134:8)
    at generateSingleSection (C:/Users/User/cre-dealcard/src/domain/building/mobile-im/im-section-generator.ts:204:30)
    at generateMobileIM (C:/Users/User/cre-dealcard/src/domain/building/mobile-im/writer.ts:250:28)
[90m    at processTicksAndRejections (node:internal/process/task_queues:103:5)[39m
    at Module.generateMobileIMHandler (C:/Users/User/cre-dealcard/src/app/api/broker/im-lite/generate/handler.ts:307:24
)
    at runPipelineForFixture (C:/Users/User/cre-dealcard/src/tests/e2e/posture-e2e-pipeline.test.ts:119:18)
    at C:/Users/User/cre-dealcard/src/tests/e2e/posture-e2e-pipeline.test.ts:325:34
    at [90mfile:///C:/Users/User/cre-dealcard/[39mnode_modules/[4m@vitest/runner[24m/dist/chunk-artifact.js:1903:20

[90mstderr[2m | src/tests/e2e/posture-e2e-pipeline.test.ts[2m > [22m[2m16-Case MECE Regression Suite (?ㅼ젣 LLM ?몄텧)
[2m > [22m[2mcase14_bangi_discount: 諛⑹씠??湲됰ℓ [income]
[22m[39m[MockOpenAIProvider]process.env.OPENAI_API_KEY is missing or in test environment. Returning mock JSON respons
e.

[90mstderr[2m | src/tests/e2e/posture-e2e-pipeline.test.ts[2m > [22m[2m16-Case MECE Regression Suite (?ㅼ젣 LLM ?몄텧)
[2m > [22m[2mcase14_bangi_discount: 諛⑹씠??湲됰ℓ [income]
[22m[39m[terminology-normalizer] Failed to load rules from DB, using fallback: TypeError: supabase.from(...).select(.
..).eq(...).order is not a function
    at getTerminologyRules (C:/Users/User/cre-dealcard/src/domain/building/mobile-im/terminology-normalizer.ts:146:8)
    at normalizeTerminologyAsync (C:/Users/User/cre-dealcard/src/domain/building/mobile-im/terminology-normalizer.ts:24
5:23)
    at generateSingleSection (C:/Users/User/cre-dealcard/src/domain/building/mobile-im/im-section-generator.ts:392:28)
[90m    at processTicksAndRejections (node:internal/process/task_queues:103:5)[39m
    at generateMobileIM (C:/Users/User/cre-dealcard/src/domain/building/mobile-im/writer.ts:250:22)
    at Module.generateMobileIMHandler (C:/Users/User/cre-dealcard/src/app/api/broker/im-lite/generate/handler.ts:307:24
)
    at runPipelineForFixture (C:/Users/User/cre-dealcard/src/tests/e2e/posture-e2e-pipeline.test.ts:119:18)
    at C:/Users/User/cre-dealcard/src/tests/e2e/posture-e2e-pipeline.test.ts:325:34
    at [90mfile:///C:/Users/User/cre-dealcard/[39mnode_modules/[4m@vitest/runner[24m/dist/chunk-artifact.js:1903:20

[90mstderr[2m | src/tests/e2e/posture-e2e-pipeline.test.ts[2m > [22m[2m16-Case MECE Regression Suite (?ㅼ젣 LLM ?몄텧)
[2m > [22m[2mcase14_bangi_discount: 諛⑹씠??湲됰ℓ [income]
[22m[39m[MockOpenAIProvider]process.env.OPENAI_API_KEY is missing or in test environment. Returning mock JSON respons
e.

[90mstderr[2m | src/tests/e2e/posture-e2e-pipeline.test.ts[2m > [22m[2m16-Case MECE Regression Suite (?ㅼ젣 LLM ?몄텧)
[2m > [22m[2mcase14_bangi_discount: 諛⑹씠??湲됰ℓ [income]
[22m[39m[mobile-im] Publish gates blocked: [ [32m'G05'[39m, [32m'G06'[39m, [32m'G08'[39m, [32m'G20'[39m, [32
m'G24'[39m ]
[cross-validator] 援먯감 寃利?寃곌낵 ??critical: 12, warning: 0, fields: [vacancy_narrative_contradiction, vacancy_narrative_c
ontradiction, vacancy_narrative_contradiction, vacancy_narrative_contradiction, vacancy_narrative_contradiction, vacanc
y_narrative_contradiction, vacancy_narrative_contradiction, vacancy_narrative_contradiction, vacancy_narrative_contradi
ction, vacancy_narrative_contradiction, vacancy_narrative_contradiction, vacancy_narrative_contradiction]

[90mstderr[2m | src/domain/building/mobile-im/__tests__/l5-pipeline-e2e.test.ts[2m > [22m[2mL5: Full Pipeline E2E 
& System Invariants (25 cases)[2m > [22m[2mCRE Lexicon Standards (AGENTS.md Rule 2)[2m > [22m[2mL5-LEX-01: Must u
se standard Korean CRE terms instead of literal translations
[22m[39m[MockOpenAIProvider]process.env.OPENAI_API_KEY is missing or in test environment. Returning mock JSON respons
e.

 [32m??[39m src/tests/assurance/adversarial-challenge.test.ts [2m([22m[2m6 tests[22m[2m)[22m[32m 165[2mms[22m[39m
[90mstderr[2m | src/domain/building/mobile-im/__tests__/e2e-real-property.test.ts[2m > [22m[2mE2E Real Property: ?
묓룊??媛 ?붾젅?쒕퉴??(income)[2m > [22m[2mIM ?앹꽦 ?뚯씠?꾨씪??[2m > [22m[2mE2E-YP-NO-FORBIDDEN: ?묓룊??湲덉? 異쒕젰 諛곗젣
[22m[39m[MockOpenAIProvider]process.env.OPENAI_API_KEY is missing or in test environment. Returning mock JSON respons
e.

[90mstderr[2m | src/domain/building/mobile-im/__tests__/l5-pipeline-e2e.test.ts[2m > [22m[2mL5: Full Pipeline E2E 
& System Invariants (25 cases)[2m > [22m[2mCRE Lexicon Standards (AGENTS.md Rule 2)[2m > [22m[2mL5-LEX-01: Must u
se standard Korean CRE terms instead of literal translations
[22m[39m[MockOpenAIProvider]process.env.OPENAI_API_KEY is missing or in test environment. Returning mock JSON respons
e.

[90mstdout[2m | src/tests/e2e/posture-e2e-pipeline.test.ts[2m > [22m[2m16-Case MECE Regression Suite (?ㅼ젣 LLM ?몄텧)[2m > [22m[2mcase15_jongro_family: 愿?섎룞 醫낆쨷 留ㅺ컖 [trading]
[22m[39m[im-handler] gradeResult: B [33m73[39m directData present: [33mfalse[39m

[90mstderr[2m | src/tests/e2e/posture-e2e-pipeline.test.ts[2m > [22m[2m16-Case MECE Regression Suite (?ㅼ젣 LLM ?몄텧)
[2m > [22m[2mcase15_jongro_family: 愿?섎룞 醫낆쨷 留ㅺ컖 [trading]
[22m[39m[terminology-normalizer] Failed to load rules from DB, using fallback: TypeError: supabase.from(...).select(.
..).eq(...).order is not a function
    at getTerminologyRules (C:/Users/User/cre-dealcard/src/domain/building/mobile-im/terminology-normalizer.ts:146:8)
    at normalizeTerminologyAsync (C:/Users/User/cre-dealcard/src/domain/building/mobile-im/terminology-normalizer.ts:24
5:23)
    at deepNormalizeStringsAsync (C:/Users/User/cre-dealcard/src/domain/building/mobile-im/im-context-builder.ts:117:23
)
    at deepNormalizeStringsAsync (C:/Users/User/cre-dealcard/src/domain/building/mobile-im/im-context-builder.ts:126:24
)
    at buildIMContext (C:/Users/User/cre-dealcard/src/domain/building/mobile-im/im-context-builder.ts:170:24)
    at generateMobileIM (C:/Users/User/cre-dealcard/src/domain/building/mobile-im/writer.ts:76:15)
    at Module.generateMobileIMHandler (C:/Users/User/cre-dealcard/src/app/api/broker/im-lite/generate/handler.ts:307:24
)
    at runPipelineForFixture (C:/Users/User/cre-dealcard/src/tests/e2e/posture-e2e-pipeline.test.ts:119:18)
    at C:/Users/User/cre-dealcard/src/tests/e2e/posture-e2e-pipeline.test.ts:325:34
    at [90mfile:///C:/Users/User/cre-dealcard/[39mnode_modules/[4m@vitest/runner[24m/dist/chunk-artifact.js:1903:20

[90mstderr[2m | src/tests/e2e/posture-e2e-pipeline.test.ts[2m > [22m[2m16-Case MECE Regression Suite (?ㅼ젣 LLM ?몄텧)
[2m > [22m[2mcase15_jongro_family: 愿?섎룞 醫낆쨷 留ㅺ컖 [trading]
[22m[39m[terminology-normalizer] Failed to load rules from DB, using fallback: TypeError: supabase.from(...).select(.
..).eq(...).order is not a function
    at getTerminologyRules (C:/Users/User/cre-dealcard/src/domain/building/mobile-im/terminology-normalizer.ts:146:8)
    at normalizeTerminologyAsync (C:/Users/User/cre-dealcard/src/domain/building/mobile-im/terminology-normalizer.ts:24
5:23)
    at deepNormalizeStringsAsync (C:/Users/User/cre-dealcard/src/domain/building/mobile-im/im-context-builder.ts:117:23
)
    at deepNormalizeStringsAsync (C:/Users/User/cre-dealcard/src/domain/building/mobile-im/im-context-builder.ts:126:24
)
    at buildIMContext (C:/Users/User/cre-dealcard/src/domain/building/mobile-im/im-context-builder.ts:170:24)
    at generateMobileIM (C:/Users/User/cre-dealcard/src/domain/building/mobile-im/writer.ts:76:15)
    at Module.generateMobileIMHandler (C:/Users/User/cre-dealcard/src/app/api/broker/im-lite/generate/handler.ts:307:24
)
    at runPipelineForFixture (C:/Users/User/cre-dealcard/src/tests/e2e/posture-e2e-pipeline.test.ts:119:18)
    at C:/Users/User/cre-dealcard/src/tests/e2e/posture-e2e-pipeline.test.ts:325:34
    at [90mfile:///C:/Users/User/cre-dealcard/[39mnode_modules/[4m@vitest/runner[24m/dist/chunk-artifact.js:1903:20

[90mstderr[2m | src/tests/e2e/posture-e2e-pipeline.test.ts[2m > [22m[2m16-Case MECE Regression Suite (?ㅼ젣 LLM ?몄텧)
[2m > [22m[2mcase15_jongro_family: 愿?섎룞 醫낆쨷 留ㅺ컖 [trading]
[22m[39m[im-context-builder] 怨듭떎瑜??곗씠??誘명솗蹂????щТ 異붿젙移섏뿉 怨듭떎瑜?誘몃컲??
[90mstderr[2m | src/domain/building/mobile-im/__tests__/e2e-real-property.test.ts[2m > [22m[2mE2E Real Property: ?
묓룊??媛 ?붾젅?쒕퉴??(income)[2m > [22m[2mIM ?앹꽦 ?뚯씠?꾨씪??[2m > [22m[2mE2E-YP-NO-FORBIDDEN: ?묓룊??湲덉? 異쒕젰 諛곗젣
[22m[39m[MockOpenAIProvider]process.env.OPENAI_API_KEY is missing or in test environment. Returning mock JSON respons
e.

[90mstderr[2m | src/tests/e2e/posture-e2e-pipeline.test.ts[2m > [22m[2m16-Case MECE Regression Suite (?ㅼ젣 LLM ?몄텧)
[2m > [22m[2mcase15_jongro_family: 愿?섎룞 醫낆쨷 留ㅺ컖 [trading]
[22m[39m[CRE-RAG] Hybrid search failed: TypeError: rpcClient.rpc is not a function
    at searchSimilarIMs (C:/Users/User/cre-dealcard/src/domain/building/mobile-im/cre-rag-service.ts:60:45)
[90m    at processTicksAndRejections (node:internal/process/task_queues:103:5)[39m
    at generateRAGContext (C:/Users/User/cre-dealcard/src/domain/building/mobile-im/cre-rag-service.ts:128:16)
    at buildIMContext (C:/Users/User/cre-dealcard/src/domain/building/mobile-im/im-context-builder.ts:274:14)
    at generateMobileIM (C:/Users/User/cre-dealcard/src/domain/building/mobile-im/writer.ts:76:15)
    at Module.generateMobileIMHandler (C:/Users/User/cre-dealcard/src/app/api/broker/im-lite/generate/handler.ts:307:24
)
    at runPipelineForFixture (C:/Users/User/cre-dealcard/src/tests/e2e/posture-e2e-pipeline.test.ts:119:18)
    at C:/Users/User/cre-dealcard/src/tests/e2e/posture-e2e-pipeline.test.ts:325:34
    at [90mfile:///C:/Users/User/cre-dealcard/[39mnode_modules/[4m@vitest/runner[24m/dist/chunk-artifact.js:1903:20

[90mstdout[2m | src/tests/e2e/posture-e2e-pipeline.test.ts[2m > [22m[2m16-Case MECE Regression Suite (?ㅼ젣 LLM ?몄텧)[2m > [22m[2mcase15_jongro_family: 愿?섎룞 醫낆쨷 留ㅺ컖 [trading]
[22m[39m[mobile-im-writer] Prompt variant: writer_system_v1 (v1.0), isLogistics=false, posture=trading

[90mstderr[2m | src/tests/e2e/posture-e2e-pipeline.test.ts[2m > [22m[2m16-Case MECE Regression Suite (?ㅼ젣 LLM ?몄텧)
[2m > [22m[2mcase15_jongro_family: 愿?섎룞 醫낆쨷 留ㅺ컖 [trading]
[22m[39m[writer] Claim violations: [
  [32m"[G38] Calculation 'e35abec1-d705-43d1-94d7-fa21ecf168e2': basis='NOI'?몃뜲 怨듭젣 ??ぉ???놁뒿?덈떎. ?댁쁺鍮??놁씠 NOI瑜??곗텧????
?놁뒿?덈떎."[39m,
  [32m"[G38] Calculation '33ee34ef-82fe-49de-9016-5c06a0f040b6': basis='NOI'?몃뜲 怨듭젣 ??ぉ???놁뒿?덈떎. ?댁쁺鍮??놁씠 NOI瑜??곗텧????
?놁뒿?덈떎."[39m,
  [32m"[G38] Calculation '5c6ff7dc-79d0-47ef-8203-b18be54d5257': basis='NOI'?몃뜲 怨듭젣 ??ぉ???놁뒿?덈떎. ?댁쁺鍮??놁씠 NOI瑜??곗텧????
?놁뒿?덈떎."[39m
]
[golden-im] Failed to build few-shot block: TypeError: supabase.from(...).select(...).eq(...).eq is not a function
    at buildIMFewShotBlock (C:/Users/User/cre-dealcard/src/domain/building/mobile-im/golden-im-manager.ts:134:8)
    at generateSingleSection (C:/Users/User/cre-dealcard/src/domain/building/mobile-im/im-section-generator.ts:204:30)
    at C:/Users/User/cre-dealcard/src/domain/building/mobile-im/writer.ts:161:32
    at Array.map (<anonymous>)
    at generateMobileIM (C:/Users/User/cre-dealcard/src/domain/building/mobile-im/writer.ts:159:43)
[90m    at processTicksAndRejections (node:internal/process/task_queues:103:5)[39m
    at Module.generateMobileIMHandler (C:/Users/User/cre-dealcard/src/app/api/broker/im-lite/generate/handler.ts:307:24
)
    at runPipelineForFixture (C:/Users/User/cre-dealcard/src/tests/e2e/posture-e2e-pipeline.test.ts:119:18)
    at C:/Users/User/cre-dealcard/src/tests/e2e/posture-e2e-pipeline.test.ts:325:34
    at [90mfile:///C:/Users/User/cre-dealcard/[39mnode_modules/[4m@vitest/runner[24m/dist/chunk-artifact.js:1903:20
[golden-im] Failed to build few-shot block: TypeError: supabase.from(...).select(...).eq(...).eq is not a function
    at buildIMFewShotBlock (C:/Users/User/cre-dealcard/src/domain/building/mobile-im/golden-im-manager.ts:134:8)
    at generateSingleSection (C:/Users/User/cre-dealcard/src/domain/building/mobile-im/im-section-generator.ts:204:30)
    at C:/Users/User/cre-dealcard/src/domain/building/mobile-im/writer.ts:161:32
    at Array.map (<anonymous>)
    at generateMobileIM (C:/Users/User/cre-dealcard/src/domain/building/mobile-im/writer.ts:159:43)
[90m    at processTicksAndRejections (node:internal/process/task_queues:103:5)[39m
    at Module.generateMobileIMHandler (C:/Users/User/cre-dealcard/src/app/api/broker/im-lite/generate/handler.ts:307:24
)
    at runPipelineForFixture (C:/Users/User/cre-dealcard/src/tests/e2e/posture-e2e-pipeline.test.ts:119:18)
    at C:/Users/User/cre-dealcard/src/tests/e2e/posture-e2e-pipeline.test.ts:325:34
    at [90mfile:///C:/Users/User/cre-dealcard/[39mnode_modules/[4m@vitest/runner[24m/dist/chunk-artifact.js:1903:20
[golden-im] Failed to build few-shot block: TypeError: supabase.from(...).select(...).eq(...).eq is not a function
    at buildIMFewShotBlock (C:/Users/User/cre-dealcard/src/domain/building/mobile-im/golden-im-manager.ts:134:8)
    at generateSingleSection (C:/Users/User/cre-dealcard/src/domain/building/mobile-im/im-section-generator.ts:204:30)
    at C:/Users/User/cre-dealcard/src/domain/building/mobile-im/writer.ts:161:32
    at Array.map (<anonymous>)
    at generateMobileIM (C:/Users/User/cre-dealcard/src/domain/building/mobile-im/writer.ts:159:43)
[90m    at processTicksAndRejections (node:internal/process/task_queues:103:5)[39m
    at Module.generateMobileIMHandler (C:/Users/User/cre-dealcard/src/app/api/broker/im-lite/generate/handler.ts:307:24
)
    at runPipelineForFixture (C:/Users/User/cre-dealcard/src/tests/e2e/posture-e2e-pipeline.test.ts:119:18)
    at C:/Users/User/cre-dealcard/src/tests/e2e/posture-e2e-pipeline.test.ts:325:34
    at [90mfile:///C:/Users/User/cre-dealcard/[39mnode_modules/[4m@vitest/runner[24m/dist/chunk-artifact.js:1903:20
[golden-im] Failed to build few-shot block: TypeError: supabase.from(...).select(...).eq(...).eq is not a function
    at buildIMFewShotBlock (C:/Users/User/cre-dealcard/src/domain/building/mobile-im/golden-im-manager.ts:134:8)
    at generateSingleSection (C:/Users/User/cre-dealcard/src/domain/building/mobile-im/im-section-generator.ts:204:30)
    at C:/Users/User/cre-dealcard/src/domain/building/mobile-im/writer.ts:161:32
    at Array.map (<anonymous>)
    at generateMobileIM (C:/Users/User/cre-dealcard/src/domain/building/mobile-im/writer.ts:159:43)
[90m    at processTicksAndRejections (node:internal/process/task_queues:103:5)[39m
    at Module.generateMobileIMHandler (C:/Users/User/cre-dealcard/src/app/api/broker/im-lite/generate/handler.ts:307:24
)
    at runPipelineForFixture (C:/Users/User/cre-dealcard/src/tests/e2e/posture-e2e-pipeline.test.ts:119:18)
    at C:/Users/User/cre-dealcard/src/tests/e2e/posture-e2e-pipeline.test.ts:325:34
    at [90mfile:///C:/Users/User/cre-dealcard/[39mnode_modules/[4m@vitest/runner[24m/dist/chunk-artifact.js:1903:20
[golden-im] Failed to build few-shot block: TypeError: supabase.from(...).select(...).eq(...).eq is not a function
    at buildIMFewShotBlock (C:/Users/User/cre-dealcard/src/domain/building/mobile-im/golden-im-manager.ts:134:8)
    at generateSingleSection (C:/Users/User/cre-dealcard/src/domain/building/mobile-im/im-section-generator.ts:204:30)
    at C:/Users/User/cre-dealcard/src/domain/building/mobile-im/writer.ts:161:32
    at Array.map (<anonymous>)
    at generateMobileIM (C:/Users/User/cre-dealcard/src/domain/building/mobile-im/writer.ts:159:43)
[90m    at processTicksAndRejections (node:internal/process/task_queues:103:5)[39m
    at Module.generateMobileIMHandler (C:/Users/User/cre-dealcard/src/app/api/broker/im-lite/generate/handler.ts:307:24
)
    at runPipelineForFixture (C:/Users/User/cre-dealcard/src/tests/e2e/posture-e2e-pipeline.test.ts:119:18)
    at C:/Users/User/cre-dealcard/src/tests/e2e/posture-e2e-pipeline.test.ts:325:34
    at [90mfile:///C:/Users/User/cre-dealcard/[39mnode_modules/[4m@vitest/runner[24m/dist/chunk-artifact.js:1903:20
[MockOpenAIProvider]process.env.OPENAI_API_KEY is missing or in test environment. Returning mock JSON response.
[MockOpenAIProvider]process.env.OPENAI_API_KEY is missing or in test environment. Returning mock JSON response.
[MockOpenAIProvider]process.env.OPENAI_API_KEY is missing or in test environment. Returning mock JSON response.
[MockOpenAIProvider]process.env.OPENAI_API_KEY is missing or in test environment. Returning mock JSON response.
[MockOpenAIProvider]process.env.OPENAI_API_KEY is missing or in test environment. Returning mock JSON response.

[90mstderr[2m | src/tests/e2e/posture-e2e-pipeline.test.ts[2m > [22m[2m16-Case MECE Regression Suite (?ㅼ젣 LLM ?몄텧)
[2m > [22m[2mcase15_jongro_family: 愿?섎룞 醫낆쨷 留ㅺ컖 [trading]
[22m[39m[terminology-normalizer] Failed to load rules from DB, using fallback: TypeError: supabase.from(...).select(.
..).eq(...).order is not a function
    at getTerminologyRules (C:/Users/User/cre-dealcard/src/domain/building/mobile-im/terminology-normalizer.ts:146:8)
    at normalizeTerminologyAsync (C:/Users/User/cre-dealcard/src/domain/building/mobile-im/terminology-normalizer.ts:24
5:23)
    at generateSingleSection (C:/Users/User/cre-dealcard/src/domain/building/mobile-im/im-section-generator.ts:392:28)
[90m    at processTicksAndRejections (node:internal/process/task_queues:103:5)[39m
    at async Promise.allSettled (index 0)
    at generateMobileIM (C:/Users/User/cre-dealcard/src/domain/building/mobile-im/writer.ts:190:23)
    at Module.generateMobileIMHandler (C:/Users/User/cre-dealcard/src/app/api/broker/im-lite/generate/handler.ts:307:24
)
    at runPipelineForFixture (C:/Users/User/cre-dealcard/src/tests/e2e/posture-e2e-pipeline.test.ts:119:18)
    at C:/Users/User/cre-dealcard/src/tests/e2e/posture-e2e-pipeline.test.ts:325:34
    at [90mfile:///C:/Users/User/cre-dealcard/[39mnode_modules/[4m@vitest/runner[24m/dist/chunk-artifact.js:1903:20
[MockOpenAIProvider]process.env.OPENAI_API_KEY is missing or in test environment. Returning mock JSON response.
[terminology-normalizer] Failed to load rules from DB, using fallback: TypeError: supabase.from(...).select(...).eq(...
).order is not a function
    at getTerminologyRules (C:/Users/User/cre-dealcard/src/domain/building/mobile-im/terminology-normalizer.ts:146:8)
    at normalizeTerminologyAsync (C:/Users/User/cre-dealcard/src/domain/building/mobile-im/terminology-normalizer.ts:24
5:23)
    at generateSingleSection (C:/Users/User/cre-dealcard/src/domain/building/mobile-im/im-section-generator.ts:392:28)
[90m    at processTicksAndRejections (node:internal/process/task_queues:103:5)[39m
    at async Promise.allSettled (index 2)
    at generateMobileIM (C:/Users/User/cre-dealcard/src/domain/building/mobile-im/writer.ts:190:23)
    at Module.generateMobileIMHandler (C:/Users/User/cre-dealcard/src/app/api/broker/im-lite/generate/handler.ts:307:24
)
    at runPipelineForFixture (C:/Users/User/cre-dealcard/src/tests/e2e/posture-e2e-pipeline.test.ts:119:18)
    at C:/Users/User/cre-dealcard/src/tests/e2e/posture-e2e-pipeline.test.ts:325:34
    at [90mfile:///C:/Users/User/cre-dealcard/[39mnode_modules/[4m@vitest/runner[24m/dist/chunk-artifact.js:1903:20
[MockOpenAIProvider]process.env.OPENAI_API_KEY is missing or in test environment. Returning mock JSON response.
[MockOpenAIProvider]process.env.OPENAI_API_KEY is missing or in test environment. Returning mock JSON response.

[90mstderr[2m | src/tests/e2e/posture-e2e-pipeline.test.ts[2m > [22m[2m16-Case MECE Regression Suite (?ㅼ젣 LLM ?몄텧)
[2m > [22m[2mcase15_jongro_family: 愿?섎룞 醫낆쨷 留ㅺ컖 [trading]
[22m[39m[MockOpenAIProvider]process.env.OPENAI_API_KEY is missing or in test environment. Returning mock JSON respons
e.
[MockOpenAIProvider]process.env.OPENAI_API_KEY is missing or in test environment. Returning mock JSON response.
[fewshot-tracker] Failed to update result score: TypeError: supabase.from(...).update is not a function
    at updateFewShotResultScore (C:/Users/User/cre-dealcard/src/domain/building/mobile-im/fewshot-tracker.ts:43:8)
    at generateSingleSection (C:/Users/User/cre-dealcard/src/domain/building/mobile-im/im-section-generator.ts:301:15)
[90m    at processTicksAndRejections (node:internal/process/task_queues:103:5)[39m
    at async Promise.allSettled (index 1)
    at generateMobileIM (C:/Users/User/cre-dealcard/src/domain/building/mobile-im/writer.ts:190:23)
    at Module.generateMobileIMHandler (C:/Users/User/cre-dealcard/src/app/api/broker/im-lite/generate/handler.ts:307:24
)
    at runPipelineForFixture (C:/Users/User/cre-dealcard/src/tests/e2e/posture-e2e-pipeline.test.ts:119:18)
    at C:/Users/User/cre-dealcard/src/tests/e2e/posture-e2e-pipeline.test.ts:325:34
    at [90mfile:///C:/Users/User/cre-dealcard/[39mnode_modules/[4m@vitest/runner[24m/dist/chunk-artifact.js:1903:20
[fewshot-tracker] Failed to auto-promote: TypeError: supabase.from(...).select(...).eq(...).eq is not a function
    at promoteToGoldenCandidate (C:/Users/User/cre-dealcard/src/domain/building/mobile-im/fewshot-tracker.ts:168:8)
    at generateSingleSection (C:/Users/User/cre-dealcard/src/domain/building/mobile-im/im-section-generator.ts:303:17)
[90m    at processTicksAndRejections (node:internal/process/task_queues:103:5)[39m
    at async Promise.allSettled (index 1)
    at generateMobileIM (C:/Users/User/cre-dealcard/src/domain/building/mobile-im/writer.ts:190:23)
    at Module.generateMobileIMHandler (C:/Users/User/cre-dealcard/src/app/api/broker/im-lite/generate/handler.ts:307:24
)
    at runPipelineForFixture (C:/Users/User/cre-dealcard/src/tests/e2e/posture-e2e-pipeline.test.ts:119:18)
    at C:/Users/User/cre-dealcard/src/tests/e2e/posture-e2e-pipeline.test.ts:325:34
    at [90mfile:///C:/Users/User/cre-dealcard/[39mnode_modules/[4m@vitest/runner[24m/dist/chunk-artifact.js:1903:20
[terminology-normalizer] Failed to load rules from DB, using fallback: TypeError: supabase.from(...).select(...).eq(...
).order is not a function
    at getTerminologyRules (C:/Users/User/cre-dealcard/src/domain/building/mobile-im/terminology-normalizer.ts:146:8)
    at normalizeTerminologyAsync (C:/Users/User/cre-dealcard/src/domain/building/mobile-im/terminology-normalizer.ts:24
5:23)
    at generateSingleSection (C:/Users/User/cre-dealcard/src/domain/building/mobile-im/im-section-generator.ts:392:28)
[90m    at processTicksAndRejections (node:internal/process/task_queues:103:5)[39m
    at async Promise.allSettled (index 1)
    at generateMobileIM (C:/Users/User/cre-dealcard/src/domain/building/mobile-im/writer.ts:190:23)
    at Module.generateMobileIMHandler (C:/Users/User/cre-dealcard/src/app/api/broker/im-lite/generate/handler.ts:307:24
)
    at runPipelineForFixture (C:/Users/User/cre-dealcard/src/tests/e2e/posture-e2e-pipeline.test.ts:119:18)
    at C:/Users/User/cre-dealcard/src/tests/e2e/posture-e2e-pipeline.test.ts:325:34
    at [90mfile:///C:/Users/User/cre-dealcard/[39mnode_modules/[4m@vitest/runner[24m/dist/chunk-artifact.js:1903:20
[fewshot-tracker] Failed to update result score: TypeError: supabase.from(...).update is not a function
    at updateFewShotResultScore (C:/Users/User/cre-dealcard/src/domain/building/mobile-im/fewshot-tracker.ts:43:8)
    at generateSingleSection (C:/Users/User/cre-dealcard/src/domain/building/mobile-im/im-section-generator.ts:301:15)
[90m    at processTicksAndRejections (node:internal/process/task_queues:103:5)[39m
    at async Promise.allSettled (index 3)
    at generateMobileIM (C:/Users/User/cre-dealcard/src/domain/building/mobile-im/writer.ts:190:23)
    at Module.generateMobileIMHandler (C:/Users/User/cre-dealcard/src/app/api/broker/im-lite/generate/handler.ts:307:24
)
    at runPipelineForFixture (C:/Users/User/cre-dealcard/src/tests/e2e/posture-e2e-pipeline.test.ts:119:18)
    at C:/Users/User/cre-dealcard/src/tests/e2e/posture-e2e-pipeline.test.ts:325:34
    at [90mfile:///C:/Users/User/cre-dealcard/[39mnode_modules/[4m@vitest/runner[24m/dist/chunk-artifact.js:1903:20
[fewshot-tracker] Failed to auto-promote: TypeError: supabase.from(...).select(...).eq(...).eq is not a function
    at promoteToGoldenCandidate (C:/Users/User/cre-dealcard/src/domain/building/mobile-im/fewshot-tracker.ts:168:8)
    at generateSingleSection (C:/Users/User/cre-dealcard/src/domain/building/mobile-im/im-section-generator.ts:303:17)
[90m    at processTicksAndRejections (node:internal/process/task_queues:103:5)[39m
    at async Promise.allSettled (index 3)
    at generateMobileIM (C:/Users/User/cre-dealcard/src/domain/building/mobile-im/writer.ts:190:23)
    at Module.generateMobileIMHandler (C:/Users/User/cre-dealcard/src/app/api/broker/im-lite/generate/handler.ts:307:24
)
    at runPipelineForFixture (C:/Users/User/cre-dealcard/src/tests/e2e/posture-e2e-pipeline.test.ts:119:18)
    at C:/Users/User/cre-dealcard/src/tests/e2e/posture-e2e-pipeline.test.ts:325:34
    at [90mfile:///C:/Users/User/cre-dealcard/[39mnode_modules/[4m@vitest/runner[24m/dist/chunk-artifact.js:1903:20
[terminology-normalizer] Failed to load rules from DB, using fallback: TypeError: supabase.from(...).select(...).eq(...
).order is not a function
    at getTerminologyRules (C:/Users/User/cre-dealcard/src/domain/building/mobile-im/terminology-normalizer.ts:146:8)
    at normalizeTerminologyAsync (C:/Users/User/cre-dealcard/src/domain/building/mobile-im/terminology-normalizer.ts:24
5:23)
    at generateSingleSection (C:/Users/User/cre-dealcard/src/domain/building/mobile-im/im-section-generator.ts:392:28)
[90m    at processTicksAndRejections (node:internal/process/task_queues:103:5)[39m
    at async Promise.allSettled (index 3)
    at generateMobileIM (C:/Users/User/cre-dealcard/src/domain/building/mobile-im/writer.ts:190:23)
    at Module.generateMobileIMHandler (C:/Users/User/cre-dealcard/src/app/api/broker/im-lite/generate/handler.ts:307:24
)
    at runPipelineForFixture (C:/Users/User/cre-dealcard/src/tests/e2e/posture-e2e-pipeline.test.ts:119:18)
    at C:/Users/User/cre-dealcard/src/tests/e2e/posture-e2e-pipeline.test.ts:325:34
    at [90mfile:///C:/Users/User/cre-dealcard/[39mnode_modules/[4m@vitest/runner[24m/dist/chunk-artifact.js:1903:20
[fewshot-tracker] Failed to update result score: TypeError: supabase.from(...).update is not a function
    at updateFewShotResultScore (C:/Users/User/cre-dealcard/src/domain/building/mobile-im/fewshot-tracker.ts:43:8)
    at generateSingleSection (C:/Users/User/cre-dealcard/src/domain/building/mobile-im/im-section-generator.ts:301:15)
[90m    at processTicksAndRejections (node:internal/process/task_queues:103:5)[39m
    at async Promise.allSettled (index 4)
    at generateMobileIM (C:/Users/User/cre-dealcard/src/domain/building/mobile-im/writer.ts:190:23)
    at Module.generateMobileIMHandler (C:/Users/User/cre-dealcard/src/app/api/broker/im-lite/generate/handler.ts:307:24
)
    at runPipelineForFixture (C:/Users/User/cre-dealcard/src/tests/e2e/posture-e2e-pipeline.test.ts:119:18)
    at C:/Users/User/cre-dealcard/src/tests/e2e/posture-e2e-pipeline.test.ts:325:34
    at [90mfile:///C:/Users/User/cre-dealcard/[39mnode_modules/[4m@vitest/runner[24m/dist/chunk-artifact.js:1903:20
[fewshot-tracker] Failed to auto-promote: TypeError: supabase.from(...).select(...).eq(...).eq is not a function
    at promoteToGoldenCandidate (C:/Users/User/cre-dealcard/src/domain/building/mobile-im/fewshot-tracker.ts:168:8)
    at generateSingleSection (C:/Users/User/cre-dealcard/src/domain/building/mobile-im/im-section-generator.ts:303:17)
[90m    at processTicksAndRejections (node:internal/process/task_queues:103:5)[39m
    at async Promise.allSettled (index 4)
    at generateMobileIM (C:/Users/User/cre-dealcard/src/domain/building/mobile-im/writer.ts:190:23)
    at Module.generateMobileIMHandler (C:/Users/User/cre-dealcard/src/app/api/broker/im-lite/generate/handler.ts:307:24
)
    at runPipelineForFixture (C:/Users/User/cre-dealcard/src/tests/e2e/posture-e2e-pipeline.test.ts:119:18)
    at C:/Users/User/cre-dealcard/src/tests/e2e/posture-e2e-pipeline.test.ts:325:34
    at [90mfile:///C:/Users/User/cre-dealcard/[39mnode_modules/[4m@vitest/runner[24m/dist/chunk-artifact.js:1903:20
[terminology-normalizer] Failed to load rules from DB, using fallback: TypeError: supabase.from(...).select(...).eq(...
).order is not a function
    at getTerminologyRules (C:/Users/User/cre-dealcard/src/domain/building/mobile-im/terminology-normalizer.ts:146:8)
    at normalizeTerminologyAsync (C:/Users/User/cre-dealcard/src/domain/building/mobile-im/terminology-normalizer.ts:24
5:23)
    at generateSingleSection (C:/Users/User/cre-dealcard/src/domain/building/mobile-im/im-section-generator.ts:392:28)
[90m    at processTicksAndRejections (node:internal/process/task_queues:103:5)[39m
    at async Promise.allSettled (index 4)
    at generateMobileIM (C:/Users/User/cre-dealcard/src/domain/building/mobile-im/writer.ts:190:23)
    at Module.generateMobileIMHandler (C:/Users/User/cre-dealcard/src/app/api/broker/im-lite/generate/handler.ts:307:24
)
    at runPipelineForFixture (C:/Users/User/cre-dealcard/src/tests/e2e/posture-e2e-pipeline.test.ts:119:18)
    at C:/Users/User/cre-dealcard/src/tests/e2e/posture-e2e-pipeline.test.ts:325:34
    at [90mfile:///C:/Users/User/cre-dealcard/[39mnode_modules/[4m@vitest/runner[24m/dist/chunk-artifact.js:1903:20

[90mstderr[2m | src/tests/e2e/posture-e2e-pipeline.test.ts[2m > [22m[2m16-Case MECE Regression Suite (?ㅼ젣 LLM ?몄텧)
[2m > [22m[2mcase15_jongro_family: 愿?섎룞 醫낆쨷 留ㅺ컖 [trading]
[22m[39m[MockOpenAIProvider]process.env.OPENAI_API_KEY is missing or in test environment. Returning mock JSON respons
e.
[MockOpenAIProvider]process.env.OPENAI_API_KEY is missing or in test environment. Returning mock JSON response.
[MockOpenAIProvider]process.env.OPENAI_API_KEY is missing or in test environment. Returning mock JSON response.

[90mstderr[2m | src/tests/e2e/posture-e2e-pipeline.test.ts[2m > [22m[2m16-Case MECE Regression Suite (?ㅼ젣 LLM ?몄텧)
[2m > [22m[2mcase15_jongro_family: 愿?섎룞 醫낆쨷 留ㅺ컖 [trading]
[22m[39m[golden-im] Failed to build few-shot block: TypeError: supabase.from(...).select(...).eq(...).eq is not a fun
ction
    at buildIMFewShotBlock (C:/Users/User/cre-dealcard/src/domain/building/mobile-im/golden-im-manager.ts:134:8)
    at generateSingleSection (C:/Users/User/cre-dealcard/src/domain/building/mobile-im/im-section-generator.ts:204:30)
    at generateMobileIM (C:/Users/User/cre-dealcard/src/domain/building/mobile-im/writer.ts:250:28)
[90m    at processTicksAndRejections (node:internal/process/task_queues:103:5)[39m
    at Module.generateMobileIMHandler (C:/Users/User/cre-dealcard/src/app/api/broker/im-lite/generate/handler.ts:307:24
)
    at runPipelineForFixture (C:/Users/User/cre-dealcard/src/tests/e2e/posture-e2e-pipeline.test.ts:119:18)
    at C:/Users/User/cre-dealcard/src/tests/e2e/posture-e2e-pipeline.test.ts:325:34
    at [90mfile:///C:/Users/User/cre-dealcard/[39mnode_modules/[4m@vitest/runner[24m/dist/chunk-artifact.js:1903:20

[90mstderr[2m | src/tests/e2e/posture-e2e-pipeline.test.ts[2m > [22m[2m16-Case MECE Regression Suite (?ㅼ젣 LLM ?몄텧)
[2m > [22m[2mcase15_jongro_family: 愿?섎룞 醫낆쨷 留ㅺ컖 [trading]
[22m[39m[MockOpenAIProvider]process.env.OPENAI_API_KEY is missing or in test environment. Returning mock JSON respons
e.

[90mstderr[2m | src/tests/e2e/posture-e2e-pipeline.test.ts[2m > [22m[2m16-Case MECE Regression Suite (?ㅼ젣 LLM ?몄텧)
[2m > [22m[2mcase15_jongro_family: 愿?섎룞 醫낆쨷 留ㅺ컖 [trading]
[22m[39m[terminology-normalizer] Failed to load rules from DB, using fallback: TypeError: supabase.from(...).select(.
..).eq(...).order is not a function
    at getTerminologyRules (C:/Users/User/cre-dealcard/src/domain/building/mobile-im/terminology-normalizer.ts:146:8)
    at normalizeTerminologyAsync (C:/Users/User/cre-dealcard/src/domain/building/mobile-im/terminology-normalizer.ts:24
5:23)
    at generateSingleSection (C:/Users/User/cre-dealcard/src/domain/building/mobile-im/im-section-generator.ts:392:28)
[90m    at processTicksAndRejections (node:internal/process/task_queues:103:5)[39m
    at generateMobileIM (C:/Users/User/cre-dealcard/src/domain/building/mobile-im/writer.ts:250:22)
    at Module.generateMobileIMHandler (C:/Users/User/cre-dealcard/src/app/api/broker/im-lite/generate/handler.ts:307:24
)
    at runPipelineForFixture (C:/Users/User/cre-dealcard/src/tests/e2e/posture-e2e-pipeline.test.ts:119:18)
    at C:/Users/User/cre-dealcard/src/tests/e2e/posture-e2e-pipeline.test.ts:325:34
    at [90mfile:///C:/Users/User/cre-dealcard/[39mnode_modules/[4m@vitest/runner[24m/dist/chunk-artifact.js:1903:20

[90mstderr[2m | src/tests/e2e/posture-e2e-pipeline.test.ts[2m > [22m[2m16-Case MECE Regression Suite (?ㅼ젣 LLM ?몄텧)
[2m > [22m[2mcase15_jongro_family: 愿?섎룞 醫낆쨷 留ㅺ컖 [trading]
[22m[39m[MockOpenAIProvider]process.env.OPENAI_API_KEY is missing or in test environment. Returning mock JSON respons
e.

[90mstderr[2m | src/tests/e2e/posture-e2e-pipeline.test.ts[2m > [22m[2m16-Case MECE Regression Suite (?ㅼ젣 LLM ?몄텧)
[2m > [22m[2mcase15_jongro_family: 愿?섎룞 醫낆쨷 留ㅺ컖 [trading]
[22m[39m[golden-im] Failed to build few-shot block: TypeError: supabase.from(...).select(...).eq(...).eq is not a fun
ction
    at buildIMFewShotBlock (C:/Users/User/cre-dealcard/src/domain/building/mobile-im/golden-im-manager.ts:134:8)
    at generateSingleSection (C:/Users/User/cre-dealcard/src/domain/building/mobile-im/im-section-generator.ts:204:30)
    at generateMobileIM (C:/Users/User/cre-dealcard/src/domain/building/mobile-im/writer.ts:250:28)
[90m    at processTicksAndRejections (node:internal/process/task_queues:103:5)[39m
    at Module.generateMobileIMHandler (C:/Users/User/cre-dealcard/src/app/api/broker/im-lite/generate/handler.ts:307:24
)
    at runPipelineForFixture (C:/Users/User/cre-dealcard/src/tests/e2e/posture-e2e-pipeline.test.ts:119:18)
    at C:/Users/User/cre-dealcard/src/tests/e2e/posture-e2e-pipeline.test.ts:325:34
    at [90mfile:///C:/Users/User/cre-dealcard/[39mnode_modules/[4m@vitest/runner[24m/dist/chunk-artifact.js:1903:20

[90mstderr[2m | src/tests/e2e/posture-e2e-pipeline.test.ts[2m > [22m[2m16-Case MECE Regression Suite (?ㅼ젣 LLM ?몄텧)
[2m > [22m[2mcase15_jongro_family: 愿?섎룞 醫낆쨷 留ㅺ컖 [trading]
[22m[39m[MockOpenAIProvider]process.env.OPENAI_API_KEY is missing or in test environment. Returning mock JSON respons
e.

[90mstderr[2m | src/tests/e2e/posture-e2e-pipeline.test.ts[2m > [22m[2m16-Case MECE Regression Suite (?ㅼ젣 LLM ?몄텧)
[2m > [22m[2mcase15_jongro_family: 愿?섎룞 醫낆쨷 留ㅺ컖 [trading]
[22m[39m[terminology-normalizer] Failed to load rules from DB, using fallback: TypeError: supabase.from(...).select(.
..).eq(...).order is not a function
    at getTerminologyRules (C:/Users/User/cre-dealcard/src/domain/building/mobile-im/terminology-normalizer.ts:146:8)
    at normalizeTerminologyAsync (C:/Users/User/cre-dealcard/src/domain/building/mobile-im/terminology-normalizer.ts:24
5:23)
    at generateSingleSection (C:/Users/User/cre-dealcard/src/domain/building/mobile-im/im-section-generator.ts:392:28)
[90m    at processTicksAndRejections (node:internal/process/task_queues:103:5)[39m
    at generateMobileIM (C:/Users/User/cre-dealcard/src/domain/building/mobile-im/writer.ts:250:22)
    at Module.generateMobileIMHandler (C:/Users/User/cre-dealcard/src/app/api/broker/im-lite/generate/handler.ts:307:24
)
    at runPipelineForFixture (C:/Users/User/cre-dealcard/src/tests/e2e/posture-e2e-pipeline.test.ts:119:18)
    at C:/Users/User/cre-dealcard/src/tests/e2e/posture-e2e-pipeline.test.ts:325:34
    at [90mfile:///C:/Users/User/cre-dealcard/[39mnode_modules/[4m@vitest/runner[24m/dist/chunk-artifact.js:1903:20

[90mstderr[2m | src/tests/e2e/posture-e2e-pipeline.test.ts[2m > [22m[2m16-Case MECE Regression Suite (?ㅼ젣 LLM ?몄텧)
[2m > [22m[2mcase15_jongro_family: 愿?섎룞 醫낆쨷 留ㅺ컖 [trading]
[22m[39m[MockOpenAIProvider]process.env.OPENAI_API_KEY is missing or in test environment. Returning mock JSON respons
e.

[90mstderr[2m | src/tests/e2e/posture-e2e-pipeline.test.ts[2m > [22m[2m16-Case MECE Regression Suite (?ㅼ젣 LLM ?몄텧)
[2m > [22m[2mcase15_jongro_family: 愿?섎룞 醫낆쨷 留ㅺ컖 [trading]
[22m[39m[golden-im] Failed to build few-shot block: TypeError: supabase.from(...).select(...).eq(...).eq is not a fun
ction
    at buildIMFewShotBlock (C:/Users/User/cre-dealcard/src/domain/building/mobile-im/golden-im-manager.ts:134:8)
    at generateSingleSection (C:/Users/User/cre-dealcard/src/domain/building/mobile-im/im-section-generator.ts:204:30)
    at generateMobileIM (C:/Users/User/cre-dealcard/src/domain/building/mobile-im/writer.ts:250:28)
[90m    at processTicksAndRejections (node:internal/process/task_queues:103:5)[39m
    at Module.generateMobileIMHandler (C:/Users/User/cre-dealcard/src/app/api/broker/im-lite/generate/handler.ts:307:24
)
    at runPipelineForFixture (C:/Users/User/cre-dealcard/src/tests/e2e/posture-e2e-pipeline.test.ts:119:18)
    at C:/Users/User/cre-dealcard/src/tests/e2e/posture-e2e-pipeline.test.ts:325:34
    at [90mfile:///C:/Users/User/cre-dealcard/[39mnode_modules/[4m@vitest/runner[24m/dist/chunk-artifact.js:1903:20

[90mstderr[2m | src/tests/e2e/posture-e2e-pipeline.test.ts[2m > [22m[2m16-Case MECE Regression Suite (?ㅼ젣 LLM ?몄텧)
[2m > [22m[2mcase15_jongro_family: 愿?섎룞 醫낆쨷 留ㅺ컖 [trading]
[22m[39m[MockOpenAIProvider]process.env.OPENAI_API_KEY is missing or in test environment. Returning mock JSON respons
e.

[90mstderr[2m | src/tests/e2e/posture-e2e-pipeline.test.ts[2m > [22m[2m16-Case MECE Regression Suite (?ㅼ젣 LLM ?몄텧)
[2m > [22m[2mcase15_jongro_family: 愿?섎룞 醫낆쨷 留ㅺ컖 [trading]
[22m[39m[terminology-normalizer] Failed to load rules from DB, using fallback: TypeError: supabase.from(...).select(.
..).eq(...).order is not a function
    at getTerminologyRules (C:/Users/User/cre-dealcard/src/domain/building/mobile-im/terminology-normalizer.ts:146:8)
    at normalizeTerminologyAsync (C:/Users/User/cre-dealcard/src/domain/building/mobile-im/terminology-normalizer.ts:24
5:23)
    at generateSingleSection (C:/Users/User/cre-dealcard/src/domain/building/mobile-im/im-section-generator.ts:392:28)
[90m    at processTicksAndRejections (node:internal/process/task_queues:103:5)[39m
    at generateMobileIM (C:/Users/User/cre-dealcard/src/domain/building/mobile-im/writer.ts:250:22)
    at Module.generateMobileIMHandler (C:/Users/User/cre-dealcard/src/app/api/broker/im-lite/generate/handler.ts:307:24
)
    at runPipelineForFixture (C:/Users/User/cre-dealcard/src/tests/e2e/posture-e2e-pipeline.test.ts:119:18)
    at C:/Users/User/cre-dealcard/src/tests/e2e/posture-e2e-pipeline.test.ts:325:34
    at [90mfile:///C:/Users/User/cre-dealcard/[39mnode_modules/[4m@vitest/runner[24m/dist/chunk-artifact.js:1903:20

[90mstderr[2m | src/tests/e2e/posture-e2e-pipeline.test.ts[2m > [22m[2m16-Case MECE Regression Suite (?ㅼ젣 LLM ?몄텧)
[2m > [22m[2mcase15_jongro_family: 愿?섎룞 醫낆쨷 留ㅺ컖 [trading]
[22m[39m[MockOpenAIProvider]process.env.OPENAI_API_KEY is missing or in test environment. Returning mock JSON respons
e.

[90mstderr[2m | src/tests/e2e/posture-e2e-pipeline.test.ts[2m > [22m[2m16-Case MECE Regression Suite (?ㅼ젣 LLM ?몄텧)
[2m > [22m[2mcase15_jongro_family: 愿?섎룞 醫낆쨷 留ㅺ컖 [trading]
[22m[39m[mobile-im] Publish gates blocked: [ [32m'G05'[39m, [32m'G08'[39m, [32m'G20'[39m, [32m'G24'[39m ]
[cross-validator] 援먯감 寃利?寃곌낵 ??critical: 8, warning: 0, fields: [vacancy_narrative_contradiction, vacancy_narrative_co
ntradiction, vacancy_narrative_contradiction, vacancy_narrative_contradiction, vacancy_narrative_contradiction, vacancy
_narrative_contradiction, vacancy_narrative_contradiction, vacancy_narrative_contradiction]

 [32m??[39m src/tests/unit/pptx/prime-templates.test.ts [2m([22m[2m14 tests[22m[2m)[22m[32m 132[2mms[22m[39m
[90mstdout[2m | src/tests/e2e/m4-adversarial-challenge.test.ts[2m > [22m[2mEmpirical Adversarial Challenge Suite: Milestone M4[2m > [22m[2mChallenge 1: /api/gate-requests/[id]/sign Payload Fuzzing[2m > [22m[2mFuzz 1.7b: JSON null payload ("null") must not cause uncaught 500 crash
[22m[39mDEBUG Fuzz 1.7b error thrown: [90mundefined[39m res status: [33m400[39m

 [32m??[39m src/domain/building/mobile-im/__tests__/l4-d32-yield-leverage.test.ts [2m([22m[2m9 tests[22m[2m)[22m[32m 286[2mms[22m[39m
 [32m??[39m src/tests/e2e/posture-e2e-pipeline.test.ts [2m([22m[2m25 tests[22m[2m)[22m[33m 15501[2mms[22m[39m
       [33m[2m??[22m[39m T1-01: handler ?뺤긽 ?몄텧 [33m 3380[2mms[22m[39m
       [33m[2m??[22m[39m T2-01: handler ?뺤긽 ?몄텧 + ?뱀뀡 寃利?[33m 673[2mms[22m[39m
       [33m[2m??[22m[39m T3-01: handler ?뺤긽 ?몄텧 + ?뱀뀡 寃利?[33m 709[2mms[22m[39m
       [33m[2m??[22m[39m T5-01: handler ?뺤긽 ?몄텧 + ?뱀뀡 寃利?[33m 608[2mms[22m[39m
     [33m[2m??[22m[39m case01_seocho_medical: ?쒖큹 硫붾뵒而?鍮뚮뵫 (?덉젙???섏씡) [income] [33m 1587[2mms[22m[39m
     [33m[2m??[22m[39m case02_hongdae_fnb: ?띾? F&B 瑗щ쭏鍮뚮뵫 [income] [33m 1059[2mms[22m[39m
     [33m[2m??[22m[39m case03_bundang_office: 遺꾨떦 ?꾨씪???ㅽ뵾??[income] [33m 621[2mms[22m[39m
     [33m[2m??[22m[39m case04_seongsu_atelier: ?깆닔 ?꾪?由ъ뿉湲??좎텞 [income] [33m 741[2mms[22m[39m
     [33m[2m??[22m[39m case05_seongsu_hq: ?깆닔 IT諛몃━ ?듭궗??[owner_occupied] [33m 585[2mms[22m[39m
     [33m[2m??[22m[39m case06_nonhyeon_creative: ?쇳쁽???щ━?먯씠?곕툕 ?ъ삦 [owner_occupied] [33m 612[2mms[22m[39m
     [33m[2m??[22m[39m case07_yeouido_corp: ?ъ쓽???꾨Ц吏?踰뺤씤?ъ삦 [owner_occupied] [33m 512[2mms[22m[39m
     [33m[2m??[22m[39m case08_hannam_flagship: ?쒕궓???뚮옒洹몄떗 ?ъ삦 [owner_occupied] [33m 507[2mms[22m[39m
     [33m[2m??[22m[39m case09_sinsa_value_add: ?좎궗??媛濡쒖닔湲?諛몃쪟?좊뱶 [trading] [33m 568[2mms[22m[39m
     [33m[2m??[22m[39m case10_seocho_old_retail: 援먮???踰뺤“????명썑 洹쇱깮 [trading] [33m 496[2mms[22m[39m
     [33m[2m??[22m[39m case11_yongsan_mixed: ?⑸━?④만 蹂듯빀 援ъ삦 [trading] [33m 630[2mms[22m[39m
     [33m[2m??[22m[39m case12_yeoksam_dev: ??궪 ?뚰뿤?濡??좎텞遺吏 [development] [33m 485[2mms[22m[39m
     [33m[2m??[22m[39m case13_mullae_dev: 臾몃옒??以怨듭뾽 媛쒕컻遺吏 [development] [33m 485[2mms[22m[39m
     [33m[2m??[22m[39m case14_bangi_discount: 諛⑹씠??湲됰ℓ [income] [33m 595[2mms[22m[39m
     [33m[2m??[22m[39m case15_jongro_family: 愿?섎룞 醫낆쨷 留ㅺ컖 [trading] [33m 602[2mms[22m[39m
 [32m??[39m src/tests/assurance/golden-runner.test.ts [2m([22m[2m1 test[22m[2m)[22m[32m 106[2mms[22m[39m
[90mstderr[2m | src/domain/building/mobile-im/__tests__/l5-pipeline-e2e.test.ts[2m > [22m[2mL5: Full Pipeline E2E 
& System Invariants (25 cases)[2m > [22m[2mCRE Lexicon Standards (AGENTS.md Rule 2)[2m > [22m[2mL5-LEX-01: Must u
se standard Korean CRE terms instead of literal translations
[22m[39m[MockOpenAIProvider]process.env.OPENAI_API_KEY is missing or in test environment. Returning mock JSON respons
e.

 [32m??[39m src/tests/e2e/cta-ladder-gate-journey.test.ts [2m([22m[2m20 tests[22m[2m)[22m[32m 262[2mms[22m[39m
 [32m??[39m src/tests/unit/pptx-studio/pptx-physical-integrity-m2.test.ts [2m([22m[2m17 tests[22m[2m)[22m[32m 106[2mms[22m[39m
[90mstderr[2m | src/domain/building/mobile-im/__tests__/e2e-real-property.test.ts[2m > [22m[2mE2E Real Property: ?
묓룊??媛 ?붾젅?쒕퉴??(income)[2m > [22m[2mIM ?앹꽦 ?뚯씠?꾨씪??[2m > [22m[2mE2E-YP-NO-FORBIDDEN: ?묓룊??湲덉? 異쒕젰 諛곗젣
[22m[39m[MockOpenAIProvider]process.env.OPENAI_API_KEY is missing or in test environment. Returning mock JSON respons
e.

[90mstderr[2m | src/domain/building/mobile-im/__tests__/l5-pipeline-e2e.test.ts[2m > [22m[2mL5: Full Pipeline E2E 
& System Invariants (25 cases)[2m > [22m[2mCRE Lexicon Standards (AGENTS.md Rule 2)[2m > [22m[2mL5-LEX-01: Must u
se standard Korean CRE terms instead of literal translations
[22m[39m[MockOpenAIProvider]process.env.OPENAI_API_KEY is missing or in test environment. Returning mock JSON respons
e.

 [32m??[39m src/tests/e2e/m4-adversarial-challenge.test.ts [2m([22m[2m22 tests[22m[2m)[22m[33m 535[2mms[22m[39m
       [33m[2m??[22m[39m Security 2.1: Request without any auth header or cookie returns HTTP 401 [33m 430[2mms[22m[39m
 [32m??[39m src/tests/stress/m11-ssot-stress.test.ts [2m([22m[2m19 tests[22m[2m)[22m[32m 58[2mms[22m[39m
[90mstderr[2m | src/domain/building/mobile-im/__tests__/e2e-real-property.test.ts[2m > [22m[2mE2E Real Property: ?
묓룊??媛 ?붾젅?쒕퉴??(income)[2m > [22m[2mIM ?앹꽦 ?뚯씠?꾨씪??[2m > [22m[2mE2E-YP-NO-FORBIDDEN: ?묓룊??湲덉? 異쒕젰 諛곗젣
[22m[39m[MockOpenAIProvider]process.env.OPENAI_API_KEY is missing or in test environment. Returning mock JSON respons
e.

[90mstderr[2m | src/tests/domain/04-ontology-data-quality.test.ts[2m > [22m[2m04. ?⑦넧濡쒖?쨌?곗씠???덉쭏쨌?щ줈???쒖뒪???듯빀 ?뚯
뒪??[2m > [22m[2mE3. 怨듦났 ?곗씠??援먯감 寃利?[2m > [22m[2mGOV-MATCH: ?곕㈃??諛?二쇱슜?꾧? ?쇱튂????verified 諛섑솚
[22m[39m[govt-api-client] DATA_GO_KR_API_KEY is missing or in test environment. Returning mock data.

[90mstderr[2m | src/tests/domain/04-ontology-data-quality.test.ts[2m > [22m[2m04. ?⑦넧濡쒖?쨌?곗씠???덉쭏쨌?щ줈???쒖뒪???듯빀 ?뚯
뒪??[2m > [22m[2mE3. 怨듦났 ?곗씠??援먯감 寃利?[2m > [22m[2mGOV-AREA-MISMATCH: ?곕㈃???ㅼ감媛 30%瑜?珥덇낵????mismatch 寃쎄퀬 ?앹꽦
[22m[39m[govt-api-client] DATA_GO_KR_API_KEY is missing or in test environment. Returning mock data.

[90mstderr[2m | src/tests/domain/04-ontology-data-quality.test.ts[2m > [22m[2m04. ?⑦넧濡쒖?쨌?곗씠???덉쭏쨌?щ줈???쒖뒪???듯빀 ?뚯
뒪??[2m > [22m[2mE3. 怨듦났 ?곗씠??援먯감 寃利?[2m > [22m[2mGOV-USE-MISMATCH: 二쇱슜?꾧? ?꾩쟾???곸씠????mismatch 寃쎄퀬 ?앹꽦
[22m[39m[govt-api-client] DATA_GO_KR_API_KEY is missing or in test environment. Returning mock data.

 [32m??[39m src/tests/domain/04-ontology-data-quality.test.ts [2m([22m[2m16 tests[22m[2m)[22m[32m 62[2mms[22m[39m
[90mstderr[2m | src/tests/api/owner-reports-telemetry.test.ts[2m > [22m[2mMilestone M3: Owner Reports & Analytics 
Feedback Loop Test Suite[2m > [22m[2mFeature 10: Telemetry Database Column Alignment[2m > [22m[2mF10-02 (Positive
): im-lite/view inserts both building_id AND building_ssot_lite_id for dwell time event
[22m[39m[IM View Alert] Building bld-gangnam-102 has no owner_id

 [32m??[39m src/tests/api/owner-reports-telemetry.test.ts [2m([22m[2m16 tests[22m[2m)[22m[32m 172[2mms[22m[39m
[90mstderr[2m | src/tests/unit/a22-stacking-plan.test.ts[2m > [22m[2mArchetype A22: Architectural Setback Stacking
 Plan[2m > [22m[2mData Binder & Deck Sequencer Integration[2m > [22m[2m[Positive] deck-sequencer?먯꽌 hasStackingPl
an: true????A22 ?щ씪?대뱶媛 ?몄꽦?섏뼱????[22m[39m[deck-sequencer] goldilocks: 蹂몃Ц 21硫???16硫??덉궘 (遺濡?0硫?遺꾨━)

[90mstderr[2m | src/tests/unit/a22-stacking-plan.test.ts[2m > [22m[2mArchetype A22: Architectural Setback Stacking
 Plan[2m > [22m[2mData Binder & Deck Sequencer Integration[2m > [22m[2m[Negative Pair] hasStackingPlan???놁쓣 ?뚮뒗 i
ncome ?쒗?ㅼ뿉 A22媛 ?몄꽦?섏? ?딆븘????[22m[39m[deck-sequencer] goldilocks: 蹂몃Ц 20硫???16硫??덉궘 (遺濡?0硫?遺꾨━)

 [32m??[39m src/domain/building/mobile-im/__tests__/golden-sanitizer.test.ts [2m([22m[2m7 tests[22m[2m)[22m[32m 73[2mms[22m[39m
 [32m??[39m src/tests/unit/a22-stacking-plan.test.ts [2m([22m[2m22 tests[22m[2m)[22m[32m 249[2mms[22m[39m
[90mstderr[2m | src/domain/building/mobile-im/__tests__/l5-pipeline-e2e.test.ts[2m > [22m[2mL5: Full Pipeline E2E 
& System Invariants (25 cases)[2m > [22m[2mCRE Lexicon Standards (AGENTS.md Rule 2)[2m > [22m[2mL5-LEX-01: Must u
se standard Korean CRE terms instead of literal translations
[22m[39m[MockOpenAIProvider]process.env.OPENAI_API_KEY is missing or in test environment. Returning mock JSON respons
e.

[90mstderr[2m | src/domain/building/mobile-im/__tests__/e2e-real-property.test.ts[2m > [22m[2mE2E Real Property: ?
묓룊??媛 ?붾젅?쒕퉴??(income)[2m > [22m[2mIM ?앹꽦 ?뚯씠?꾨씪??[2m > [22m[2mE2E-YP-NO-FORBIDDEN: ?묓룊??湲덉? 異쒕젰 諛곗젣
[22m[39m[MockOpenAIProvider]process.env.OPENAI_API_KEY is missing or in test environment. Returning mock JSON respons
e.

[90mstderr[2m | src/domain/building/mobile-im/__tests__/e2e-real-property.test.ts[2m > [22m[2mE2E Real Property: ?
묓룊??媛 ?붾젅?쒕퉴??(income)[2m > [22m[2mIM ?앹꽦 ?뚯씠?꾨씪??[2m > [22m[2mE2E-YP-NO-FORBIDDEN: ?묓룊??湲덉? 異쒕젰 諛곗젣
[22m[39m[MockOpenAIProvider]process.env.OPENAI_API_KEY is missing or in test environment. Returning mock JSON respons
e.

[90mstderr[2m | src/domain/building/mobile-im/__tests__/l5-pipeline-e2e.test.ts[2m > [22m[2mL5: Full Pipeline E2E 
& System Invariants (25 cases)[2m > [22m[2mCRE Lexicon Standards (AGENTS.md Rule 2)[2m > [22m[2mL5-LEX-01: Must u
se standard Korean CRE terms instead of literal translations
[22m[39m[MockOpenAIProvider]process.env.OPENAI_API_KEY is missing or in test environment. Returning mock JSON respons
e.

[90mstderr[2m | src/domain/building/mobile-im/__tests__/l5-pipeline-e2e.test.ts[2m > [22m[2mL5: Full Pipeline E2E 
& System Invariants (25 cases)[2m > [22m[2mCRE Lexicon Standards (AGENTS.md Rule 2)[2m > [22m[2mL5-LEX-01: Must u
se standard Korean CRE terms instead of literal translations
[22m[39m[mobile-im] Publish gates blocked: [
  [32m'G02'[39m, [32m'G05'[39m,
  [32m'G06'[39m, [32m'G08'[39m,
  [32m'G10'[39m, [32m'G20'[39m,
  [32m'G24'[39m
]
[cross-validator] 援먯감 寃利?寃곌낵 ??critical: 12, warning: 0, fields: [vacancy_narrative_contradiction, vacancy_narrative_c
ontradiction, vacancy_narrative_contradiction, vacancy_narrative_contradiction, vacancy_narrative_contradiction, vacanc
y_narrative_contradiction, vacancy_narrative_contradiction, vacancy_narrative_contradiction, vacancy_narrative_contradi
ction, vacancy_narrative_contradiction, vacancy_narrative_contradiction, vacancy_narrative_contradiction]

 [32m??[39m src/tests/api/validate-route.test.ts [2m([22m[2m5 tests[22m[2m)[22m[32m 39[2mms[22m[39m
 [32m??[39m src/tests/unit/pptx-studio/pptx-challenger-m12-1.test.ts [2m([22m[2m35 tests[22m[2m)[22m[32m 103[2mms[22m[39m
[90mstderr[2m | src/domain/building/mobile-im/__tests__/e2e-real-property.test.ts[2m > [22m[2mE2E Real Property: ?
묓룊??媛 ?붾젅?쒕퉴??(income)[2m > [22m[2mIM ?앹꽦 ?뚯씠?꾨씪??[2m > [22m[2mE2E-YP-NO-FORBIDDEN: ?묓룊??湲덉? 異쒕젰 諛곗젣
[22m[39m[MockOpenAIProvider]process.env.OPENAI_API_KEY is missing or in test environment. Returning mock JSON respons
e.

[90mstderr[2m | src/tests/e2e/real-broker-im-pipeline.test.ts[2m > [22m[2mReal Broker Commercial Income Properties
 E2E Pipeline[2m > [22m[2mG4: Physical PPTX Binary Inspection & D33/D34/D37 Rules[2m > [22m[2m[?쒖큹??1364-28][Posi
tive Pair] ?ㅼ링 怨듭떎 ?뚰듃濡?諛?Pro-forma ?뚮뜑留?臾닿껐??PASS ?⑥뼵
[22m[39m[deck-sequencer] goldilocks: 蹂몃Ц 21硫???16硫??덉궘 (遺濡?1硫?遺꾨━)

[90mstderr[2m | src/domain/building/mobile-im/__tests__/e2e-real-property.test.ts[2m > [22m[2mE2E Real Property: ?
묓룊??媛 ?붾젅?쒕퉴??(income)[2m > [22m[2mIM ?앹꽦 ?뚯씠?꾨씪??[2m > [22m[2mE2E-YP-NO-FORBIDDEN: ?묓룊??湲덉? 異쒕젰 諛곗젣
[22m[39m[mobile-im] Publish gates blocked: [ [32m'G02'[39m, [32m'G05'[39m, [32m'G06'[39m, [32m'G08'[39m, [32
m'G20'[39m, [32m'G24'[39m ]
[cross-validator] 援먯감 寃利?寃곌낵 ??critical: 12, warning: 0, fields: [vacancy_narrative_contradiction, vacancy_narrative_c
ontradiction, vacancy_narrative_contradiction, vacancy_narrative_contradiction, vacancy_narrative_contradiction, vacanc
y_narrative_contradiction, vacancy_narrative_contradiction, vacancy_narrative_contradiction, vacancy_narrative_contradi
ction, vacancy_narrative_contradiction, vacancy_narrative_contradiction, vacancy_narrative_contradiction]

[90mstdout[2m | src/domain/building/mobile-im/__tests__/e2e-real-property.test.ts[2m > [22m[2mE2E Real Property: ?묓룊??媛 ?붾젅?쒕퉴??(income)[2m > [22m[2mIM ?앹꽦 ?뚯씠?꾨씪??[2m > [22m[2mE2E-YP-NO-FORBIDDEN: ?묓룊??湲덉? 異쒕젰 諛곗젣
[22m[39m[fewshot-tracker] Golden candidate registered (pending approval): investment_thesis of doc gen_zoxir4v7hqi_1788689502362 (Score: 5)

[90mstderr[2m | src/tests/e2e/real-broker-im-pipeline.test.ts[2m > [22m[2mReal Broker Commercial Income Properties
 E2E Pipeline[2m > [22m[2mG4: Physical PPTX Binary Inspection & D33/D34/D37 Rules[2m > [22m[2m[?쒖큹??1364-28][Nega
tive Pair] 湲덉? ?섎Ⅴ?뚮굹(Rule 1) 諛?誘몄튂???좏겙 二쇱엯 ??inspectPptxBinary 寃고븿 媛먯? 諛?寃利??ㅽ뙣 ?⑥뼵
[22m[39m[deck-sequencer] goldilocks: 蹂몃Ц 20硫???16硫??덉궘 (遺濡?1硫?遺꾨━)

[90mstderr[2m | src/tests/e2e/real-broker-im-pipeline.test.ts[2m > [22m[2mReal Broker Commercial Income Properties
 E2E Pipeline[2m > [22m[2mG4: Physical PPTX Binary Inspection & D33/D34/D37 Rules[2m > [22m[2m[?쒖큹??1364-28][Nega
tive Pair] 湲덉? ?섎Ⅴ?뚮굹(Rule 1) 諛?誘몄튂???좏겙 二쇱엯 ??inspectPptxBinary 寃고븿 媛먯? 諛?寃利??ㅽ뙣 ?⑥뼵
[22m[39m[text-budget] Field "slideTitle" exceeds budget: 58 > 32 chars

[90mstderr[2m | src/domain/building/mobile-im/__tests__/hero-card-posture.test.ts[2m > [22m[2mHeroCard Posture-Spe
cific Metrics[2m > [22m[2mHC-01: income ??askingPriceDisplay, equityRequiredBil, capRateBase, leveragedYieldPct pres
ent
[22m[39m[writer] Claim violations: [
  [32m"[G38] Calculation 'b1351b4a-04d0-4e5e-8e46-99efd56fb61a': basis='NOI'?몃뜲 怨듭젣 ??ぉ???놁뒿?덈떎. ?댁쁺鍮??놁씠 NOI瑜??곗텧????
?놁뒿?덈떎."[39m,
  [32m"[G38] Calculation 'c9320b84-a9b2-4090-80e7-98c0ddd46621': basis='NOI'?몃뜲 怨듭젣 ??ぉ???놁뒿?덈떎. ?댁쁺鍮??놁씠 NOI瑜??곗텧????
?놁뒿?덈떎."[39m,
  [32m"[G38] Calculation '5df30391-bc7e-40e5-b87c-150a480d8926': basis='NOI'?몃뜲 怨듭젣 ??ぉ???놁뒿?덈떎. ?댁쁺鍮??놁씠 NOI瑜??곗텧????
?놁뒿?덈떎."[39m
]

[90mstderr[2m | src/domain/building/mobile-im/__tests__/hero-card-posture.test.ts[2m > [22m[2mHeroCard Posture-Spe
cific Metrics[2m > [22m[2mHC-01: income ??askingPriceDisplay, equityRequiredBil, capRateBase, leveragedYieldPct pres
ent
[22m[39m[telemetry] Failed to record generation metric: TypeError: Cannot read properties of undefined (reading 'from
')
    at recordGenerationMetric (C:/Users/User/cre-dealcard/src/domain/building/mobile-im/telemetry.ts:117:20)
    at recordSectionTelemetry (C:/Users/User/cre-dealcard/src/domain/building/mobile-im/writer-telemetry.ts:26:3)
    at Module.generateMobileIM (C:/Users/User/cre-dealcard/src/domain/building/mobile-im/writer.ts:200:11)
[90m    at processTicksAndRejections (node:internal/process/task_queues:103:5)[39m
    at C:/Users/User/cre-dealcard/src/domain/building/mobile-im/__tests__/hero-card-posture.test.ts:84:20
    at [90mfile:///C:/Users/User/cre-dealcard/[39mnode_modules/[4m@vitest/runner[24m/dist/chunk-artifact.js:1903:20

[90mstderr[2m | src/domain/building/mobile-im/__tests__/hero-card-posture.test.ts[2m > [22m[2mHeroCard Posture-Spe
cific Metrics[2m > [22m[2mHC-02: owner_occupied ??totalGrossAreaM2, askingPriceDisplay, ownVsLeaseSavingsBil present
[22m[39m[writer] Claim violations: [
  [32m"[G38] Calculation '57a275d8-d5b6-4b6b-9abe-591252c40543': basis='NOI'?몃뜲 怨듭젣 ??ぉ???놁뒿?덈떎. ?댁쁺鍮??놁씠 NOI瑜??곗텧????
?놁뒿?덈떎."[39m,
  [32m"[G38] Calculation 'bbb739d6-842d-4803-8b19-900b193bbc36': basis='NOI'?몃뜲 怨듭젣 ??ぉ???놁뒿?덈떎. ?댁쁺鍮??놁씠 NOI瑜??곗텧????
?놁뒿?덈떎."[39m,
  [32m"[G38] Calculation 'df6fd113-34e7-4ab3-ad5c-3fa95611bbb2': basis='NOI'?몃뜲 怨듭젣 ??ぉ???놁뒿?덈떎. ?댁쁺鍮??놁씠 NOI瑜??곗텧????
?놁뒿?덈떎."[39m
]

[90mstderr[2m | src/domain/building/mobile-im/__tests__/hero-card-posture.test.ts[2m > [22m[2mHeroCard Posture-Spe
cific Metrics[2m > [22m[2mHC-02: owner_occupied ??totalGrossAreaM2, askingPriceDisplay, ownVsLeaseSavingsBil present
[22m[39m[telemetry] Failed to record generation metric: TypeError: Cannot read properties of undefined (reading 'from
')
    at recordGenerationMetric (C:/Users/User/cre-dealcard/src/domain/building/mobile-im/telemetry.ts:117:20)
    at recordSectionTelemetry (C:/Users/User/cre-dealcard/src/domain/building/mobile-im/writer-telemetry.ts:26:3)
    at Module.generateMobileIM (C:/Users/User/cre-dealcard/src/domain/building/mobile-im/writer.ts:200:11)
[90m    at processTicksAndRejections (node:internal/process/task_queues:103:5)[39m
    at C:/Users/User/cre-dealcard/src/domain/building/mobile-im/__tests__/hero-card-posture.test.ts:112:20
    at [90mfile:///C:/Users/User/cre-dealcard/[39mnode_modules/[4m@vitest/runner[24m/dist/chunk-artifact.js:1903:20

[90mstderr[2m | src/domain/building/mobile-im/__tests__/hero-card-posture.test.ts[2m > [22m[2mHeroCard Posture-Spe
cific Metrics[2m > [22m[2mHC-03: development ??landPricePerPyeong, zoning, devProfitMarginPct present
[22m[39m[writer] Claim violations: [
  [32m"[G38] Calculation 'c3fcc198-29bc-4ed0-9ae2-31a436f600c0': basis='NOI'?몃뜲 怨듭젣 ??ぉ???놁뒿?덈떎. ?댁쁺鍮??놁씠 NOI瑜??곗텧????
?놁뒿?덈떎."[39m,
  [32m"[G38] Calculation 'c4c6a868-ad3b-4a93-8c79-cedd531ed32c': basis='NOI'?몃뜲 怨듭젣 ??ぉ???놁뒿?덈떎. ?댁쁺鍮??놁씠 NOI瑜??곗텧????
?놁뒿?덈떎."[39m,
  [32m"[G38] Calculation 'd8056805-dbd7-495d-86f0-57598b3f0375': basis='NOI'?몃뜲 怨듭젣 ??ぉ???놁뒿?덈떎. ?댁쁺鍮??놁씠 NOI瑜??곗텧????
?놁뒿?덈떎."[39m
]

[90mstderr[2m | src/domain/building/mobile-im/__tests__/hero-card-posture.test.ts[2m > [22m[2mHeroCard Posture-Spe
cific Metrics[2m > [22m[2mHC-03: development ??landPricePerPyeong, zoning, devProfitMarginPct present
[22m[39m[telemetry] Failed to record generation metric: TypeError: Cannot read properties of undefined (reading 'from
')
    at recordGenerationMetric (C:/Users/User/cre-dealcard/src/domain/building/mobile-im/telemetry.ts:117:20)
    at recordSectionTelemetry (C:/Users/User/cre-dealcard/src/domain/building/mobile-im/writer-telemetry.ts:26:3)
    at Module.generateMobileIM (C:/Users/User/cre-dealcard/src/domain/building/mobile-im/writer.ts:200:11)
[90m    at processTicksAndRejections (node:internal/process/task_queues:103:5)[39m
    at C:/Users/User/cre-dealcard/src/domain/building/mobile-im/__tests__/hero-card-posture.test.ts:132:20
    at [90mfile:///C:/Users/User/cre-dealcard/[39mnode_modules/[4m@vitest/runner[24m/dist/chunk-artifact.js:1903:20

[90mstderr[2m | src/domain/building/mobile-im/__tests__/hero-card-posture.test.ts[2m > [22m[2mHeroCard Posture-Spe
cific Metrics[2m > [22m[2mHC-04: operating ??gopMarginPct, adr, occPct, revpar present
[22m[39m[writer] Claim violations: [
  [32m"[G38] Calculation '127b20ed-c1e2-44c4-8123-643b159fc240': basis='NOI'?몃뜲 怨듭젣 ??ぉ???놁뒿?덈떎. ?댁쁺鍮??놁씠 NOI瑜??곗텧????
?놁뒿?덈떎."[39m,
  [32m"[G38] Calculation 'ccb9d0e5-7966-4d44-9c62-deae0fb729a2': basis='NOI'?몃뜲 怨듭젣 ??ぉ???놁뒿?덈떎. ?댁쁺鍮??놁씠 NOI瑜??곗텧????
?놁뒿?덈떎."[39m,
  [32m"[G38] Calculation 'bc08900f-3e5f-4674-abda-7cd15ceb3df5': basis='NOI'?몃뜲 怨듭젣 ??ぉ???놁뒿?덈떎. ?댁쁺鍮??놁씠 NOI瑜??곗텧????
?놁뒿?덈떎."[39m
]

[90mstderr[2m | src/domain/building/mobile-im/__tests__/hero-card-posture.test.ts[2m > [22m[2mHeroCard Posture-Spe
cific Metrics[2m > [22m[2mHC-04: operating ??gopMarginPct, adr, occPct, revpar present
[22m[39m[telemetry] Failed to record generation metric: TypeError: Cannot read properties of undefined (reading 'from
')
    at recordGenerationMetric (C:/Users/User/cre-dealcard/src/domain/building/mobile-im/telemetry.ts:117:20)
    at recordSectionTelemetry (C:/Users/User/cre-dealcard/src/domain/building/mobile-im/writer-telemetry.ts:26:3)
    at Module.generateMobileIM (C:/Users/User/cre-dealcard/src/domain/building/mobile-im/writer.ts:200:11)
[90m    at processTicksAndRejections (node:internal/process/task_queues:103:5)[39m
    at C:/Users/User/cre-dealcard/src/domain/building/mobile-im/__tests__/hero-card-posture.test.ts:148:20
    at [90mfile:///C:/Users/User/cre-dealcard/[39mnode_modules/[4m@vitest/runner[24m/dist/chunk-artifact.js:1903:20

[90mstderr[2m | src/domain/building/mobile-im/__tests__/hero-card-posture.test.ts[2m > [22m[2mHeroCard Posture-Spe
cific Metrics[2m > [22m[2mHC-05: trading ??pricePerPyeong, marketDiscountPct, targetHprPct present
[22m[39m[writer] Claim violations: [
  [32m"[G38] Calculation 'a90c7acf-3a68-4dc4-b923-2c734f07586c': basis='NOI'?몃뜲 怨듭젣 ??ぉ???놁뒿?덈떎. ?댁쁺鍮??놁씠 NOI瑜??곗텧????
?놁뒿?덈떎."[39m,
  [32m"[G38] Calculation 'e03373cb-daeb-46c6-818a-b272334572d6': basis='NOI'?몃뜲 怨듭젣 ??ぉ???놁뒿?덈떎. ?댁쁺鍮??놁씠 NOI瑜??곗텧????
?놁뒿?덈떎."[39m,
  [32m"[G38] Calculation 'bb7c8b01-caa8-44b8-bd5d-c87f0568b305': basis='NOI'?몃뜲 怨듭젣 ??ぉ???놁뒿?덈떎. ?댁쁺鍮??놁씠 NOI瑜??곗텧????
?놁뒿?덈떎."[39m
]

[90mstderr[2m | src/domain/building/mobile-im/__tests__/hero-card-posture.test.ts[2m > [22m[2mHeroCard Posture-Spe
cific Metrics[2m > [22m[2mHC-05: trading ??pricePerPyeong, marketDiscountPct, targetHprPct present
[22m[39m[telemetry] Failed to record generation metric: TypeError: Cannot read properties of undefined (reading 'from
')
    at recordGenerationMetric (C:/Users/User/cre-dealcard/src/domain/building/mobile-im/telemetry.ts:117:20)
    at recordSectionTelemetry (C:/Users/User/cre-dealcard/src/domain/building/mobile-im/writer-telemetry.ts:26:3)
    at Module.generateMobileIM (C:/Users/User/cre-dealcard/src/domain/building/mobile-im/writer.ts:200:11)
[90m    at processTicksAndRejections (node:internal/process/task_queues:103:5)[39m
    at C:/Users/User/cre-dealcard/src/domain/building/mobile-im/__tests__/hero-card-posture.test.ts:164:20
    at [90mfile:///C:/Users/User/cre-dealcard/[39mnode_modules/[4m@vitest/runner[24m/dist/chunk-artifact.js:1903:20

[90mstderr[2m | src/domain/building/mobile-im/__tests__/hero-card-posture.test.ts[2m > [22m[2mHeroCard Posture-Spe
cific Metrics[2m > [22m[2mHC-06: unknown posture ??default income fallback
[22m[39m[writer] Claim violations: [
  [32m"[G38] Calculation '1cf81413-a4a9-496d-ac95-6bbb96595954': basis='NOI'?몃뜲 怨듭젣 ??ぉ???놁뒿?덈떎. ?댁쁺鍮??놁씠 NOI瑜??곗텧????
?놁뒿?덈떎."[39m,
  [32m"[G38] Calculation '28083aa7-3da0-4261-98c1-cc61d43f08f9': basis='NOI'?몃뜲 怨듭젣 ??ぉ???놁뒿?덈떎. ?댁쁺鍮??놁씠 NOI瑜??곗텧????
?놁뒿?덈떎."[39m,
  [32m"[G38] Calculation 'dfaae390-3e00-411b-8dbd-b5817f18d963': basis='NOI'?몃뜲 怨듭젣 ??ぉ???놁뒿?덈떎. ?댁쁺鍮??놁씠 NOI瑜??곗텧????
?놁뒿?덈떎."[39m
]

[90mstderr[2m | src/domain/building/mobile-im/__tests__/hero-card-posture.test.ts[2m > [22m[2mHeroCard Posture-Spe
cific Metrics[2m > [22m[2mHC-06: unknown posture ??default income fallback
[22m[39m[telemetry] Failed to record generation metric: TypeError: Cannot read properties of undefined (reading 'from
')
    at recordGenerationMetric (C:/Users/User/cre-dealcard/src/domain/building/mobile-im/telemetry.ts:117:20)
    at recordSectionTelemetry (C:/Users/User/cre-dealcard/src/domain/building/mobile-im/writer-telemetry.ts:26:3)
    at Module.generateMobileIM (C:/Users/User/cre-dealcard/src/domain/building/mobile-im/writer.ts:200:11)
[90m    at processTicksAndRejections (node:internal/process/task_queues:103:5)[39m
    at C:/Users/User/cre-dealcard/src/domain/building/mobile-im/__tests__/hero-card-posture.test.ts:177:20
    at [90mfile:///C:/Users/User/cre-dealcard/[39mnode_modules/[4m@vitest/runner[24m/dist/chunk-artifact.js:1903:20

 [32m??[39m src/domain/building/mobile-im/__tests__/hero-card-posture.test.ts [2m([22m[2m6 tests[22m[2m)[22m[32m 96[2mms[22m[39m
[90mstderr[2m | src/domain/building/mobile-im/__tests__/l5-pipeline-e2e.test.ts[2m > [22m[2mL5: Full Pipeline E2E 
& System Invariants (25 cases)[2m > [22m[2mCRE Lexicon Standards (AGENTS.md Rule 2)[2m > [22m[2mL5-LEX-01: Must u
se standard Korean CRE terms instead of literal translations
[22m[39m[im-embedding-indexer] Failed to index IM: {
  code: [32m'PGRST205'[39m,
  details: [1mnull[22m,
  hint: [32m"Perhaps you meant the table 'public.im_pro_grants'"[39m,
  message: [32m"Could not find the table 'public.im_documents' in the schema cache"[39m
}

 [32m??[39m src/domain/building/mobile-im/__tests__/l5-pipeline-e2e.test.ts [2m([22m[2m6 tests[22m[2m)[22m[33m 20005[2mms[22m[39m
       [33m[2m??[22m[39m L5-YP-01: generateMobileIM produces valid sections for yangpyeong fixture [33m 7594[2mms[22m[39m
       [33m[2m??[22m[39m L5-PERSONA-01: Generated content must never contain explicit persona labels [33m 6272[2mms[22m[39m
       [33m[2m??[22m[39m L5-LEX-01: Must use standard Korean CRE terms instead of literal translations [33m 6130[2mms[22m[39m
[90mstderr[2m | src/tests/api/m3-adversarial-challenge.test.ts[2m > [22m[2mAdversarial Challenge & Stress Verifica
tion Suite for Milestone M3[2m > [22m[2m1. Challenge POST /api/public/teaser/event[2m > [22m[2mADV-TEASER-11 (Vul
nerability Check): JSON null literal payload triggers 500 due to unguarded destructuring
[22m[39m[teaser-event] Error: TypeError: Cannot destructure property 'teaserConfigId' of 'body' as it is null.
    at Module.POST (C:/Users/User/cre-dealcard/src/app/api/public/teaser/event/route.ts:9:13)
[90m    at processTicksAndRejections (node:internal/process/task_queues:103:5)[39m
    at C:/Users/User/cre-dealcard/src/tests/api/m3-adversarial-challenge.test.ts:422:19
    at [90mfile:///C:/Users/User/cre-dealcard/[39mnode_modules/[4m@vitest/runner[24m/dist/chunk-artifact.js:1903:20

[90mstderr[2m | src/domain/building/mobile-im/__tests__/e2e-real-property.test.ts[2m > [22m[2mE2E Real Property: ?
묓룊??媛 ?붾젅?쒕퉴??(income)[2m > [22m[2mIM ?앹꽦 ?뚯씠?꾨씪??[2m > [22m[2mE2E-YP-NO-FORBIDDEN: ?묓룊??湲덉? 異쒕젰 諛곗젣
[22m[39m[im-embedding-indexer] Failed to index IM: {
  code: [32m'PGRST205'[39m,
  details: [1mnull[22m,
  hint: [32m"Perhaps you meant the table 'public.im_pro_grants'"[39m,
  message: [32m"Could not find the table 'public.im_documents' in the schema cache"[39m
}

 [32m??[39m src/tests/api/m3-adversarial-challenge.test.ts [2m([22m[2m26 tests[22m[2m)[22m[32m 139[2mms[22m[39m
 [32m??[39m src/tests/e2e/real-broker-im-pipeline.test.ts [2m([22m[2m38 tests[22m[2m)[22m[33m 19427[2mms[22m[39m
       [33m[2m??[22m[39m [?좎궗??590][Positive Pair 1] GBD_SINSA 愿묒뿭 ?以묎탳??踰≫꽣 留??앹꽦 (1600x1200, 266.7 DPI, 0.5/1.0km ?숈떖?? ?꾩?蹂묒썝?ш굅由?룹쐞濡?좎궗???몃뱶) ?⑥뼵 [33m 661[2mms[22m[39m
       [33m[2m??[22m[39m [?좎궗??590][Negative Pair 1] ?좎궗???ㅼ씠?닿렇?⑥뿉 ?뚰뿤?濡?諛??쇱꽦??誘명룷???⑥뼵 [33m 1802[2mms[22m[39m
       [33m[2m??[22m[39m [?쒖큹??1364-28][Positive Pair 2] GBD_SEOCHO 愿묒뿭 ?以묎탳??踰≫꽣 留??앹꽦 (1600x1200, 266.7 DPI, ?묒옱??텴TX-C쨌?⑤??곕??먃룹꽌珥뉹C ?몃뱶) ?⑥뼵 [33m 687[2mms[22m[39m
       [33m[2m??[22m[39m [?쒖큹??1364-28][Negative Pair 2] ?쒖큹???ㅼ씠?닿렇?⑥뿉 ?뚰뿤?濡?諛??쇱꽦??誘명룷???⑥뼵 [33m 563[2mms[22m[39m
       [33m[2m??[22m[39m [?곗씠??諛붿씤??[Positive Pair 3] macroTransitImage媛 dataMap['location']??諛붿씤?⑸릺怨?A06 ?щ씪?대뱶媛 ?뚮뜑留곷맖 ?⑥뼵 [33m 5517[2mms[22m[39m
       [33m[2m??[22m[39m [吏硫?臾쇰━][Positive Pair 7] A06 ?ㅼ씠?닿렇???덉씠?꾩썐(5.60"x4.50" 留? 0.40" ?щ갚, 6.09" ?띿뒪?? 吏硫??댄깉 0嫄??⑥뼵 [33m 751[2mms[22m[39m
       [33m[2m??[22m[39m [?좎궗??590][Positive Pair] ?뚮뜑留?諛붿씠?덈━ 臾쇰━ 臾닿껐??0 ?꾨컲 PASS ?⑥뼵 [33m 4055[2mms[22m[39m
       [33m[2m??[22m[39m [?좎궗??590][Negative Pair] 寃곗넀 蹂紐?G54) ?띿뒪??二쇱엯 ??inspectPptxBinary 寃고븿 媛먯? 諛?寃利??ㅽ뙣 ?⑥뼵 [33m 374[2mms[22m[39m
       [33m[2m??[22m[39m [?쒖큹??1364-28][Positive Pair] ?ㅼ링 怨듭떎 ?뚰듃濡?諛?Pro-forma ?뚮뜑留?臾닿껐??PASS ?⑥뼵 [33m 4241[2mms[22m[39m
       [33m[2m??[22m[39m [?쒖큹??1364-28][Negative Pair] 湲덉? ?섎Ⅴ?뚮굹(Rule 1) 諛?誘몄튂???좏겙 二쇱엯 ??inspectPptxBinary 寃고븿 媛먯? 諛?寃利??ㅽ뙣 ?⑥뼵 [33m 404[2mms[22m[39m
[90mstderr[2m | src/domain/building/mobile-im/__tests__/e2e-real-property.test.ts[2m > [22m[2mE2E Real Property: ?
뱀궛??媛 洹쇱깮鍮뚮뵫 (income)[2m > [22m[2mIM ?앹꽦 ?뚯씠?꾨씪??[2m > [22m[2mE2E-DS-PIPELINE: ?뱀궛??generateMobileIM ???꾩닔 ?뱀뀡 ?ы
븿
[22m[39m[im-context-builder] 怨듭떎瑜??곗씠??誘명솗蹂????щТ 異붿젙移섏뿉 怨듭떎瑜?誘몃컲??[im-context-builder] ?곕㈃???곗씠??誘명솗蹂???value-add 異붿
젙 ?뺥솗?????
 [32m??[39m src/tests/e2e/cross-channel-invalidation.test.ts [2m([22m[2m22 tests[22m[2m)[22m[32m 80[2mms[22m[39m
[90mstderr[2m | src/domain/building/mobile-im/__tests__/e2e-real-property.test.ts[2m > [22m[2mE2E Real Property: ?
뱀궛??媛 洹쇱깮鍮뚮뵫 (income)[2m > [22m[2mIM ?앹꽦 ?뚯씠?꾨씪??[2m > [22m[2mE2E-DS-PIPELINE: ?뱀궛??generateMobileIM ???꾩닔 ?뱀뀡 ?ы
븿
[22m[39m[CRE-RAG] Hybrid search failed: {
  code: [32m'PGRST202'[39m,
  details: [32m'Searched for the function public.match_im_documents with parameters filter_asset_type, filter_posture,
 filter_region, match_count, query_embedding, query_text or with a single unnamed json/jsonb parameter, but no matches 
were found in the schema cache.'[39m,
  hint: [1mnull[22m,
  message: [32m'Could not find the function public.match_im_documents(filter_asset_type, filter_posture, filter_region
, match_count, query_embedding, query_text) in the schema cache'[39m
}

[90mstdout[2m | src/domain/building/mobile-im/__tests__/e2e-real-property.test.ts[2m > [22m[2mE2E Real Property: ?뱀궛??媛 洹쇱깮鍮뚮뵫 (income)[2m > [22m[2mIM ?앹꽦 ?뚯씠?꾨씪??[2m > [22m[2mE2E-DS-PIPELINE: ?뱀궛??generateMobileIM ???꾩닔 ?뱀뀡 ?ы븿
[22m[39m[mobile-im-writer] Prompt variant: writer_system_v2 (v2.0), isLogistics=false, posture=income

[90mstderr[2m | src/domain/building/mobile-im/__tests__/e2e-real-property.test.ts[2m > [22m[2mE2E Real Property: ?
뱀궛??媛 洹쇱깮鍮뚮뵫 (income)[2m > [22m[2mIM ?앹꽦 ?뚯씠?꾨씪??[2m > [22m[2mE2E-DS-PIPELINE: ?뱀궛??generateMobileIM ???꾩닔 ?뱀뀡 ?ы
븿
[22m[39m[writer] Claim violations: [
  [32m"[G38] Calculation 'af1218d4-954f-4080-a59c-057aafc08fec': basis='NOI'?몃뜲 怨듭젣 ??ぉ???놁뒿?덈떎. ?댁쁺鍮??놁씠 NOI瑜??곗텧????
?놁뒿?덈떎."[39m,
  [32m"[G38] Calculation '96584665-77c5-470e-9b22-2064069a4a85': basis='NOI'?몃뜲 怨듭젣 ??ぉ???놁뒿?덈떎. ?댁쁺鍮??놁씠 NOI瑜??곗텧????
?놁뒿?덈떎."[39m,
  [32m"[G38] Calculation 'e196f5d1-da99-4c2d-863f-cf22687de838': basis='NOI'?몃뜲 怨듭젣 ??ぉ???놁뒿?덈떎. ?댁쁺鍮??놁씠 NOI瑜??곗텧????
?놁뒿?덈떎."[39m,
  [32m"[G38] Calculation '241a8848-deb3-4d13-8ebe-e58ec0be6142': basis='NOI'?몃뜲 怨듭젣 ??ぉ???놁뒿?덈떎. ?댁쁺鍮??놁씠 NOI瑜??곗텧????
?놁뒿?덈떎."[39m,
  [32m'G38_NOI_MISSING_OPEX: cap_rate_base requires evidenced operating expenses'[39m,
  [32m"[G38] Calculation '8dc249d5-e663-4c96-8f81-0ecfedbc49f6': basis='NOI'?몃뜲 怨듭젣 ??ぉ???놁뒿?덈떎. ?댁쁺鍮??놁씠 NOI瑜??곗텧????
?놁뒿?덈떎."[39m,
  [32m'G38_NOI_MISSING_OPEX: cap_rate_best requires evidenced operating expenses'[39m,
  [32m"[G38] Calculation '879ede20-a6f8-4a57-802a-62c573c9d3d3': basis='NOI'?몃뜲 怨듭젣 ??ぉ???놁뒿?덈떎. ?댁쁺鍮??놁씠 NOI瑜??곗텧????
?놁뒿?덈떎."[39m,
  [32m'G38_NOI_MISSING_OPEX: cap_rate_worst requires evidenced operating expenses'[39m
]

 [32m??[39m src/tests/api/generate-async.test.ts [2m([22m[2m10 tests[22m[2m)[22m[32m 112[2mms[22m[39m
 [32m??[39m src/tests/stress/m11-iter2-building-specs-stress.test.ts [2m([22m[2m37 tests[22m[2m)[22m[32m 139[2mms[22m[39m
[90mstderr[2m | src/domain/building/mobile-im/__tests__/data-pipeline-edge.test.ts[2m > [22m[2mData Pipeline Edge 
Cases[2m > [22m[2mB. buildDeckSequence[2m > [22m[2mB02: income/A: 12-20 slides (goldilocks)
[22m[39m[deck-sequencer] goldilocks: 蹂몃Ц 20硫???16硫??덉궘 (遺濡?0硫?遺꾨━)

[90mstderr[2m | src/domain/building/mobile-im/__tests__/data-pipeline-edge.test.ts[2m > [22m[2mData Pipeline Edge 
Cases[2m > [22m[2mB. buildDeckSequence[2m > [22m[2mB03: development/B: 10-20 slides (goldilocks)
[22m[39m[deck-sequencer] goldilocks: 蹂몃Ц 18硫???16硫??덉궘 (遺濡?0硫?遺꾨━)

[90mstderr[2m | src/domain/building/mobile-im/__tests__/data-pipeline-edge.test.ts[2m > [22m[2mData Pipeline Edge 
Cases[2m > [22m[2mB. buildDeckSequence[2m > [22m[2mB04: development/A: 12-20 slides (goldilocks)
[22m[39m[deck-sequencer] goldilocks: 蹂몃Ц 22硫???16硫??덉궘 (遺濡?0硫?遺꾨━)

[90mstderr[2m | src/domain/building/mobile-im/__tests__/data-pipeline-edge.test.ts[2m > [22m[2mData Pipeline Edge 
Cases[2m > [22m[2mB. buildDeckSequence[2m > [22m[2mB06: owner_occupied/A: 12-20 slides (goldilocks)
[22m[39m[deck-sequencer] goldilocks: 蹂몃Ц 20硫???16硫??덉궘 (遺濡?0硫?遺꾨━)

[90mstderr[2m | src/domain/building/mobile-im/__tests__/data-pipeline-edge.test.ts[2m > [22m[2mData Pipeline Edge 
Cases[2m > [22m[2mB. buildDeckSequence[2m > [22m[2mB08: operating/A: 12-20 slides (goldilocks)
[22m[39m[deck-sequencer] goldilocks: 蹂몃Ц 20硫???16硫??덉궘 (遺濡?0硫?遺꾨━)

[90mstderr[2m | src/domain/building/mobile-im/__tests__/data-pipeline-edge.test.ts[2m > [22m[2mData Pipeline Edge 
Cases[2m > [22m[2mB. buildDeckSequence[2m > [22m[2mB10: trading/A: 12-20 slides (goldilocks)
[22m[39m[deck-sequencer] goldilocks: 蹂몃Ц 20硫???16硫??덉궘 (遺濡?0硫?遺꾨━)

[90mstderr[2m | src/domain/building/mobile-im/__tests__/data-pipeline-edge.test.ts[2m > [22m[2mData Pipeline Edge 
Cases[2m > [22m[2mB. buildDeckSequence[2m > [22m[2mB13: hasPhotos=true -> A14 in sequence
[22m[39m[deck-sequencer] goldilocks: 蹂몃Ц 21硫???16硫??덉궘 (遺濡?0硫?遺꾨━)

[90mstderr[2m | src/domain/building/mobile-im/__tests__/data-pipeline-edge.test.ts[2m > [22m[2mData Pipeline Edge 
Cases[2m > [22m[2mB. buildDeckSequence[2m > [22m[2mB14: hasPhotos=false -> no A14
[22m[39m[deck-sequencer] goldilocks: 蹂몃Ц 20硫???16硫??덉궘 (遺濡?0硫?遺꾨━)

[90mstderr[2m | src/domain/building/mobile-im/__tests__/data-pipeline-edge.test.ts[2m > [22m[2mData Pipeline Edge 
Cases[2m > [22m[2mB. buildDeckSequence[2m > [22m[2mB15: Grade A + pro -> contains dcf-related slides
[22m[39m[deck-sequencer] goldilocks: 蹂몃Ц 20硫???16硫??덉궘 (遺濡?0硫?遺꾨━)

[90mstderr[2m | src/domain/building/mobile-im/__tests__/data-pipeline-edge.test.ts[2m > [22m[2mData Pipeline Edge 
Cases[2m > [22m[2mB. buildDeckSequence[2m > [22m[2mB18: All slides have archetype and dataKey
[22m[39m[deck-sequencer] goldilocks: 蹂몃Ц 20硫???16硫??덉궘 (遺濡?0硫?遺꾨━)

[90mstderr[2m | src/domain/building/mobile-im/__tests__/data-pipeline-edge.test.ts[2m > [22m[2mData Pipeline Edge 
Cases[2m > [22m[2mB. buildDeckSequence[2m > [22m[2mB19: Cover (first) and closing (last) slide presence
[22m[39m[deck-sequencer] goldilocks: 蹂몃Ц 20硫???16硫??덉궘 (遺濡?0硫?遺꾨━)

[90mstderr[2m | src/domain/building/mobile-im/__tests__/data-pipeline-edge.test.ts[2m > [22m[2mData Pipeline Edge 
Cases[2m > [22m[2mB. buildDeckSequence[2m > [22m[2mB20: Max 24 slides enforced
[22m[39m[deck-sequencer] goldilocks: 蹂몃Ц 20硫???16硫??덉궘 (遺濡?0硫?遺꾨━)

[90mstderr[2m | src/domain/building/mobile-im/__tests__/data-pipeline-edge.test.ts[2m > [22m[2mData Pipeline Edge 
Cases[2m > [22m[2mB. buildDeckSequence[2m > [22m[2mB21: income basic includes profit slide for income analysis pa
rity
[22m[39m[deck-sequencer] goldilocks: 蹂몃Ц 20硫???16硫??덉궘 (遺濡?0硫?遺꾨━)

[90mstderr[2m | src/domain/building/mobile-im/__tests__/data-pipeline-edge.test.ts[2m > [22m[2mData Pipeline Edge 
Cases[2m > [22m[2mB. buildDeckSequence[2m > [22m[2mB22: all postures basic include thesis and process slides
[22m[39m[deck-sequencer] goldilocks: 蹂몃Ц 20硫???16硫??덉궘 (遺濡?0硫?遺꾨━)
[deck-sequencer] goldilocks: 蹂몃Ц 20硫???16硫??덉궘 (遺濡?0硫?遺꾨━)
[deck-sequencer] goldilocks: 蹂몃Ц 22硫???16硫??덉궘 (遺濡?0硫?遺꾨━)
[deck-sequencer] goldilocks: 蹂몃Ц 20硫???16硫??덉궘 (遺濡?0硫?遺꾨━)
[deck-sequencer] goldilocks: 蹂몃Ц 20硫???16硫??덉궘 (遺濡?0硫?遺꾨━)

[90mstderr[2m | src/domain/building/mobile-im/__tests__/data-pipeline-edge.test.ts[2m > [22m[2mData Pipeline Edge 
Cases[2m > [22m[2mB. buildDeckSequence[2m > [22m[2mB23: goldilocks closing order is thesis -> risk -> checklist -
> process -> closing
[22m[39m[deck-sequencer] goldilocks: 蹂몃Ц 20硫???16硫??덉궘 (遺濡?0硫?遺꾨━)

 [32m??[39m src/domain/building/mobile-im/__tests__/data-pipeline-edge.test.ts [2m([22m[2m88 tests[22m[2m)[22m[32m 144[2mms[22m[39m
[90mstderr[2m | src/domain/building/mobile-im/__tests__/e2e-real-property.test.ts[2m > [22m[2mE2E Real Property: ?
뱀궛??媛 洹쇱깮鍮뚮뵫 (income)[2m > [22m[2mIM ?앹꽦 ?뚯씠?꾨씪??[2m > [22m[2mE2E-DS-PIPELINE: ?뱀궛??generateMobileIM ???꾩닔 ?뱀뀡 ?ы
븿
[22m[39m[MockOpenAIProvider]process.env.OPENAI_API_KEY is missing or in test environment. Returning mock JSON respons
e.

[90mstderr[2m | src/domain/building/mobile-im/__tests__/e2e-real-property.test.ts[2m > [22m[2mE2E Real Property: ?
뱀궛??媛 洹쇱깮鍮뚮뵫 (income)[2m > [22m[2mIM ?앹꽦 ?뚯씠?꾨씪??[2m > [22m[2mE2E-DS-PIPELINE: ?뱀궛??generateMobileIM ???꾩닔 ?뱀뀡 ?ы
븿
[22m[39m[MockOpenAIProvider]process.env.OPENAI_API_KEY is missing or in test environment. Returning mock JSON respons
e.

[90mstderr[2m | src/domain/building/mobile-im/__tests__/e2e-real-property.test.ts[2m > [22m[2mE2E Real Property: ?
뱀궛??媛 洹쇱깮鍮뚮뵫 (income)[2m > [22m[2mIM ?앹꽦 ?뚯씠?꾨씪??[2m > [22m[2mE2E-DS-PIPELINE: ?뱀궛??generateMobileIM ???꾩닔 ?뱀뀡 ?ы
븿
[22m[39m[MockOpenAIProvider]process.env.OPENAI_API_KEY is missing or in test environment. Returning mock JSON respons
e.

[90mstderr[2m | src/domain/building/mobile-im/__tests__/e2e-real-property.test.ts[2m > [22m[2mE2E Real Property: ?
뱀궛??媛 洹쇱깮鍮뚮뵫 (income)[2m > [22m[2mIM ?앹꽦 ?뚯씠?꾨씪??[2m > [22m[2mE2E-DS-PIPELINE: ?뱀궛??generateMobileIM ???꾩닔 ?뱀뀡 ?ы
븿
[22m[39m[MockOpenAIProvider]process.env.OPENAI_API_KEY is missing or in test environment. Returning mock JSON respons
e.

[90mstderr[2m | src/domain/building/mobile-im/__tests__/e2e-real-property.test.ts[2m > [22m[2mE2E Real Property: ?
뱀궛??媛 洹쇱깮鍮뚮뵫 (income)[2m > [22m[2mIM ?앹꽦 ?뚯씠?꾨씪??[2m > [22m[2mE2E-DS-PIPELINE: ?뱀궛??generateMobileIM ???꾩닔 ?뱀뀡 ?ы
븿
[22m[39m[MockOpenAIProvider]process.env.OPENAI_API_KEY is missing or in test environment. Returning mock JSON respons
e.

[90mstderr[2m | src/domain/building/mobile-im/__tests__/e2e-real-property.test.ts[2m > [22m[2mE2E Real Property: ?
뱀궛??媛 洹쇱깮鍮뚮뵫 (income)[2m > [22m[2mIM ?앹꽦 ?뚯씠?꾨씪??[2m > [22m[2mE2E-DS-PIPELINE: ?뱀궛??generateMobileIM ???꾩닔 ?뱀뀡 ?ы
븿
[22m[39m[MockOpenAIProvider]process.env.OPENAI_API_KEY is missing or in test environment. Returning mock JSON respons
e.

[90mstderr[2m | src/domain/building/mobile-im/__tests__/e2e-real-property.test.ts[2m > [22m[2mE2E Real Property: ?
뱀궛??媛 洹쇱깮鍮뚮뵫 (income)[2m > [22m[2mIM ?앹꽦 ?뚯씠?꾨씪??[2m > [22m[2mE2E-DS-PIPELINE: ?뱀궛??generateMobileIM ???꾩닔 ?뱀뀡 ?ы
븿
[22m[39m[MockOpenAIProvider]process.env.OPENAI_API_KEY is missing or in test environment. Returning mock JSON respons
e.

 [32m??[39m src/tests/unit/audit-gates.test.ts [2m([22m[2m9 tests[22m[2m)[22m[32m 39[2mms[22m[39m
[90mstderr[2m | src/domain/building/mobile-im/__tests__/e2e-real-property.test.ts[2m > [22m[2mE2E Real Property: ?
뱀궛??媛 洹쇱깮鍮뚮뵫 (income)[2m > [22m[2mIM ?앹꽦 ?뚯씠?꾨씪??[2m > [22m[2mE2E-DS-PIPELINE: ?뱀궛??generateMobileIM ???꾩닔 ?뱀뀡 ?ы
븿
[22m[39m[MockOpenAIProvider]process.env.OPENAI_API_KEY is missing or in test environment. Returning mock JSON respons
e.

[90mstderr[2m | src/domain/building/mobile-im/__tests__/e2e-real-property.test.ts[2m > [22m[2mE2E Real Property: ?
뱀궛??媛 洹쇱깮鍮뚮뵫 (income)[2m > [22m[2mIM ?앹꽦 ?뚯씠?꾨씪??[2m > [22m[2mE2E-DS-PIPELINE: ?뱀궛??generateMobileIM ???꾩닔 ?뱀뀡 ?ы
븿
[22m[39m[MockOpenAIProvider]process.env.OPENAI_API_KEY is missing or in test environment. Returning mock JSON respons
e.

[90mstderr[2m | src/domain/building/mobile-im/__tests__/e2e-real-property.test.ts[2m > [22m[2mE2E Real Property: ?
뱀궛??媛 洹쇱깮鍮뚮뵫 (income)[2m > [22m[2mIM ?앹꽦 ?뚯씠?꾨씪??[2m > [22m[2mE2E-DS-PIPELINE: ?뱀궛??generateMobileIM ???꾩닔 ?뱀뀡 ?ы
븿
[22m[39m[MockOpenAIProvider]process.env.OPENAI_API_KEY is missing or in test environment. Returning mock JSON respons
e.

[90mstderr[2m | src/domain/building/mobile-im/__tests__/e2e-real-property.test.ts[2m > [22m[2mE2E Real Property: ?
뱀궛??媛 洹쇱깮鍮뚮뵫 (income)[2m > [22m[2mIM ?앹꽦 ?뚯씠?꾨씪??[2m > [22m[2mE2E-DS-PIPELINE: ?뱀궛??generateMobileIM ???꾩닔 ?뱀뀡 ?ы
븿
[22m[39m[MockOpenAIProvider]process.env.OPENAI_API_KEY is missing or in test environment. Returning mock JSON respons
e.

[90mstderr[2m | src/domain/building/mobile-im/__tests__/e2e-real-property.test.ts[2m > [22m[2mE2E Real Property: ?
뱀궛??媛 洹쇱깮鍮뚮뵫 (income)[2m > [22m[2mIM ?앹꽦 ?뚯씠?꾨씪??[2m > [22m[2mE2E-DS-PIPELINE: ?뱀궛??generateMobileIM ???꾩닔 ?뱀뀡 ?ы
븿
[22m[39m[MockOpenAIProvider]process.env.OPENAI_API_KEY is missing or in test environment. Returning mock JSON respons
e.

[90mstderr[2m | src/domain/building/mobile-im/__tests__/e2e-real-property.test.ts[2m > [22m[2mE2E Real Property: ?
뱀궛??媛 洹쇱깮鍮뚮뵫 (income)[2m > [22m[2mIM ?앹꽦 ?뚯씠?꾨씪??[2m > [22m[2mE2E-DS-PIPELINE: ?뱀궛??generateMobileIM ???꾩닔 ?뱀뀡 ?ы
븿
[22m[39m[MockOpenAIProvider]process.env.OPENAI_API_KEY is missing or in test environment. Returning mock JSON respons
e.

[90mstderr[2m | src/domain/building/mobile-im/__tests__/e2e-real-property.test.ts[2m > [22m[2mE2E Real Property: ?
뱀궛??媛 洹쇱깮鍮뚮뵫 (income)[2m > [22m[2mIM ?앹꽦 ?뚯씠?꾨씪??[2m > [22m[2mE2E-DS-PIPELINE: ?뱀궛??generateMobileIM ???꾩닔 ?뱀뀡 ?ы
븿
[22m[39m[MockOpenAIProvider]process.env.OPENAI_API_KEY is missing or in test environment. Returning mock JSON respons
e.

[90mstderr[2m | src/domain/building/mobile-im/__tests__/e2e-real-property.test.ts[2m > [22m[2mE2E Real Property: ?
뱀궛??媛 洹쇱깮鍮뚮뵫 (income)[2m > [22m[2mIM ?앹꽦 ?뚯씠?꾨씪??[2m > [22m[2mE2E-DS-PIPELINE: ?뱀궛??generateMobileIM ???꾩닔 ?뱀뀡 ?ы
븿
[22m[39m[MockOpenAIProvider]process.env.OPENAI_API_KEY is missing or in test environment. Returning mock JSON respons
e.

[90mstderr[2m | src/domain/building/mobile-im/__tests__/gates/deterministic-gates.test.ts[2m > [22m[2mDeterministi
c Gates (Phase 5.1)[2m > [22m[2mQG15: Text Budget & Limits[2m > [22m[2mUT-10: QG15 fails when text exceeds limits
[22m[39m[text-budget] Field "slideTitle" exceeds budget: 61 > 32 chars

 [32m??[39m src/domain/building/mobile-im/__tests__/gates/deterministic-gates.test.ts [2m([22m[2m14 tests[22m[2m)[22m[32m 42[2mms[22m[39m
[90mstdout[2m | src/domain/building/mobile-im/__tests__/e2e-real-property.test.ts[2m > [22m[2mE2E Real Property: ?뱀궛??媛 洹쇱깮鍮뚮뵫 (income)[2m > [22m[2mIM ?앹꽦 ?뚯씠?꾨씪??[2m > [22m[2mE2E-DS-PIPELINE: ?뱀궛??generateMobileIM ???꾩닔 ?뱀뀡 ?ы븿
[22m[39m[fewshot-tracker] Golden candidate registered (pending approval): comparables of doc gen_g7mv72qtfvf_1788689508601 (Score: 5)

[90mstderr[2m | src/domain/building/mobile-im/__tests__/e2e-real-property.test.ts[2m > [22m[2mE2E Real Property: ?
뱀궛??媛 洹쇱깮鍮뚮뵫 (income)[2m > [22m[2mIM ?앹꽦 ?뚯씠?꾨씪??[2m > [22m[2mE2E-DS-PIPELINE: ?뱀궛??generateMobileIM ???꾩닔 ?뱀뀡 ?ы
븿
[22m[39m[MockOpenAIProvider]process.env.OPENAI_API_KEY is missing or in test environment. Returning mock JSON respons
e.

[90mstdout[2m | src/domain/building/mobile-im/__tests__/e2e-real-property.test.ts[2m > [22m[2mE2E Real Property: ?뱀궛??媛 洹쇱깮鍮뚮뵫 (income)[2m > [22m[2mIM ?앹꽦 ?뚯씠?꾨씪??[2m > [22m[2mE2E-DS-PIPELINE: ?뱀궛??generateMobileIM ???꾩닔 ?뱀뀡 ?ы븿
[22m[39m[fewshot-tracker] Golden candidate registered (pending approval): closing of doc gen_g7mv72qtfvf_1788689508601 (Score: 5)

 [32m??[39m src/tests/unit/invariants-21.test.ts [2m([22m[2m17 tests[22m[2m)[22m[32m 50[2mms[22m[39m
[90mstderr[2m | src/domain/building/mobile-im/__tests__/e2e-real-property.test.ts[2m > [22m[2mE2E Real Property: ?
뱀궛??媛 洹쇱깮鍮뚮뵫 (income)[2m > [22m[2mIM ?앹꽦 ?뚯씠?꾨씪??[2m > [22m[2mE2E-DS-PIPELINE: ?뱀궛??generateMobileIM ???꾩닔 ?뱀뀡 ?ы
븿
[22m[39m[MockOpenAIProvider]process.env.OPENAI_API_KEY is missing or in test environment. Returning mock JSON respons
e.

 [32m??[39m src/tests/e2e/pptx-publication-flow.test.ts [2m([22m[2m2 tests[22m[2m)[22m[32m 56[2mms[22m[39m
[90mstderr[2m | src/domain/building/mobile-im/__tests__/e2e-real-property.test.ts[2m > [22m[2mE2E Real Property: ?
뱀궛??媛 洹쇱깮鍮뚮뵫 (income)[2m > [22m[2mIM ?앹꽦 ?뚯씠?꾨씪??[2m > [22m[2mE2E-DS-PIPELINE: ?뱀궛??generateMobileIM ???꾩닔 ?뱀뀡 ?ы
븿
[22m[39m[MockOpenAIProvider]process.env.OPENAI_API_KEY is missing or in test environment. Returning mock JSON respons
e.

[90mstderr[2m | src/domain/building/mobile-im/__tests__/e2e-real-property.test.ts[2m > [22m[2mE2E Real Property: ?
뱀궛??媛 洹쇱깮鍮뚮뵫 (income)[2m > [22m[2mIM ?앹꽦 ?뚯씠?꾨씪??[2m > [22m[2mE2E-DS-PIPELINE: ?뱀궛??generateMobileIM ???꾩닔 ?뱀뀡 ?ы
븿
[22m[39m[MockOpenAIProvider]process.env.OPENAI_API_KEY is missing or in test environment. Returning mock JSON respons
e.

[90mstdout[2m | src/domain/building/mobile-im/__tests__/e2e-real-property.test.ts[2m > [22m[2mE2E Real Property: ?뱀궛??媛 洹쇱깮鍮뚮뵫 (income)[2m > [22m[2mIM ?앹꽦 ?뚯씠?꾨씪??[2m > [22m[2mE2E-DS-PIPELINE: ?뱀궛??generateMobileIM ???꾩닔 ?뱀뀡 ?ы븿
[22m[39m[fewshot-tracker] Golden candidate registered (pending approval): property_overview of doc gen_g7mv72qtfvf_1788689508601 (Score: 5)

 [32m??[39m src/domain/building/mobile-im/__tests__/phase6-screens.test.ts [2m([22m[2m12 tests[22m[2m)[22m[32m 59[2mms[22m[39m
 [32m??[39m src/tests/domain/stage3.test.ts [2m([22m[2m8 tests[22m[2m)[22m[32m 48[2mms[22m[39m
 [32m??[39m src/tests/e2e/mobile-im-publication-flow.test.ts [2m([22m[2m3 tests[22m[2m)[22m[32m 99[2mms[22m[39m
[90mstderr[2m | src/domain/building/mobile-im/__tests__/l2-gate-judgments.test.ts[2m > [22m[2mL2: Gate & Judgment 
Logic (43 cases)[2m > [22m[2mFail-Closed Quality Gate (BL-6)[2m > [22m[2mL2-FAILCLOSED: Unresolved / unevaluated 
gate defaults to passed:false and riskLevel:high
[22m[39m[cre-quality-gate] LLM ?몄텧 ?ㅽ뙣 (safe-default 諛섑솚) ??section=investment_thesis: LLM Service Unavailable

[90mstderr[2m | src/domain/building/mobile-im/__tests__/e2e-real-property.test.ts[2m > [22m[2mE2E Real Property: ?
뱀궛??媛 洹쇱깮鍮뚮뵫 (income)[2m > [22m[2mIM ?앹꽦 ?뚯씠?꾨씪??[2m > [22m[2mE2E-DS-PIPELINE: ?뱀궛??generateMobileIM ???꾩닔 ?뱀뀡 ?ы
븿
[22m[39m[MockOpenAIProvider]process.env.OPENAI_API_KEY is missing or in test environment. Returning mock JSON respons
e.

[90mstderr[2m | src/domain/building/mobile-im/__tests__/e2e-real-property.test.ts[2m > [22m[2mE2E Real Property: ?
뱀궛??媛 洹쇱깮鍮뚮뵫 (income)[2m > [22m[2mIM ?앹꽦 ?뚯씠?꾨씪??[2m > [22m[2mE2E-DS-PIPELINE: ?뱀궛??generateMobileIM ???꾩닔 ?뱀뀡 ?ы
븿
[22m[39m[MockOpenAIProvider]process.env.OPENAI_API_KEY is missing or in test environment. Returning mock JSON respons
e.

 [32m??[39m src/domain/building/mobile-im/__tests__/l2-gate-judgments.test.ts [2m([22m[2m31 tests[22m[2m)[22m[32m 41[2mms[22m[39m
 [32m??[39m src/tests/e2e/real-case-05-hotel.test.ts [2m([22m[2m3 tests[22m[2m)[22m[32m 44[2mms[22m[39m
[90mstderr[2m | src/domain/building/mobile-im/__tests__/e2e-real-property.test.ts[2m > [22m[2mE2E Real Property: ?
뱀궛??媛 洹쇱깮鍮뚮뵫 (income)[2m > [22m[2mIM ?앹꽦 ?뚯씠?꾨씪??[2m > [22m[2mE2E-DS-PIPELINE: ?뱀궛??generateMobileIM ???꾩닔 ?뱀뀡 ?ы
븿
[22m[39m[MockOpenAIProvider]process.env.OPENAI_API_KEY is missing or in test environment. Returning mock JSON respons
e.

 [32m??[39m src/tests/unit/pptx/generator.test.ts [2m([22m[2m1 test[22m[2m)[22m[32m 49[2mms[22m[39m
 [32m??[39m src/domain/building/mobile-im/__tests__/writer-telemetry.test.ts [2m([22m[2m3 tests[22m[2m)[22m[32m 53[2mms[22m[39m
[90mstdout[2m | src/domain/building/mobile-im/__tests__/e2e-real-property.test.ts[2m > [22m[2mE2E Real Property: ?뱀궛??媛 洹쇱깮鍮뚮뵫 (income)[2m > [22m[2mIM ?앹꽦 ?뚯씠?꾨씪??[2m > [22m[2mE2E-DS-PIPELINE: ?뱀궛??generateMobileIM ???꾩닔 ?뱀뀡 ?ы븿
[22m[39m[fewshot-tracker] Golden candidate registered (pending approval): lease_status of doc gen_g7mv72qtfvf_1788689508601 (Score: 5)

 [32m??[39m src/domain/building/mobile-im/__tests__/posture-financials.test.ts [2m([22m[2m12 tests[22m[2m)[22m[32m 56[2mms[22m[39m
 [32m??[39m src/tests/e2e/l5-gate-coverage.test.ts [2m([22m[2m128 tests[22m[2m)[22m[32m 40[2mms[22m[39m
 [32m??[39m src/tests/domain/stage0-week2.test.ts [2m([22m[2m6 tests[22m[2m)[22m[32m 37[2mms[22m[39m
 [32m??[39m src/tests/e2e/real-cases-gates.test.ts [2m([22m[2m5 tests[22m[2m)[22m[32m 42[2mms[22m[39m
[90mstdout[2m | src/tests/api/studio-route.test.ts[2m > [22m[2mv0.2 Studio API Routes[2m > [22m[2mPOST /lease - updates lease summary and returns new completeness
[22m[39m[lease] Persisted 0 units to lease_units table

 [32m??[39m src/tests/e2e/real-case-03-sutaek.test.ts [2m([22m[2m4 tests[22m[2m)[22m[32m 37[2mms[22m[39m
 [32m??[39m src/tests/api/studio-route.test.ts [2m([22m[2m4 tests[22m[2m)[22m[32m 48[2mms[22m[39m
 [32m??[39m src/lib/format/krw.test.ts [2m([22m[2m2 tests[22m[2m)[22m[32m 36[2mms[22m[39m
 [32m??[39m src/tests/unit/mobile-im/composer.test.ts [2m([22m[2m2 tests[22m[2m)[22m[32m 44[2mms[22m[39m
[90mstderr[2m | src/domain/building/mobile-im/__tests__/e2e-real-property.test.ts[2m > [22m[2mE2E Real Property: ?
뱀궛??媛 洹쇱깮鍮뚮뵫 (income)[2m > [22m[2mIM ?앹꽦 ?뚯씠?꾨씪??[2m > [22m[2mE2E-DS-PIPELINE: ?뱀궛??generateMobileIM ???꾩닔 ?뱀뀡 ?ы
븿
[22m[39m[MockOpenAIProvider]process.env.OPENAI_API_KEY is missing or in test environment. Returning mock JSON respons
e.

[90mstderr[2m | src/domain/building/mobile-im/__tests__/e2e-real-property.test.ts[2m > [22m[2mE2E Real Property: ?
뱀궛??媛 洹쇱깮鍮뚮뵫 (income)[2m > [22m[2mIM ?앹꽦 ?뚯씠?꾨씪??[2m > [22m[2mE2E-DS-PIPELINE: ?뱀궛??generateMobileIM ???꾩닔 ?뱀뀡 ?ы
븿
[22m[39m[MockOpenAIProvider]process.env.OPENAI_API_KEY is missing or in test environment. Returning mock JSON respons
e.

 [32m??[39m src/tests/e2e/mobile-l15-e2e.test.ts [2m([22m[2m3 tests[22m[2m)[22m[32m 45[2mms[22m[39m
 [32m??[39m src/ai/schemas/schemas.test.ts [2m([22m[2m23 tests[22m[2m)[22m[32m 39[2mms[22m[39m
 [32m??[39m src/domain/building/mobile-im/__tests__/archetypes-a16-a17.test.ts [2m([22m[2m8 tests[22m[2m)[22m[32m 35[2mms[22m[39m
[90mstderr[2m | src/tests/e2e/p0-tier-grade-gate.test.ts[2m > [22m[2mGoldilocks ?⑥씪 ?쒗??寃利?[2m > [22m[2mG-01:
 ?ъ뒪泥섎퀎 怨⑤뵒?쎌뒪 ?꾩닔 援ъ꽦[2m > [22m[2mdevelopment: 理쒖냼 10p ?댁긽 怨⑤뵒?쎌뒪 援ъ꽦
[22m[39m[deck-sequencer] goldilocks: 蹂몃Ц 18硫???16硫??덉궘 (遺濡?0硫?遺꾨━)

[90mstderr[2m | src/tests/e2e/p0-tier-grade-gate.test.ts[2m > [22m[2mGoldilocks ?⑥씪 ?쒗??寃利?[2m > [22m[2mG-02:
 Grade蹂??숈쟻 硫???[2m > [22m[2mGrade A + ? ?곗씠????蹂몃Ц 12~16p + 遺濡?遺꾨━
[22m[39m[deck-sequencer] goldilocks: 蹂몃Ц 21硫???16硫??덉궘 (遺濡?4硫?遺꾨━)

[90mstderr[2m | src/tests/e2e/p0-tier-grade-gate.test.ts[2m > [22m[2mGoldilocks ?⑥씪 ?쒗??寃利?[2m > [22m[2mG-02:
 Grade蹂??숈쟻 硫???[2m > [22m[2mGrade B + 湲곕낯 ?곗씠????蹂몃Ц 10~16p
[22m[39m[deck-sequencer] goldilocks: 蹂몃Ц 17硫???16硫??덉궘 (遺濡?1硫?遺꾨━)

[90mstderr[2m | src/tests/e2e/p0-tier-grade-gate.test.ts[2m > [22m[2mGoldilocks ?⑥씪 ?쒗??寃利?[2m > [22m[2mG-04:
 A?깃툒 ?꾩슜 ?щТ ?щ씪?대뱶[2m > [22m[2mGrade A ??B?깃툒蹂대떎 ??留롪굅??媛숈? ?щ씪?대뱶
[22m[39m[deck-sequencer] goldilocks: 蹂몃Ц 20硫???16硫??덉궘 (遺濡?0硫?遺꾨━)

[90mstderr[2m | src/tests/e2e/p0-tier-grade-gate.test.ts[2m > [22m[2mGoldilocks ?⑥씪 ?쒗??寃利?[2m > [22m[2mG-06:
 硫??덉궘 (?섎뱶由щ컠 16p)[2m > [22m[2m紐⑤뱺 ?곗씠??+ A?깃툒 ??蹂몃Ц 16p ?댄븯 (遺濡??쒖쇅)
[22m[39m[deck-sequencer] goldilocks: 蹂몃Ц 21硫???16硫??덉궘 (遺濡?4硫?遺꾨━)

[90mstderr[2m | src/tests/e2e/p0-tier-grade-gate.test.ts[2m > [22m[2mGoldilocks ?⑥씪 ?쒗??寃利?[2m > [22m[2mG-06:
 硫??덉궘 (?섎뱶由щ컠 16p)[2m > [22m[2m蹂댄샇???ㅻ뒗 ?덉궘?섏? ?딆쓬
[22m[39m[deck-sequencer] goldilocks: 蹂몃Ц 21硫???16硫??덉궘 (遺濡?4硫?遺꾨━)

[90mstderr[2m | src/tests/e2e/p0-tier-grade-gate.test.ts[2m > [22m[2mGoldilocks ?⑥씪 ?쒗??寃利?[2m > [22m[2mG-07:
 ?꾨컲嫄대Ъ ?異?suppress[2m > [22m[2mhasViolation=true ??loan ?щ씪?대뱶 suppress
[22m[39m[deck-sequencer] goldilocks: 蹂몃Ц 19硫???16硫??덉궘 (遺濡?0硫?遺꾨━)

 [32m??[39m src/tests/e2e/p0-tier-grade-gate.test.ts [2m([22m[2m20 tests[22m[2m)[22m[32m 29[2mms[22m[39m
 [32m??[39m src/tests/unit/pptx-studio/token-binder-m2.test.ts [2m([22m[2m3 tests[22m[2m)[22m[32m 40[2mms[22m[39m
 [32m??[39m src/domain/building/mobile-im/__tests__/land-detail-renderer.test.ts [2m([22m[2m4 tests[22m[2m)[22m[32m 36[2mms[22m[39m
 [32m??[39m src/tests/acceptance/final-acceptance-audit.test.ts [2m([22m[2m3 tests[22m[2m)[22m[32m 43[2mms[22m[39m
[90mstderr[2m | src/domain/building/mobile-im/__tests__/e2e-real-property.test.ts[2m > [22m[2mE2E Real Property: ?
뱀궛??媛 洹쇱깮鍮뚮뵫 (income)[2m > [22m[2mIM ?앹꽦 ?뚯씠?꾨씪??[2m > [22m[2mE2E-DS-PIPELINE: ?뱀궛??generateMobileIM ???꾩닔 ?뱀뀡 ?ы
븿
[22m[39m[MockOpenAIProvider]process.env.OPENAI_API_KEY is missing or in test environment. Returning mock JSON respons
e.

[90mstderr[2m | src/domain/building/mobile-im/__tests__/e2e-real-property.test.ts[2m > [22m[2mE2E Real Property: ?
뱀궛??媛 洹쇱깮鍮뚮뵫 (income)[2m > [22m[2mIM ?앹꽦 ?뚯씠?꾨씪??[2m > [22m[2mE2E-DS-PIPELINE: ?뱀궛??generateMobileIM ???꾩닔 ?뱀뀡 ?ы
븿
[22m[39m[MockOpenAIProvider]process.env.OPENAI_API_KEY is missing or in test environment. Returning mock JSON respons
e.

 [32m??[39m src/tests/unit/pipeline/rentroll-classifier.test.ts [2m([22m[2m2 tests[22m[2m)[22m[32m 35[2mms[22m[39m
[90mstderr[2m | src/domain/building/mobile-im/__tests__/posture-pipeline.test.ts[2m > [22m[2mPosture Pipeline ??De
ck Sequencer[2m > [22m[2mincome/A: should return valid slide sequence
[22m[39m[deck-sequencer] goldilocks: 蹂몃Ц 20硫???16硫??덉궘 (遺濡?0硫?遺꾨━)

[90mstderr[2m | src/domain/building/mobile-im/__tests__/posture-pipeline.test.ts[2m > [22m[2mPosture Pipeline ??De
ck Sequencer[2m > [22m[2mowner_occupied/A: should return valid slide sequence
[22m[39m[deck-sequencer] goldilocks: 蹂몃Ц 20硫???16硫??덉궘 (遺濡?0硫?遺꾨━)

[90mstderr[2m | src/domain/building/mobile-im/__tests__/posture-pipeline.test.ts[2m > [22m[2mPosture Pipeline ??De
ck Sequencer[2m > [22m[2mdevelopment/A: should return valid slide sequence
[22m[39m[deck-sequencer] goldilocks: 蹂몃Ц 22硫???16硫??덉궘 (遺濡?0硫?遺꾨━)

[90mstderr[2m | src/domain/building/mobile-im/__tests__/posture-pipeline.test.ts[2m > [22m[2mPosture Pipeline ??De
ck Sequencer[2m > [22m[2mdevelopment/B: should return valid slide sequence
[22m[39m[deck-sequencer] goldilocks: 蹂몃Ц 18硫???16硫??덉궘 (遺濡?0硫?遺꾨━)

[90mstderr[2m | src/domain/building/mobile-im/__tests__/posture-pipeline.test.ts[2m > [22m[2mPosture Pipeline ??De
ck Sequencer[2m > [22m[2moperating/A: should return valid slide sequence
[22m[39m[deck-sequencer] goldilocks: 蹂몃Ц 20硫???16硫??덉궘 (遺濡?0硫?遺꾨━)

[90mstderr[2m | src/domain/building/mobile-im/__tests__/posture-pipeline.test.ts[2m > [22m[2mPosture Pipeline ??De
ck Sequencer[2m > [22m[2mtrading/A: should return valid slide sequence
[22m[39m[deck-sequencer] goldilocks: 蹂몃Ц 20硫???16硫??덉궘 (遺濡?0硫?遺꾨━)

[90mstderr[2m | src/domain/building/mobile-im/__tests__/posture-pipeline.test.ts[2m > [22m[2mPosture Pipeline ??De
ck Sequencer[2m > [22m[2mslide sequence posture customization
[22m[39m[deck-sequencer] goldilocks: 蹂몃Ц 18硫???16硫??덉궘 (遺濡?0硫?遺꾨━)

 [32m??[39m src/domain/building/mobile-im/__tests__/posture-pipeline.test.ts [2m([22m[2m48 tests[22m[2m)[22m[32m 34[2mms[22m[39m
[90mstderr[2m | src/domain/building/mobile-im/__tests__/e2e-real-property.test.ts[2m > [22m[2mE2E Real Property: ?
뱀궛??媛 洹쇱깮鍮뚮뵫 (income)[2m > [22m[2mIM ?앹꽦 ?뚯씠?꾨씪??[2m > [22m[2mE2E-DS-PIPELINE: ?뱀궛??generateMobileIM ???꾩닔 ?뱀뀡 ?ы
븿
[22m[39m[MockOpenAIProvider]process.env.OPENAI_API_KEY is missing or in test environment. Returning mock JSON respons
e.

 [32m??[39m src/tests/unit/pptx-studio/token-binding.test.ts [2m([22m[2m2 tests[22m[2m)[22m[32m 39[2mms[22m[39m
[90mstderr[2m | src/tests/e2e/cross-format-parity.test.ts[2m > [22m[2mL4 Cross-Format Parity[2m > [22m[2mXF01: 
For each posture, every section in SECTION_CATALOG has its dataKey in the basic deck sequence
[22m[39m[deck-sequencer] goldilocks: 蹂몃Ц 20硫???16硫??덉궘 (遺濡?1硫?遺꾨━)
[deck-sequencer] goldilocks: 蹂몃Ц 20硫???16硫??덉궘 (遺濡?1硫?遺꾨━)
[deck-sequencer] goldilocks: 蹂몃Ц 22硫???16硫??덉궘 (遺濡?1硫?遺꾨━)
[deck-sequencer] goldilocks: 蹂몃Ц 20硫???16硫??덉궘 (遺濡?1硫?遺꾨━)
[deck-sequencer] goldilocks: 蹂몃Ц 20硫???16硫??덉궘 (遺濡?1硫?遺꾨━)

[90mstderr[2m | src/tests/e2e/cross-format-parity.test.ts[2m > [22m[2mL4 Cross-Format Parity[2m > [22m[2mXF02: 
Basic tier deck sequences do NOT contain dcf or sensitivity dataKeys
[22m[39m[deck-sequencer] goldilocks: 蹂몃Ц 18硫???16硫??덉궘 (遺濡?0硫?遺꾨━)
[deck-sequencer] goldilocks: 蹂몃Ц 20硫???16硫??덉궘 (遺濡?0硫?遺꾨━)

 [32m??[39m src/tests/e2e/cross-format-parity.test.ts [2m([22m[2m5 tests[22m[2m)[22m[32m 39[2mms[22m[39m
[90mstdout[2m | src/domain/building/mobile-im/__tests__/e2e-real-property.test.ts[2m > [22m[2mE2E Real Property: ?뱀궛??媛 洹쇱깮鍮뚮뵫 (income)[2m > [22m[2mIM ?앹꽦 ?뚯씠?꾨씪??[2m > [22m[2mE2E-DS-PIPELINE: ?뱀궛??generateMobileIM ???꾩닔 ?뱀뀡 ?ы븿
[22m[39m[fewshot-tracker] Golden candidate registered (pending approval): risk_check of doc gen_g7mv72qtfvf_1788689508601 (Score: 5)

 [32m??[39m src/tests/unit/p1-theme-preset.test.ts [2m([22m[2m17 tests[22m[2m)[22m[32m 41[2mms[22m[39m
 [32m??[39m src/tests/unit/financial/valuation-calc.stress.test.ts [2m([22m[2m35 tests[22m[2m)[22m[32m 30[2mms[22m[39m
 [32m??[39m src/tests/governance/golden-fixtures.test.ts [2m([22m[2m2 tests[22m[2m)[22m[32m 44[2mms[22m[39m
[90mstderr[2m | src/domain/building/mobile-im/__tests__/e2e-real-property.test.ts[2m > [22m[2mE2E Real Property: ?
뱀궛??媛 洹쇱깮鍮뚮뵫 (income)[2m > [22m[2mIM ?앹꽦 ?뚯씠?꾨씪??[2m > [22m[2mE2E-DS-PIPELINE: ?뱀궛??generateMobileIM ???꾩닔 ?뱀뀡 ?ы
븿
[22m[39m[MockOpenAIProvider]process.env.OPENAI_API_KEY is missing or in test environment. Returning mock JSON respons
e.

[90mstderr[2m | src/domain/building/mobile-im/__tests__/e2e-real-property.test.ts[2m > [22m[2mE2E Real Property: ?
뱀궛??媛 洹쇱깮鍮뚮뵫 (income)[2m > [22m[2mIM ?앹꽦 ?뚯씠?꾨씪??[2m > [22m[2mE2E-DS-PIPELINE: ?뱀궛??generateMobileIM ???꾩닔 ?뱀뀡 ?ы
븿
[22m[39m[MockOpenAIProvider]process.env.OPENAI_API_KEY is missing or in test environment. Returning mock JSON respons
e.

 [32m??[39m src/tests/governance/catalog-dag.test.ts [2m([22m[2m5 tests[22m[2m)[22m[32m 28[2mms[22m[39m
[90mstderr[2m | src/domain/building/mobile-im/__tests__/e2e-real-property.test.ts[2m > [22m[2mE2E Real Property: ?
뱀궛??媛 洹쇱깮鍮뚮뵫 (income)[2m > [22m[2mIM ?앹꽦 ?뚯씠?꾨씪??[2m > [22m[2mE2E-DS-PIPELINE: ?뱀궛??generateMobileIM ???꾩닔 ?뱀뀡 ?ы
븿
[22m[39m[MockOpenAIProvider]process.env.OPENAI_API_KEY is missing or in test environment. Returning mock JSON respons
e.

[90mstderr[2m | src/domain/building/mobile-im/__tests__/e2e-real-property.test.ts[2m > [22m[2mE2E Real Property: ?
뱀궛??媛 洹쇱깮鍮뚮뵫 (income)[2m > [22m[2mIM ?앹꽦 ?뚯씠?꾨씪??[2m > [22m[2mE2E-DS-PIPELINE: ?뱀궛??generateMobileIM ???꾩닔 ?뱀뀡 ?ы
븿
[22m[39m[mobile-im] Publish gates blocked: [ [32m'G02'[39m, [32m'G05'[39m, [32m'G06'[39m, [32m'G08'[39m, [32
m'G20'[39m, [32m'G24'[39m ]
[cross-validator] 援먯감 寃利?寃곌낵 ??critical: 12, warning: 0, fields: [vacancy_narrative_contradiction, vacancy_narrative_c
ontradiction, vacancy_narrative_contradiction, vacancy_narrative_contradiction, vacancy_narrative_contradiction, vacanc
y_narrative_contradiction, vacancy_narrative_contradiction, vacancy_narrative_contradiction, vacancy_narrative_contradi
ction, vacancy_narrative_contradiction, vacancy_narrative_contradiction, vacancy_narrative_contradiction]

 [32m??[39m src/tests/unit/pptx-studio/binary-inspection.test.ts [2m([22m[2m2 tests[22m[2m)[22m[32m 43[2mms[22m[39m
[90mstdout[2m | src/domain/building/mobile-im/__tests__/e2e-real-property.test.ts[2m > [22m[2mE2E Real Property: ?뱀궛??媛 洹쇱깮鍮뚮뵫 (income)[2m > [22m[2mIM ?앹꽦 ?뚯씠?꾨씪??[2m > [22m[2mE2E-DS-PIPELINE: ?뱀궛??generateMobileIM ???꾩닔 ?뱀뀡 ?ы븿
[22m[39m[fewshot-tracker] Golden candidate registered (pending approval): investment_thesis of doc gen_g7mv72qtfvf_1788689508601 (Score: 5)

[90mstderr[2m | src/domain/analytics/hallucination-detector.test.ts[2m > [22m[2mAI Hallucination & Anomaly Detecto
r[2m > [22m[2mshould detect price_outlier for extremely high price
[22m[39m[detectAnomalies] Failed to compute prompt degradation metric: supabase.from(...).select is not a function

[90mstderr[2m | src/domain/analytics/hallucination-detector.test.ts[2m > [22m[2mAI Hallucination & Anomaly Detecto
r[2m > [22m[2mshould detect size_outlier for unrealistically small area
[22m[39m[detectAnomalies] Failed to compute prompt degradation metric: supabase.from(...).select is not a function

[90mstderr[2m | src/domain/analytics/hallucination-detector.test.ts[2m > [22m[2mAI Hallucination & Anomaly Detecto
r[2m > [22m[2mshould detect region_hallucination for foreign address text
[22m[39m[detectAnomalies] Failed to compute prompt degradation metric: supabase.from(...).select is not a function

 [32m??[39m src/domain/analytics/hallucination-detector.test.ts [2m([22m[2m4 tests[22m[2m)[22m[32m 28[2mms[22m[39m
 [32m??[39m src/tests/performance/generation-time.test.ts [2m([22m[2m2 tests[22m[2m)[22m[32m 32[2mms[22m[39m
[90mstderr[2m | src/domain/building/mobile-im/__tests__/l3-composition.test.ts[2m > [22m[2mL3: Composition & Deck 
Sequencing (32 cases)[2m > [22m[2mbuildDeckSequence[2m > [22m[2mL3-L02-02: income / A grade yields 12~20 slides (
goldilocks)
[22m[39m[deck-sequencer] goldilocks: 蹂몃Ц 20硫???16硫??덉궘 (遺濡?0硫?遺꾨━)

[90mstderr[2m | src/domain/building/mobile-im/__tests__/l3-composition.test.ts[2m > [22m[2mL3: Composition & Deck 
Sequencing (32 cases)[2m > [22m[2mbuildDeckSequence[2m > [22m[2mL3-L02-01: development / B grade yields 10~20 sli
des (goldilocks)
[22m[39m[deck-sequencer] goldilocks: 蹂몃Ц 18硫???16硫??덉궘 (遺濡?0硫?遺꾨━)

[90mstderr[2m | src/domain/building/mobile-im/__tests__/l3-composition.test.ts[2m > [22m[2mL3: Composition & Deck 
Sequencing (32 cases)[2m > [22m[2mbuildDeckSequence[2m > [22m[2mL3-L02-02: development / A grade yields 12~20 sli
des (goldilocks)
[22m[39m[deck-sequencer] goldilocks: 蹂몃Ц 22硫???16硫??덉궘 (遺濡?0硫?遺꾨━)

[90mstderr[2m | src/domain/building/mobile-im/__tests__/l3-composition.test.ts[2m > [22m[2mL3: Composition & Deck 
Sequencing (32 cases)[2m > [22m[2mbuildDeckSequence[2m > [22m[2mL3-L02-02: owner_occupied / A grade yields 12~20 
slides (goldilocks)
[22m[39m[deck-sequencer] goldilocks: 蹂몃Ц 20硫???16硫??덉궘 (遺濡?0硫?遺꾨━)

[90mstderr[2m | src/domain/building/mobile-im/__tests__/l3-composition.test.ts[2m > [22m[2mL3: Composition & Deck 
Sequencing (32 cases)[2m > [22m[2mbuildDeckSequence[2m > [22m[2mL3-L02-02: operating / A grade yields 12~20 slide
s (goldilocks)
[22m[39m[deck-sequencer] goldilocks: 蹂몃Ц 20硫???16硫??덉궘 (遺濡?0硫?遺꾨━)

[90mstderr[2m | src/domain/building/mobile-im/__tests__/l3-composition.test.ts[2m > [22m[2mL3: Composition & Deck 
Sequencing (32 cases)[2m > [22m[2mbuildDeckSequence[2m > [22m[2mL3-L02-02: trading / A grade yields 12~20 slides 
(goldilocks)
[22m[39m[deck-sequencer] goldilocks: 蹂몃Ц 20硫???16硫??덉궘 (遺濡?0硫?遺꾨━)

[90mstderr[2m | src/domain/building/mobile-im/__tests__/l3-composition.test.ts[2m > [22m[2mL3: Composition & Deck 
Sequencing (32 cases)[2m > [22m[2mbuildDeckSequence[2m > [22m[2mL3-L02-03: R-INC-04 includes rent normalization a
rchetype in pro income sequence
[22m[39m[deck-sequencer] goldilocks: 蹂몃Ц 20硫???16硫??덉궘 (遺濡?0硫?遺꾨━)

[90mstderr[2m | src/domain/building/mobile-im/__tests__/l3-composition.test.ts[2m > [22m[2mL3: Composition & Deck 
Sequencing (32 cases)[2m > [22m[2mbuildDeckSequence[2m > [22m[2mL3-L02-04: R-INC-02 includes value-add archetype 
in pro income sequence
[22m[39m[deck-sequencer] goldilocks: 蹂몃Ц 20硫???16硫??덉궘 (遺濡?0硫?遺꾨━)

[90mstderr[2m | src/domain/building/mobile-im/__tests__/l3-composition.test.ts[2m > [22m[2mL3: Composition & Deck 
Sequencing (32 cases)[2m > [22m[2mD34 T3: Sequencing Assertions (8 cases)[2m > [22m[2mT3-RR-01-NEG: hasRentRoll=t
rue硫?rentRoll 硫??ы븿 (A?깃툒)
[22m[39m[deck-sequencer] goldilocks: 蹂몃Ц 20硫???16硫??덉궘 (遺濡?0硫?遺꾨━)

[90mstderr[2m | src/domain/building/mobile-im/__tests__/l3-composition.test.ts[2m > [22m[2mL3: Composition & Deck 
Sequencing (32 cases)[2m > [22m[2mD34 T3: Sequencing Assertions (8 cases)[2m > [22m[2mT3-IMG-02-NEG: ?ъ쭊 ?덉쑝硫?媛ㅻ윭
由?硫??ы븿
[22m[39m[deck-sequencer] goldilocks: 蹂몃Ц 17硫???16硫??덉궘 (遺濡?0硫?遺꾨━)

[90mstderr[2m | src/domain/building/mobile-im/__tests__/l3-composition.test.ts[2m > [22m[2mL3: Composition & Deck 
Sequencing (32 cases)[2m > [22m[2mD34 T3: Sequencing Assertions (8 cases)[2m > [22m[2mT3-TRIM-01: ?덉궘 ??蹂댄샇 ???꾨웾
 ?붿〈
[22m[39m[deck-sequencer] goldilocks: 蹂몃Ц 21硫???16硫??덉궘 (遺濡?4硫?遺꾨━)

[90mstderr[2m | src/domain/building/mobile-im/__tests__/l3-composition.test.ts[2m > [22m[2mL3: Composition & Deck 
Sequencing (32 cases)[2m > [22m[2mD34 T3: Sequencing Assertions (8 cases)[2m > [22m[2mT3-TRIM-01-NEG: titleRights
??蹂댄샇?????덉궘 ?꾩뿉???붿〈
[22m[39m[deck-sequencer] goldilocks: 蹂몃Ц 21硫???16硫??덉궘 (遺濡?4硫?遺꾨━)

 [32m??[39m src/domain/building/mobile-im/__tests__/l3-composition.test.ts [2m([22m[2m27 tests[22m[2m)[22m[32m 29[2mms[22m[39m
[90mstderr[2m | src/domain/building/mobile-im/__tests__/l4-output-assertions-d34.test.ts[2m > [22m[2mL4: ?곗텧臾??⑥뼵 
??D34 짠4.1 (15 耳?댁뒪 + negative 吏?[2m > [22m[2mT4-PAGE-01: 硫댁닔 짠3.1[2m > [22m[2mA?깃툒 ??곗씠????12~16p
[22m[39m[deck-sequencer] goldilocks: 蹂몃Ц 21硫???16硫??덉궘 (遺濡?2硫?遺꾨━)

[90mstderr[2m | src/domain/building/mobile-im/__tests__/l4-output-assertions-d34.test.ts[2m > [22m[2mL4: ?곗텧臾??⑥뼵 
??D34 짠4.1 (15 耳?댁뒪 + negative 吏?[2m > [22m[2mT4-PAGE-01: 硫댁닔 짠3.1[2m > [22m[2mT4-PAGE-01-NEG: 17硫??곗텧 ??李⑤떒
[22m[39m[deck-sequencer] goldilocks: 蹂몃Ц 21硫???16硫??덉궘 (遺濡?4硫?遺꾨━)

[90mstderr[2m | src/domain/building/mobile-im/__tests__/l4-output-assertions-d34.test.ts[2m > [22m[2mL4: ?곗텧臾??⑥뼵 
??D34 짠4.1 (15 耳?댁뒪 + negative 吏?[2m > [22m[2mT4-CON-01 cross-validator ?듯빀[2m > [22m[2mT4-CON-01-NEG: 留뚯떎 ?쒖닠 +
 怨듭떎瑜?10% ??critical 紐⑥닚
[22m[39m[cross-validator] 援먯감 寃利?寃곌낵 ??critical: 1, warning: 0, fields: [vacancy_narrative_contradiction]

 [32m??[39m src/domain/building/mobile-im/__tests__/l4-output-assertions-d34.test.ts [2m([22m[2m27 tests[22m[2m)[22m[32m 28[2mms[22m[39m
 [32m??[39m src/lib/__tests__/api-handler.test.ts [2m([22m[2m5 tests[22m[2m)[22m[32m 31[2mms[22m[39m
[90mstderr[2m | src/domain/building/mobile-im/__tests__/e2e-real-property.test.ts[2m > [22m[2mE2E Real Property: ?
뱀궛??媛 洹쇱깮鍮뚮뵫 (income)[2m > [22m[2mIM ?앹꽦 ?뚯씠?꾨씪??[2m > [22m[2mE2E-DS-PIPELINE: ?뱀궛??generateMobileIM ???꾩닔 ?뱀뀡 ?ы
븿
[22m[39m[im-embedding-indexer] Failed to index IM: {
  code: [32m'PGRST205'[39m,
  details: [1mnull[22m,
  hint: [32m"Perhaps you meant the table 'public.im_pro_grants'"[39m,
  message: [32m"Could not find the table 'public.im_documents' in the schema cache"[39m
}

[90mstdout[2m | src/domain/building/mobile-im/__tests__/e2e-real-property.test.ts[2m > [22m[2mE2E Real Property: ?뱀궛??媛 洹쇱깮鍮뚮뵫 (income)[2m > [22m[2mIM ?앹꽦 ?뚯씠?꾨씪??[2m > [22m[2mE2E-DS-PIPELINE: ?뱀궛??generateMobileIM ???꾩닔 ?뱀뀡 ?ы븿
[22m[39mDS section types: [
  [32m'property_overview'[39m,
  [32m'investment_thesis'[39m,
  [32m'location_access'[39m,
  [32m'title_rights'[39m,
  [32m'land_detail'[39m,
  [32m'lease_status'[39m,
  [32m'income_analysis'[39m,
  [32m'risk_check'[39m,
  [32m'next_steps'[39m,
  [32m'comparables'[39m,
  [32m'checklist'[39m,
  [32m'closing'[39m
]

 [32m??[39m src/tests/setup/__tests__/fake-timers.test.ts [2m([22m[2m3 tests[22m[2m)[22m[32m 24[2mms[22m[39m
[90mstdout[2m | src/domain/building/mobile-im/__tests__/semantic-prompt-cache.test.ts[2m > [22m[2mSemantic Prompt Cache[2m > [22m[2mshould set and get a cached value
[22m[39m[Cache] Set for key: im_prompt_cache:test_section:fd82147db5aab6b1990b9d32bd5420fad19d048441f35c67a6a5de496027dca6

[90mstdout[2m | src/domain/building/mobile-im/__tests__/semantic-prompt-cache.test.ts[2m > [22m[2mSemantic Prompt Cache[2m > [22m[2mshould set and get a cached value
[22m[39m[Cache] Hit for key: im_prompt_cache:test_section:fd82147db5aab6b1990b9d32bd5420fad19d048441f35c67a6a5de496027dca6

[90mstdout[2m | src/domain/building/mobile-im/__tests__/semantic-prompt-cache.test.ts[2m > [22m[2mSemantic Prompt Cache[2m > [22m[2mshould expire entries after TTL
[22m[39m[Cache] Set for key: im_prompt_cache:expire_test:65aa00f50f00ba9e80a29b6997296b4dcd3437b99fdb479434f5c8258c1c4669

[90mstdout[2m | src/domain/building/mobile-im/__tests__/semantic-prompt-cache.test.ts[2m > [22m[2mSemantic Prompt Cache[2m > [22m[2mshould invalidate by section pattern
[22m[39m[Cache] Set for key: im_prompt_cache:section_a:351a80d171bf62a637ad7aac5297cc7665c93b4b080318fdc1d74422acbb7845

[90mstdout[2m | src/domain/building/mobile-im/__tests__/semantic-prompt-cache.test.ts[2m > [22m[2mSemantic Prompt Cache[2m > [22m[2mshould invalidate by section pattern
[22m[39m[Cache] Set for key: im_prompt_cache:section_a:881319f9c08dc9adb6579a2d5a1999fa4055d6ed7cb42d1c503f010fbf942039

[90mstdout[2m | src/domain/building/mobile-im/__tests__/semantic-prompt-cache.test.ts[2m > [22m[2mSemantic Prompt Cache[2m > [22m[2mshould invalidate by section pattern
[22m[39m[Cache] Set for key: im_prompt_cache:section_b:9fb511fd2fdc5928fb41fdf0534635d59e97093f496c0e4f093a2f333df28246

[90mstdout[2m | src/domain/building/mobile-im/__tests__/semantic-prompt-cache.test.ts[2m > [22m[2mSemantic Prompt Cache[2m > [22m[2mshould invalidate by section pattern
[22m[39m[Cache] Invalidated 2 entries for section: section_a

[90mstdout[2m | src/domain/building/mobile-im/__tests__/semantic-prompt-cache.test.ts[2m > [22m[2mSemantic Prompt Cache[2m > [22m[2mshould invalidate by section pattern
[22m[39m[Cache] Hit for key: im_prompt_cache:section_b:9fb511fd2fdc5928fb41fdf0534635d59e97093f496c0e4f093a2f333df28246

 [32m??[39m src/domain/building/mobile-im/__tests__/semantic-prompt-cache.test.ts [2m([22m[2m7 tests[22m[2m)[22m[32m 36[2mms[22m[39m
[90mstderr[2m | src/domain/building/mobile-im/__tests__/e2e-real-property.test.ts[2m > [22m[2mE2E Real Property: ?
뱀궛??媛 洹쇱깮鍮뚮뵫 (income)[2m > [22m[2mIM ?앹꽦 ?뚯씠?꾨씪??[2m > [22m[2mE2E-DS-ANCHORS: ?뱀궛???섏튂 ?듭빱 ???낅젰 蹂댁〈 諛??뱀뀡 援ъ“ 寃
利?[22m[39m[im-context-builder] 怨듭떎瑜??곗씠??誘명솗蹂????щТ 異붿젙移섏뿉 怨듭떎瑜?誘몃컲??[im-context-builder] ?곕㈃???곗씠??誘명솗蹂???value-add 
異붿젙 ?뺥솗?????
 [32m??[39m src/tests/domain/stage1.test.ts [2m([22m[2m6 tests[22m[2m)[22m[32m 20[2mms[22m[39m
 [32m??[39m src/domain/gate/gate-request.test.ts [2m([22m[2m24 tests[22m[2m)[22m[32m 28[2mms[22m[39m
[90mstderr[2m | src/domain/building/mobile-im/__tests__/e2e-real-property.test.ts[2m > [22m[2mE2E Real Property: ?
뱀궛??媛 洹쇱깮鍮뚮뵫 (income)[2m > [22m[2mIM ?앹꽦 ?뚯씠?꾨씪??[2m > [22m[2mE2E-DS-ANCHORS: ?뱀궛???섏튂 ?듭빱 ???낅젰 蹂댁〈 諛??뱀뀡 援ъ“ 寃
利?[22m[39m[CRE-RAG] Hybrid search failed: {
  code: [32m'PGRST202'[39m,
  details: [32m'Searched for the function public.match_im_documents with parameters filter_asset_type, filter_posture,
 filter_region, match_count, query_embedding, query_text or with a single unnamed json/jsonb parameter, but no matches 
were found in the schema cache.'[39m,
  hint: [1mnull[22m,
  message: [32m'Could not find the function public.match_im_documents(filter_asset_type, filter_posture, filter_region
, match_count, query_embedding, query_text) in the schema cache'[39m
}

[90mstdout[2m | src/domain/building/mobile-im/__tests__/e2e-real-property.test.ts[2m > [22m[2mE2E Real Property: ?뱀궛??媛 洹쇱깮鍮뚮뵫 (income)[2m > [22m[2mIM ?앹꽦 ?뚯씠?꾨씪??[2m > [22m[2mE2E-DS-ANCHORS: ?뱀궛???섏튂 ?듭빱 ???낅젰 蹂댁〈 諛??뱀뀡 援ъ“ 寃利?[22m[39m[mobile-im-writer] Prompt variant: writer_system_v2 (v2.0), isLogistics=false, posture=income

[90mstderr[2m | src/domain/building/mobile-im/__tests__/e2e-real-property.test.ts[2m > [22m[2mE2E Real Property: ?
뱀궛??媛 洹쇱깮鍮뚮뵫 (income)[2m > [22m[2mIM ?앹꽦 ?뚯씠?꾨씪??[2m > [22m[2mE2E-DS-ANCHORS: ?뱀궛???섏튂 ?듭빱 ???낅젰 蹂댁〈 諛??뱀뀡 援ъ“ 寃
利?[22m[39m[writer] Claim violations: [
  [32m"[G38] Calculation 'ac386870-2767-44bf-8d56-612636c56e9a': basis='NOI'?몃뜲 怨듭젣 ??ぉ???놁뒿?덈떎. ?댁쁺鍮??놁씠 NOI瑜??곗텧????
?놁뒿?덈떎."[39m,
  [32m"[G38] Calculation '24938230-c035-4641-82e7-9d406097812a': basis='NOI'?몃뜲 怨듭젣 ??ぉ???놁뒿?덈떎. ?댁쁺鍮??놁씠 NOI瑜??곗텧????
?놁뒿?덈떎."[39m,
  [32m"[G38] Calculation 'a292c4bc-555b-42b8-bcf7-254477fd01a8': basis='NOI'?몃뜲 怨듭젣 ??ぉ???놁뒿?덈떎. ?댁쁺鍮??놁씠 NOI瑜??곗텧????
?놁뒿?덈떎."[39m,
  [32m"[G38] Calculation 'c6ecf857-58f0-40e6-a301-fe9565fe3bf5': basis='NOI'?몃뜲 怨듭젣 ??ぉ???놁뒿?덈떎. ?댁쁺鍮??놁씠 NOI瑜??곗텧????
?놁뒿?덈떎."[39m,
  [32m'G38_NOI_MISSING_OPEX: cap_rate_base requires evidenced operating expenses'[39m,
  [32m"[G38] Calculation 'e0c689cf-b7b9-4db3-bd37-126c7402c302': basis='NOI'?몃뜲 怨듭젣 ??ぉ???놁뒿?덈떎. ?댁쁺鍮??놁씠 NOI瑜??곗텧????
?놁뒿?덈떎."[39m,
  [32m'G38_NOI_MISSING_OPEX: cap_rate_best requires evidenced operating expenses'[39m,
  [32m"[G38] Calculation '6eefadef-aa65-4413-8961-1763e50b350e': basis='NOI'?몃뜲 怨듭젣 ??ぉ???놁뒿?덈떎. ?댁쁺鍮??놁씠 NOI瑜??곗텧????
?놁뒿?덈떎."[39m,
  [32m'G38_NOI_MISSING_OPEX: cap_rate_worst requires evidenced operating expenses'[39m
]

 [32m??[39m src/tests/mutation/dealcard-tamper.test.ts [2m([22m[2m2 tests[22m[2m)[22m[32m 21[2mms[22m[39m
 [32m??[39m src/lib/__tests__/api-validation.test.ts [2m([22m[2m5 tests[22m[2m)[22m[32m 24[2mms[22m[39m
 [32m??[39m src/domain/postpublish/__tests__/freshness-engine.test.ts [2m([22m[2m14 tests[22m[2m)[22m[32m 25[2mms[22m[39m
[90mstderr[2m | src/domain/building/mobile-im/__tests__/e2e-real-property.test.ts[2m > [22m[2mE2E Real Property: ?
뱀궛??媛 洹쇱깮鍮뚮뵫 (income)[2m > [22m[2mIM ?앹꽦 ?뚯씠?꾨씪??[2m > [22m[2mE2E-DS-ANCHORS: ?뱀궛???섏튂 ?듭빱 ???낅젰 蹂댁〈 諛??뱀뀡 援ъ“ 寃
利?[22m[39m[MockOpenAIProvider]process.env.OPENAI_API_KEY is missing or in test environment. Returning mock JSON respo
nse.

[90mstderr[2m | src/domain/building/mobile-im/__tests__/e2e-real-property.test.ts[2m > [22m[2mE2E Real Property: ?
뱀궛??媛 洹쇱깮鍮뚮뵫 (income)[2m > [22m[2mIM ?앹꽦 ?뚯씠?꾨씪??[2m > [22m[2mE2E-DS-ANCHORS: ?뱀궛???섏튂 ?듭빱 ???낅젰 蹂댁〈 諛??뱀뀡 援ъ“ 寃
利?[22m[39m[MockOpenAIProvider]process.env.OPENAI_API_KEY is missing or in test environment. Returning mock JSON respo
nse.

[90mstderr[2m | src/domain/building/mobile-im/__tests__/e2e-real-property.test.ts[2m > [22m[2mE2E Real Property: ?
뱀궛??媛 洹쇱깮鍮뚮뵫 (income)[2m > [22m[2mIM ?앹꽦 ?뚯씠?꾨씪??[2m > [22m[2mE2E-DS-ANCHORS: ?뱀궛???섏튂 ?듭빱 ???낅젰 蹂댁〈 諛??뱀뀡 援ъ“ 寃
利?[22m[39m[MockOpenAIProvider]process.env.OPENAI_API_KEY is missing or in test environment. Returning mock JSON respo
nse.

 [32m??[39m src/tests/domain/ssot-studio.test.ts [2m([22m[2m5 tests[22m[2m)[22m[32m 21[2mms[22m[39m
[90mstderr[2m | src/domain/building/mobile-im/__tests__/e2e-real-property.test.ts[2m > [22m[2mE2E Real Property: ?
뱀궛??媛 洹쇱깮鍮뚮뵫 (income)[2m > [22m[2mIM ?앹꽦 ?뚯씠?꾨씪??[2m > [22m[2mE2E-DS-ANCHORS: ?뱀궛???섏튂 ?듭빱 ???낅젰 蹂댁〈 諛??뱀뀡 援ъ“ 寃
利?[22m[39m[MockOpenAIProvider]process.env.OPENAI_API_KEY is missing or in test environment. Returning mock JSON respo
nse.

[90mstderr[2m | src/domain/building/mobile-im/__tests__/e2e-real-property.test.ts[2m > [22m[2mE2E Real Property: ?
뱀궛??媛 洹쇱깮鍮뚮뵫 (income)[2m > [22m[2mIM ?앹꽦 ?뚯씠?꾨씪??[2m > [22m[2mE2E-DS-ANCHORS: ?뱀궛???섏튂 ?듭빱 ???낅젰 蹂댁〈 諛??뱀뀡 援ъ“ 寃
利?[22m[39m[MockOpenAIProvider]process.env.OPENAI_API_KEY is missing or in test environment. Returning mock JSON respo
nse.

 [32m??[39m src/tests/domain/financials.test.ts [2m([22m[2m6 tests[22m[2m)[22m[32m 22[2mms[22m[39m
[90mstderr[2m | src/domain/building/mobile-im/__tests__/e2e-real-property.test.ts[2m > [22m[2mE2E Real Property: ?
뱀궛??媛 洹쇱깮鍮뚮뵫 (income)[2m > [22m[2mIM ?앹꽦 ?뚯씠?꾨씪??[2m > [22m[2mE2E-DS-ANCHORS: ?뱀궛???섏튂 ?듭빱 ???낅젰 蹂댁〈 諛??뱀뀡 援ъ“ 寃
利?[22m[39m[MockOpenAIProvider]process.env.OPENAI_API_KEY is missing or in test environment. Returning mock JSON respo
nse.

 [32m??[39m src/tests/unit/dealcard/banding.test.ts [2m([22m[2m2 tests[22m[2m)[22m[32m 28[2mms[22m[39m
[90mstderr[2m | src/domain/building/mobile-im/__tests__/e2e-real-property.test.ts[2m > [22m[2mE2E Real Property: ?
뱀궛??媛 洹쇱깮鍮뚮뵫 (income)[2m > [22m[2mIM ?앹꽦 ?뚯씠?꾨씪??[2m > [22m[2mE2E-DS-ANCHORS: ?뱀궛???섏튂 ?듭빱 ???낅젰 蹂댁〈 諛??뱀뀡 援ъ“ 寃
利?[22m[39m[MockOpenAIProvider]process.env.OPENAI_API_KEY is missing or in test environment. Returning mock JSON respo
nse.

[90mstderr[2m | src/domain/building/mobile-im/__tests__/e2e-real-property.test.ts[2m > [22m[2mE2E Real Property: ?
뱀궛??媛 洹쇱깮鍮뚮뵫 (income)[2m > [22m[2mIM ?앹꽦 ?뚯씠?꾨씪??[2m > [22m[2mE2E-DS-ANCHORS: ?뱀궛???섏튂 ?듭빱 ???낅젰 蹂댁〈 諛??뱀뀡 援ъ“ 寃
利?[22m[39m[MockOpenAIProvider]process.env.OPENAI_API_KEY is missing or in test environment. Returning mock JSON respo
nse.

[90mstderr[2m | src/domain/building/mobile-im/__tests__/e2e-real-property.test.ts[2m > [22m[2mE2E Real Property: ?
뱀궛??媛 洹쇱깮鍮뚮뵫 (income)[2m > [22m[2mIM ?앹꽦 ?뚯씠?꾨씪??[2m > [22m[2mE2E-DS-ANCHORS: ?뱀궛???섏튂 ?듭빱 ???낅젰 蹂댁〈 諛??뱀뀡 援ъ“ 寃
利?[22m[39m[MockOpenAIProvider]process.env.OPENAI_API_KEY is missing or in test environment. Returning mock JSON respo
nse.

[90mstderr[2m | src/domain/building/mobile-im/__tests__/e2e-real-property.test.ts[2m > [22m[2mE2E Real Property: ?
뱀궛??媛 洹쇱깮鍮뚮뵫 (income)[2m > [22m[2mIM ?앹꽦 ?뚯씠?꾨씪??[2m > [22m[2mE2E-DS-ANCHORS: ?뱀궛???섏튂 ?듭빱 ???낅젰 蹂댁〈 諛??뱀뀡 援ъ“ 寃
利?[22m[39m[MockOpenAIProvider]process.env.OPENAI_API_KEY is missing or in test environment. Returning mock JSON respo
nse.

[90mstderr[2m | src/domain/building/mobile-im/__tests__/e2e-real-property.test.ts[2m > [22m[2mE2E Real Property: ?
뱀궛??媛 洹쇱깮鍮뚮뵫 (income)[2m > [22m[2mIM ?앹꽦 ?뚯씠?꾨씪??[2m > [22m[2mE2E-DS-ANCHORS: ?뱀궛???섏튂 ?듭빱 ???낅젰 蹂댁〈 諛??뱀뀡 援ъ“ 寃
利?[22m[39m[MockOpenAIProvider]process.env.OPENAI_API_KEY is missing or in test environment. Returning mock JSON respo
nse.

[90mstderr[2m | src/domain/building/mobile-im/__tests__/e2e-real-property.test.ts[2m > [22m[2mE2E Real Property: ?
뱀궛??媛 洹쇱깮鍮뚮뵫 (income)[2m > [22m[2mIM ?앹꽦 ?뚯씠?꾨씪??[2m > [22m[2mE2E-DS-ANCHORS: ?뱀궛???섏튂 ?듭빱 ???낅젰 蹂댁〈 諛??뱀뀡 援ъ“ 寃
利?[22m[39m[MockOpenAIProvider]process.env.OPENAI_API_KEY is missing or in test environment. Returning mock JSON respo
nse.

 [32m??[39m src/domain/building/memo-quality-gate.test.ts [2m([22m[2m7 tests[22m[2m)[22m[32m 15[2mms[22m[39m
[90mstdout[2m | src/domain/building/mobile-im/__tests__/e2e-real-property.test.ts[2m > [22m[2mE2E Real Property: ?뱀궛??媛 洹쇱깮鍮뚮뵫 (income)[2m > [22m[2mIM ?앹꽦 ?뚯씠?꾨씪??[2m > [22m[2mE2E-DS-ANCHORS: ?뱀궛???섏튂 ?듭빱 ???낅젰 蹂댁〈 諛??뱀뀡 援ъ“ 寃利?[22m[39m[fewshot-tracker] Golden candidate registered (pending approval): checklist of doc gen_ksvozkmfak_1788689514546 (Score: 5)

[90mstdout[2m | src/domain/building/mobile-im/__tests__/e2e-real-property.test.ts[2m > [22m[2mE2E Real Property: ?뱀궛??媛 洹쇱깮鍮뚮뵫 (income)[2m > [22m[2mIM ?앹꽦 ?뚯씠?꾨씪??[2m > [22m[2mE2E-DS-ANCHORS: ?뱀궛???섏튂 ?듭빱 ???낅젰 蹂댁〈 諛??뱀뀡 援ъ“ 寃利?[22m[39m[fewshot-tracker] Golden candidate registered (pending approval): title_rights of doc gen_ksvozkmfak_1788689514546 (Score: 5)

[90mstderr[2m | src/domain/building/mobile-im/__tests__/e2e-real-property.test.ts[2m > [22m[2mE2E Real Property: ?
뱀궛??媛 洹쇱깮鍮뚮뵫 (income)[2m > [22m[2mIM ?앹꽦 ?뚯씠?꾨씪??[2m > [22m[2mE2E-DS-ANCHORS: ?뱀궛???섏튂 ?듭빱 ???낅젰 蹂댁〈 諛??뱀뀡 援ъ“ 寃
利?[22m[39m[MockOpenAIProvider]process.env.OPENAI_API_KEY is missing or in test environment. Returning mock JSON respo
nse.

[90mstderr[2m | src/domain/building/mobile-im/__tests__/e2e-real-property.test.ts[2m > [22m[2mE2E Real Property: ?
뱀궛??媛 洹쇱깮鍮뚮뵫 (income)[2m > [22m[2mIM ?앹꽦 ?뚯씠?꾨씪??[2m > [22m[2mE2E-DS-ANCHORS: ?뱀궛???섏튂 ?듭빱 ???낅젰 蹂댁〈 諛??뱀뀡 援ъ“ 寃
利?[22m[39m[MockOpenAIProvider]process.env.OPENAI_API_KEY is missing or in test environment. Returning mock JSON respo
nse.

[90mstderr[2m | src/domain/building/mobile-im/__tests__/e2e-real-property.test.ts[2m > [22m[2mE2E Real Property: ?
뱀궛??媛 洹쇱깮鍮뚮뵫 (income)[2m > [22m[2mIM ?앹꽦 ?뚯씠?꾨씪??[2m > [22m[2mE2E-DS-ANCHORS: ?뱀궛???섏튂 ?듭빱 ???낅젰 蹂댁〈 諛??뱀뀡 援ъ“ 寃
利?[22m[39m[MockOpenAIProvider]process.env.OPENAI_API_KEY is missing or in test environment. Returning mock JSON respo
nse.

[90mstderr[2m | src/domain/building/mobile-im/__tests__/e2e-real-property.test.ts[2m > [22m[2mE2E Real Property: ?
뱀궛??媛 洹쇱깮鍮뚮뵫 (income)[2m > [22m[2mIM ?앹꽦 ?뚯씠?꾨씪??[2m > [22m[2mE2E-DS-ANCHORS: ?뱀궛???섏튂 ?듭빱 ???낅젰 蹂댁〈 諛??뱀뀡 援ъ“ 寃
利?[22m[39m[MockOpenAIProvider]process.env.OPENAI_API_KEY is missing or in test environment. Returning mock JSON respo
nse.

[90mstderr[2m | src/domain/building/mobile-im/__tests__/e2e-real-property.test.ts[2m > [22m[2mE2E Real Property: ?
뱀궛??媛 洹쇱깮鍮뚮뵫 (income)[2m > [22m[2mIM ?앹꽦 ?뚯씠?꾨씪??[2m > [22m[2mE2E-DS-ANCHORS: ?뱀궛???섏튂 ?듭빱 ???낅젰 蹂댁〈 諛??뱀뀡 援ъ“ 寃
利?[22m[39m[MockOpenAIProvider]process.env.OPENAI_API_KEY is missing or in test environment. Returning mock JSON respo
nse.

[90mstderr[2m | src/domain/building/mobile-im/__tests__/e2e-real-property.test.ts[2m > [22m[2mE2E Real Property: ?
뱀궛??媛 洹쇱깮鍮뚮뵫 (income)[2m > [22m[2mIM ?앹꽦 ?뚯씠?꾨씪??[2m > [22m[2mE2E-DS-ANCHORS: ?뱀궛???섏튂 ?듭빱 ???낅젰 蹂댁〈 諛??뱀뀡 援ъ“ 寃
利?[22m[39m[MockOpenAIProvider]process.env.OPENAI_API_KEY is missing or in test environment. Returning mock JSON respo
nse.

[90mstderr[2m | src/tests/e2e/p0-text-budget.test.ts[2m > [22m[2mT05: Text Budget Overflow[2m > [22m[2mSection 
F: validateTextBudgets[2m > [22m[2mT05-F02: slideTitle exceeding 32 chars -> returns warning
[22m[39m[text-budget] Field "slideTitle" exceeds budget: 48 > 32 chars

[90mstderr[2m | src/tests/e2e/p0-text-budget.test.ts[2m > [22m[2mT05: Text Budget Overflow[2m > [22m[2mSection 
F: validateTextBudgets[2m > [22m[2mT05-F03: statValue exceeding 10 chars -> returns warning
[22m[39m[text-budget] Field "statValue" exceeds budget: 11 > 10 chars

[90mstderr[2m | src/tests/e2e/p0-text-budget.test.ts[2m > [22m[2mT05: Text Budget Overflow[2m > [22m[2mSection 
F: validateTextBudgets[2m > [22m[2mT05-F05: Multiple exceeded items -> returns multiple warnings
[22m[39m[text-budget] Field "statValue" exceeds budget: 11 > 10 chars
[text-budget] Field "slideTitle" exceeds budget: 48 > 32 chars

 [32m??[39m src/tests/e2e/p0-text-budget.test.ts [2m([22m[2m25 tests[22m[2m)[22m[32m 23[2mms[22m[39m
 [32m??[39m src/tests/e2e/dealcard-pipeline-e2e.test.ts [2m([22m[2m14 tests[22m[2m)[22m[32m 27[2mms[22m[39m
 [32m??[39m src/domain/analytics/analytics-funnel.test.ts [2m([22m[2m9 tests[22m[2m)[22m[32m 14[2mms[22m[39m
 [32m??[39m src/tests/api/poc-telemetry.test.ts [2m([22m[2m3 tests[22m[2m)[22m[32m 22[2mms[22m[39m
 [32m??[39m src/domain/postpublish/__tests__/signal-engine.test.ts [2m([22m[2m12 tests[22m[2m)[22m[32m 23[2mms[22m[39m
 [32m??[39m src/tests/domain/stage2.test.ts [2m([22m[2m4 tests[22m[2m)[22m[32m 24[2mms[22m[39m
 [32m??[39m src/domain/building/disclosure-guard.test.ts [2m([22m[2m25 tests[22m[2m)[22m[32m 20[2mms[22m[39m
 [32m??[39m src/tests/unit/domain/contract-pipeline-invariants.test.ts [2m([22m[2m26 tests[22m[2m)[22m[32m 20[2mms[22m[39m
[90mstderr[2m | src/domain/building/mobile-im/__tests__/e2e-real-property.test.ts[2m > [22m[2mE2E Real Property: ?
뱀궛??媛 洹쇱깮鍮뚮뵫 (income)[2m > [22m[2mIM ?앹꽦 ?뚯씠?꾨씪??[2m > [22m[2mE2E-DS-ANCHORS: ?뱀궛???섏튂 ?듭빱 ???낅젰 蹂댁〈 諛??뱀뀡 援ъ“ 寃
利?[22m[39m[MockOpenAIProvider]process.env.OPENAI_API_KEY is missing or in test environment. Returning mock JSON respo
nse.

[90mstderr[2m | src/domain/building/mobile-im/__tests__/e2e-real-property.test.ts[2m > [22m[2mE2E Real Property: ?
뱀궛??媛 洹쇱깮鍮뚮뵫 (income)[2m > [22m[2mIM ?앹꽦 ?뚯씠?꾨씪??[2m > [22m[2mE2E-DS-ANCHORS: ?뱀궛???섏튂 ?듭빱 ???낅젰 蹂댁〈 諛??뱀뀡 援ъ“ 寃
利?[22m[39m[MockOpenAIProvider]process.env.OPENAI_API_KEY is missing or in test environment. Returning mock JSON respo
nse.

 [32m??[39m src/domain/gate/gate-audit-logger.test.ts [2m([22m[2m4 tests[22m[2m)[22m[32m 23[2mms[22m[39m
 [32m??[39m src/tests/e2e/pptx-studio-approval-flow.test.ts [2m([22m[2m2 tests[22m[2m)[22m[32m 20[2mms[22m[39m
 [32m??[39m src/domain/building/mobile-im/__tests__/lease-math.test.ts [2m([22m[2m7 tests[22m[2m)[22m[32m 19[2mms[22m[39m
 [32m??[39m src/tests/domain/snapshot-generator.test.ts [2m([22m[2m4 tests[22m[2m)[22m[32m 20[2mms[22m[39m
[90mstderr[2m | src/domain/verification/public-data-verifier.test.ts[2m > [22m[2mPublic Data Verifier Utilities[2
m > [22m[2mverifyAgainstPublicData[2m > [22m[2mshould return verified when AI and public records match
[22m[39m[govt-api-client] DATA_GO_KR_API_KEY is missing or in test environment. Returning mock data.

 [32m??[39m src/domain/building/mobile-im/schemas/__tests__/section-response.schema.test.ts [2m([22m[2m5 tests[22m[2m)[22m[32m 20[2mms[22m[39m
[90mstderr[2m | src/domain/verification/public-data-verifier.test.ts[2m > [22m[2mPublic Data Verifier Utilities[2
m > [22m[2mverifyAgainstPublicData[2m > [22m[2mshould return mismatch when asset_type is completely different
[22m[39m[govt-api-client] DATA_GO_KR_API_KEY is missing or in test environment. Returning mock data.

[90mstderr[2m | src/domain/verification/public-data-verifier.test.ts[2m > [22m[2mPublic Data Verifier Utilities[2
m > [22m[2mverifyAgainstPublicData[2m > [22m[2mshould return mismatch when total floor area is out of 30% range
[22m[39m[govt-api-client] DATA_GO_KR_API_KEY is missing or in test environment. Returning mock data.

[90mstderr[2m | src/domain/verification/public-data-verifier.test.ts[2m > [22m[2mPublic Data Verifier Utilities[2
m > [22m[2mverifyAgainstPublicData[2m > [22m[2mshould return not_found for non-existent address
[22m[39m[govt-api-client] DATA_GO_KR_API_KEY is missing or in test environment. Returning mock data.

[90mstderr[2m | src/domain/verification/public-data-verifier.test.ts[2m > [22m[2mPublic Data Verifier Utilities[2
m > [22m[2mverifyAgainstPublicData[2m > [22m[2mshould include resolvedComponents in result
[22m[39m[govt-api-client] DATA_GO_KR_API_KEY is missing or in test environment. Returning mock data.

 [32m??[39m src/tests/domain/logic.test.ts [2m([22m[2m4 tests[22m[2m)[22m[32m 27[2mms[22m[39m
 [32m??[39m src/domain/verification/public-data-verifier.test.ts [2m([22m[2m12 tests[22m[2m)[22m[32m 22[2mms[22m[39m
[90mstderr[2m | src/domain/building/mobile-im/__tests__/e2e-real-property.test.ts[2m > [22m[2mE2E Real Property: ?
뱀궛??媛 洹쇱깮鍮뚮뵫 (income)[2m > [22m[2mIM ?앹꽦 ?뚯씠?꾨씪??[2m > [22m[2mE2E-DS-ANCHORS: ?뱀궛???섏튂 ?듭빱 ???낅젰 蹂댁〈 諛??뱀뀡 援ъ“ 寃
利?[22m[39m[MockOpenAIProvider]process.env.OPENAI_API_KEY is missing or in test environment. Returning mock JSON respo
nse.

 [32m??[39m src/tests/assurance/harness-evaluator.test.ts [2m([22m[2m1 test[22m[2m)[22m[32m 28[2mms[22m[39m
[90mstderr[2m | src/domain/building/mobile-im/__tests__/e2e-real-property.test.ts[2m > [22m[2mE2E Real Property: ?
뱀궛??媛 洹쇱깮鍮뚮뵫 (income)[2m > [22m[2mIM ?앹꽦 ?뚯씠?꾨씪??[2m > [22m[2mE2E-DS-ANCHORS: ?뱀궛???섏튂 ?듭빱 ???낅젰 蹂댁〈 諛??뱀뀡 援ъ“ 寃
利?[22m[39m[MockOpenAIProvider]process.env.OPENAI_API_KEY is missing or in test environment. Returning mock JSON respo
nse.

 [32m??[39m src/tests/unit/gates/placeholder-pii.test.ts [2m([22m[2m4 tests[22m[2m)[22m[32m 35[2mms[22m[39m
 [32m??[39m src/domain/building/mobile-im/__tests__/l1-calculations.test.ts [2m([22m[2m18 tests[22m[2m)[22m[32m 21[2mms[22m[39m
 [32m??[39m src/domain/building/mobile-im/__tests__/l4-output-artifacts.test.ts [2m([22m[2m11 tests[22m[2m)[22m[32m 23[2mms[22m[39m
 [32m??[39m src/tests/platform/sanitized-logging.test.ts [2m([22m[2m2 tests[22m[2m)[22m[32m 17[2mms[22m[39m
 [32m??[39m src/tests/e2e/dealcard-publication-flow.test.ts [2m([22m[2m1 test[22m[2m)[22m[32m 36[2mms[22m[39m
 [32m??[39m src/tests/platform/resumability.test.ts [2m([22m[2m2 tests[22m[2m)[22m[32m 20[2mms[22m[39m
 [32m??[39m src/tests/domain/constraint-validator-extended.test.ts [2m([22m[2m14 tests[22m[2m)[22m[32m 19[2mms[22m[39m
 [32m??[39m src/domain/building/memo-slot-mapper.test.ts [2m([22m[2m9 tests[22m[2m)[22m[32m 25[2mms[22m[39m
[90mstderr[2m | src/domain/building/mobile-im/__tests__/e2e-real-property.test.ts[2m > [22m[2mE2E Real Property: ?
뱀궛??媛 洹쇱깮鍮뚮뵫 (income)[2m > [22m[2mIM ?앹꽦 ?뚯씠?꾨씪??[2m > [22m[2mE2E-DS-ANCHORS: ?뱀궛???섏튂 ?듭빱 ???낅젰 蹂댁〈 諛??뱀뀡 援ъ“ 寃
利?[22m[39m[MockOpenAIProvider]process.env.OPENAI_API_KEY is missing or in test environment. Returning mock JSON respo
nse.

[90mstderr[2m | src/domain/building/mobile-im/__tests__/e2e-real-property.test.ts[2m > [22m[2mE2E Real Property: ?
뱀궛??媛 洹쇱깮鍮뚮뵫 (income)[2m > [22m[2mIM ?앹꽦 ?뚯씠?꾨씪??[2m > [22m[2mE2E-DS-ANCHORS: ?뱀궛???섏튂 ?듭빱 ???낅젰 蹂댁〈 諛??뱀뀡 援ъ“ 寃
利?[22m[39m[MockOpenAIProvider]process.env.OPENAI_API_KEY is missing or in test environment. Returning mock JSON respo
nse.

 [32m??[39m src/domain/onboarding/ghost-demand-seeder.test.ts [2m([22m[2m2 tests[22m[2m)[22m[32m 17[2mms[22m[39m
 [32m??[39m src/tests/e2e/communication-inbox-e2e.test.ts [2m([22m[2m18 tests[22m[2m)[22m[32m 20[2mms[22m[39m
[90mstderr[2m | src/domain/building/mobile-im/__tests__/e2e-real-property.test.ts[2m > [22m[2mE2E Real Property: ?
뱀궛??媛 洹쇱깮鍮뚮뵫 (income)[2m > [22m[2mIM ?앹꽦 ?뚯씠?꾨씪??[2m > [22m[2mE2E-DS-ANCHORS: ?뱀궛???섏튂 ?듭빱 ???낅젰 蹂댁〈 諛??뱀뀡 援ъ“ 寃
利?[22m[39m[MockOpenAIProvider]process.env.OPENAI_API_KEY is missing or in test environment. Returning mock JSON respo
nse.

 [32m??[39m src/tests/unit/memo-intake/parser.test.ts [2m([22m[2m1 test[22m[2m)[22m[32m 19[2mms[22m[39m
[90mstdout[2m | src/domain/building/mobile-im/__tests__/e2e-real-property.test.ts[2m > [22m[2mE2E Real Property: ?뱀궛??媛 洹쇱깮鍮뚮뵫 (income)[2m > [22m[2mIM ?앹꽦 ?뚯씠?꾨씪??[2m > [22m[2mE2E-DS-ANCHORS: ?뱀궛???섏튂 ?듭빱 ???낅젰 蹂댁〈 諛??뱀뀡 援ъ“ 寃利?[22m[39m[fewshot-tracker] Golden candidate registered (pending approval): risk_check of doc gen_ksvozkmfak_1788689514546 (Score: 5)

 [32m??[39m src/domain/postpublish/__tests__/republish-manager.test.ts [2m([22m[2m3 tests[22m[2m)[22m[32m 22[2mms[22m[39m
 [32m??[39m src/domain/building/mobile-im/__tests__/posture-async-e2e.test.ts [2m([22m[2m5 tests[22m[2m)[22m[32m 9[2mms[22m[39m
 [32m??[39m src/domain/building/mobile-im/__tests__/persona-sanitizer.test.ts [2m([22m[2m6 tests[22m[2m)[22m[32m 8[2mms[22m[39m
 [32m??[39m src/ai/sanitizer/memo-sanitizer.test.ts [2m([22m[2m7 tests[22m[2m)[22m[32m 17[2mms[22m[39m
[90mstderr[2m | src/domain/building/mobile-im/__tests__/e2e-real-property.test.ts[2m > [22m[2mE2E Real Property: ?
뱀궛??媛 洹쇱깮鍮뚮뵫 (income)[2m > [22m[2mIM ?앹꽦 ?뚯씠?꾨씪??[2m > [22m[2mE2E-DS-ANCHORS: ?뱀궛???섏튂 ?듭빱 ???낅젰 蹂댁〈 諛??뱀뀡 援ъ“ 寃
利?[22m[39m[MockOpenAIProvider]process.env.OPENAI_API_KEY is missing or in test environment. Returning mock JSON respo
nse.

 [32m??[39m src/tests/unit/evidence/snapshot-generator.test.ts [2m([22m[2m2 tests[22m[2m)[22m[32m 18[2mms[22m[39m
[90mstderr[2m | src/domain/building/mobile-im/__tests__/e2e-real-property.test.ts[2m > [22m[2mE2E Real Property: ?
뱀궛??媛 洹쇱깮鍮뚮뵫 (income)[2m > [22m[2mIM ?앹꽦 ?뚯씠?꾨씪??[2m > [22m[2mE2E-DS-ANCHORS: ?뱀궛???섏튂 ?듭빱 ???낅젰 蹂댁〈 諛??뱀뀡 援ъ“ 寃
利?[22m[39m[MockOpenAIProvider]process.env.OPENAI_API_KEY is missing or in test environment. Returning mock JSON respo
nse.

[90mstderr[2m | src/domain/building/mobile-im/__tests__/e2e-real-property.test.ts[2m > [22m[2mE2E Real Property: ?
뱀궛??媛 洹쇱깮鍮뚮뵫 (income)[2m > [22m[2mIM ?앹꽦 ?뚯씠?꾨씪??[2m > [22m[2mE2E-DS-ANCHORS: ?뱀궛???섏튂 ?듭빱 ???낅젰 蹂댁〈 諛??뱀뀡 援ъ“ 寃
利?[22m[39m[mobile-im] Publish gates blocked: [ [32m'G02'[39m, [32m'G05'[39m, [32m'G06'[39m, [32m'G08'[39m, [
32m'G20'[39m, [32m'G24'[39m ]
[cross-validator] 援먯감 寃利?寃곌낵 ??critical: 12, warning: 0, fields: [vacancy_narrative_contradiction, vacancy_narrative_c
ontradiction, vacancy_narrative_contradiction, vacancy_narrative_contradiction, vacancy_narrative_contradiction, vacanc
y_narrative_contradiction, vacancy_narrative_contradiction, vacancy_narrative_contradiction, vacancy_narrative_contradi
ction, vacancy_narrative_contradiction, vacancy_narrative_contradiction, vacancy_narrative_contradiction]

 [32m??[39m src/tests/integration/core-package-assembly.test.ts [2m([22m[2m1 test[22m[2m)[22m[32m 17[2mms[22m[39m
 [32m??[39m src/tests/domain/ab-testing.test.ts [2m([22m[2m4 tests[22m[2m)[22m[32m 16[2mms[22m[39m
 [32m??[39m src/tests/domain/lease-normalizer.test.ts [2m([22m[2m5 tests[22m[2m)[22m[32m 19[2mms[22m[39m
[90mstderr[2m | src/domain/building/mobile-im/__tests__/e2e-real-property.test.ts[2m > [22m[2mE2E Real Property: ?
뱀궛??媛 洹쇱깮鍮뚮뵫 (income)[2m > [22m[2mIM ?앹꽦 ?뚯씠?꾨씪??[2m > [22m[2mE2E-DS-ANCHORS: ?뱀궛???섏튂 ?듭빱 ???낅젰 蹂댁〈 諛??뱀뀡 援ъ“ 寃
利?[22m[39m[im-embedding-indexer] Failed to index IM: {
  code: [32m'PGRST205'[39m,
  details: [1mnull[22m,
  hint: [32m"Perhaps you meant the table 'public.im_pro_grants'"[39m,
  message: [32m"Could not find the table 'public.im_documents' in the schema cache"[39m
}

 [32m??[39m src/domain/owner/owner-readiness.test.ts [2m([22m[2m19 tests[22m[2m)[22m[32m 15[2mms[22m[39m
 [32m??[39m src/tests/unit/domain/m1-l4-domain-integrity.test.ts [2m([22m[2m13 tests[22m[2m)[22m[32m 19[2mms[22m[39m
 [32m??[39m src/domain/building/mobile-im/__tests__/l4-layout-physics.test.ts [2m([22m[2m8 tests[22m[2m)[22m[32m 18[2mms[22m[39m
[90mstderr[2m | src/domain/building/mobile-im/__tests__/e2e-real-property.test.ts[2m > [22m[2mE2E Real Property: ?
뱀궛??媛 洹쇱깮鍮뚮뵫 (income)[2m > [22m[2mIM ?앹꽦 ?뚯씠?꾨씪??[2m > [22m[2mE2E-DS-NO-FORBIDDEN: ?뱀궛??湲덉? 異쒕젰 諛곗젣
[22m[39m[im-context-builder] 怨듭떎瑜??곗씠??誘명솗蹂????щТ 異붿젙移섏뿉 怨듭떎瑜?誘몃컲??[im-context-builder] ?곕㈃???곗씠??誘명솗蹂???value-add 異붿
젙 ?뺥솗?????
 [32m??[39m src/tests/unit/claims/evaluation-engine.test.ts [2m([22m[2m2 tests[22m[2m)[22m[32m 14[2mms[22m[39m
 [32m??[39m src/tests/unit/proposals/proposal-lineage.test.ts [2m([22m[2m5 tests[22m[2m)[22m[32m 18[2mms[22m[39m
[90mstderr[2m | src/domain/building/mobile-im/__tests__/text-budget.test.ts[2m > [22m[2mtext-budget[2m > [22m[2
menforceTextBudgetWithMeta[2m > [22m[2m?뺥솗??TextBudgetResult(wasTruncated, originalLength, truncatedLength)瑜?諛섑솚?쒕떎
[22m[39m[text-budget] Text truncated: 43 ??10 chars (limit: 10)

 [32m??[39m src/domain/building/mobile-im/__tests__/text-budget.test.ts [2m([22m[2m6 tests[22m[2m)[22m[32m 15[2mms[22m[39m
 [32m??[39m src/tests/unit/pptx-studio/project-lifecycle.test.ts [2m([22m[2m2 tests[22m[2m)[22m[32m 21[2mms[22m[39m
[90mstderr[2m | src/domain/building/mobile-im/__tests__/e2e-real-property.test.ts[2m > [22m[2mE2E Real Property: ?
뱀궛??媛 洹쇱깮鍮뚮뵫 (income)[2m > [22m[2mIM ?앹꽦 ?뚯씠?꾨씪??[2m > [22m[2mE2E-DS-NO-FORBIDDEN: ?뱀궛??湲덉? 異쒕젰 諛곗젣
[22m[39m[CRE-RAG] Hybrid search failed: {
  code: [32m'PGRST202'[39m,
  details: [32m'Searched for the function public.match_im_documents with parameters filter_asset_type, filter_posture,
 filter_region, match_count, query_embedding, query_text or with a single unnamed json/jsonb parameter, but no matches 
were found in the schema cache.'[39m,
  hint: [1mnull[22m,
  message: [32m'Could not find the function public.match_im_documents(filter_asset_type, filter_posture, filter_region
, match_count, query_embedding, query_text) in the schema cache'[39m
}

[90mstdout[2m | src/domain/building/mobile-im/__tests__/e2e-real-property.test.ts[2m > [22m[2mE2E Real Property: ?뱀궛??媛 洹쇱깮鍮뚮뵫 (income)[2m > [22m[2mIM ?앹꽦 ?뚯씠?꾨씪??[2m > [22m[2mE2E-DS-NO-FORBIDDEN: ?뱀궛??湲덉? 異쒕젰 諛곗젣
[22m[39m[mobile-im-writer] Prompt variant: writer_system_v1 (v1.0), isLogistics=false, posture=income

[90mstderr[2m | src/domain/building/mobile-im/__tests__/e2e-real-property.test.ts[2m > [22m[2mE2E Real Property: ?
뱀궛??媛 洹쇱깮鍮뚮뵫 (income)[2m > [22m[2mIM ?앹꽦 ?뚯씠?꾨씪??[2m > [22m[2mE2E-DS-NO-FORBIDDEN: ?뱀궛??湲덉? 異쒕젰 諛곗젣
[22m[39m[writer] Claim violations: [
  [32m"[G38] Calculation 'e2001b99-fa62-4df0-92c9-39582315eb64': basis='NOI'?몃뜲 怨듭젣 ??ぉ???놁뒿?덈떎. ?댁쁺鍮??놁씠 NOI瑜??곗텧????
?놁뒿?덈떎."[39m,
  [32m"[G38] Calculation '9c8de974-d216-4c2b-834e-b612e50d9c7b': basis='NOI'?몃뜲 怨듭젣 ??ぉ???놁뒿?덈떎. ?댁쁺鍮??놁씠 NOI瑜??곗텧????
?놁뒿?덈떎."[39m,
  [32m"[G38] Calculation 'ac85a781-6786-4c2e-a39f-366ad1ba6838': basis='NOI'?몃뜲 怨듭젣 ??ぉ???놁뒿?덈떎. ?댁쁺鍮??놁씠 NOI瑜??곗텧????
?놁뒿?덈떎."[39m,
  [32m"[G38] Calculation '2519e448-a296-48a8-a378-ffdc212ce023': basis='NOI'?몃뜲 怨듭젣 ??ぉ???놁뒿?덈떎. ?댁쁺鍮??놁씠 NOI瑜??곗텧????
?놁뒿?덈떎."[39m,
  [32m'G38_NOI_MISSING_OPEX: cap_rate_base requires evidenced operating expenses'[39m,
  [32m"[G38] Calculation 'e5163890-bcbf-4d83-8e4e-fb21ef7fb97e': basis='NOI'?몃뜲 怨듭젣 ??ぉ???놁뒿?덈떎. ?댁쁺鍮??놁씠 NOI瑜??곗텧????
?놁뒿?덈떎."[39m,
  [32m'G38_NOI_MISSING_OPEX: cap_rate_best requires evidenced operating expenses'[39m,
  [32m"[G38] Calculation '86351d6d-fd0a-4bf2-9cce-b150547898ca': basis='NOI'?몃뜲 怨듭젣 ??ぉ???놁뒿?덈떎. ?댁쁺鍮??놁씠 NOI瑜??곗텧????
?놁뒿?덈떎."[39m,
  [32m'G38_NOI_MISSING_OPEX: cap_rate_worst requires evidenced operating expenses'[39m
]

 [32m??[39m src/domain/onboarding/portfolio-import.test.ts [2m([22m[2m2 tests[22m[2m)[22m[32m 17[2mms[22m[39m
 [32m??[39m src/domain/subscription/usage-tracker.test.ts [2m([22m[2m4 tests[22m[2m)[22m[32m 20[2mms[22m[39m
 [32m??[39m src/tests/domain/lease-pipeline-fsm.test.ts [2m([22m[2m5 tests[22m[2m)[22m[32m 17[2mms[22m[39m
 [32m??[39m src/tests/unit/platform/rollback-harness.test.ts [2m([22m[2m2 tests[22m[2m)[22m[32m 21[2mms[22m[39m
[90mstderr[2m | src/domain/building/mobile-im/__tests__/stage-plans-and-timer.test.ts[2m > [22m[2mNumerical Anchor
s (S0-1)[2m > [22m[2m?좏뻾 ?뺤젙媛??좎? 諛?異⑸룎 ??寃쎄퀬/蹂댁〈 ?먯튃??吏耳쒖빞 ?쒕떎 (遺덈?議곌굔)
[22m[39m[NumericalAnchors] ?섏튂 異⑸룎 媛먯? [askingPriceKrw]: 湲곗〈媛?10000000000 (property_overview, Stage 1) vs ?쒕룄媛?120000
00000 (income_analysis, Stage 2)

[90mstderr[2m | src/domain/building/mobile-im/__tests__/stage-plans-and-timer.test.ts[2m > [22m[2mNumerical Anchor
s (S0-1)[2m > [22m[2mL3-04: Authoritative SSoT values cannot be overridden by subsequent stage inputs
[22m[39m[NumericalAnchors] ?섏튂 異⑸룎 媛먯? [askingPriceKrw]: 湲곗〈媛?12500000000 (initial_context, Stage 0) vs ?쒕룄媛?99000000
000 (hallucinated_stage_2, Stage 2)
[NumericalAnchors] ?섏튂 異⑸룎 媛먯? [totalAreaSqm]: 湲곗〈媛?2300 (initial_context, Stage 0) vs ?쒕룄媛?500 (hallucinated_stage_3, 
Stage 3)
[NumericalAnchors] ?섏튂 異⑸룎 媛먯? [capRateBase]: 湲곗〈媛?4.32 (initial_context, Stage 0) vs ?쒕룄媛?8.5 (hallucinated_stage_4, S
tage 4)

 [32m??[39m src/domain/building/mobile-im/__tests__/stage-plans-and-timer.test.ts [2m([22m[2m8 tests[22m[2m)[22m[32m 15[2mms[22m[39m
[90mstderr[2m | src/domain/building/mobile-im/__tests__/e2e-real-property.test.ts[2m > [22m[2mE2E Real Property: ?
뱀궛??媛 洹쇱깮鍮뚮뵫 (income)[2m > [22m[2mIM ?앹꽦 ?뚯씠?꾨씪??[2m > [22m[2mE2E-DS-NO-FORBIDDEN: ?뱀궛??湲덉? 異쒕젰 諛곗젣
[22m[39m[MockOpenAIProvider]process.env.OPENAI_API_KEY is missing or in test environment. Returning mock JSON respons
e.

[90mstderr[2m | src/domain/building/mobile-im/__tests__/e2e-real-property.test.ts[2m > [22m[2mE2E Real Property: ?
뱀궛??媛 洹쇱깮鍮뚮뵫 (income)[2m > [22m[2mIM ?앹꽦 ?뚯씠?꾨씪??[2m > [22m[2mE2E-DS-NO-FORBIDDEN: ?뱀궛??湲덉? 異쒕젰 諛곗젣
[22m[39m[MockOpenAIProvider]process.env.OPENAI_API_KEY is missing or in test environment. Returning mock JSON respons
e.

[90mstderr[2m | src/domain/building/mobile-im/__tests__/e2e-real-property.test.ts[2m > [22m[2mE2E Real Property: ?
뱀궛??媛 洹쇱깮鍮뚮뵫 (income)[2m > [22m[2mIM ?앹꽦 ?뚯씠?꾨씪??[2m > [22m[2mE2E-DS-NO-FORBIDDEN: ?뱀궛??湲덉? 異쒕젰 諛곗젣
[22m[39m[MockOpenAIProvider]process.env.OPENAI_API_KEY is missing or in test environment. Returning mock JSON respons
e.

[90mstderr[2m | src/tests/unit/text-budget.test.ts[2m > [22m[2mtext-budget[2m > [22m[2mvalidateTextBudgets with
 exceeded slideTitle -> returns warning
[22m[39m[text-budget] Field "slideTitle" exceeds budget: 140 > 32 chars

 [32m??[39m src/tests/unit/text-budget.test.ts [2m([22m[2m14 tests[22m[2m)[22m[32m 20[2mms[22m[39m
[90mstderr[2m | src/domain/building/mobile-im/__tests__/e2e-real-property.test.ts[2m > [22m[2mE2E Real Property: ?
뱀궛??媛 洹쇱깮鍮뚮뵫 (income)[2m > [22m[2mIM ?앹꽦 ?뚯씠?꾨씪??[2m > [22m[2mE2E-DS-NO-FORBIDDEN: ?뱀궛??湲덉? 異쒕젰 諛곗젣
[22m[39m[MockOpenAIProvider]process.env.OPENAI_API_KEY is missing or in test environment. Returning mock JSON respons
e.

[90mstderr[2m | src/domain/building/mobile-im/__tests__/e2e-real-property.test.ts[2m > [22m[2mE2E Real Property: ?
뱀궛??媛 洹쇱깮鍮뚮뵫 (income)[2m > [22m[2mIM ?앹꽦 ?뚯씠?꾨씪??[2m > [22m[2mE2E-DS-NO-FORBIDDEN: ?뱀궛??湲덉? 異쒕젰 諛곗젣
[22m[39m[MockOpenAIProvider]process.env.OPENAI_API_KEY is missing or in test environment. Returning mock JSON respons
e.

[90mstderr[2m | src/domain/building/mobile-im/__tests__/e2e-real-property.test.ts[2m > [22m[2mE2E Real Property: ?
뱀궛??媛 洹쇱깮鍮뚮뵫 (income)[2m > [22m[2mIM ?앹꽦 ?뚯씠?꾨씪??[2m > [22m[2mE2E-DS-NO-FORBIDDEN: ?뱀궛??湲덉? 異쒕젰 諛곗젣
[22m[39m[MockOpenAIProvider]process.env.OPENAI_API_KEY is missing or in test environment. Returning mock JSON respons
e.

 [32m??[39m src/domain/building/mobile-im/__tests__/financials.test.ts [2m([22m[2m6 tests[22m[2m)[22m[32m 13[2mms[22m[39m
 [32m??[39m src/domain/ontology/__tests__/posture-contract-and-provenance.test.ts [2m([22m[2m9 tests[22m[2m)[22m[32m 16[2mms[22m[39m
[90mstderr[2m | src/domain/building/mobile-im/__tests__/e2e-real-property.test.ts[2m > [22m[2mE2E Real Property: ?
뱀궛??媛 洹쇱깮鍮뚮뵫 (income)[2m > [22m[2mIM ?앹꽦 ?뚯씠?꾨씪??[2m > [22m[2mE2E-DS-NO-FORBIDDEN: ?뱀궛??湲덉? 異쒕젰 諛곗젣
[22m[39m[MockOpenAIProvider]process.env.OPENAI_API_KEY is missing or in test environment. Returning mock JSON respons
e.

[90mstderr[2m | src/domain/building/mobile-im/__tests__/e2e-real-property.test.ts[2m > [22m[2mE2E Real Property: ?
뱀궛??媛 洹쇱깮鍮뚮뵫 (income)[2m > [22m[2mIM ?앹꽦 ?뚯씠?꾨씪??[2m > [22m[2mE2E-DS-NO-FORBIDDEN: ?뱀궛??湲덉? 異쒕젰 諛곗젣
[22m[39m[MockOpenAIProvider]process.env.OPENAI_API_KEY is missing or in test environment. Returning mock JSON respons
e.

[90mstderr[2m | src/domain/building/mobile-im/__tests__/e2e-real-property.test.ts[2m > [22m[2mE2E Real Property: ?
뱀궛??媛 洹쇱깮鍮뚮뵫 (income)[2m > [22m[2mIM ?앹꽦 ?뚯씠?꾨씪??[2m > [22m[2mE2E-DS-NO-FORBIDDEN: ?뱀궛??湲덉? 異쒕젰 諛곗젣
[22m[39m[MockOpenAIProvider]process.env.OPENAI_API_KEY is missing or in test environment. Returning mock JSON respons
e.

[90mstderr[2m | src/domain/building/mobile-im/__tests__/e2e-real-property.test.ts[2m > [22m[2mE2E Real Property: ?
뱀궛??媛 洹쇱깮鍮뚮뵫 (income)[2m > [22m[2mIM ?앹꽦 ?뚯씠?꾨씪??[2m > [22m[2mE2E-DS-NO-FORBIDDEN: ?뱀궛??湲덉? 異쒕젰 諛곗젣
[22m[39m[MockOpenAIProvider]process.env.OPENAI_API_KEY is missing or in test environment. Returning mock JSON respons
e.

 [32m??[39m src/tests/e2e/rollback-drill.test.ts [2m([22m[2m2 tests[22m[2m)[22m[32m 16[2mms[22m[39m
[90mstderr[2m | src/domain/building/mobile-im/__tests__/e2e-real-property.test.ts[2m > [22m[2mE2E Real Property: ?
뱀궛??媛 洹쇱깮鍮뚮뵫 (income)[2m > [22m[2mIM ?앹꽦 ?뚯씠?꾨씪??[2m > [22m[2mE2E-DS-NO-FORBIDDEN: ?뱀궛??湲덉? 異쒕젰 諛곗젣
[22m[39m[MockOpenAIProvider]process.env.OPENAI_API_KEY is missing or in test environment. Returning mock JSON respons
e.

[90mstderr[2m | src/domain/building/mobile-im/__tests__/e2e-real-property.test.ts[2m > [22m[2mE2E Real Property: ?
뱀궛??媛 洹쇱깮鍮뚮뵫 (income)[2m > [22m[2mIM ?앹꽦 ?뚯씠?꾨씪??[2m > [22m[2mE2E-DS-NO-FORBIDDEN: ?뱀궛??湲덉? 異쒕젰 諛곗젣
[22m[39m[MockOpenAIProvider]process.env.OPENAI_API_KEY is missing or in test environment. Returning mock JSON respons
e.

[90mstderr[2m | src/domain/building/mobile-im/__tests__/e2e-real-property.test.ts[2m > [22m[2mE2E Real Property: ?
뱀궛??媛 洹쇱깮鍮뚮뵫 (income)[2m > [22m[2mIM ?앹꽦 ?뚯씠?꾨씪??[2m > [22m[2mE2E-DS-NO-FORBIDDEN: ?뱀궛??湲덉? 異쒕젰 諛곗젣
[22m[39m[MockOpenAIProvider]process.env.OPENAI_API_KEY is missing or in test environment. Returning mock JSON respons
e.

[90mstdout[2m | src/domain/building/mobile-im/__tests__/e2e-real-property.test.ts[2m > [22m[2mE2E Real Property: ?뱀궛??媛 洹쇱깮鍮뚮뵫 (income)[2m > [22m[2mIM ?앹꽦 ?뚯씠?꾨씪??[2m > [22m[2mE2E-DS-NO-FORBIDDEN: ?뱀궛??湲덉? 異쒕젰 諛곗젣
[22m[39m[fewshot-tracker] Golden candidate registered (pending approval): comparables of doc gen_etdwxzm5zir_1788689520595 (Score: 5)

[90mstderr[2m | src/domain/building/mobile-im/__tests__/e2e-real-property.test.ts[2m > [22m[2mE2E Real Property: ?
뱀궛??媛 洹쇱깮鍮뚮뵫 (income)[2m > [22m[2mIM ?앹꽦 ?뚯씠?꾨씪??[2m > [22m[2mE2E-DS-NO-FORBIDDEN: ?뱀궛??湲덉? 異쒕젰 諛곗젣
[22m[39m[MockOpenAIProvider]process.env.OPENAI_API_KEY is missing or in test environment. Returning mock JSON respons
e.

[90mstderr[2m | src/domain/building/mobile-im/__tests__/e2e-real-property.test.ts[2m > [22m[2mE2E Real Property: ?
뱀궛??媛 洹쇱깮鍮뚮뵫 (income)[2m > [22m[2mIM ?앹꽦 ?뚯씠?꾨씪??[2m > [22m[2mE2E-DS-NO-FORBIDDEN: ?뱀궛??湲덉? 異쒕젰 諛곗젣
[22m[39m[MockOpenAIProvider]process.env.OPENAI_API_KEY is missing or in test environment. Returning mock JSON respons
e.

 [32m??[39m src/tests/unit/evidence/conflict-detector.test.ts [2m([22m[2m2 tests[22m[2m)[22m[32m 18[2mms[22m[39m
[90mstderr[2m | src/domain/building/mobile-im/__tests__/e2e-real-property.test.ts[2m > [22m[2mE2E Real Property: ?
뱀궛??媛 洹쇱깮鍮뚮뵫 (income)[2m > [22m[2mIM ?앹꽦 ?뚯씠?꾨씪??[2m > [22m[2mE2E-DS-NO-FORBIDDEN: ?뱀궛??湲덉? 異쒕젰 諛곗젣
[22m[39m[MockOpenAIProvider]process.env.OPENAI_API_KEY is missing or in test environment. Returning mock JSON respons
e.

[90mstderr[2m | src/domain/building/mobile-im/__tests__/e2e-real-property.test.ts[2m > [22m[2mE2E Real Property: ?
뱀궛??媛 洹쇱깮鍮뚮뵫 (income)[2m > [22m[2mIM ?앹꽦 ?뚯씠?꾨씪??[2m > [22m[2mE2E-DS-NO-FORBIDDEN: ?뱀궛??湲덉? 異쒕젰 諛곗젣
[22m[39m[MockOpenAIProvider]process.env.OPENAI_API_KEY is missing or in test environment. Returning mock JSON respons
e.

 [32m??[39m src/domain/asset/__tests__/grade-engine.test.ts [2m([22m[2m6 tests[22m[2m)[22m[32m 16[2mms[22m[39m
[90mstderr[2m | src/domain/building/mobile-im/__tests__/e2e-real-property.test.ts[2m > [22m[2mE2E Real Property: ?
뱀궛??媛 洹쇱깮鍮뚮뵫 (income)[2m > [22m[2mIM ?앹꽦 ?뚯씠?꾨씪??[2m > [22m[2mE2E-DS-NO-FORBIDDEN: ?뱀궛??湲덉? 異쒕젰 諛곗젣
[22m[39m[MockOpenAIProvider]process.env.OPENAI_API_KEY is missing or in test environment. Returning mock JSON respons
e.

[90mstdout[2m | src/domain/building/mobile-im/__tests__/e2e-real-property.test.ts[2m > [22m[2mE2E Real Property: ?뱀궛??媛 洹쇱깮鍮뚮뵫 (income)[2m > [22m[2mIM ?앹꽦 ?뚯씠?꾨씪??[2m > [22m[2mE2E-DS-NO-FORBIDDEN: ?뱀궛??湲덉? 異쒕젰 諛곗젣
[22m[39m[fewshot-tracker] Golden candidate registered (pending approval): next_steps of doc gen_etdwxzm5zir_1788689520595 (Score: 5)

 [32m??[39m src/domain/building/mobile-im/__tests__/guardrails.test.ts [2m([22m[2m7 tests[22m[2m)[22m[32m 17[2mms[22m[39m
 [32m??[39m src/domain/building/mobile-im/__tests__/v05-gates-suite.test.ts [2m([22m[2m21 tests[22m[2m)[22m[32m 16[2mms[22m[39m
 [32m??[39m src/domain/analytics/roi-calculator.test.ts [2m([22m[2m1 test[22m[2m)[22m[32m 24[2mms[22m[39m
 [32m??[39m src/tests/unit/financial/noi-safeguard.test.ts [2m([22m[2m2 tests[22m[2m)[22m[32m 12[2mms[22m[39m
 [32m??[39m src/tests/platform/shadow-dual-run.test.ts [2m([22m[2m2 tests[22m[2m)[22m[32m 15[2mms[22m[39m
[90mstderr[2m | src/domain/building/mobile-im/__tests__/e2e-real-property.test.ts[2m > [22m[2mE2E Real Property: ?
뱀궛??媛 洹쇱깮鍮뚮뵫 (income)[2m > [22m[2mIM ?앹꽦 ?뚯씠?꾨씪??[2m > [22m[2mE2E-DS-NO-FORBIDDEN: ?뱀궛??湲덉? 異쒕젰 諛곗젣
[22m[39m[MockOpenAIProvider]process.env.OPENAI_API_KEY is missing or in test environment. Returning mock JSON respons
e.

 [32m??[39m src/tests/unit/financial/valuation-calc.test.ts [2m([22m[2m5 tests[22m[2m)[22m[32m 13[2mms[22m[39m
 [32m??[39m src/domain/building/mobile-im/__tests__/posture-financials-v2.test.ts [2m([22m[2m6 tests[22m[2m)[22m[32m 13[2mms[22m[39m
[90mstderr[2m | src/domain/building/mobile-im/__tests__/e2e-real-property.test.ts[2m > [22m[2mE2E Real Property: ?
뱀궛??媛 洹쇱깮鍮뚮뵫 (income)[2m > [22m[2mIM ?앹꽦 ?뚯씠?꾨씪??[2m > [22m[2mE2E-DS-NO-FORBIDDEN: ?뱀궛??湲덉? 異쒕젰 諛곗젣
[22m[39m[MockOpenAIProvider]process.env.OPENAI_API_KEY is missing or in test environment. Returning mock JSON respons
e.

 [32m??[39m src/domain/building/mobile-im/__tests__/data-binder-sanitize.test.ts [2m([22m[2m7 tests[22m[2m)[22m[32m 14[2mms[22m[39m
 [32m??[39m src/domain/matching/__tests__/asset-type-taxonomy.test.ts [2m([22m[2m15 tests[22m[2m)[22m[32m 13[2mms[22m[39m
 [32m??[39m src/tests/unit/pipeline/baseline-builder.test.ts [2m([22m[2m1 test[22m[2m)[22m[32m 16[2mms[22m[39m
 [32m??[39m src/domain/building/mobile-im/__tests__/deficiency-ledger.test.ts [2m([22m[2m5 tests[22m[2m)[22m[32m 11[2mms[22m[39m
 [32m??[39m src/domain/building/mobile-im/pptx/__tests__/pptx-markdown-fallback.test.ts [2m([22m[2m4 tests[22m[2m)[22m[32m 10[2mms[22m[39m
 [32m??[39m src/infra/serialization/__tests__/case-converter.test.ts [2m([22m[2m5 tests[22m[2m)[22m[32m 12[2mms[22m[39m
 [32m??[39m src/domain/building/mobile-im/__tests__/ontology-v4.test.ts [2m([22m[2m11 tests[22m[2m)[22m[32m 13[2mms[22m[39m
 [32m??[39m src/domain/building/mobile-im/__tests__/cre-prompt-registry.test.ts [2m([22m[2m4 tests[22m[2m)[22m[32m 11[2mms[22m[39m
 [32m??[39m src/tests/api/approval-hash-binding.test.ts [2m([22m[2m4 tests[22m[2m)[22m[32m 12[2mms[22m[39m
 [32m??[39m src/domain/building/mobile-im/__tests__/assumptions-registry.test.ts [2m([22m[2m8 tests[22m[2m)[22m[32m 13[2mms[22m[39m
[90mstderr[2m | src/domain/building/mobile-im/__tests__/e2e-real-property.test.ts[2m > [22m[2mE2E Real Property: ?
뱀궛??媛 洹쇱깮鍮뚮뵫 (income)[2m > [22m[2mIM ?앹꽦 ?뚯씠?꾨씪??[2m > [22m[2mE2E-DS-NO-FORBIDDEN: ?뱀궛??湲덉? 異쒕젰 諛곗젣
[22m[39m[MockOpenAIProvider]process.env.OPENAI_API_KEY is missing or in test environment. Returning mock JSON respons
e.

[90mstderr[2m | src/domain/building/mobile-im/__tests__/e2e-real-property.test.ts[2m > [22m[2mE2E Real Property: ?
뱀궛??媛 洹쇱깮鍮뚮뵫 (income)[2m > [22m[2mIM ?앹꽦 ?뚯씠?꾨씪??[2m > [22m[2mE2E-DS-NO-FORBIDDEN: ?뱀궛??湲덉? 異쒕젰 諛곗젣
[22m[39m[MockOpenAIProvider]process.env.OPENAI_API_KEY is missing or in test environment. Returning mock JSON respons
e.

 [32m??[39m src/tests/unit/fixture-sync.test.ts [2m([22m[2m4 tests[22m[2m)[22m[32m 12[2mms[22m[39m
 [32m??[39m src/tests/domain/stage4.test.ts [2m([22m[2m6 tests[22m[2m)[22m[32m 10[2mms[22m[39m
 [32m??[39m src/domain/building/mobile-im/__tests__/hallucination-boundary.test.ts [2m([22m[2m7 tests[22m[2m)[22m[32m 16[2mms[22m[39m
 [32m??[39m src/domain/matching/__tests__/region-hierarchy.test.ts [2m([22m[2m11 tests[22m[2m)[22m[32m 14[2mms[22m[39m
 [32m??[39m src/ai/utils/ai-response-parser.test.ts [2m([22m[2m6 tests[22m[2m)[22m[32m 13[2mms[22m[39m
 [32m??[39m src/tests/api/regeneration-plan.test.ts [2m([22m[2m2 tests[22m[2m)[22m[32m 10[2mms[22m[39m
 [32m??[39m src/tests/domain/im-lite-engine.test.ts [2m([22m[2m6 tests[22m[2m)[22m[32m 13[2mms[22m[39m
 [32m??[39m src/tests/unit/evidence/rentroll-tier.test.ts [2m([22m[2m2 tests[22m[2m)[22m[32m 11[2mms[22m[39m
[90mstderr[2m | src/domain/building/mobile-im/__tests__/e2e-real-property.test.ts[2m > [22m[2mE2E Real Property: ?
뱀궛??媛 洹쇱깮鍮뚮뵫 (income)[2m > [22m[2mIM ?앹꽦 ?뚯씠?꾨씪??[2m > [22m[2mE2E-DS-NO-FORBIDDEN: ?뱀궛??湲덉? 異쒕젰 諛곗젣
[22m[39m[MockOpenAIProvider]process.env.OPENAI_API_KEY is missing or in test environment. Returning mock JSON respons
e.

 [32m??[39m src/tests/unit/publication/package-builder.test.ts [2m([22m[2m2 tests[22m[2m)[22m[32m 9[2mms[22m[39m
[90mstderr[2m | src/domain/building/mobile-im/__tests__/e2e-real-property.test.ts[2m > [22m[2mE2E Real Property: ?
뱀궛??媛 洹쇱깮鍮뚮뵫 (income)[2m > [22m[2mIM ?앹꽦 ?뚯씠?꾨씪??[2m > [22m[2mE2E-DS-NO-FORBIDDEN: ?뱀궛??湲덉? 異쒕젰 諛곗젣
[22m[39m[MockOpenAIProvider]process.env.OPENAI_API_KEY is missing or in test environment. Returning mock JSON respons
e.

 [32m??[39m src/domain/building/building-dedup.test.ts [2m([22m[2m10 tests[22m[2m)[22m[32m 14[2mms[22m[39m
 [32m??[39m src/domain/building/mobile-im/__tests__/wale-calculator.test.ts [2m([22m[2m5 tests[22m[2m)[22m[32m 9[2mms[22m[39m
 [32m??[39m src/domain/building/response-masker.test.ts [2m([22m[2m5 tests[22m[2m)[22m[32m 9[2mms[22m[39m
 [32m??[39m src/domain/building/mobile-im/__tests__/staged-generation.test.ts [2m([22m[2m8 tests[22m[2m)[22m[32m 11[2mms[22m[39m
 [32m??[39m src/tests/unit/regeneration/dependency-graph.test.ts [2m([22m[2m2 tests[22m[2m)[22m[32m 10[2mms[22m[39m
 [32m??[39m src/tests/unit/pipeline/formula-graph.test.ts [2m([22m[2m2 tests[22m[2m)[22m[32m 11[2mms[22m[39m
 [32m??[39m src/tests/e2e/mobile-im-supplement-e2e.test.ts [2m([22m[2m12 tests[22m[2m)[22m[32m 9[2mms[22m[39m
 [32m??[39m src/domain/building/mobile-im/__tests__/im-core-mask.test.ts [2m([22m[2m5 tests[22m[2m)[22m[32m 9[2mms[22m[39m
 [32m??[39m src/tests/unit/regeneration/invalidation-rules.test.ts [2m([22m[2m2 tests[22m[2m)[22m[32m 15[2mms[22m[39m
[90mstderr[2m | src/domain/building/mobile-im/__tests__/e2e-real-property.test.ts[2m > [22m[2mE2E Real Property: ?
뱀궛??媛 洹쇱깮鍮뚮뵫 (income)[2m > [22m[2mIM ?앹꽦 ?뚯씠?꾨씪??[2m > [22m[2mE2E-DS-NO-FORBIDDEN: ?뱀궛??湲덉? 異쒕젰 諛곗젣
[22m[39m[MockOpenAIProvider]process.env.OPENAI_API_KEY is missing or in test environment. Returning mock JSON respons
e.

[90mstderr[2m | src/domain/building/mobile-im/__tests__/e2e-real-property.test.ts[2m > [22m[2mE2E Real Property: ?
뱀궛??媛 洹쇱깮鍮뚮뵫 (income)[2m > [22m[2mIM ?앹꽦 ?뚯씠?꾨씪??[2m > [22m[2mE2E-DS-NO-FORBIDDEN: ?뱀궛??湲덉? 異쒕젰 諛곗젣
[22m[39m[MockOpenAIProvider]process.env.OPENAI_API_KEY is missing or in test environment. Returning mock JSON respons
e.

 [32m??[39m src/domain/building/mobile-im/__tests__/writer-fallback.test.ts [2m([22m[2m3 tests[22m[2m)[22m[32m 9[2mms[22m[39m
[90mstderr[2m | src/domain/building/mobile-im/__tests__/e2e-real-property.test.ts[2m > [22m[2mE2E Real Property: ?
뱀궛??媛 洹쇱깮鍮뚮뵫 (income)[2m > [22m[2mIM ?앹꽦 ?뚯씠?꾨씪??[2m > [22m[2mE2E-DS-NO-FORBIDDEN: ?뱀궛??湲덉? 異쒕젰 諛곗젣
[22m[39m[MockOpenAIProvider]process.env.OPENAI_API_KEY is missing or in test environment. Returning mock JSON respons
e.

[90mstderr[2m | src/domain/building/mobile-im/__tests__/e2e-real-property.test.ts[2m > [22m[2mE2E Real Property: ?
뱀궛??媛 洹쇱깮鍮뚮뵫 (income)[2m > [22m[2mIM ?앹꽦 ?뚯씠?꾨씪??[2m > [22m[2mE2E-DS-NO-FORBIDDEN: ?뱀궛??湲덉? 異쒕젰 諛곗젣
[22m[39m[mobile-im] Publish gates blocked: [ [32m'G02'[39m, [32m'G05'[39m, [32m'G06'[39m, [32m'G08'[39m, [32
m'G20'[39m, [32m'G24'[39m ]
[cross-validator] 援먯감 寃利?寃곌낵 ??critical: 12, warning: 0, fields: [vacancy_narrative_contradiction, vacancy_narrative_c
ontradiction, vacancy_narrative_contradiction, vacancy_narrative_contradiction, vacancy_narrative_contradiction, vacanc
y_narrative_contradiction, vacancy_narrative_contradiction, vacancy_narrative_contradiction, vacancy_narrative_contradi
ction, vacancy_narrative_contradiction, vacancy_narrative_contradiction, vacancy_narrative_contradiction]

[90mstdout[2m | src/domain/building/mobile-im/__tests__/e2e-real-property.test.ts[2m > [22m[2mE2E Real Property: ?뱀궛??媛 洹쇱깮鍮뚮뵫 (income)[2m > [22m[2mIM ?앹꽦 ?뚯씠?꾨씪??[2m > [22m[2mE2E-DS-NO-FORBIDDEN: ?뱀궛??湲덉? 異쒕젰 諛곗젣
[22m[39m[fewshot-tracker] Golden candidate registered (pending approval): investment_thesis of doc gen_etdwxzm5zir_1788689520595 (Score: 5)

 [32m??[39m src/domain/building/mobile-im/__tests__/comparable-benchmark.test.ts [2m([22m[2m5 tests[22m[2m)[22m[32m 9[2mms[22m[39m
 [32m??[39m src/tests/unit/mobile-im/lexicon-filter.test.ts [2m([22m[2m2 tests[22m[2m)[22m[32m 9[2mms[22m[39m
 [32m??[39m src/domain/shared/__tests__/result.test.ts [2m([22m[2m3 tests[22m[2m)[22m[32m 7[2mms[22m[39m
[90mstderr[2m | src/domain/building/mobile-im/__tests__/e2e-real-property.test.ts[2m > [22m[2mE2E Real Property: ?
뱀궛??媛 洹쇱깮鍮뚮뵫 (income)[2m > [22m[2mIM ?앹꽦 ?뚯씠?꾨씪??[2m > [22m[2mE2E-DS-NO-FORBIDDEN: ?뱀궛??湲덉? 異쒕젰 諛곗젣
[22m[39m[im-embedding-indexer] Failed to index IM: {
  code: [32m'PGRST205'[39m,
  details: [1mnull[22m,
  hint: [32m"Perhaps you meant the table 'public.im_pro_grants'"[39m,
  message: [32m"Could not find the table 'public.im_documents' in the schema cache"[39m
}

 [32m??[39m src/tests/unit/pipeline/reconciliation.test.ts [2m([22m[2m2 tests[22m[2m)[22m[32m 8[2mms[22m[39m
 [32m??[39m src/domain/building/mobile-im/__tests__/checklist-renderer.test.ts [2m([22m[2m2 tests[22m[2m)[22m[32m 9[2mms[22m[39m
[90mstderr[2m | src/domain/building/mobile-im/__tests__/e2e-real-property.test.ts[2m > [22m[2mE2E Real Property: ?
뱀궛??媛 洹쇱깮鍮뚮뵫 (income)[2m > [22m[2m?섎Ⅴ?뚮굹 寃⑸━ ?먯튃[2m > [22m[2mE2E-DS-PERSONA: ?뱀궛??IM???섎Ⅴ?뚮굹 ?쇰꺼 誘몃끂異?[22m[39m
[im-context-builder] 怨듭떎瑜??곗씠??誘명솗蹂????щТ 異붿젙移섏뿉 怨듭떎瑜?誘몃컲??[im-context-builder] ?곕㈃???곗씠??誘명솗蹂???value-add 異붿젙 ?뺥솗????
?
 [32m??[39m src/tests/api/broker-api.test.ts [2m([22m[2m5 tests[22m[2m)[22m[32m 10[2mms[22m[39m
 [32m??[39m src/domain/building/mobile-im/__tests__/mobile-im-hero-cta.test.ts [2m([22m[2m3 tests[22m[2m)[22m[32m 8[2mms[22m[39m
 [32m??[39m src/tests/e2e/l4-wiring-check.test.ts [2m([22m[2m3 tests[22m[2m)[22m[32m 9[2mms[22m[39m
 [32m??[39m src/tests/unit/gates/gate-7-state.test.ts [2m([22m[2m7 tests[22m[2m)[22m[32m 8[2mms[22m[39m
 [32m??[39m src/tests/domain/evidence-upload.test.ts [2m([22m[2m4 tests[22m[2m)[22m[32m 7[2mms[22m[39m
 [32m??[39m src/tests/unit/mobile-im/photo-layout.test.ts [2m([22m[2m2 tests[22m[2m)[22m[32m 8[2mms[22m[39m
 [32m??[39m src/tests/unit/platform/shadow-comparator.test.ts [2m([22m[2m2 tests[22m[2m)[22m[32m 7[2mms[22m[39m
[90mstderr[2m | src/domain/building/mobile-im/__tests__/e2e-real-property.test.ts[2m > [22m[2mE2E Real Property: ?
뱀궛??媛 洹쇱깮鍮뚮뵫 (income)[2m > [22m[2m?섎Ⅴ?뚮굹 寃⑸━ ?먯튃[2m > [22m[2mE2E-DS-PERSONA: ?뱀궛??IM???섎Ⅴ?뚮굹 ?쇰꺼 誘몃끂異?[22m[39m
[CRE-RAG] Hybrid search failed: {
  code: [32m'PGRST202'[39m,
  details: [32m'Searched for the function public.match_im_documents with parameters filter_asset_type, filter_posture,
 filter_region, match_count, query_embedding, query_text or with a single unnamed json/jsonb parameter, but no matches 
were found in the schema cache.'[39m,
  hint: [1mnull[22m,
  message: [32m'Could not find the function public.match_im_documents(filter_asset_type, filter_posture, filter_region
, match_count, query_embedding, query_text) in the schema cache'[39m
}

[90mstdout[2m | src/domain/building/mobile-im/__tests__/e2e-real-property.test.ts[2m > [22m[2mE2E Real Property: ?뱀궛??媛 洹쇱깮鍮뚮뵫 (income)[2m > [22m[2m?섎Ⅴ?뚮굹 寃⑸━ ?먯튃[2m > [22m[2mE2E-DS-PERSONA: ?뱀궛??IM???섎Ⅴ?뚮굹 ?쇰꺼 誘몃끂異?[22m[39m[mobile-im-writer] Prompt variant: writer_system_v1 (v1.0), isLogistics=false, posture=income

 [32m??[39m src/tests/unit/pipeline/area-calculator.test.ts [2m([22m[2m2 tests[22m[2m)[22m[32m 7[2mms[22m[39m
[90mstderr[2m | src/domain/building/mobile-im/__tests__/e2e-real-property.test.ts[2m > [22m[2mE2E Real Property: ?
뱀궛??媛 洹쇱깮鍮뚮뵫 (income)[2m > [22m[2m?섎Ⅴ?뚮굹 寃⑸━ ?먯튃[2m > [22m[2mE2E-DS-PERSONA: ?뱀궛??IM???섎Ⅴ?뚮굹 ?쇰꺼 誘몃끂異?[22m[39m
[writer] Claim violations: [
  [32m"[G38] Calculation '963d20f5-7214-4764-af02-8a0399d303be': basis='NOI'?몃뜲 怨듭젣 ??ぉ???놁뒿?덈떎. ?댁쁺鍮??놁씠 NOI瑜??곗텧????
?놁뒿?덈떎."[39m,
  [32m"[G38] Calculation '85308878-4394-463b-a862-7b7c0f639564': basis='NOI'?몃뜲 怨듭젣 ??ぉ???놁뒿?덈떎. ?댁쁺鍮??놁씠 NOI瑜??곗텧????
?놁뒿?덈떎."[39m,
  [32m"[G38] Calculation '9a500625-90ea-480e-9f10-39e7dc822ceb': basis='NOI'?몃뜲 怨듭젣 ??ぉ???놁뒿?덈떎. ?댁쁺鍮??놁씠 NOI瑜??곗텧????
?놁뒿?덈떎."[39m,
  [32m"[G38] Calculation '8941978e-1832-458d-8945-209758b926ff': basis='NOI'?몃뜲 怨듭젣 ??ぉ???놁뒿?덈떎. ?댁쁺鍮??놁씠 NOI瑜??곗텧????
?놁뒿?덈떎."[39m,
  [32m'G38_NOI_MISSING_OPEX: cap_rate_base requires evidenced operating expenses'[39m,
  [32m"[G38] Calculation '09884704-7523-4dd6-9bf5-0a1750170070': basis='NOI'?몃뜲 怨듭젣 ??ぉ???놁뒿?덈떎. ?댁쁺鍮??놁씠 NOI瑜??곗텧????
?놁뒿?덈떎."[39m,
  [32m'G38_NOI_MISSING_OPEX: cap_rate_best requires evidenced operating expenses'[39m,
  [32m"[G38] Calculation 'c1e4cd9b-0a78-477c-94b0-41e005f5c664': basis='NOI'?몃뜲 怨듭젣 ??ぉ???놁뒿?덈떎. ?댁쁺鍮??놁씠 NOI瑜??곗텧????
?놁뒿?덈떎."[39m,
  [32m'G38_NOI_MISSING_OPEX: cap_rate_worst requires evidenced operating expenses'[39m
]

 [32m??[39m src/tests/api/broker-api-p1.test.ts [2m([22m[2m5 tests[22m[2m)[22m[32m 6[2mms[22m[39m
 [32m??[39m src/tests/cross-system/integration-p1.test.ts [2m([22m[2m3 tests[22m[2m)[22m[32m 5[2mms[22m[39m
 [32m??[39m src/tests/migration/legacy-read-compatibility.test.ts [2m([22m[2m2 tests[22m[2m)[22m[32m 6[2mms[22m[39m
 [32m??[39m src/tests/cross-system/integration.test.ts [2m([22m[2m3 tests[22m[2m)[22m[32m 5[2mms[22m[39m
[90mstderr[2m | src/domain/building/mobile-im/__tests__/e2e-real-property.test.ts[2m > [22m[2mE2E Real Property: ?
뱀궛??媛 洹쇱깮鍮뚮뵫 (income)[2m > [22m[2m?섎Ⅴ?뚮굹 寃⑸━ ?먯튃[2m > [22m[2mE2E-DS-PERSONA: ?뱀궛??IM???섎Ⅴ?뚮굹 ?쇰꺼 誘몃끂異?[22m[39m
[MockOpenAIProvider]process.env.OPENAI_API_KEY is missing or in test environment. Returning mock JSON response.

[90mstderr[2m | src/domain/building/mobile-im/__tests__/e2e-real-property.test.ts[2m > [22m[2mE2E Real Property: ?
뱀궛??媛 洹쇱깮鍮뚮뵫 (income)[2m > [22m[2m?섎Ⅴ?뚮굹 寃⑸━ ?먯튃[2m > [22m[2mE2E-DS-PERSONA: ?뱀궛??IM???섎Ⅴ?뚮굹 ?쇰꺼 誘몃끂異?[22m[39m
[MockOpenAIProvider]process.env.OPENAI_API_KEY is missing or in test environment. Returning mock JSON response.

[90mstderr[2m | src/domain/building/mobile-im/__tests__/e2e-real-property.test.ts[2m > [22m[2mE2E Real Property: ?
뱀궛??媛 洹쇱깮鍮뚮뵫 (income)[2m > [22m[2m?섎Ⅴ?뚮굹 寃⑸━ ?먯튃[2m > [22m[2mE2E-DS-PERSONA: ?뱀궛??IM???섎Ⅴ?뚮굹 ?쇰꺼 誘몃끂異?[22m[39m
[MockOpenAIProvider]process.env.OPENAI_API_KEY is missing or in test environment. Returning mock JSON response.

[90mstderr[2m | src/domain/building/mobile-im/__tests__/e2e-real-property.test.ts[2m > [22m[2mE2E Real Property: ?
뱀궛??媛 洹쇱깮鍮뚮뵫 (income)[2m > [22m[2m?섎Ⅴ?뚮굹 寃⑸━ ?먯튃[2m > [22m[2mE2E-DS-PERSONA: ?뱀궛??IM???섎Ⅴ?뚮굹 ?쇰꺼 誘몃끂異?[22m[39m
[MockOpenAIProvider]process.env.OPENAI_API_KEY is missing or in test environment. Returning mock JSON response.

[90mstderr[2m | src/domain/building/mobile-im/__tests__/e2e-real-property.test.ts[2m > [22m[2mE2E Real Property: ?
뱀궛??媛 洹쇱깮鍮뚮뵫 (income)[2m > [22m[2m?섎Ⅴ?뚮굹 寃⑸━ ?먯튃[2m > [22m[2mE2E-DS-PERSONA: ?뱀궛??IM???섎Ⅴ?뚮굹 ?쇰꺼 誘몃끂異?[22m[39m
[MockOpenAIProvider]process.env.OPENAI_API_KEY is missing or in test environment. Returning mock JSON response.

[90mstderr[2m | src/domain/building/mobile-im/__tests__/e2e-real-property.test.ts[2m > [22m[2mE2E Real Property: ?
뱀궛??媛 洹쇱깮鍮뚮뵫 (income)[2m > [22m[2m?섎Ⅴ?뚮굹 寃⑸━ ?먯튃[2m > [22m[2mE2E-DS-PERSONA: ?뱀궛??IM???섎Ⅴ?뚮굹 ?쇰꺼 誘몃끂異?[22m[39m
[MockOpenAIProvider]process.env.OPENAI_API_KEY is missing or in test environment. Returning mock JSON response.

[90mstderr[2m | src/domain/building/mobile-im/__tests__/e2e-real-property.test.ts[2m > [22m[2mE2E Real Property: ?
뱀궛??媛 洹쇱깮鍮뚮뵫 (income)[2m > [22m[2m?섎Ⅴ?뚮굹 寃⑸━ ?먯튃[2m > [22m[2mE2E-DS-PERSONA: ?뱀궛??IM???섎Ⅴ?뚮굹 ?쇰꺼 誘몃끂異?[22m[39m
[MockOpenAIProvider]process.env.OPENAI_API_KEY is missing or in test environment. Returning mock JSON response.

[90mstderr[2m | src/domain/building/mobile-im/__tests__/e2e-real-property.test.ts[2m > [22m[2mE2E Real Property: ?
뱀궛??媛 洹쇱깮鍮뚮뵫 (income)[2m > [22m[2m?섎Ⅴ?뚮굹 寃⑸━ ?먯튃[2m > [22m[2mE2E-DS-PERSONA: ?뱀궛??IM???섎Ⅴ?뚮굹 ?쇰꺼 誘몃끂異?[22m[39m
[MockOpenAIProvider]process.env.OPENAI_API_KEY is missing or in test environment. Returning mock JSON response.

[90mstderr[2m | src/domain/building/mobile-im/__tests__/e2e-real-property.test.ts[2m > [22m[2mE2E Real Property: ?
뱀궛??媛 洹쇱깮鍮뚮뵫 (income)[2m > [22m[2m?섎Ⅴ?뚮굹 寃⑸━ ?먯튃[2m > [22m[2mE2E-DS-PERSONA: ?뱀궛??IM???섎Ⅴ?뚮굹 ?쇰꺼 誘몃끂異?[22m[39m
[MockOpenAIProvider]process.env.OPENAI_API_KEY is missing or in test environment. Returning mock JSON response.

[90mstderr[2m | src/domain/building/mobile-im/__tests__/e2e-real-property.test.ts[2m > [22m[2mE2E Real Property: ?
뱀궛??媛 洹쇱깮鍮뚮뵫 (income)[2m > [22m[2m?섎Ⅴ?뚮굹 寃⑸━ ?먯튃[2m > [22m[2mE2E-DS-PERSONA: ?뱀궛??IM???섎Ⅴ?뚮굹 ?쇰꺼 誘몃끂異?[22m[39m
[MockOpenAIProvider]process.env.OPENAI_API_KEY is missing or in test environment. Returning mock JSON response.

[90mstderr[2m | src/domain/building/mobile-im/__tests__/e2e-real-property.test.ts[2m > [22m[2mE2E Real Property: ?
뱀궛??媛 洹쇱깮鍮뚮뵫 (income)[2m > [22m[2m?섎Ⅴ?뚮굹 寃⑸━ ?먯튃[2m > [22m[2mE2E-DS-PERSONA: ?뱀궛??IM???섎Ⅴ?뚮굹 ?쇰꺼 誘몃끂異?[22m[39m
[MockOpenAIProvider]process.env.OPENAI_API_KEY is missing or in test environment. Returning mock JSON response.

[90mstderr[2m | src/domain/building/mobile-im/__tests__/e2e-real-property.test.ts[2m > [22m[2mE2E Real Property: ?
뱀궛??媛 洹쇱깮鍮뚮뵫 (income)[2m > [22m[2m?섎Ⅴ?뚮굹 寃⑸━ ?먯튃[2m > [22m[2mE2E-DS-PERSONA: ?뱀궛??IM???섎Ⅴ?뚮굹 ?쇰꺼 誘몃끂異?[22m[39m
[MockOpenAIProvider]process.env.OPENAI_API_KEY is missing or in test environment. Returning mock JSON response.

[90mstdout[2m | src/domain/building/mobile-im/__tests__/e2e-real-property.test.ts[2m > [22m[2mE2E Real Property: ?뱀궛??媛 洹쇱깮鍮뚮뵫 (income)[2m > [22m[2m?섎Ⅴ?뚮굹 寃⑸━ ?먯튃[2m > [22m[2mE2E-DS-PERSONA: ?뱀궛??IM???섎Ⅴ?뚮굹 ?쇰꺼 誘몃끂異?[22m[39m[fewshot-tracker] Golden candidate registered (pending approval): land_detail of doc gen_s9h1o8izno_1788689526637 (Score: 5)

[90mstdout[2m | src/domain/building/mobile-im/__tests__/e2e-real-property.test.ts[2m > [22m[2mE2E Real Property: ?뱀궛??媛 洹쇱깮鍮뚮뵫 (income)[2m > [22m[2m?섎Ⅴ?뚮굹 寃⑸━ ?먯튃[2m > [22m[2mE2E-DS-PERSONA: ?뱀궛??IM???섎Ⅴ?뚮굹 ?쇰꺼 誘몃끂異?[22m[39m[fewshot-tracker] Golden candidate registered (pending approval): checklist of doc gen_s9h1o8izno_1788689526637 (Score: 5)

[90mstderr[2m | src/domain/building/mobile-im/__tests__/e2e-real-property.test.ts[2m > [22m[2mE2E Real Property: ?
뱀궛??媛 洹쇱깮鍮뚮뵫 (income)[2m > [22m[2m?섎Ⅴ?뚮굹 寃⑸━ ?먯튃[2m > [22m[2mE2E-DS-PERSONA: ?뱀궛??IM???섎Ⅴ?뚮굹 ?쇰꺼 誘몃끂異?[22m[39m
[MockOpenAIProvider]process.env.OPENAI_API_KEY is missing or in test environment. Returning mock JSON response.

[90mstderr[2m | src/domain/building/mobile-im/__tests__/e2e-real-property.test.ts[2m > [22m[2mE2E Real Property: ?
뱀궛??媛 洹쇱깮鍮뚮뵫 (income)[2m > [22m[2m?섎Ⅴ?뚮굹 寃⑸━ ?먯튃[2m > [22m[2mE2E-DS-PERSONA: ?뱀궛??IM???섎Ⅴ?뚮굹 ?쇰꺼 誘몃끂異?[22m[39m
[MockOpenAIProvider]process.env.OPENAI_API_KEY is missing or in test environment. Returning mock JSON response.

[90mstderr[2m | src/domain/building/mobile-im/__tests__/e2e-real-property.test.ts[2m > [22m[2mE2E Real Property: ?
뱀궛??媛 洹쇱깮鍮뚮뵫 (income)[2m > [22m[2m?섎Ⅴ?뚮굹 寃⑸━ ?먯튃[2m > [22m[2mE2E-DS-PERSONA: ?뱀궛??IM???섎Ⅴ?뚮굹 ?쇰꺼 誘몃끂異?[22m[39m
[MockOpenAIProvider]process.env.OPENAI_API_KEY is missing or in test environment. Returning mock JSON response.

[90mstderr[2m | src/domain/building/mobile-im/__tests__/e2e-real-property.test.ts[2m > [22m[2mE2E Real Property: ?
뱀궛??媛 洹쇱깮鍮뚮뵫 (income)[2m > [22m[2m?섎Ⅴ?뚮굹 寃⑸━ ?먯튃[2m > [22m[2mE2E-DS-PERSONA: ?뱀궛??IM???섎Ⅴ?뚮굹 ?쇰꺼 誘몃끂異?[22m[39m
[MockOpenAIProvider]process.env.OPENAI_API_KEY is missing or in test environment. Returning mock JSON response.

[90mstderr[2m | src/domain/building/mobile-im/__tests__/e2e-real-property.test.ts[2m > [22m[2mE2E Real Property: ?
뱀궛??媛 洹쇱깮鍮뚮뵫 (income)[2m > [22m[2m?섎Ⅴ?뚮굹 寃⑸━ ?먯튃[2m > [22m[2mE2E-DS-PERSONA: ?뱀궛??IM???섎Ⅴ?뚮굹 ?쇰꺼 誘몃끂異?[22m[39m
[MockOpenAIProvider]process.env.OPENAI_API_KEY is missing or in test environment. Returning mock JSON response.

[90mstderr[2m | src/domain/building/mobile-im/__tests__/e2e-real-property.test.ts[2m > [22m[2mE2E Real Property: ?
뱀궛??媛 洹쇱깮鍮뚮뵫 (income)[2m > [22m[2m?섎Ⅴ?뚮굹 寃⑸━ ?먯튃[2m > [22m[2mE2E-DS-PERSONA: ?뱀궛??IM???섎Ⅴ?뚮굹 ?쇰꺼 誘몃끂異?[22m[39m
[MockOpenAIProvider]process.env.OPENAI_API_KEY is missing or in test environment. Returning mock JSON response.

[90mstderr[2m | src/domain/building/mobile-im/__tests__/e2e-real-property.test.ts[2m > [22m[2mE2E Real Property: ?
뱀궛??媛 洹쇱깮鍮뚮뵫 (income)[2m > [22m[2m?섎Ⅴ?뚮굹 寃⑸━ ?먯튃[2m > [22m[2mE2E-DS-PERSONA: ?뱀궛??IM???섎Ⅴ?뚮굹 ?쇰꺼 誘몃끂異?[22m[39m
[MockOpenAIProvider]process.env.OPENAI_API_KEY is missing or in test environment. Returning mock JSON response.

[90mstderr[2m | src/domain/building/mobile-im/__tests__/e2e-real-property.test.ts[2m > [22m[2mE2E Real Property: ?
뱀궛??媛 洹쇱깮鍮뚮뵫 (income)[2m > [22m[2m?섎Ⅴ?뚮굹 寃⑸━ ?먯튃[2m > [22m[2mE2E-DS-PERSONA: ?뱀궛??IM???섎Ⅴ?뚮굹 ?쇰꺼 誘몃끂異?[22m[39m
[MockOpenAIProvider]process.env.OPENAI_API_KEY is missing or in test environment. Returning mock JSON response.

 [32m??[39m src/tests/unit/client-server-contracts-m4.test.ts [2m([22m[2m3 tests[22m[2m)[22m[32m 5[2mms[22m[39m
[90mstdout[2m | src/domain/building/mobile-im/__tests__/e2e-real-property.test.ts[2m > [22m[2mE2E Real Property: ?뱀궛??媛 洹쇱깮鍮뚮뵫 (income)[2m > [22m[2m?섎Ⅴ?뚮굹 寃⑸━ ?먯튃[2m > [22m[2mE2E-DS-PERSONA: ?뱀궛??IM???섎Ⅴ?뚮굹 ?쇰꺼 誘몃끂異?[22m[39m[fewshot-tracker] Golden candidate registered (pending approval): next_steps of doc gen_s9h1o8izno_1788689526637 (Score: 5)

[90mstdout[2m | src/domain/building/mobile-im/__tests__/e2e-real-property.test.ts[2m > [22m[2mE2E Real Property: ?뱀궛??媛 洹쇱깮鍮뚮뵫 (income)[2m > [22m[2m?섎Ⅴ?뚮굹 寃⑸━ ?먯튃[2m > [22m[2mE2E-DS-PERSONA: ?뱀궛??IM???섎Ⅴ?뚮굹 ?쇰꺼 誘몃끂異?[22m[39m[fewshot-tracker] Golden candidate registered (pending approval): location_access of doc gen_s9h1o8izno_1788689526637 (Score: 5)

[90mstderr[2m | src/domain/building/mobile-im/__tests__/e2e-real-property.test.ts[2m > [22m[2mE2E Real Property: ?
뱀궛??媛 洹쇱깮鍮뚮뵫 (income)[2m > [22m[2m?섎Ⅴ?뚮굹 寃⑸━ ?먯튃[2m > [22m[2mE2E-DS-PERSONA: ?뱀궛??IM???섎Ⅴ?뚮굹 ?쇰꺼 誘몃끂異?[22m[39m
[MockOpenAIProvider]process.env.OPENAI_API_KEY is missing or in test environment. Returning mock JSON response.

[90mstderr[2m | src/domain/building/mobile-im/__tests__/e2e-real-property.test.ts[2m > [22m[2mE2E Real Property: ?
뱀궛??媛 洹쇱깮鍮뚮뵫 (income)[2m > [22m[2m?섎Ⅴ?뚮굹 寃⑸━ ?먯튃[2m > [22m[2mE2E-DS-PERSONA: ?뱀궛??IM???섎Ⅴ?뚮굹 ?쇰꺼 誘몃끂異?[22m[39m
[MockOpenAIProvider]process.env.OPENAI_API_KEY is missing or in test environment. Returning mock JSON response.

[90mstderr[2m | src/domain/building/mobile-im/__tests__/e2e-real-property.test.ts[2m > [22m[2mE2E Real Property: ?
뱀궛??媛 洹쇱깮鍮뚮뵫 (income)[2m > [22m[2m?섎Ⅴ?뚮굹 寃⑸━ ?먯튃[2m > [22m[2mE2E-DS-PERSONA: ?뱀궛??IM???섎Ⅴ?뚮굹 ?쇰꺼 誘몃끂異?[22m[39m
[MockOpenAIProvider]process.env.OPENAI_API_KEY is missing or in test environment. Returning mock JSON response.

[90mstderr[2m | src/domain/building/mobile-im/__tests__/e2e-real-property.test.ts[2m > [22m[2mE2E Real Property: ?
뱀궛??媛 洹쇱깮鍮뚮뵫 (income)[2m > [22m[2m?섎Ⅴ?뚮굹 寃⑸━ ?먯튃[2m > [22m[2mE2E-DS-PERSONA: ?뱀궛??IM???섎Ⅴ?뚮굹 ?쇰꺼 誘몃끂異?[22m[39m
[MockOpenAIProvider]process.env.OPENAI_API_KEY is missing or in test environment. Returning mock JSON response.

[90mstdout[2m | src/domain/building/mobile-im/__tests__/e2e-real-property.test.ts[2m > [22m[2mE2E Real Property: ?뱀궛??媛 洹쇱깮鍮뚮뵫 (income)[2m > [22m[2m?섎Ⅴ?뚮굹 寃⑸━ ?먯튃[2m > [22m[2mE2E-DS-PERSONA: ?뱀궛??IM???섎Ⅴ?뚮굹 ?쇰꺼 誘몃끂異?[22m[39m[fewshot-tracker] Golden candidate registered (pending approval): income_analysis of doc gen_s9h1o8izno_1788689526637 (Score: 5)

[90mstderr[2m | src/domain/building/mobile-im/__tests__/e2e-real-property.test.ts[2m > [22m[2mE2E Real Property: ?
뱀궛??媛 洹쇱깮鍮뚮뵫 (income)[2m > [22m[2m?섎Ⅴ?뚮굹 寃⑸━ ?먯튃[2m > [22m[2mE2E-DS-PERSONA: ?뱀궛??IM???섎Ⅴ?뚮굹 ?쇰꺼 誘몃끂異?[22m[39m
[MockOpenAIProvider]process.env.OPENAI_API_KEY is missing or in test environment. Returning mock JSON response.

[90mstderr[2m | src/domain/building/mobile-im/__tests__/e2e-real-property.test.ts[2m > [22m[2mE2E Real Property: ?
뱀궛??媛 洹쇱깮鍮뚮뵫 (income)[2m > [22m[2m?섎Ⅴ?뚮굹 寃⑸━ ?먯튃[2m > [22m[2mE2E-DS-PERSONA: ?뱀궛??IM???섎Ⅴ?뚮굹 ?쇰꺼 誘몃끂異?[22m[39m
[MockOpenAIProvider]process.env.OPENAI_API_KEY is missing or in test environment. Returning mock JSON response.

[90mstderr[2m | src/domain/building/mobile-im/__tests__/e2e-real-property.test.ts[2m > [22m[2mE2E Real Property: ?
뱀궛??媛 洹쇱깮鍮뚮뵫 (income)[2m > [22m[2m?섎Ⅴ?뚮굹 寃⑸━ ?먯튃[2m > [22m[2mE2E-DS-PERSONA: ?뱀궛??IM???섎Ⅴ?뚮굹 ?쇰꺼 誘몃끂異?[22m[39m
[MockOpenAIProvider]process.env.OPENAI_API_KEY is missing or in test environment. Returning mock JSON response.

[90mstderr[2m | src/domain/building/mobile-im/__tests__/e2e-real-property.test.ts[2m > [22m[2mE2E Real Property: ?
뱀궛??媛 洹쇱깮鍮뚮뵫 (income)[2m > [22m[2m?섎Ⅴ?뚮굹 寃⑸━ ?먯튃[2m > [22m[2mE2E-DS-PERSONA: ?뱀궛??IM???섎Ⅴ?뚮굹 ?쇰꺼 誘몃끂異?[22m[39m
[MockOpenAIProvider]process.env.OPENAI_API_KEY is missing or in test environment. Returning mock JSON response.

[90mstderr[2m | src/domain/building/mobile-im/__tests__/e2e-real-property.test.ts[2m > [22m[2mE2E Real Property: ?
뱀궛??媛 洹쇱깮鍮뚮뵫 (income)[2m > [22m[2m?섎Ⅴ?뚮굹 寃⑸━ ?먯튃[2m > [22m[2mE2E-DS-PERSONA: ?뱀궛??IM???섎Ⅴ?뚮굹 ?쇰꺼 誘몃끂異?[22m[39m
[MockOpenAIProvider]process.env.OPENAI_API_KEY is missing or in test environment. Returning mock JSON response.

[90mstderr[2m | src/domain/building/mobile-im/__tests__/e2e-real-property.test.ts[2m > [22m[2mE2E Real Property: ?
뱀궛??媛 洹쇱깮鍮뚮뵫 (income)[2m > [22m[2m?섎Ⅴ?뚮굹 寃⑸━ ?먯튃[2m > [22m[2mE2E-DS-PERSONA: ?뱀궛??IM???섎Ⅴ?뚮굹 ?쇰꺼 誘몃끂異?[22m[39m
[mobile-im] Publish gates blocked: [ [32m'G02'[39m, [32m'G05'[39m, [32m'G06'[39m, [32m'G08'[39m, [32m'G20'[39
m, [32m'G24'[39m ]
[cross-validator] 援먯감 寃利?寃곌낵 ??critical: 12, warning: 0, fields: [vacancy_narrative_contradiction, vacancy_narrative_c
ontradiction, vacancy_narrative_contradiction, vacancy_narrative_contradiction, vacancy_narrative_contradiction, vacanc
y_narrative_contradiction, vacancy_narrative_contradiction, vacancy_narrative_contradiction, vacancy_narrative_contradi
ction, vacancy_narrative_contradiction, vacancy_narrative_contradiction, vacancy_narrative_contradiction]

[90mstderr[2m | src/domain/building/mobile-im/__tests__/e2e-real-property.test.ts[2m > [22m[2mE2E Real Property: ?
뱀궛??媛 洹쇱깮鍮뚮뵫 (income)[2m > [22m[2m?섎Ⅴ?뚮굹 寃⑸━ ?먯튃[2m > [22m[2mE2E-DS-PERSONA: ?뱀궛??IM???섎Ⅴ?뚮굹 ?쇰꺼 誘몃끂異?[22m[39m
[im-embedding-indexer] Failed to index IM: {
  code: [32m'PGRST205'[39m,
  details: [1mnull[22m,
  hint: [32m"Perhaps you meant the table 'public.im_pro_grants'"[39m,
  message: [32m"Could not find the table 'public.im_documents' in the schema cache"[39m
}

 [32m??[39m src/domain/building/mobile-im/__tests__/e2e-real-property.test.ts [2m([22m[2m20 tests[22m[2m)[22m[33m 44278[2mms[22m[39m
       [33m[2m??[22m[39m E2E-YP-PIPELINE: ?묓룊??generateMobileIM ???꾩닔 ?뱀뀡 ?ы븿 [33m 7311[2mms[22m[39m
       [33m[2m??[22m[39m E2E-YP-ANCHORS: ?묓룊???섏튂 ?듭빱 ???낅젰 蹂댁〈 諛??뱀뀡 援ъ“ 寃利?[33m 6514[2mms[22m[39m
       [33m[2m??[22m[39m E2E-YP-NO-FORBIDDEN: ?묓룊??湲덉? 異쒕젰 諛곗젣 [33m 6261[2mms[22m[39m
       [33m[2m??[22m[39m E2E-DS-PIPELINE: ?뱀궛??generateMobileIM ???꾩닔 ?뱀뀡 ?ы븿 [33m 5945[2mms[22m[39m
       [33m[2m??[22m[39m E2E-DS-ANCHORS: ?뱀궛???섏튂 ?듭빱 ???낅젰 蹂댁〈 諛??뱀뀡 援ъ“ 寃利?[33m 6028[2mms[22m[39m
       [33m[2m??[22m[39m E2E-DS-NO-FORBIDDEN: ?뱀궛??湲덉? 異쒕젰 諛곗젣 [33m 6058[2mms[22m[39m
       [33m[2m??[22m[39m E2E-DS-PERSONA: ?뱀궛??IM???섎Ⅴ?뚮굹 ?쇰꺼 誘몃끂異?[33m 6147[2mms[22m[39m

[31m??렞??렞??렞[39m[1m[41m Failed Suites 2 [49m[22m[31m??렞??렞??렞??[39m

[41m[1m FAIL [22m[49m src/tests/e2e/p1-gate-logic.test.ts[2m [ src/tests/e2e/p1-gate-logic.test.ts ][22m
[31m[1mError[22m: Transform failed with 1 error:

[31m[PARSE_ERROR] Error:[0m Expected `,` or `}` but found `const`
    [38;5;246m??[0m[38;5;246m?[0m[38;5;246m[[0m src/tests/e2e/p1-gate-logic.test.ts:54:4 [38;5;246m][0m
    [38;5;246m??[0m
 [38;5;246m52 ??[0m [38;5;249m [0m[38;5;249m [0m[38;5;249m [0m[38;5;249m [0m[38;5;249m [0m[38;5;249m [0m[
38;5;249mc[0m[38;5;249mo[0m[38;5;249mn[0m[38;5;249ms[0m[38;5;249mt[0m[38;5;249m [0m[38;5;249mi[0m[38;5;24
9mn[0m[38;5;249mp[0m[38;5;249mu[0m[38;5;249mt[0m[38;5;249m [0m[38;5;249m=[0m[38;5;249m [0m{
 [38;5;240m   ??[0m                     ?? 
 [38;5;240m   ??[0m                     ?겸?? Opened here
 [38;5;240m   ??[0m 
 [38;5;246m54 ??[0m [38;5;249ma[0m[38;5;249ms[0m[38;5;249m [0mconst[38;5;249m,[0m
 [38;5;240m   ??[0m    ???р??  
 [38;5;240m   ??[0m      ?겸???? `,` or `}` expected
[38;5;246m??????[0m
[39m
  Plugin: [35mvite:oxc[39m
  File: [36mC:/Users/User/cre-dealcard/src/tests/e2e/p1-gate-logic.test.ts[39m
[90m [2m??[22m transformWithOxc node_modules/vite/dist/node/chunks/node.js:[2m3340:19[22m[39m
[90m [2m??[22m TransformPluginContext.transform node_modules/vite/dist/node/chunks/node.js:[2m3408:26[22m[39m
[90m [2m??[22m EnvironmentPluginContainer.transform node_modules/vite/dist/node/chunks/node.js:[2m30179:51[22m[39m
[90m [2m??[22m loadAndTransform node_modules/vite/dist/node/chunks/node.js:[2m24509:26[22m[39m

[31m[2m??렞??렞??렞??렞??렞??렞??렞??렞??렞??렞??렞??1/32]??[22m[39m

[41m[1m FAIL [22m[49m src/tests/e2e/visual-qa-capture.spec.ts[2m [ src/tests/e2e/visual-qa-capture.spec.ts ][22m
[31m[1mError[22m: Playwright Test did not expect test.describe() to be called here.
Most common reasons include:
- You are calling test.describe() in a configuration file.
- You are calling test.describe() in a file that is imported by the configuration file.
- You have two different versions of @playwright/test. This usually happens
  when one of the dependencies in your package.json depends on @playwright/test.
- You are calling test.describe() from an async test.describe() block. Only sync ones are supported.[39m
[90m [2m??[22m _TestTypeImpl._currentSuite node_modules/playwright/lib/common/index.js:[2m2263:13[22m[39m
[90m [2m??[22m _TestTypeImpl._describe node_modules/playwright/lib/common/index.js:[2m2304:24[22m[39m
[90m [2m??[22m Function.describe node_modules/playwright/lib/common/index.js:[2m1209:12[22m[39m
[36m [2m??[22m src/tests/e2e/visual-qa-capture.spec.ts:[2m8:6[22m[39m
    [90m  6|[39m if (!existsSync(CAPTURES_DIR)) mkdirSync(CAPTURES_DIR, { recursive: tr??    [90m  7|[39m
    [90m  8|[39m test[33m.[39m[34mdescribe[39m([32m'Visual QA: Case 01 ?쒖큹 硫붾뵒而?鍮뚮뵫 ?붾㈃ 罹≪쿂'[39m[33m,[39m () 
[33m=>[39m {
    [90m   |[39m      [31m^[39m
    [90m  9|[39m   test('IM-01 & IM-03~10: 紐⑤컮??IM 酉곗뼱 (iPhone 14 Pro 390x844)', async ({??    [90m 10|[39m     [3
5mawait[39m page[33m.[39m[34msetViewportSize[39m({ width[33m:[39m [34m390[39m[33m,[39m height[33m:[39m [3
4m844[39m })[33m;[39m

[31m[2m??렞??렞??렞??렞??렞??렞??렞??렞??렞??렞??렞??2/32]??[22m[39m


[31m??렞??렞??렞[39m[1m[41m Failed Tests 30 [49m[22m[31m??렞??렞??렞??[39m

[41m[1m FAIL [22m[49m src/tests/api/adversarial-stress-m1.test.ts[2m > [22mADVERSARIAL STRESS SUITE: Worker M1 Fi
xes[2m > [22m2. Pro Tier & Data Grade Gating Adversarial Stress Test[2m > [22m2.1: Handler blocks Pro tier with D-g
rade (returns 422)
[31m[1mAssertionError[22m: expected 'IM ?묒꽦???꾪빐 ?뺥솗??嫄대Ъ 二쇱냼(嫄댁텞臾쇰???議고쉶??瑜?寃?됲븯???? to contain 'Pro IM? B?깃툒(?꾩꽦
??60%) ?댁긽???곗씠?곌? ?꾩슂?⑸땲??'[39m

Expected: [32m"[7mPro IM? B?깃툒(?꾩꽦??60%) ?댁긽???곗씠?곌? ?꾩슂?⑸땲??[27m."[39m
Received: [31m"[7mIM ?묒꽦???꾪빐 ?뺥솗??嫄대Ъ 二쇱냼(嫄댁텞臾쇰???議고쉶??瑜?寃?됲븯???좏깮?섍굅?? ?ㅽ뒠?붿삤?먯꽌 ?뚰듃濡?痢듬퀎 ?꾨?李??댁뿭)??癒쇱? ?낅젰?댁＜?몄슂
[27m."[39m

[36m [2m??[22m src/tests/api/adversarial-stress-m1.test.ts:[2m215:25[22m[39m
    [90m213|[39m       [34mexpect[39m(res[33m.[39mok)[33m.[39m[34mtoBe[39m([35mfalse[39m)[33m;[39m
    [90m214|[39m       [34mexpect[39m(res[33m.[39mstatusCode)[33m.[39m[34mtoBe[39m([34m422[39m)[33m;[39m
    [90m215|[39m       expect(res.error).toContain('Pro IM? B?깃툒(?꾩꽦??60%) ?댁긽???곗씠?곌? ?꾩슂?⑸땲?ㅲ?    [90m   |[39m 
                        [31m^[39m
    [90m216|[39m     })[33m;[39m
    [90m217|[39m

[31m[2m??렞??렞??렞??렞??렞??렞??렞??렞??렞??렞??렞??3/32]??[22m[39m

[41m[1m FAIL [22m[49m src/tests/api/adversarial-stress-m1.test.ts[2m > [22mADVERSARIAL STRESS SUITE: Worker M1 Fi
xes[2m > [22m2. Pro Tier & Data Grade Gating Adversarial Stress Test[2m > [22m2.2: Handler blocks Pro tier with C-g
rade (returns 422)
[31m[1mAssertionError[22m: expected 'IM ?묒꽦???꾪빐 ?뺥솗??嫄대Ъ 二쇱냼(嫄댁텞臾쇰???議고쉶??瑜?寃?됲븯???? to contain 'Pro IM? B?깃툒(?꾩꽦
??60%) ?댁긽???곗씠?곌? ?꾩슂?⑸땲??'[39m

Expected: [32m"[7mPro IM? B?깃툒(?꾩꽦??60%) ?댁긽???곗씠?곌? ?꾩슂?⑸땲??[27m."[39m
Received: [31m"[7mIM ?묒꽦???꾪빐 ?뺥솗??嫄대Ъ 二쇱냼(嫄댁텞臾쇰???議고쉶??瑜?寃?됲븯???좏깮?섍굅?? ?ㅽ뒠?붿삤?먯꽌 ?뚰듃濡?痢듬퀎 ?꾨?李??댁뿭)??癒쇱? ?낅젰?댁＜?몄슂
[27m."[39m

[36m [2m??[22m src/tests/api/adversarial-stress-m1.test.ts:[2m228:25[22m[39m
    [90m226|[39m       [34mexpect[39m(res[33m.[39mok)[33m.[39m[34mtoBe[39m([35mfalse[39m)[33m;[39m
    [90m227|[39m       [34mexpect[39m(res[33m.[39mstatusCode)[33m.[39m[34mtoBe[39m([34m422[39m)[33m;[39m
    [90m228|[39m       expect(res.error).toContain('Pro IM? B?깃툒(?꾩꽦??60%) ?댁긽???곗씠?곌? ?꾩슂?⑸땲?ㅲ?    [90m   |[39m 
                        [31m^[39m
    [90m229|[39m     })[33m;[39m
    [90m230|[39m

[31m[2m??렞??렞??렞??렞??렞??렞??렞??렞??렞??렞??렞??4/32]??[22m[39m

[41m[1m FAIL [22m[49m src/tests/api/adversarial-stress-m1.test.ts[2m > [22mADVERSARIAL STRESS SUITE: Worker M1 Fi
xes[2m > [22m2. Pro Tier & Data Grade Gating Adversarial Stress Test[2m > [22m2.3: Handler blocks Pro tier when com
pleteness_score < 60 even without direct qualityGrade
[31m[1mAssertionError[22m: expected 'IM ?묒꽦???꾪빐 ?뺥솗??嫄대Ъ 二쇱냼(嫄댁텞臾쇰???議고쉶??瑜?寃?됲븯???? to contain 'Pro IM? B?깃툒(?꾩꽦
??60%) ?댁긽???곗씠?곌? ?꾩슂?⑸땲??'[39m

Expected: [32m"[7mPro IM? B?깃툒(?꾩꽦??60%) ?댁긽???곗씠?곌? ?꾩슂?⑸땲??[27m."[39m
Received: [31m"[7mIM ?묒꽦???꾪빐 ?뺥솗??嫄대Ъ 二쇱냼(嫄댁텞臾쇰???議고쉶??瑜?寃?됲븯???좏깮?섍굅?? ?ㅽ뒠?붿삤?먯꽌 ?뚰듃濡?痢듬퀎 ?꾨?李??댁뿭)??癒쇱? ?낅젰?댁＜?몄슂
[27m."[39m

[36m [2m??[22m src/tests/api/adversarial-stress-m1.test.ts:[2m241:25[22m[39m
    [90m239|[39m       [34mexpect[39m(res[33m.[39mok)[33m.[39m[34mtoBe[39m([35mfalse[39m)[33m;[39m
    [90m240|[39m       [34mexpect[39m(res[33m.[39mstatusCode)[33m.[39m[34mtoBe[39m([34m422[39m)[33m;[39m
    [90m241|[39m       expect(res.error).toContain('Pro IM? B?깃툒(?꾩꽦??60%) ?댁긽???곗씠?곌? ?꾩슂?⑸땲?ㅲ?    [90m   |[39m 
                        [31m^[39m
    [90m242|[39m     })[33m;[39m
    [90m243|[39m

[31m[2m??렞??렞??렞??렞??렞??렞??렞??렞??렞??렞??렞??5/32]??[22m[39m

[41m[1m FAIL [22m[49m src/tests/api/adversarial-stress-m1.test.ts[2m > [22mADVERSARIAL STRESS SUITE: Worker M1 Fi
xes[2m > [22m2. Pro Tier & Data Grade Gating Adversarial Stress Test[2m > [22m2.4: Handler permits Pro tier with B-
grade (passes gate)
[31m[1mAssertionError[22m: expected false to be true // Object.is equality[39m

[32m- Expected[39m
[31m+ Received[39m

[32m- true[39m
[31m+ false[39m

[36m [2m??[22m src/tests/api/adversarial-stress-m1.test.ts:[2m252:22[22m[39m
    [90m250|[39m         tier[33m:[39m [32m'pro'[39m[33m,[39m
    [90m251|[39m       })[33m;[39m
    [90m252|[39m       [34mexpect[39m(res[33m.[39mok)[33m.[39m[34mtoBe[39m([35mtrue[39m)[33m;[39m
    [90m   |[39m                      [31m^[39m
    [90m253|[39m     })[33m;[39m
    [90m254|[39m

[31m[2m??렞??렞??렞??렞??렞??렞??렞??렞??렞??렞??렞??6/32]??[22m[39m

[41m[1m FAIL [22m[49m src/tests/api/adversarial-stress-m1.test.ts[2m > [22mADVERSARIAL STRESS SUITE: Worker M1 Fi
xes[2m > [22m2. Pro Tier & Data Grade Gating Adversarial Stress Test[2m > [22m2.5: Handler permits Pro tier with A-
grade (passes gate)
[31m[1mAssertionError[22m: expected false to be true // Object.is equality[39m

[32m- Expected[39m
[31m+ Received[39m

[32m- true[39m
[31m+ false[39m

[36m [2m??[22m src/tests/api/adversarial-stress-m1.test.ts:[2m263:22[22m[39m
    [90m261|[39m         tier[33m:[39m [32m'pro'[39m[33m,[39m
    [90m262|[39m       })[33m;[39m
    [90m263|[39m       [34mexpect[39m(res[33m.[39mok)[33m.[39m[34mtoBe[39m([35mtrue[39m)[33m;[39m
    [90m   |[39m                      [31m^[39m
    [90m264|[39m     })[33m;[39m
    [90m265|[39m

[31m[2m??렞??렞??렞??렞??렞??렞??렞??렞??렞??렞??렞??7/32]??[22m[39m

[41m[1m FAIL [22m[49m src/tests/api/adversarial-stress-m1.test.ts[2m > [22mADVERSARIAL STRESS SUITE: Worker M1 Fi
xes[2m > [22m2. Pro Tier & Data Grade Gating Adversarial Stress Test[2m > [22m2.6: Handler permits Basic tier with 
D-grade and C-grade (no Pro restriction)
[31m[1mAssertionError[22m: expected false to be true // Object.is equality[39m

[32m- Expected[39m
[31m+ Received[39m

[32m- true[39m
[31m+ false[39m

[36m [2m??[22m src/tests/api/adversarial-stress-m1.test.ts:[2m274:23[22m[39m
    [90m272|[39m         tier[33m:[39m [32m'basic'[39m[33m,[39m
    [90m273|[39m       })[33m;[39m
    [90m274|[39m       [34mexpect[39m(resD[33m.[39mok)[33m.[39m[34mtoBe[39m([35mtrue[39m)[33m;[39m
    [90m   |[39m                       [31m^[39m
    [90m275|[39m
    [90m276|[39m       [35mconst[39m resC [33m=[39m [35mawait[39m [34mgenerateMobileIMHandler[39m({

[31m[2m??렞??렞??렞??렞??렞??렞??렞??렞??렞??렞??렞??8/32]??[22m[39m

[41m[1m FAIL [22m[49m src/tests/api/im-error-paths.test.ts[2m > [22mIM Error Paths API Routes[2m > [22mEP06: PO
ST generate-async D-grade + pro tier returns 422
[31m[1mAssertionError[22m: expected 'IM ?묒꽦???꾪빐 ?뺥솗??嫄대Ъ 二쇱냼(嫄댁텞臾쇰???議고쉶??瑜?寃?됲븯???? to contain 'Pro IM? B?깃툒(?꾩꽦
??60%) ?댁긽???곗씠?곌? ?꾩슂?⑸땲??'[39m

Expected: [32m"[7mPro IM? B?깃툒(?꾩꽦??60%) ?댁긽???곗씠?곌? ?꾩슂?⑸땲??[27m."[39m
Received: [31m"[7mIM ?묒꽦???꾪빐 ?뺥솗??嫄대Ъ 二쇱냼(嫄댁텞臾쇰???議고쉶??瑜?寃?됲븯???좏깮?섍굅?? ?ㅽ뒠?붿삤?먯꽌 ?뚰듃濡?痢듬퀎 ?꾨?李??댁뿭)??癒쇱? ?낅젰?댁＜?몄슂
[27m."[39m

[36m [2m??[22m src/tests/api/im-error-paths.test.ts:[2m206:24[22m[39m
    [90m204|[39m     [34mexpect[39m(res[33m.[39mstatus)[33m.[39m[34mtoBe[39m([34m422[39m)[33m;[39m
    [90m205|[39m     [35mconst[39m data [33m=[39m [35mawait[39m res[33m.[39m[34mjson[39m()[33m;[39m
    [90m206|[39m     expect(data.error).toContain('Pro IM? B?깃툒(?꾩꽦??60%) ?댁긽???곗씠?곌? ?꾩슂?⑸땲????    [90m   |[39m  
                      [31m^[39m
    [90m207|[39m   })[33m;[39m
    [90m208|[39m

[31m[2m??렞??렞??렞??렞??렞??렞??렞??렞??렞??렞??렞??9/32]??[22m[39m

[41m[1m FAIL [22m[49m src/tests/api/im-error-paths.test.ts[2m > [22mIM Error Paths API Routes[2m > [22mEP07: PU
T save-sections on published document returns 400
[31m[1mAssertionError[22m: expected 403 to be 400 // Object.is equality[39m

[32m- Expected[39m
[31m+ Received[39m

[32m- 400[39m
[31m+ 403[39m

[36m [2m??[22m src/tests/api/im-error-paths.test.ts:[2m224:24[22m[39m
    [90m222|[39m     [35mconst[39m params [33m=[39m [33mPromise[39m[33m.[39m[34mresolve[39m({ id[33m:[39m
 [32m'pub-doc'[39m })[33m;[39m
    [90m223|[39m     [35mconst[39m res [33m=[39m [35mawait[39m [34mputSaveSectionsIM[39m(req[33m,[39m { par
ams })[33m;[39m
    [90m224|[39m     [34mexpect[39m(res[33m.[39mstatus)[33m.[39m[34mtoBe[39m([34m400[39m)[33m;[39m
    [90m   |[39m                        [31m^[39m
    [90m225|[39m   })[33m;[39m
    [90m226|[39m

[31m[2m??렞??렞??렞??렞??렞??렞??렞??렞??렞??렞??렞[10/32]??[22m[39m

[41m[1m FAIL [22m[49m src/tests/api/im-generation-pipeline.test.ts[2m > [22mIM Generation Pipeline[2m > [22mGP0
1: income posture happy path
[31m[1mAssertionError[22m: expected false to be true // Object.is equality[39m

[32m- Expected[39m
[31m+ Received[39m

[32m- true[39m
[31m+ false[39m

[36m [2m??[22m src/tests/api/im-generation-pipeline.test.ts:[2m87:20[22m[39m
    [90m 85|[39m       tier[33m:[39m [32m'basic'[39m
    [90m 86|[39m     })[33m;[39m
    [90m 87|[39m     [34mexpect[39m(res[33m.[39mok)[33m.[39m[34mtoBe[39m([35mtrue[39m)[33m;[39m
    [90m   |[39m                    [31m^[39m
    [90m 88|[39m     [34mexpect[39m(res[33m.[39msections_count)[33m.[39m[34mtoBeGreaterThan[39m([34m0[39m)
[33m;[39m
    [90m 89|[39m   })[33m;[39m

[31m[2m??렞??렞??렞??렞??렞??렞??렞??렞??렞??렞??렞[11/32]??[22m[39m

[41m[1m FAIL [22m[49m src/tests/api/im-generation-pipeline.test.ts[2m > [22mIM Generation Pipeline[2m > [22mGP0
2: development posture happy path
[31m[1mAssertionError[22m: expected false to be true // Object.is equality[39m

[32m- Expected[39m
[31m+ Received[39m

[32m- true[39m
[31m+ false[39m

[36m [2m??[22m src/tests/api/im-generation-pipeline.test.ts:[2m99:20[22m[39m
    [90m 97|[39m       tier[33m:[39m [32m'basic'[39m
    [90m 98|[39m     })[33m;[39m
    [90m 99|[39m     [34mexpect[39m(res[33m.[39mok)[33m.[39m[34mtoBe[39m([35mtrue[39m)[33m;[39m
    [90m   |[39m                    [31m^[39m
    [90m100|[39m   })[33m;[39m
    [90m101|[39m

[31m[2m??렞??렞??렞??렞??렞??렞??렞??렞??렞??렞??렞[12/32]??[22m[39m

[41m[1m FAIL [22m[49m src/tests/api/im-generation-pipeline.test.ts[2m > [22mIM Generation Pipeline[2m > [22mGP0
6: basic tier generation succeeds
[31m[1mAssertionError[22m: expected false to be true // Object.is equality[39m

[32m- Expected[39m
[31m+ Received[39m

[32m- true[39m
[31m+ false[39m

[36m [2m??[22m src/tests/api/im-generation-pipeline.test.ts:[2m110:20[22m[39m
    [90m108|[39m       tier[33m:[39m [32m'basic'[39m
    [90m109|[39m     })[33m;[39m
    [90m110|[39m     [34mexpect[39m(res[33m.[39mok)[33m.[39m[34mtoBe[39m([35mtrue[39m)[33m;[39m
    [90m   |[39m                    [31m^[39m
    [90m111|[39m   })[33m;[39m
    [90m112|[39m

[31m[2m??렞??렞??렞??렞??렞??렞??렞??렞??렞??렞??렞[13/32]??[22m[39m

[41m[1m FAIL [22m[49m src/tests/api/im-generation-pipeline.test.ts[2m > [22mIM Generation Pipeline[2m > [22mGP0
8: No resolved_address adds warning
[31m[1mAssertionError[22m: expected undefined to be true // Object.is equality[39m

[32m- Expected:[39m
true

[31m+ Received:[39m
undefined

[36m [2m??[22m src/tests/api/im-generation-pipeline.test.ts:[2m139:73[22m[39m
    [90m137|[39m       tier[33m:[39m [32m'basic'[39m
    [90m138|[39m     })[33m;[39m
    [90m139|[39m     expect(res.financialWarnings?.some(w => w.includes('二쇱냼媛 ?낅젰?섏? ?딆븘'))??    [90m   |[39m     
                                                                    [31m^[39m
    [90m140|[39m   })[33m;[39m
    [90m141|[39m

[31m[2m??렞??렞??렞??렞??렞??렞??렞??렞??렞??렞??렞[14/32]??[22m[39m

[41m[1m FAIL [22m[49m src/tests/api/im-generation-pipeline.test.ts[2m > [22mIM Generation Pipeline[2m > [22mGP0
9: With resolved_address avoids address warning
[31m[1mAssertionError[22m: expected undefined to be false // Object.is equality[39m

[32m- Expected:[39m
false

[31m+ Received:[39m
undefined

[36m [2m??[22m src/tests/api/im-generation-pipeline.test.ts:[2m150:73[22m[39m
    [90m148|[39m       tier[33m:[39m [32m'basic'[39m
    [90m149|[39m     })[33m;[39m
    [90m150|[39m     expect(res.financialWarnings?.some(w => w.includes('二쇱냼媛 ?낅젰?섏? ?딆븘'))??    [90m   |[39m     
                                                                    [31m^[39m
    [90m151|[39m   })[33m;[39m
    [90m152|[39m

[31m[2m??렞??렞??렞??렞??렞??렞??렞??렞??렞??렞??렞[15/32]??[22m[39m

[41m[1m FAIL [22m[49m src/tests/api/im-generation-pipeline.test.ts[2m > [22mIM Generation Pipeline[2m > [22mGP1
0: Cap Rate > 15% generates financial warning
[31m[1mAssertionError[22m: expected undefined to be true // Object.is equality[39m

[32m- Expected:[39m
true

[31m+ Received:[39m
undefined

[36m [2m??[22m src/tests/api/im-generation-pipeline.test.ts:[2m162:71[22m[39m
    [90m160|[39m       tier[33m:[39m [32m'basic'[39m
    [90m161|[39m     })[33m;[39m
    [90m162|[39m     expect(res.financialWarnings?.some(w => w.includes('鍮꾩젙?곸쟻?쇰줈 ?믪쓬'))).??    [90m   |[39m      
                                                                 [31m^[39m
    [90m163|[39m   })[33m;[39m
    [90m164|[39m

[31m[2m??렞??렞??렞??렞??렞??렞??렞??렞??렞??렞??렞[16/32]??[22m[39m

[41m[1m FAIL [22m[49m src/tests/api/im-generation-pipeline.test.ts[2m > [22mIM Generation Pipeline[2m > [22mGP1
1: Disclaimer section is generated
[31m[1mTypeError[22m: actual value must be number or bigint, received "undefined"[39m
[36m [2m??[22m src/tests/api/im-generation-pipeline.test.ts:[2m176:32[22m[39m
    [90m174|[39m       tier[33m:[39m [32m'basic'[39m
    [90m175|[39m     })[33m;[39m
    [90m176|[39m     [34mexpect[39m(res[33m.[39msections_count)[33m.[39m[34mtoBeGreaterThan[39m([34m0[39m)
[33m;[39m
    [90m   |[39m                                [31m^[39m
    [90m177|[39m   })[33m;[39m
    [90m178|[39m

[31m[2m??렞??렞??렞??렞??렞??렞??렞??렞??렞??렞??렞[17/32]??[22m[39m

[41m[1m FAIL [22m[49m src/tests/api/im-generation-pipeline.test.ts[2m > [22mIM Generation Pipeline[2m > [22mGP1
2: Guardrail sanitizes text
[31m[1mTypeError[22m: actual value must be number or bigint, received "undefined"[39m
[36m [2m??[22m src/tests/api/im-generation-pipeline.test.ts:[2m190:32[22m[39m
    [90m188|[39m     [90m// Should succeed without throwing (guardrails run internally)[39m
    [90m189|[39m     [34mexpect[39m(res)[33m.[39m[34mtoBeDefined[39m()[33m;[39m
    [90m190|[39m     [34mexpect[39m(res[33m.[39msections_count)[33m.[39m[34mtoBeGreaterThanOrEqual[39m([34m0
[39m)[33m;[39m
    [90m   |[39m                                [31m^[39m
    [90m191|[39m   })[33m;[39m
    [90m192|[39m

[31m[2m??렞??렞??렞??렞??렞??렞??렞??렞??렞??렞??렞[18/32]??[22m[39m

[41m[1m FAIL [22m[49m src/tests/api/im-generation-pipeline.test.ts[2m > [22mIM Generation Pipeline[2m > [22mGP1
4: external_data null checks
[31m[1mAssertionError[22m: expected "vi.fn()" to be called at least once[39m
[36m [2m??[22m src/tests/api/im-generation-pipeline.test.ts:[2m219:25[22m[39m
    [90m217|[39m
    [90m218|[39m     [90m// LLM should have been called[39m
    [90m219|[39m     [34mexpect[39m(callLLMMock)[33m.[39m[34mtoHaveBeenCalled[39m()[33m;[39m
    [90m   |[39m                         [31m^[39m
    [90m220|[39m     [35mconst[39m firstCallArgs [33m=[39m callLLMMock[33m.[39mmock[33m.[39mcalls[[34m0[39m
][33m;[39m
    [90m221|[39m     [34mexpect[39m(firstCallArgs)[33m.[39m[34mtoBeDefined[39m()[33m;[39m

[31m[2m??렞??렞??렞??렞??렞??렞??렞??렞??렞??렞??렞[19/32]??[22m[39m

[41m[1m FAIL [22m[49m src/tests/api/im-generation-pipeline.test.ts[2m > [22mIM Generation Pipeline[2m > [22mGP1
5: external_data present adds to prompt
[31m[1mTypeError[22m: Cannot read properties of undefined (reading '0')[39m
[36m [2m??[22m src/tests/api/im-generation-pipeline.test.ts:[2m237:47[22m[39m
    [90m235|[39m     })[33m;[39m
    [90m236|[39m
    [90m237|[39m     [35mconst[39m userPrompt [33m=[39m callLLMMock[33m.[39mmock[33m.[39mcalls[[34m0[39m][
[34m0[39m][33m.[39muserPrompt[33m;[39m
    [90m   |[39m                                               [31m^[39m
    [90m238|[39m     // Public data like zoningDistrict should be in the prompt if inje??    [90m239|[39m     [34m
expect[39m(userPrompt)[33m.[39m[34mtoBeDefined[39m()[33m;[39m

[31m[2m??렞??렞??렞??렞??렞??렞??렞??렞??렞??렞??렞[20/32]??[22m[39m

[41m[1m FAIL [22m[49m src/tests/domain/gov-premium-apis.test.ts[2m > [22mCRE Premium Government APIs (A1-A6)[2m 
> [22mGET /api/public/gov-data?action=verify triggers all government endpoints
[31m[1mError[22m: Test timed out in 15000ms.
If this is a long-running test, pass a timeout value as the last argument or configure it globally with "testTimeout".
[39m
[36m [2m??[22m src/tests/domain/gov-premium-apis.test.ts:[2m39:3[22m[39m
    [90m 37|[39m
    [90m 38|[39m [34mdescribe[39m([32m"CRE Premium Government APIs (A1-A6)"[39m[33m,[39m () [33m=>[39m {
    [90m 39|[39m   test("GET /api/public/gov-data?action=verify triggers all government??    [90m   |[39m   [31m^
[39m
    [90m 40|[39m     const req = new NextRequest("http://localhost:3000/api/public/gov-??    [90m 41|[39m     [35m
const[39m res [33m=[39m [35mawait[39m [34mgetGovData[39m(req)[33m;[39m

[31m[2m??렞??렞??렞??렞??렞??렞??렞??렞??렞??렞??렞[21/32]??[22m[39m

[41m[1m FAIL [22m[49m src/tests/domain/market-crawlers.test.ts[2m > [22mCRE External Intelligence Market Crawlers
 (E2-E7)[2m > [22mGET /api/public/market-intelligence?action=crawl triggers crawlers and returns statistics
[31m[1mError[22m: Test timed out in 15000ms.
If this is a long-running test, pass a timeout value as the last argument or configure it globally with "testTimeout".
[39m
[36m [2m??[22m src/tests/domain/market-crawlers.test.ts:[2m48:3[22m[39m
    [90m 46|[39m
    [90m 47|[39m [34mdescribe[39m([32m"CRE External Intelligence Market Crawlers (E2-E7)"[39m[33m,[39m () [33m
=>[39m {
    [90m 48|[39m   test("GET /api/public/market-intelligence?action=crawl triggers craw??    [90m   |[39m   [31m^
[39m
    [90m 49|[39m     const req = new NextRequest("http://localhost:3000/api/public/mark??    [90m 50|[39m     [35m
const[39m res [33m=[39m [35mawait[39m [34mgetMarketIntel[39m(req)[33m;[39m

[31m[2m??렞??렞??렞??렞??렞??렞??렞??렞??렞??렞??렞[22/32]??[22m[39m

[41m[1m FAIL [22m[49m src/tests/e2e/data-contract.test.ts[2m > [22mL2 Data Contract[2m > [22mC01: Every section
_type in SECTION_CATALOG has a corresponding entry in SECTION_TYPE_TO_DATA_KEY
[31m[1mAssertionError[22m: expected { Object (property_overview, location_access, ...) } to have property "land_deta
il"[39m
[36m [2m??[22m src/tests/e2e/data-contract.test.ts:[2m63:42[22m[39m
    [90m 61|[39m     [33mObject[39m[33m.[39m[34mvalues[39m([33mSECTION_CATALOG[39m)[33m.[39m[34mforEach[3
9m(plan [33m=>[39m {
    [90m 62|[39m       plan[33m.[39msections[33m.[39m[34mforEach[39m(section [33m=>[39m {
    [90m 63|[39m         [34mexpect[39m([33mSECTION_TYPE_TO_DATA_KEY[39m)[33m.[39m[34mtoHaveProperty[39m(sect
ion)[33m;[39m
    [90m   |[39m                                          [31m^[39m
    [90m 64|[39m       })[33m;[39m
    [90m 65|[39m     })[33m;[39m
[90m [2m??[22m src/tests/e2e/data-contract.test.ts:[2m62:21[22m[39m
[90m [2m??[22m src/tests/e2e/data-contract.test.ts:[2m61:36[22m[39m

[31m[2m??렞??렞??렞??렞??렞??렞??렞??렞??렞??렞??렞[23/32]??[22m[39m

[41m[1m FAIL [22m[49m src/tests/e2e/data-contract.test.ts[2m > [22mL2 Data Contract[2m > [22mC03: For each post
ure basic sequence, every section_type dataKey appears in the sequence
[31m[1mAssertionError[22m: expected [ 'cover', 'summary', ??14) ] to include 'titleRights'[39m
[36m [2m??[22m src/tests/e2e/data-contract.test.ts:[2m87:36[22m[39m
    [90m 85|[39m       sections[33m.[39m[34mforEach[39m(sectionType [33m=>[39m {
    [90m 86|[39m         [35mconst[39m expectedDataKey [33m=[39m [33mSECTION_TYPE_TO_DATA_KEY[39m[sectionType]
[33m;[39m
    [90m 87|[39m         [34mexpect[39m(dataKeysInSequence)[33m.[39m[34mtoContain[39m(expectedDataKey)[33m;[3
9m
    [90m   |[39m                                    [31m^[39m
    [90m 88|[39m       })[33m;[39m
    [90m 89|[39m     })[33m;[39m
[90m [2m??[22m src/tests/e2e/data-contract.test.ts:[2m85:16[22m[39m
[90m [2m??[22m src/tests/e2e/data-contract.test.ts:[2m77:14[22m[39m

[31m[2m??렞??렞??렞??렞??렞??렞??렞??렞??렞??렞??렞[24/32]??[22m[39m

[41m[1m FAIL [22m[49m src/tests/e2e/income-archetype.test.ts[2m > [22mAxis 5: Income Posture Archetype Branching 
(Pro Tier)[2m > [22mAR-INC-02: ?꾨?猷??뺤긽?뷀삎 (R-INC-02) sequence and PPTX rendering
[31m[1mAssertionError[22m: [R-INC-02] dataKey "rentGap" must be present in Pro sequence: expected [ 'cover', 'summar
y', ??14) ] to include 'rentGap'[39m
[36m [2m??[22m src/tests/e2e/income-archetype.test.ts:[2m61:11[22m[39m
    [90m 59|[39m           dataKeysInSequence[33m,[39m
    [90m 60|[39m           `[${id}] dataKey "${expectedKey}" must be present in Pro seq??    [90m 61|[39m         )
[33m.[39m[34mtoContain[39m(expectedKey)[33m;[39m
    [90m   |[39m           [31m^[39m
    [90m 62|[39m       }
    [90m 63|[39m

[31m[2m??렞??렞??렞??렞??렞??렞??렞??렞??렞??렞??렞[25/32]??[22m[39m

[41m[1m FAIL [22m[49m src/tests/e2e/income-archetype.test.ts[2m > [22mAxis 5: Income Posture Archetype Branching 
(Pro Tier)[2m > [22mAR-INC-03: 怨듭떎 ?댁냼??(R-INC-03) sequence and PPTX rendering
[31m[1mAssertionError[22m: [R-INC-03] dataKey "vacancy" must be present in Pro sequence: expected [ 'cover', 'summar
y', ??14) ] to include 'vacancy'[39m
[36m [2m??[22m src/tests/e2e/income-archetype.test.ts:[2m61:11[22m[39m
    [90m 59|[39m           dataKeysInSequence[33m,[39m
    [90m 60|[39m           `[${id}] dataKey "${expectedKey}" must be present in Pro seq??    [90m 61|[39m         )
[33m.[39m[34mtoContain[39m(expectedKey)[33m;[39m
    [90m   |[39m           [31m^[39m
    [90m 62|[39m       }
    [90m 63|[39m

[31m[2m??렞??렞??렞??렞??렞??렞??렞??렞??렞??렞??렞[26/32]??[22m[39m

[41m[1m FAIL [22m[49m src/tests/e2e/income-archetype.test.ts[2m > [22mAxis 5: Income Posture Archetype Branching 
(Pro Tier)[2m > [22mAR-INC-04: 由щえ?몃쭅??(R-INC-04) sequence and PPTX rendering
[31m[1mAssertionError[22m: [R-INC-04] dataKey "current" must be present in Pro sequence: expected [ 'cover', 'summar
y', ??14) ] to include 'current'[39m
[36m [2m??[22m src/tests/e2e/income-archetype.test.ts:[2m61:11[22m[39m
    [90m 59|[39m           dataKeysInSequence[33m,[39m
    [90m 60|[39m           `[${id}] dataKey "${expectedKey}" must be present in Pro seq??    [90m 61|[39m         )
[33m.[39m[34mtoContain[39m(expectedKey)[33m;[39m
    [90m   |[39m           [31m^[39m
    [90m 62|[39m       }
    [90m 63|[39m

[31m[2m??렞??렞??렞??렞??렞??렞??렞??렞??렞??렞??렞[27/32]??[22m[39m

[41m[1m FAIL [22m[49m src/tests/e2e/p0-pii-persona-scrub.test.ts[2m > [22mT29: PII Scrubbing & Persona Isolation
[2m > [22mD. PPTX-level persona and PII verification[2m > [22mT29-D02: System messages do NOT leak into PPTX
[31m[1mAssertionError[22m: expected 'CRE DEAL INVESTMENT MEMORANDUM ?뚯뒪??臾쇨굔?? not to contain '嫄댁텞臾쇰???議고쉶 誘몄셿猷?[39
m

Expected: [32m"嫄댁텞臾쇰???議고쉶 誘몄셿猷?[39m
Received: [31m"CRE DEAL INVESTMENT MEMORANDUM ?뚯뒪??臾쇨굔 硫붾뵒而щ퉴??硫붾뵒而щ퉴??165??165???щ━??  | 1 02 Summary ?듭떖?붿빟 ?곕㈃??300
??3? ?듭떖 ?ъ옄 ?ъ씤??(Investment Highlights) 01 ?낆? 遺꾩꽍: ?듭떖沅뚯뿭 ?뚯옱 ?먯궛???낆? ?뱀꽦 諛??吏 吏遺?媛移??뺤씤 ?꾩슂 02 ?섏씡 援ъ“: 留ㅻℓ ?
쒖옣 ?곸젙媛 ?섏? ?鍮??꾨??섏씡 ?꾪솴 遺꾩꽍 ?꾩슂 03 ?ν썑 寃?? 沅뚯뿭 媛쒕컻 ?숉뼢 諛?怨듬쾿??蹂寃?媛?μ꽦 ?뺤씤 ?꾩슂 ?щ━??  | 2 03 Land ?좎? ?좎? ?꾪솴 ?곕㈃
??300???낆? 諛?沅뚮━愿怨??ㅼ궗 ?ъ씤??臾쇨굔 ?묐㈃ ?꾨줈 ??諛?吏꾩텧???ш굔? ?꾩옣 ?ㅼ궗 ?뺤씤 ?ы빆?낅땲???깃린遺?깅낯??沅뚮━愿怨?諛??쒗븳臾쇨텒 ?ㅼ젙 ?щ?瑜??뺤씤?섏??듬
땲??吏援щ떒?꾧퀎??諛??좎??댁슜怨꾪쉷???덉슜 ?⑸룄瑜?寃?좏븯??듬땲???꾨?李?諛??댁슜 愿由??곹깭 二쇱슂 ?꾩감?몃퀎 怨꾩빟 留뚭린 遺꾩궛 諛??뚰듃濡??ㅼ궗媛 ?꾩슂?⑸땲??愿由щ퉬 ?뺤궛
 ?댁뿭 諛??섏꽑?좎?鍮?吏묓뻾 ?대젰???먭??섏??듬땲??痍⑤뱷??媛먮㈃ 諛??異?議곕떖 援ъ“??湲덉쑖쨌?몃Т ?먮Ц ???뺤젙?⑸땲???щ━??  | 3 04 Building 臾쇨굔 媛쒖슂 嫄댁텞臾?媛쒖
슂 諛?臾쇰━ ?ㅽ럺 嫄댁텞臾?臾쇰━ ?ㅽ럺 ?붿빟 ?곸꽭 嫄대Ъ ?쒖썝? ?ㅼ궗 ?먮즺瑜?李몄“?섏떆湲?諛붾엻?덈떎 嫄대Ъ ?꾪솴 諛?洹쒕え??泥⑤? ??μ쓣 湲곗??쇰줈 ?⑸땲??嫄대Ъ ?곹깭 諛??ㅻ퉬 ?
꾪솴? ?ㅼ궗 蹂닿퀬?쒕? 李몄“?섏떗?쒖삤 ?낆? 諛?沅뚮━愿怨??ㅼ궗 ?ъ씤??臾쇨굔 ?묐㈃ ?꾨줈 ??諛?吏꾩텧???ш굔? ?꾩옣 ?ㅼ궗 ?뺤씤 ?ы빆?낅땲???깃린遺?깅낯??沅뚮━愿怨?諛??쒗븳臾쇨
텒 ?ㅼ젙 ?щ?瑜??뺤씤?섏??듬땲??吏援щ떒?꾧퀎??諛??좎??댁슜怨꾪쉷???덉슜 ?⑸룄瑜?寃?좏븯??듬땲???꾨?李?諛??댁슜 愿由??곹깭 二쇱슂 ?꾩감?몃퀎 怨꾩빟 留뚭린 遺꾩궛 諛??뚰듃濡??ㅼ궗媛
 ?꾩슂?⑸땲??愿由щ퉬 ?뺤궛 ?댁뿭 諛??섏꽑?좎?鍮?吏묓뻾 ?대젰???먭??섏??듬땲??痍⑤뱷??媛먮㈃ 諛??異?議곕떖 援ъ“??湲덉쑖쨌?몃Т ?먮Ц ???뺤젙?⑸땲???щ━??  | 4 05 Capit
al ?ъ옄 諛??먮낯 議곕떖 援ъ“ 遺꾩꽍 1. 珥앹랬?앹썝媛 諛??먭린?먮낯 ?뚯슂 留ㅻℓ ?щ쭩媛 (A) 165.0????痍⑤뱷??(4.6% 踰뺤젙) 7.59????以묎컻蹂댁닔 (0.9% ?쒕룄) 1.49
????珥앹랬?앹썝媛 (A + ??鍮꾩슜) 174.1????(-) ?꾨?蹂댁쬆湲??밴퀎 8.3????(-) ?대낫?異?議곕떖 82.5?????ㅽ닾?먭툑 (Net Equity) 83.3????2. LTV ?쒕굹由
ъ삤蹂??덈쾭由ъ? ?④낵 援щ텇 ?異쒕퉬???ㅽ닾?먭툑 ?덉긽?섏씡瑜??꾩븸 ?먭린?먮낯 (臾댁감?? 0% 165.8??3.78% 蹂댁닔??李⑥엯 (?덉젙?? 40% 99.8??3.11% ?쒖? 李⑥엯 (湲곕낯
?? 50% 83.3??2.77% ?곴레??李⑥엯 (?덈쾭由ъ?) 60% 66.8??2.27% ??젅踰꾨━吏 ?좎쓽 援ш컙 李⑥엯 湲덈━媛 ?먯궛 珥앹닔?듬쪧???곹쉶?섏뿬 ?異??ㅽ뻾 ???먭린?먮낯?섏씡瑜
좎씠 ?섎씫?????덉뒿?덈떎. ?먯옘??鍮꾩쨷 ?뺣?瑜?沅뚯옣?⑸땲?? ?щ━??  | 5 06 Thesis ?ъ옄 ?ъ씤??醫낇빀 媛移??쒖븞 蹂??먯궛??????곸꽭 遺꾩꽍 諛??ъ옄 ?섏궗寃곗젙? ?먮
낯 ?꾨?李?怨꾩빟??諛?怨듬???沅뚮━愿怨??ㅼ궗瑜?諛뷀깢?쇰줈 吏꾪뻾?⑸땲?? ?щ━??  | 6 07 Risk 由ъ뒪???뺣낫遺議??뺤씤以?蹂댁셿 ??蹂?由ъ뒪??泥댄겕??怨듬? 諛?釉뚮줈而??뺤씤 湲곕컲
?대ŉ, 留ㅼ닔 ???꾨Ц ?ㅼ궗?(蹂?몄궗/嫄댁텞?????듯븳 ?뺣? ?ㅼ궗媛 ?꾩슂?⑸땲?? ?щ━??  | 7 08 Checklist ?ㅼ궗 諛??뺤씤 ?꾩슂?ы빆 嫄곕옒 ?덉젙???뺣낫瑜??꾪븳 ?꾩닔
 踰뺣쪧쨌臾쇰━쨌?꾨?李??ㅼ궗 ?먭? ??ぉ (珥?1嫄? ??[building] ?뵇 **嫄댁텞臾쇰???議고쉶 誘몄셿猷?*: 怨듦났?곗씠??API ?묐떟??諛쏆? 紐삵뻽?듬땲?? ??蹂?泥댄겕由ъ뒪?몃뒗 怨꾩빟 
??留ㅼ닔?몄쓽 ?덉쟾???먯궛 ?몄닔瑜??꾪븳 ?꾩닔 ?뺤씤 ?ы빆?대ŉ, ?ㅼ궗(Due Diligence) 寃곌낵???곕씪 留ㅻℓ 議곌굔 諛??붽툑 ?쇱젙??議곗젙?????덉뒿?덈떎. ?щ━??  | 8 09 
Process ?ㅼ쓬 ?④퀎 ?щ━??  | 9 09 Closing ?쒓린 湲곗? 諛?硫댁콉 01 愿???쒕챸 ?대떦 以묎컻?ъ뿉寃?珥덇린 愿???쒕챸 諛??곷떞 ?붿껌 ??02 NDA 泥닿껐 鍮꾨??좎?怨꾩빟
 ???곸꽭 ?꾨?李㉱룹옱臾??먮즺 ?쒓났 ??03 ?꾩옣 ?ㅼ궗 嫄대Ъ 而⑤뵒??諛??ㅻ퉬 吏곸젒 ?뺤씤 ???섑뼢??LOI) ?쒖텧 ?곗씠??異쒖쿂 ?쒓린 ??怨듬??뺤씤 ?깃린遺쨌?????怨듭쟻 ?λ? 吏
곸젒 ?뺤씤 ???꾨Ц媛寃利??몃Т??룰컧?뺥룊媛?????꾨Ц媛 ?뺤씤 ??留ㅻ룄?멸퀬吏 留ㅻ룄?몄씠 援щ몢 ?먮뒗 ?쒕㈃?쇰줈 怨좎? ??以묎컻?몄엯??以묎컻???꾩옣 議곗궗 諛?寃쏀뿕 湲곕컲 ?낅젰 ?
?AI異붿젙쨌媛???쒕굹由ъ삤 遺꾩꽍 諛?AI 紐⑤뜽 異붿젙 硫댁콉 議고빆 蹂??먮즺???ъ옄 沅뚯쑀媛 ?꾨땲硫? 湲곗옱???뺣낫???뺥솗?깆쓣 蹂댁쬆?섏? ?딆뒿?덈떎. 蹂??먮즺??紐⑤뱺 ?섏튂???덈퉬 寃
?좎슜?대ŉ, ?곸꽭 ?ㅼ궗 ?먮즺 諛?鍮꾨? ?곷떞? ?대떦 ?꾨Ц 以묎컻?щ? ?듯빐 ?쒓났?⑸땲?? ?щ━??  | 9"[39m

[36m [2m??[22m src/tests/e2e/p0-pii-persona-scrub.test.ts:[2m239:27[22m[39m
    [90m237|[39m       [35mconst[39m allText [33m=[39m [33mArray[39m[33m.[39m[35mfrom[39m(slideTexts[33m.
[39m[34mvalues[39m())[33m.[39m[34mflat[39m()[33m.[39m[34mjoin[39m([32m' '[39m)[33m;[39m
    [90m238|[39m
    [90m239|[39m       [34mexpect[39m(allText)[33m.[39mnot[33m.[39m[34mtoContain[39m([32m'嫄댁텞臾쇰???議고쉶 誘몄셿猷?
[39m)[33m;[39m
    [90m   |[39m                           [31m^[39m
    [90m240|[39m       [34mexpect[39m(allText)[33m.[39mnot[33m.[39m[34mtoContain[39m([32m'怨듦났?곗씠??API'[39m)
[33m;[39m
    [90m241|[39m     })[33m;[39m

[31m[2m??렞??렞??렞??렞??렞??렞??렞??렞??렞??렞??렞[28/32]??[22m[39m

[41m[1m FAIL [22m[49m src/tests/e2e/p1-pro-posture.test.ts[2m > [22mMECE Phase 2 - Pro Posture & Income Variants 
Tests[2m > [22mT17: Income 4 Sub-Archetype Variants (Pro)[2m > [22mT17-02: Income Pro with rent gap data (R-INC-02)
[31m[1mAssertionError[22m: expected [ 'cover', 'summary', ??14) ] to include 'rentGap'[39m
[36m [2m??[22m src/tests/e2e/p1-pro-posture.test.ts:[2m28:24[22m[39m
    [90m 26|[39m       })[33m;[39m
    [90m 27|[39m       [35mconst[39m dataKeys [33m=[39m sequence[33m.[39m[34mmap[39m(s [33m=>[39m s[33m.[
39mdataKey)[33m;[39m
    [90m 28|[39m       [34mexpect[39m(dataKeys)[33m.[39m[34mtoContain[39m([32m'rentGap'[39m)[33m;[39m
    [90m   |[39m                        [31m^[39m
    [90m 29|[39m       [34mexpect[39m(dataKeys)[33m.[39m[34mtoContain[39m([32m'upside'[39m)[33m;[39m
    [90m 30|[39m     })[33m;[39m

[31m[2m??렞??렞??렞??렞??렞??렞??렞??렞??렞??렞??렞[29/32]??[22m[39m

[41m[1m FAIL [22m[49m src/tests/e2e/p1-pro-posture.test.ts[2m > [22mMECE Phase 2 - Pro Posture & Income Variants 
Tests[2m > [22mT17: Income 4 Sub-Archetype Variants (Pro)[2m > [22mT17-03: Income Pro with vacancy/leasing data (R-
INC-03)
[31m[1mAssertionError[22m: expected [ 'cover', 'summary', ??14) ] to include 'vacancy'[39m
[36m [2m??[22m src/tests/e2e/p1-pro-posture.test.ts:[2m39:24[22m[39m
    [90m 37|[39m       })[33m;[39m
    [90m 38|[39m       [35mconst[39m dataKeys [33m=[39m sequence[33m.[39m[34mmap[39m(s [33m=>[39m s[33m.[
39mdataKey)[33m;[39m
    [90m 39|[39m       [34mexpect[39m(dataKeys)[33m.[39m[34mtoContain[39m([32m'vacancy'[39m)[33m;[39m
    [90m   |[39m                        [31m^[39m
    [90m 40|[39m       [34mexpect[39m(dataKeys)[33m.[39m[34mtoContain[39m([32m'leasing'[39m)[33m;[39m
    [90m 41|[39m     })[33m;[39m

[31m[2m??렞??렞??렞??렞??렞??렞??렞??렞??렞??렞??렞[30/32]??[22m[39m

[41m[1m FAIL [22m[49m src/tests/e2e/p1-pro-posture.test.ts[2m > [22mMECE Phase 2 - Pro Posture & Income Variants 
Tests[2m > [22mT17: Income 4 Sub-Archetype Variants (Pro)[2m > [22mT17-04: Income Pro with remodel data (R-INC-04)
[31m[1mAssertionError[22m: expected [ 'cover', 'summary', ??14) ] to include 'current'[39m
[36m [2m??[22m src/tests/e2e/p1-pro-posture.test.ts:[2m50:24[22m[39m
    [90m 48|[39m       })[33m;[39m
    [90m 49|[39m       [35mconst[39m dataKeys [33m=[39m sequence[33m.[39m[34mmap[39m(s [33m=>[39m s[33m.[
39mdataKey)[33m;[39m
    [90m 50|[39m       [34mexpect[39m(dataKeys)[33m.[39m[34mtoContain[39m([32m'current'[39m)[33m;[39m
    [90m   |[39m                        [31m^[39m
    [90m 51|[39m       [34mexpect[39m(dataKeys)[33m.[39m[34mtoContain[39m([32m'remodel'[39m)[33m;[39m
    [90m 52|[39m     })[33m;[39m

[31m[2m??렞??렞??렞??렞??렞??렞??렞??렞??렞??렞??렞[31/32]??[22m[39m

[41m[1m FAIL [22m[49m src/tests/e2e/p2-cross-platform.test.ts[2m > [22mP2 Cross-Platform Render Integrity[2m > 
[22mT24: Mobile PPTX Viewer Compatibility[2m > [22mT24-02: Total slide count for basic tier <= 12 slides
[31m[1mAssertionError[22m: expected 15 to be less than or equal to 12[39m
[36m [2m??[22m src/tests/e2e/p2-cross-platform.test.ts:[2m126:39[22m[39m
    [90m124|[39m
    [90m125|[39m     [34mit[39m([32m'T24-02: Total slide count for basic tier <= 12 slides'[39m[33m,[39m () [3
3m=>[39m {
    [90m126|[39m       [34mexpect[39m(outputResult[33m.[39mslideCount)[33m.[39m[34mtoBeLessThanOrEqual[39m([
34m12[39m)[33m;[39m
    [90m   |[39m                                       [31m^[39m
    [90m127|[39m       [34mexpect[39m(slideXmlMap[33m.[39msize)[33m.[39m[34mtoBe[39m(outputResult[33m.[39ms
lideCount)[33m;[39m
    [90m128|[39m     })[33m;[39m

[31m[2m??렞??렞??렞??렞??렞??렞??렞??렞??렞??렞??렞[32/32]??[22m[39m


[2m Test Files [22m [1m[31m12 failed[39m[22m[2m | [22m[1m[32m219 passed[39m[22m[90m (231)[39m
[2m      Tests [22m [1m[31m30 failed[39m[22m[2m | [22m[1m[32m2417 passed[39m[22m[90m (2447)[39m
[2m   Start at [22m 19:11:22
[2m   Duration [22m 49.84s[2m (transform 102.27s, setup 0ms, import 218.60s, tests 246.77s, environment 88ms)[22m

